Listen on port 5405 to receive RTCP from decoder 
Scream sender started! 
 summary   2.0  Transmit rate =  3449kbps, PLR =  0.00%( 0.00%), CE =  0.00%( 0.22%)[ 0.0%,  0.0%, 99.7%,  0.3%], RTT = 0.047s, Queue delay = 0.000s, MTU = 1200
 summary   4.0  Transmit rate =  7841kbps, PLR =  0.00%( 0.00%), CE =  1.08%( 2.45%)[ 0.0%,  0.0%, 97.6%,  2.4%], RTT = 0.044s, Queue delay = 0.001s, MTU = 1200
 summary   6.0  Transmit rate =  9932kbps, PLR =  0.00%( 0.00%), CE =  2.01%( 2.27%)[ 0.0%,  0.0%, 97.7%,  2.3%], RTT = 0.043s, Queue delay = 0.001s, MTU = 1200
 summary   8.0  Transmit rate = 10730kbps, PLR =  0.00%( 0.00%), CE =  2.62%( 2.01%)[ 0.0%,  0.0%, 98.0%,  2.0%], RTT = 0.042s, Queue delay = 0.001s, MTU = 1200
 summary  10.0  Transmit rate = 11066kbps, PLR =  0.00%( 0.00%), CE =  2.55%( 2.13%)[ 0.0%,  0.0%, 97.9%,  2.1%], RTT = 0.042s, Queue delay = 0.001s, MTU = 1200
 summary  12.0  Transmit rate = 11106kbps, PLR =  0.00%( 0.00%), CE =  1.95%( 1.98%)[ 0.0%,  0.0%, 98.0%,  2.0%], RTT = 0.042s, Queue delay = 0.001s, MTU = 1200
 summary  14.0  Transmit rate = 11310kbps, PLR =  0.00%( 0.00%), CE =  2.33%( 2.05%)[ 0.0%,  0.0%, 98.0%,  2.0%], RTT = 0.042s, Queue delay = 0.001s, MTU = 1200
 summary  16.0  Transmit rate = 11355kbps, PLR =  0.00%( 0.00%), CE =  2.56%( 2.16%)[ 0.0%,  0.0%, 97.9%,  2.1%], RTT = 0.042s, Queue delay = 0.001s, MTU = 1200
 summary  18.0  Transmit rate = 11469kbps, PLR =  0.00%( 0.00%), CE =  2.40%( 2.23%)[ 0.0%,  0.0%, 97.8%,  2.2%], RTT = 0.042s, Queue delay = 0.001s, MTU = 1200
 summary  20.0  Transmit rate = 11539kbps, PLR =  0.00%( 0.00%), CE =  2.99%( 2.22%)[ 0.0%,  0.0%, 97.8%,  2.2%], RTT = 0.042s, Queue delay = 0.001s, MTU = 1200
 summary  22.0  Transmit rate = 11434kbps, PLR =  0.00%( 0.00%), CE =  2.61%( 2.16%)[ 0.0%,  0.0%, 97.9%,  2.1%], RTT = 0.042s, Queue delay = 0.001s, MTU = 1200
 summary  24.0  Transmit rate = 11331kbps, PLR =  0.00%( 0.00%), CE =  2.98%( 2.38%)[ 0.0%,  0.0%, 97.7%,  2.3%], RTT = 0.042s, Queue delay = 0.001s, MTU = 1200
 summary  26.0  Transmit rate = 10983kbps, PLR =  0.00%( 0.00%), CE =  3.14%( 2.29%)[ 0.0%,  0.0%, 97.7%,  2.3%], RTT = 0.042s, Queue delay = 0.001s, MTU = 1200
 summary  28.0  Transmit rate = 11240kbps, PLR =  0.00%( 0.00%), CE =  3.04%( 2.27%)[ 0.0%,  0.0%, 97.8%,  2.2%], RTT = 0.042s, Queue delay = 0.001s, MTU = 1200
 summary  30.0  Transmit rate = 11414kbps, PLR =  0.00%( 0.00%), CE =  1.95%( 2.24%)[ 0.0%,  0.0%, 97.8%,  2.2%], RTT = 0.042s, Queue delay = 0.001s, MTU = 1200
 summary  32.0  Transmit rate = 11549kbps, PLR =  0.00%( 0.00%), CE =  2.75%( 2.26%)[ 0.0%,  0.0%, 97.8%,  2.2%], RTT = 0.042s, Queue delay = 0.001s, MTU = 1200
 summary  34.0  Transmit rate = 11421kbps, PLR =  0.00%( 0.00%), CE =  3.12%( 2.36%)[ 0.0%,  0.0%, 97.7%,  2.3%], RTT = 0.042s, Queue delay = 0.001s, MTU = 1200

======================== Summary ==========================
 Bitrate min/max/avg [kbps]          :  8956/13720/10967
 RTT     min/max/avg [s]             : 0.042/0.050/0.042
 Queue delay max/avg [s]             : 0.002/0.001
 Packet loss avg [%]                 : 0.000
 ECN/L4S NotECT/ECT(0)/ECT(1)/CE [%] :  0.0/ 0.0/97.7/ 2.3
===========================================================
