Listen on port 5367 to receive RTCP from decoder 
Scream sender started! 
 summary   2.0  Transmit rate =  3476kbps, PLR =  0.00%( 0.00%), CE =  0.00%( 0.20%)[ 0.0%,  0.0%, 99.7%,  0.3%], RTT = 0.047s, Queue delay = 0.001s, MTU = 1200
 summary   4.0  Transmit rate =  7889kbps, PLR =  0.00%( 0.00%), CE =  0.87%( 2.43%)[ 0.0%,  0.0%, 97.6%,  2.4%], RTT = 0.044s, Queue delay = 0.001s, MTU = 1200
 summary   6.0  Transmit rate =  9761kbps, PLR =  0.00%( 0.00%), CE =  2.72%( 2.90%)[ 0.0%,  0.0%, 97.1%,  2.9%], RTT = 0.043s, Queue delay = 0.001s, MTU = 1200
 summary   8.0  Transmit rate = 10649kbps, PLR =  0.00%( 0.00%), CE =  3.12%( 2.39%)[ 0.0%,  0.0%, 97.6%,  2.4%], RTT = 0.042s, Queue delay = 0.001s, MTU = 1200
 summary  10.0  Transmit rate = 11229kbps, PLR =  0.00%( 0.00%), CE =  3.05%( 2.45%)[ 0.0%,  0.0%, 97.5%,  2.5%], RTT = 0.042s, Queue delay = 0.001s, MTU = 1200
 summary  12.0  Transmit rate = 11412kbps, PLR =  0.00%( 0.00%), CE =  2.59%( 2.43%)[ 0.0%,  0.0%, 97.6%,  2.4%], RTT = 0.042s, Queue delay = 0.001s, MTU = 1200
 summary  14.0  Transmit rate = 11487kbps, PLR =  0.00%( 0.00%), CE =  2.90%( 2.49%)[ 0.0%,  0.0%, 97.5%,  2.5%], RTT = 0.042s, Queue delay = 0.001s, MTU = 1200
 summary  16.0  Transmit rate = 11260kbps, PLR =  0.00%( 0.00%), CE =  3.32%( 2.58%)[ 0.0%,  0.0%, 97.4%,  2.6%], RTT = 0.042s, Queue delay = 0.001s, MTU = 1200
 summary  18.0  Transmit rate = 11293kbps, PLR =  0.00%( 0.00%), CE =  3.07%( 2.46%)[ 0.0%,  0.0%, 97.5%,  2.5%], RTT = 0.042s, Queue delay = 0.001s, MTU = 1200
 summary  20.0  Transmit rate = 11466kbps, PLR =  0.00%( 0.00%), CE =  2.43%( 2.49%)[ 0.0%,  0.0%, 97.5%,  2.5%], RTT = 0.042s, Queue delay = 0.001s, MTU = 1200
 summary  22.0  Transmit rate = 11338kbps, PLR =  0.00%( 0.00%), CE =  2.71%( 2.53%)[ 0.0%,  0.0%, 97.5%,  2.5%], RTT = 0.042s, Queue delay = 0.001s, MTU = 1200
 summary  24.0  Transmit rate = 11030kbps, PLR =  0.00%( 0.00%), CE =  2.89%( 2.51%)[ 0.0%,  0.0%, 97.5%,  2.5%], RTT = 0.042s, Queue delay = 0.001s, MTU = 1200
 summary  26.0  Transmit rate = 11085kbps, PLR =  0.00%( 0.00%), CE =  2.41%( 2.45%)[ 0.0%,  0.0%, 97.6%,  2.4%], RTT = 0.042s, Queue delay = 0.001s, MTU = 1200
 summary  28.0  Transmit rate = 11193kbps, PLR =  0.00%( 0.00%), CE =  2.38%( 2.42%)[ 0.0%,  0.0%, 97.6%,  2.4%], RTT = 0.042s, Queue delay = 0.001s, MTU = 1200
 summary  30.0  Transmit rate = 11073kbps, PLR =  0.00%( 0.00%), CE =  2.24%( 2.38%)[ 0.0%,  0.0%, 97.6%,  2.4%], RTT = 0.042s, Queue delay = 0.001s, MTU = 1200
 summary  32.0  Transmit rate = 11251kbps, PLR =  0.00%( 0.00%), CE =  2.35%( 2.36%)[ 0.0%,  0.0%, 97.6%,  2.4%], RTT = 0.042s, Queue delay = 0.001s, MTU = 1200
 summary  34.0  Transmit rate = 11359kbps, PLR =  0.00%( 0.00%), CE =  2.86%( 2.44%)[ 0.0%,  0.0%, 97.6%,  2.4%], RTT = 0.042s, Queue delay = 0.001s, MTU = 1200

======================== Summary ==========================
 Bitrate min/max/avg [kbps]          :  8856/13651/10922
 RTT     min/max/avg [s]             : 0.042/0.050/0.042
 Queue delay max/avg [s]             : 0.002/0.001
 Packet loss avg [%]                 : 0.000
 ECN/L4S NotECT/ECT(0)/ECT(1)/CE [%] :  0.0/ 0.0/97.6/ 2.4
===========================================================
