socket set to IP_RECVTOS
socket SO_RCVBUF set to 20971520
Listen on port 5402 to receive RTP from sender 
.
.
Packet(s) lost or reordered : 10218 was received, previous rcvd is 10216 
Packet(s) lost or reordered : 10573 was received, previous rcvd is 10571 
Packet(s) lost or reordered : 11030 was received, previous rcvd is 11028 
Packet(s) lost or reordered : 11056 was received, previous rcvd is 11054 
Packet(s) lost or reordered : 11321 was received, previous rcvd is 11319 
Packet(s) lost or reordered : 21968 was received, previous rcvd is 21966 
Packet(s) lost or reordered : 27421 was received, previous rcvd is 27419 
Packet(s) lost or reordered : 32853 was received, previous rcvd is 32851 
Packet(s) lost or reordered : 34840 was received, previous rcvd is 34838 
Packet(s) lost or reordered : 40995 was received, previous rcvd is 40993 
Packet(s) lost or reordered : 46378 was received, previous rcvd is 46376 
Packet(s) lost or reordered : 48620 was received, previous rcvd is 48618 
Packet(s) lost or reordered : 58929 was received, previous rcvd is 58927 
Packet(s) lost or reordered : 19259 was received, previous rcvd is 19257 
Packet(s) lost or reordered : 19748 was received, previous rcvd is 19746 
.
