Listen on port 5503 to receive RTCP from decoder 
Scream sender started! 
 summary   2.0  Transmit rate =  3477kbps, PLR =  0.00%( 0.00%), CE =  0.00%( 0.20%)[ 0.0%,  0.0%, 99.7%,  0.3%], RTT = 0.047s, Queue delay = 0.001s, MTU = 1200
 summary   4.0  Transmit rate =  7801kbps, PLR =  0.00%( 0.00%), CE =  0.59%( 1.70%)[ 0.0%,  0.0%, 98.3%,  1.7%], RTT = 0.044s, Queue delay = 0.001s, MTU = 1200
 summary   6.0  Transmit rate =  9668kbps, PLR =  0.00%( 0.00%), CE =  2.34%( 2.43%)[ 0.0%,  0.0%, 97.5%,  2.5%], RTT = 0.043s, Queue delay = 0.001s, MTU = 1200
 summary   8.0  Transmit rate = 10425kbps, PLR =  0.00%( 0.00%), CE =  2.98%( 2.17%)[ 0.0%,  0.0%, 97.8%,  2.2%], RTT = 0.042s, Queue delay = 0.001s, MTU = 1200
 summary  10.0  Transmit rate = 11103kbps, PLR =  0.00%( 0.00%), CE =  2.75%( 2.16%)[ 0.0%,  0.0%, 97.8%,  2.2%], RTT = 0.042s, Queue delay = 0.001s, MTU = 1200
 summary  12.0  Transmit rate = 11298kbps, PLR =  0.00%( 0.00%), CE =  2.34%( 2.19%)[ 0.0%,  0.0%, 97.8%,  2.2%], RTT = 0.042s, Queue delay = 0.001s, MTU = 1200
 summary  14.0  Transmit rate = 11378kbps, PLR =  0.00%( 0.00%), CE =  2.59%( 2.14%)[ 0.0%,  0.0%, 97.9%,  2.1%], RTT = 0.042s, Queue delay = 0.001s, MTU = 1200
 summary  16.0  Transmit rate = 11514kbps, PLR =  0.00%( 0.00%), CE =  2.30%( 2.15%)[ 0.0%,  0.0%, 97.9%,  2.1%], RTT = 0.042s, Queue delay = 0.001s, MTU = 1200
 summary  18.0  Transmit rate = 11551kbps, PLR =  0.00%( 0.00%), CE =  2.16%( 2.24%)[ 0.0%,  0.0%, 97.8%,  2.2%], RTT = 0.042s, Queue delay = 0.001s, MTU = 1200
 summary  20.0  Transmit rate = 11388kbps, PLR =  0.00%( 0.00%), CE =  2.79%( 2.20%)[ 0.0%,  0.0%, 97.8%,  2.2%], RTT = 0.042s, Queue delay = 0.001s, MTU = 1200
 summary  22.0  Transmit rate = 11442kbps, PLR =  0.00%( 0.00%), CE =  2.60%( 2.21%)[ 0.0%,  0.0%, 97.8%,  2.2%], RTT = 0.042s, Queue delay = 0.001s, MTU = 1200
 summary  24.0  Transmit rate = 11437kbps, PLR =  0.00%( 0.00%), CE =  2.68%( 2.20%)[ 0.0%,  0.0%, 97.8%,  2.2%], RTT = 0.042s, Queue delay = 0.001s, MTU = 1200
 summary  26.0  Transmit rate = 11307kbps, PLR =  0.00%( 0.00%), CE =  2.99%( 2.25%)[ 0.0%,  0.0%, 97.8%,  2.2%], RTT = 0.042s, Queue delay = 0.001s, MTU = 1200
 summary  28.0  Transmit rate = 11450kbps, PLR =  0.00%( 0.00%), CE =  2.70%( 2.23%)[ 0.0%,  0.0%, 97.8%,  2.2%], RTT = 0.042s, Queue delay = 0.001s, MTU = 1200
 summary  30.0  Transmit rate = 11465kbps, PLR =  0.00%( 0.00%), CE =  2.69%( 2.22%)[ 0.0%,  0.0%, 97.8%,  2.2%], RTT = 0.042s, Queue delay = 0.001s, MTU = 1200
 summary  32.0  Transmit rate = 11558kbps, PLR =  0.00%( 0.00%), CE =  2.32%( 2.25%)[ 0.0%,  0.0%, 97.8%,  2.2%], RTT = 0.042s, Queue delay = 0.001s, MTU = 1200
 summary  34.1  Transmit rate = 11394kbps, PLR =  0.00%( 0.00%), CE =  2.12%( 2.21%)[ 0.0%,  0.0%, 97.8%,  2.2%], RTT = 0.042s, Queue delay = 0.001s, MTU = 1200

======================== Summary ==========================
 Bitrate min/max/avg [kbps]          :  9050/13635/11000
 RTT     min/max/avg [s]             : 0.042/0.050/0.042
 Queue delay max/avg [s]             : 0.002/0.001
 Packet loss avg [%]                 : 0.000
 ECN/L4S NotECT/ECT(0)/ECT(1)/CE [%] :  0.0/ 0.0/97.8/ 2.2
===========================================================
