socket set to IP_RECVTOS
socket SO_RCVBUF set to 20971520
Listen on port 5488 to receive RTP from sender 
.
.
Packet(s) lost or reordered :  8337 was received, previous rcvd is  8335 
Packet(s) lost or reordered : 10276 was received, previous rcvd is 10274 
Packet(s) lost or reordered : 10300 was received, previous rcvd is 10298 
Packet(s) lost or reordered : 17649 was received, previous rcvd is 17647 
Packet(s) lost or reordered : 26107 was received, previous rcvd is 26105 
Packet(s) lost or reordered : 44719 was received, previous rcvd is 44717 
Packet(s) lost or reordered : 50208 was received, previous rcvd is 50206 
Packet(s) lost or reordered : 63212 was received, previous rcvd is 63210 
Packet(s) lost or reordered :  2854 was received, previous rcvd is  2852 
Packet(s) lost or reordered : 38429 was received, previous rcvd is 38427 
Packet(s) lost or reordered : 38761 was received, previous rcvd is 38759 
Packet(s) lost or reordered : 38788 was received, previous rcvd is 38786 
Packet(s) lost or reordered : 38810 was received, previous rcvd is 38808 
Packet(s) lost or reordered : 38968 was received, previous rcvd is 38966 
Packet(s) lost or reordered : 39337 was received, previous rcvd is 39335 
Packet(s) lost or reordered : 39517 was received, previous rcvd is 39515 
.
