socket set to IP_RECVTOS
socket SO_RCVBUF set to 20971520
Listen on port 5408 to receive RTP from sender 
.
.
Packet(s) lost or reordered : 11002 was received, previous rcvd is 11000 
Packet(s) lost or reordered : 18695 was received, previous rcvd is 18693 
Packet(s) lost or reordered : 19168 was received, previous rcvd is 19166 
Packet(s) lost or reordered : 37025 was received, previous rcvd is 37023 
Packet(s) lost or reordered : 46950 was received, previous rcvd is 46948 
Packet(s) lost or reordered : 51254 was received, previous rcvd is 51252 
Packet(s) lost or reordered : 60713 was received, previous rcvd is 60711 
Packet(s) lost or reordered :  4744 was received, previous rcvd is  4742 
Packet(s) lost or reordered :  4989 was received, previous rcvd is  4987 
Packet(s) lost or reordered : 32836 was received, previous rcvd is 32834 
Packet(s) lost or reordered : 33574 was received, previous rcvd is 33572 
Packet(s) lost or reordered : 33891 was received, previous rcvd is 33889 
Packet(s) lost or reordered : 33939 was received, previous rcvd is 33937 
Packet(s) lost or reordered : 34094 was received, previous rcvd is 34092 
.
