Listen on port 5439 to receive RTCP from decoder 
Scream sender started! 
 summary   2.0  Transmit rate =  3301kbps, PLR =  0.00%( 0.00%), CE =  0.03%( 0.34%)[ 0.0%,  0.0%, 99.6%,  0.4%], RTT = 0.047s, Queue delay = 0.001s, MTU = 1200
 summary   4.0  Transmit rate =  7553kbps, PLR =  0.00%( 0.00%), CE =  0.65%( 1.54%)[ 0.0%,  0.0%, 98.5%,  1.5%], RTT = 0.044s, Queue delay = 0.001s, MTU = 1200
 summary   6.0  Transmit rate =  9725kbps, PLR =  0.00%( 0.00%), CE =  1.55%( 1.75%)[ 0.0%,  0.0%, 98.3%,  1.7%], RTT = 0.043s, Queue delay = 0.001s, MTU = 1200
 summary   8.0  Transmit rate = 10597kbps, PLR =  0.00%( 0.00%), CE =  2.64%( 2.14%)[ 0.0%,  0.0%, 97.9%,  2.1%], RTT = 0.042s, Queue delay = 0.001s, MTU = 1200
 summary  10.0  Transmit rate = 10760kbps, PLR =  0.00%( 0.00%), CE =  2.55%( 2.08%)[ 0.0%,  0.0%, 97.9%,  2.1%], RTT = 0.042s, Queue delay = 0.001s, MTU = 1200
 summary  12.0  Transmit rate = 10861kbps, PLR =  0.00%( 0.00%), CE =  2.50%( 2.09%)[ 0.0%,  0.0%, 97.9%,  2.1%], RTT = 0.042s, Queue delay = 0.001s, MTU = 1200
 summary  14.0  Transmit rate = 10961kbps, PLR =  0.00%( 0.00%), CE =  2.05%( 2.03%)[ 0.0%,  0.0%, 98.0%,  2.0%], RTT = 0.042s, Queue delay = 0.001s, MTU = 1200
 summary  16.0  Transmit rate = 11302kbps, PLR =  0.00%( 0.00%), CE =  2.01%( 2.04%)[ 0.0%,  0.0%, 98.0%,  2.0%], RTT = 0.042s, Queue delay = 0.001s, MTU = 1200
 summary  18.0  Transmit rate = 11407kbps, PLR =  0.00%( 0.00%), CE =  2.19%( 2.06%)[ 0.0%,  0.0%, 98.0%,  2.0%], RTT = 0.042s, Queue delay = 0.001s, MTU = 1200
 summary  20.0  Transmit rate = 11454kbps, PLR =  0.00%( 0.00%), CE =  2.72%( 2.08%)[ 0.0%,  0.0%, 97.9%,  2.1%], RTT = 0.042s, Queue delay = 0.001s, MTU = 1200
 summary  22.0  Transmit rate = 11128kbps, PLR =  0.00%( 0.00%), CE =  2.41%( 2.08%)[ 0.0%,  0.0%, 97.9%,  2.1%], RTT = 0.042s, Queue delay = 0.001s, MTU = 1200
 summary  24.0  Transmit rate = 10966kbps, PLR =  0.00%( 0.00%), CE =  2.37%( 2.07%)[ 0.0%,  0.0%, 98.0%,  2.0%], RTT = 0.042s, Queue delay = 0.001s, MTU = 1200
 summary  26.0  Transmit rate = 10973kbps, PLR =  0.00%( 0.00%), CE =  2.19%( 2.07%)[ 0.0%,  0.0%, 97.9%,  2.1%], RTT = 0.042s, Queue delay = 0.001s, MTU = 1200
 summary  28.0  Transmit rate = 11226kbps, PLR =  0.00%( 0.00%), CE =  2.40%( 2.12%)[ 0.0%,  0.0%, 97.9%,  2.1%], RTT = 0.042s, Queue delay = 0.001s, MTU = 1200
 summary  30.0  Transmit rate = 11227kbps, PLR =  0.00%( 0.00%), CE =  2.32%( 2.10%)[ 0.0%,  0.0%, 97.9%,  2.1%], RTT = 0.042s, Queue delay = 0.001s, MTU = 1200
 summary  32.0  Transmit rate = 11330kbps, PLR =  0.00%( 0.00%), CE =  2.59%( 2.11%)[ 0.0%,  0.0%, 97.9%,  2.1%], RTT = 0.042s, Queue delay = 0.001s, MTU = 1200
 summary  34.0  Transmit rate = 11402kbps, PLR =  0.00%( 0.00%), CE =  2.42%( 2.13%)[ 0.0%,  0.0%, 97.9%,  2.1%], RTT = 0.042s, Queue delay = 0.001s, MTU = 1200

======================== Summary ==========================
 Bitrate min/max/avg [kbps]          :  8956/13535/10812
 RTT     min/max/avg [s]             : 0.042/0.050/0.042
 Queue delay max/avg [s]             : 0.002/0.001
 Packet loss avg [%]                 : 0.000
 ECN/L4S NotECT/ECT(0)/ECT(1)/CE [%] :  0.0/ 0.0/97.9/ 2.1
===========================================================
