Listen on port 8081 to receive RTCP from decoder 
Scream sender started! 
 summary   2.0  Transmit rate =  1766kbps, PLR =  0.00%( 0.00%), CE =  0.00%( 0.00%)[ 0.0%,  0.0%, 100.0%,  0.0%], RTT = 0.067s, Queue delay = 0.000s, MTU = 1200
 summary   4.0  Transmit rate =  2792kbps, PLR =  0.00%( 0.00%), CE =  0.00%( 0.00%)[ 0.0%,  0.0%, 100.0%,  0.0%], RTT = 0.085s, Queue delay = 0.000s, MTU = 1200
 summary   6.0  Transmit rate =  4438kbps, PLR =  0.00%( 0.00%), CE =  0.00%( 0.00%)[ 0.0%,  0.0%, 100.0%,  0.0%], RTT = 0.093s, Queue delay = 0.000s, MTU = 1200
 summary   8.0  Transmit rate =  6863kbps, PLR =  0.00%( 0.00%), CE =  0.00%( 0.00%)[ 0.0%,  0.0%, 100.0%,  0.0%], RTT = 0.097s, Queue delay = 0.000s, MTU = 1200
 summary  10.0  Transmit rate = 10754kbps, PLR =  0.00%( 0.00%), CE =  0.00%( 0.00%)[ 0.0%,  0.0%, 100.0%,  0.0%], RTT = 0.099s, Queue delay = 0.000s, MTU = 1200
 summary  12.0  Transmit rate = 17439kbps, PLR =  0.00%( 0.00%), CE =  0.00%( 0.00%)[ 0.0%,  0.0%, 100.0%,  0.0%], RTT = 0.099s, Queue delay = 0.000s, MTU = 1200
 summary  14.0  Transmit rate = 29458kbps, PLR =  0.00%( 0.00%), CE =  0.00%( 0.00%)[ 0.0%,  0.0%, 100.0%,  0.0%], RTT = 0.100s, Queue delay = 0.000s, MTU = 1200
 summary  16.0  Transmit rate = 53016kbps, PLR =  0.00%( 0.00%), CE =  0.00%( 0.00%)[ 0.0%,  0.0%, 100.0%,  0.0%], RTT = 0.100s, Queue delay = 0.000s, MTU = 1200
 summary  18.0  Transmit rate = 54397kbps, PLR =  0.00%( 0.00%), CE =  5.61%( 1.55%)[ 0.0%,  0.0%, 98.5%,  1.5%], RTT = 0.100s, Queue delay = 0.000s, MTU = 1200
 summary  20.0  Transmit rate = 42528kbps, PLR =  0.00%( 0.00%), CE =  5.66%( 1.35%)[ 0.0%,  0.0%, 98.7%,  1.3%], RTT = 0.100s, Queue delay = 0.000s, MTU = 1200
 summary  22.0  Transmit rate = 40965kbps, PLR =  0.00%( 0.00%), CE =  5.66%( 1.17%)[ 0.0%,  0.0%, 98.8%,  1.2%], RTT = 0.100s, Queue delay = 0.000s, MTU = 1200
 summary  24.0  Transmit rate = 46283kbps, PLR =  0.00%( 0.00%), CE =  0.00%( 1.01%)[ 0.0%,  0.0%, 99.0%,  1.0%], RTT = 0.100s, Queue delay = 0.000s, MTU = 1200
 summary  26.0  Transmit rate = 59504kbps, PLR =  0.00%( 0.00%), CE =  0.00%( 0.84%)[ 0.0%,  0.0%, 99.2%,  0.8%], RTT = 0.100s, Queue delay = 0.000s, MTU = 1200
 summary  28.0  Transmit rate = 73331kbps, PLR =  0.00%( 0.00%), CE =  1.11%( 0.95%)[ 0.0%,  0.0%, 99.1%,  0.9%], RTT = 0.100s, Queue delay = 0.000s, MTU = 1200

======================== Summary ==========================
 Bitrate min/max/avg [kbps]          :  5481/131653/37324
 RTT     min/max/avg [s]             : 0.050/0.100/0.098
 Queue delay max/avg [s]             : 0.002/0.000
 Packet loss avg [%]                 : 0.000
 ECN/L4S NotECT/ECT(0)/ECT(1)/CE [%] :  0.0/ 0.0/99.1/ 0.9
===========================================================
