Listen on port 8081 to receive RTCP from decoder 
Scream sender started! 
 refresh 0.10112 RTP queue 1 packets discarded for SSRC 100
 summary   2.0  Transmit rate =  1670kbps, PLR =  0.00%( 0.00%), CE =  0.00%( 0.00%)[ 0.0%,  0.0%, 100.0%,  0.0%], RTT = 0.067s, Queue delay = 0.000s, MTU = 1200
 summary   4.0  Transmit rate =  2753kbps, PLR =  0.00%( 0.00%), CE =  0.00%( 0.00%)[ 0.0%,  0.0%, 100.0%,  0.0%], RTT = 0.085s, Queue delay = 0.000s, MTU = 1200
 summary   6.0  Transmit rate =  4436kbps, PLR =  0.00%( 0.00%), CE =  0.00%( 0.00%)[ 0.0%,  0.0%, 100.0%,  0.0%], RTT = 0.093s, Queue delay = 0.000s, MTU = 1200
 summary   8.0  Transmit rate =  6893kbps, PLR =  0.00%( 0.00%), CE =  0.00%( 0.00%)[ 0.0%,  0.0%, 100.0%,  0.0%], RTT = 0.097s, Queue delay = 0.000s, MTU = 1200
 summary  10.0  Transmit rate = 10825kbps, PLR =  0.00%( 0.00%), CE =  0.00%( 0.00%)[ 0.0%,  0.0%, 100.0%,  0.0%], RTT = 0.099s, Queue delay = 0.000s, MTU = 1200
 summary  12.0  Transmit rate = 17559kbps, PLR =  0.00%( 0.00%), CE =  0.00%( 0.00%)[ 0.0%,  0.0%, 100.0%,  0.0%], RTT = 0.099s, Queue delay = 0.000s, MTU = 1200
 summary  14.0  Transmit rate = 29636kbps, PLR =  0.00%( 0.00%), CE =  0.00%( 0.00%)[ 0.0%,  0.0%, 100.0%,  0.0%], RTT = 0.100s, Queue delay = 0.000s, MTU = 1200
 summary  16.0  Transmit rate = 53228kbps, PLR =  0.00%( 0.00%), CE =  0.00%( 0.00%)[ 0.0%,  0.0%, 100.0%,  0.0%], RTT = 0.100s, Queue delay = 0.000s, MTU = 1200
 summary  18.0  Transmit rate = 54220kbps, PLR =  0.00%( 0.00%), CE =  5.19%( 1.48%)[ 0.0%,  0.0%, 98.5%,  1.5%], RTT = 0.100s, Queue delay = 0.000s, MTU = 1200
 summary  20.0  Transmit rate = 42447kbps, PLR =  0.00%( 0.00%), CE =  5.25%( 1.29%)[ 0.0%,  0.0%, 98.7%,  1.3%], RTT = 0.100s, Queue delay = 0.000s, MTU = 1200
 summary  22.0  Transmit rate = 40903kbps, PLR =  0.00%( 0.00%), CE =  5.25%( 1.12%)[ 0.0%,  0.0%, 98.9%,  1.1%], RTT = 0.100s, Queue delay = 0.000s, MTU = 1200
 summary  24.0  Transmit rate = 46507kbps, PLR =  0.00%( 0.00%), CE =  0.00%( 0.96%)[ 0.0%,  0.0%, 99.0%,  1.0%], RTT = 0.100s, Queue delay = 0.000s, MTU = 1200
 summary  26.0  Transmit rate = 60108kbps, PLR =  0.00%( 0.00%), CE =  0.00%( 0.80%)[ 0.0%,  0.0%, 99.2%,  0.8%], RTT = 0.100s, Queue delay = 0.000s, MTU = 1200
 summary  28.1  Transmit rate = 69746kbps, PLR =  0.00%( 0.00%), CE =  3.56%( 1.09%)[ 0.0%,  0.0%, 98.9%,  1.1%], RTT = 0.100s, Queue delay = 0.000s, MTU = 1200

======================== Summary ==========================
 Bitrate min/max/avg [kbps]          :  5193/131366/35129
 RTT     min/max/avg [s]             : 0.050/0.100/0.098
 Queue delay max/avg [s]             : 0.002/0.000
 Packet loss avg [%]                 : 0.000
 ECN/L4S NotECT/ECT(0)/ECT(1)/CE [%] :  0.0/ 0.0/99.0/ 1.0
===========================================================
