Listen on port 8081 to receive RTCP from decoder 
Scream sender started! 
 summary   2.0  Transmit rate =  1585kbps, PLR =  0.00%( 0.00%), CE =  0.00%( 0.00%)[ 0.0%,  0.0%, 100.0%,  0.0%], RTT = 0.067s, Queue delay = 0.000s, MTU = 1200
 summary   4.0  Transmit rate =  2727kbps, PLR =  0.00%( 0.00%), CE =  0.00%( 0.00%)[ 0.0%,  0.0%, 100.0%,  0.0%], RTT = 0.085s, Queue delay = 0.000s, MTU = 1200
 summary   6.0  Transmit rate =  4441kbps, PLR =  0.00%( 0.00%), CE =  0.00%( 0.00%)[ 0.0%,  0.0%, 100.0%,  0.0%], RTT = 0.093s, Queue delay = 0.000s, MTU = 1200
 summary   8.0  Transmit rate =  6937kbps, PLR =  0.00%( 0.00%), CE =  0.00%( 0.00%)[ 0.0%,  0.0%, 100.0%,  0.0%], RTT = 0.097s, Queue delay = 0.000s, MTU = 1200
 summary  10.0  Transmit rate = 10972kbps, PLR =  0.00%( 0.00%), CE =  0.00%( 0.00%)[ 0.0%,  0.0%, 100.0%,  0.0%], RTT = 0.099s, Queue delay = 0.000s, MTU = 1200
 summary  12.0  Transmit rate = 17789kbps, PLR =  0.00%( 0.00%), CE =  0.00%( 0.00%)[ 0.0%,  0.0%, 100.0%,  0.0%], RTT = 0.100s, Queue delay = 0.000s, MTU = 1200
 summary  14.0  Transmit rate = 30288kbps, PLR =  0.00%( 0.00%), CE =  0.00%( 0.00%)[ 0.0%,  0.0%, 100.0%,  0.0%], RTT = 0.100s, Queue delay = 0.000s, MTU = 1200
 summary  16.0  Transmit rate = 54459kbps, PLR =  0.00%( 0.00%), CE =  0.00%( 0.00%)[ 0.0%,  0.0%, 100.0%,  0.0%], RTT = 0.100s, Queue delay = 0.000s, MTU = 1200
 summary  18.0  Transmit rate = 68128kbps, PLR =  0.00%( 0.00%), CE =  0.98%( 0.68%)[ 0.0%,  0.0%, 99.3%,  0.7%], RTT = 0.100s, Queue delay = 0.000s, MTU = 1200
 summary  20.0  Transmit rate = 70795kbps, PLR =  0.00%( 0.00%), CE =  0.99%( 0.53%)[ 0.0%,  0.0%, 99.5%,  0.5%], RTT = 0.100s, Queue delay = 0.000s, MTU = 1200
 summary  22.0  Transmit rate = 79098kbps, PLR =  0.00%( 0.00%), CE =  0.40%( 0.42%)[ 0.0%,  0.0%, 99.6%,  0.4%], RTT = 0.100s, Queue delay = 0.000s, MTU = 1200
 summary  24.0  Transmit rate = 94657kbps, PLR =  0.00%( 0.00%), CE =  0.00%( 0.33%)[ 0.0%,  0.0%, 99.7%,  0.3%], RTT = 0.100s, Queue delay = 0.000s, MTU = 1200
 summary  26.0  Transmit rate = 104868kbps, PLR =  0.00%( 0.00%), CE =  0.52%( 0.46%)[ 0.0%,  0.0%, 99.5%,  0.5%], RTT = 0.100s, Queue delay = 0.000s, MTU = 1200
 summary  28.0  Transmit rate = 109304kbps, PLR =  0.00%( 0.00%), CE =  0.86%( 0.53%)[ 0.0%,  0.0%, 99.5%,  0.5%], RTT = 0.100s, Queue delay = 0.000s, MTU = 1200
 summary  30.1  Transmit rate = 111271kbps, PLR =  0.00%( 0.00%), CE =  0.39%( 0.46%)[ 0.0%,  0.0%, 99.5%,  0.5%], RTT = 0.100s, Queue delay = 0.000s, MTU = 1200
 summary  32.1  Transmit rate = 112276kbps, PLR =  0.00%( 0.00%), CE =  0.73%( 0.52%)[ 0.0%,  0.0%, 99.5%,  0.5%], RTT = 0.100s, Queue delay = 0.000s, MTU = 1200
 summary  34.1  Transmit rate = 112579kbps, PLR =  0.00%( 0.00%), CE =  0.80%( 0.55%)[ 0.0%,  0.0%, 99.4%,  0.6%], RTT = 0.100s, Queue delay = 0.000s, MTU = 1200

======================== Summary ==========================
 Bitrate min/max/avg [kbps]          :  5565/136122/64767
 RTT     min/max/avg [s]             : 0.050/0.100/0.099
 Queue delay max/avg [s]             : 0.001/0.000
 Packet loss avg [%]                 : 0.000
 ECN/L4S NotECT/ECT(0)/ECT(1)/CE [%] :  0.0/ 0.0/99.5/ 0.5
===========================================================
