Listen on port 8081 to receive RTCP from decoder 
Scream sender started! 
 summary   2.0  Transmit rate =  1669kbps, PLR =  0.00%( 0.00%), CE =  0.00%( 0.00%)[ 0.0%,  0.0%, 100.0%,  0.0%], RTT = 0.067s, Queue delay = 0.000s, MTU = 1200
 summary   4.0  Transmit rate =  2743kbps, PLR =  0.00%( 0.00%), CE =  0.00%( 0.00%)[ 0.0%,  0.0%, 100.0%,  0.0%], RTT = 0.085s, Queue delay = 0.000s, MTU = 1200
 summary   6.0  Transmit rate =  4401kbps, PLR =  0.00%( 0.00%), CE =  0.00%( 0.00%)[ 0.0%,  0.0%, 100.0%,  0.0%], RTT = 0.093s, Queue delay = 0.000s, MTU = 1200
 summary   8.0  Transmit rate =  6808kbps, PLR =  0.00%( 0.00%), CE =  0.00%( 0.00%)[ 0.0%,  0.0%, 100.0%,  0.0%], RTT = 0.097s, Queue delay = 0.000s, MTU = 1200
 summary  10.0  Transmit rate = 10697kbps, PLR =  0.00%( 0.00%), CE =  0.00%( 0.00%)[ 0.0%,  0.0%, 100.0%,  0.0%], RTT = 0.099s, Queue delay = 0.000s, MTU = 1200
 summary  12.0  Transmit rate = 17209kbps, PLR =  0.00%( 0.00%), CE =  0.00%( 0.00%)[ 0.0%,  0.0%, 100.0%,  0.0%], RTT = 0.100s, Queue delay = 0.000s, MTU = 1200
 summary  14.0  Transmit rate = 29123kbps, PLR =  0.00%( 0.00%), CE =  0.00%( 0.00%)[ 0.0%,  0.0%, 100.0%,  0.0%], RTT = 0.100s, Queue delay = 0.000s, MTU = 1200
 summary  16.0  Transmit rate = 52166kbps, PLR =  0.00%( 0.00%), CE =  0.00%( 0.00%)[ 0.0%,  0.0%, 100.0%,  0.0%], RTT = 0.100s, Queue delay = 0.000s, MTU = 1200
 summary  18.0  Transmit rate = 54850kbps, PLR =  0.00%( 0.00%), CE =  4.60%( 1.49%)[ 0.0%,  0.0%, 98.5%,  1.5%], RTT = 0.100s, Queue delay = 0.000s, MTU = 1200
 summary  20.0  Transmit rate = 42752kbps, PLR =  0.00%( 0.00%), CE =  4.65%( 1.30%)[ 0.0%,  0.0%, 98.7%,  1.3%], RTT = 0.100s, Queue delay = 0.000s, MTU = 1200
 summary  22.0  Transmit rate = 40954kbps, PLR =  0.00%( 0.00%), CE =  4.65%( 1.13%)[ 0.0%,  0.0%, 98.9%,  1.1%], RTT = 0.100s, Queue delay = 0.000s, MTU = 1200
 summary  24.0  Transmit rate = 46194kbps, PLR =  0.00%( 0.00%), CE =  0.00%( 0.97%)[ 0.0%,  0.0%, 99.0%,  1.0%], RTT = 0.100s, Queue delay = 0.000s, MTU = 1200
 summary  26.0  Transmit rate = 59533kbps, PLR =  0.00%( 0.00%), CE =  0.00%( 0.81%)[ 0.0%,  0.0%, 99.2%,  0.8%], RTT = 0.100s, Queue delay = 0.000s, MTU = 1200
 summary  28.0  Transmit rate = 83215kbps, PLR =  0.00%( 0.00%), CE =  0.00%( 0.65%)[ 0.0%,  0.0%, 99.3%,  0.7%], RTT = 0.100s, Queue delay = 0.000s, MTU = 1200

======================== Summary ==========================
 Bitrate min/max/avg [kbps]          :     0/129508/39345
 RTT     min/max/avg [s]             : 0.050/0.100/0.098
 Queue delay max/avg [s]             : 0.001/0.000
 Packet loss avg [%]                 : 0.000
 ECN/L4S NotECT/ECT(0)/ECT(1)/CE [%] :  0.0/ 0.0/99.4/ 0.6
===========================================================
