Listen on port 8081 to receive RTCP from decoder 
Scream sender started! 
 summary   2.0  Transmit rate =  1584kbps, PLR =  0.00%( 0.00%), CE =  0.00%( 0.00%)[ 0.0%,  0.0%, 100.0%,  0.0%], RTT = 0.067s, Queue delay = 0.000s, MTU = 1200
 summary   4.0  Transmit rate =  2725kbps, PLR =  0.00%( 0.00%), CE =  0.00%( 0.00%)[ 0.0%,  0.0%, 100.0%,  0.0%], RTT = 0.084s, Queue delay = 0.000s, MTU = 1200
 summary   6.0  Transmit rate =  4450kbps, PLR =  0.00%( 0.00%), CE =  0.00%( 0.00%)[ 0.0%,  0.0%, 100.0%,  0.0%], RTT = 0.093s, Queue delay = 0.000s, MTU = 1200
 summary   8.0  Transmit rate =  6952kbps, PLR =  0.00%( 0.00%), CE =  0.00%( 0.00%)[ 0.0%,  0.0%, 100.0%,  0.0%], RTT = 0.097s, Queue delay = 0.000s, MTU = 1200
 summary  10.0  Transmit rate = 10959kbps, PLR =  0.00%( 0.00%), CE =  0.00%( 0.00%)[ 0.0%,  0.0%, 100.0%,  0.0%], RTT = 0.099s, Queue delay = 0.000s, MTU = 1200
 summary  12.0  Transmit rate = 17767kbps, PLR =  0.00%( 0.00%), CE =  0.00%( 0.00%)[ 0.0%,  0.0%, 100.0%,  0.0%], RTT = 0.100s, Queue delay = 0.000s, MTU = 1200
 summary  14.0  Transmit rate = 30177kbps, PLR =  0.00%( 0.00%), CE =  0.00%( 0.00%)[ 0.0%,  0.0%, 100.0%,  0.0%], RTT = 0.100s, Queue delay = 0.000s, MTU = 1200
 summary  16.0  Transmit rate = 54432kbps, PLR =  0.00%( 0.00%), CE =  0.00%( 0.00%)[ 0.0%,  0.0%, 100.0%,  0.0%], RTT = 0.100s, Queue delay = 0.000s, MTU = 1200
 summary  18.0  Transmit rate = 68253kbps, PLR =  0.00%( 0.00%), CE =  1.25%( 0.76%)[ 0.0%,  0.0%, 99.2%,  0.8%], RTT = 0.100s, Queue delay = 0.000s, MTU = 1200
 summary  20.0  Transmit rate = 70938kbps, PLR =  0.00%( 0.00%), CE =  1.26%( 0.59%)[ 0.0%,  0.0%, 99.4%,  0.6%], RTT = 0.100s, Queue delay = 0.000s, MTU = 1200
 summary  22.0  Transmit rate = 79624kbps, PLR =  0.00%( 0.00%), CE =  0.55%( 0.47%)[ 0.0%,  0.0%, 99.5%,  0.5%], RTT = 0.100s, Queue delay = 0.000s, MTU = 1200
 summary  24.0  Transmit rate = 93836kbps, PLR =  0.00%( 0.00%), CE =  0.23%( 0.47%)[ 0.0%,  0.0%, 99.5%,  0.5%], RTT = 0.100s, Queue delay = 0.000s, MTU = 1200
 summary  26.0  Transmit rate = 102820kbps, PLR =  0.00%( 0.00%), CE =  0.23%( 0.39%)[ 0.0%,  0.0%, 99.6%,  0.4%], RTT = 0.100s, Queue delay = 0.000s, MTU = 1200
 summary  28.0  Transmit rate = 106202kbps, PLR =  0.00%( 0.00%), CE =  0.62%( 0.48%)[ 0.0%,  0.0%, 99.5%,  0.5%], RTT = 0.100s, Queue delay = 0.000s, MTU = 1200
 summary  30.0  Transmit rate = 107814kbps, PLR =  0.00%( 0.00%), CE =  0.86%( 0.54%)[ 0.0%,  0.0%, 99.5%,  0.5%], RTT = 0.100s, Queue delay = 0.000s, MTU = 1200
 summary  32.0  Transmit rate = 108727kbps, PLR =  0.00%( 0.00%), CE =  0.62%( 0.59%)[ 0.0%,  0.0%, 99.4%,  0.6%], RTT = 0.100s, Queue delay = 0.000s, MTU = 1200
 summary  34.0  Transmit rate = 108465kbps, PLR =  0.00%( 0.00%), CE =  0.85%( 0.53%)[ 0.0%,  0.0%, 99.5%,  0.5%], RTT = 0.100s, Queue delay = 0.000s, MTU = 1200

======================== Summary ==========================
 Bitrate min/max/avg [kbps]          :  5579/130931/63600
 RTT     min/max/avg [s]             : 0.050/0.100/0.099
 Queue delay max/avg [s]             : 0.001/0.000
 Packet loss avg [%]                 : 0.000
 ECN/L4S NotECT/ECT(0)/ECT(1)/CE [%] :  0.0/ 0.0/99.4/ 0.6
===========================================================
