Listen on port 5541 to receive RTCP from decoder 
Scream sender started! 
 refresh 0.101196 RTP queue 1 packets discarded for SSRC 100
 summary   2.0  Transmit rate =  1370kbps, PLR =  0.00%( 0.00%), CE =  0.56%( 1.25%)[ 0.0%,  0.0%, 98.9%,  1.1%], RTT = 0.067s, Queue delay = 0.001s, MTU = 1200
 summary   4.0  Transmit rate =  2241kbps, PLR =  0.00%( 0.00%), CE =  0.56%( 0.43%)[ 0.0%,  0.0%, 99.6%,  0.4%], RTT = 0.086s, Queue delay = 0.001s, MTU = 1200
 summary   6.0  Transmit rate =  3616kbps, PLR =  0.00%( 0.00%), CE =  0.06%( 0.21%)[ 0.0%,  0.0%, 99.8%,  0.2%], RTT = 0.095s, Queue delay = 0.001s, MTU = 1200
 summary   8.0  Transmit rate =  5584kbps, PLR =  0.00%( 0.00%), CE =  0.25%( 0.63%)[ 0.0%,  0.0%, 99.4%,  0.6%], RTT = 0.099s, Queue delay = 0.001s, MTU = 1200
 summary  10.0  Transmit rate =  6743kbps, PLR =  0.00%( 0.00%), CE =  1.68%( 1.33%)[ 0.0%,  0.0%, 98.7%,  1.3%], RTT = 0.101s, Queue delay = 0.001s, MTU = 1200
 summary  12.0  Transmit rate =  7268kbps, PLR =  0.00%( 0.00%), CE =  2.76%( 1.68%)[ 0.0%,  0.0%, 98.4%,  1.6%], RTT = 0.102s, Queue delay = 0.001s, MTU = 1200
 summary  14.0  Transmit rate =  7422kbps, PLR =  0.00%( 0.00%), CE =  2.91%( 1.97%)[ 0.0%,  0.0%, 98.1%,  1.9%], RTT = 0.102s, Queue delay = 0.001s, MTU = 1200
 summary  16.0  Transmit rate =  7503kbps, PLR =  0.00%( 0.00%), CE =  3.10%( 1.96%)[ 0.0%,  0.0%, 98.1%,  1.9%], RTT = 0.102s, Queue delay = 0.001s, MTU = 1200
 summary  18.0  Transmit rate =  7549kbps, PLR =  0.00%( 0.00%), CE =  2.70%( 2.02%)[ 0.0%,  0.0%, 98.0%,  2.0%], RTT = 0.102s, Queue delay = 0.001s, MTU = 1200
 summary  20.0  Transmit rate =  7525kbps, PLR =  0.00%( 0.00%), CE =  2.74%( 2.08%)[ 0.0%,  0.0%, 98.0%,  2.0%], RTT = 0.102s, Queue delay = 0.001s, MTU = 1200
 summary  22.0  Transmit rate =  7555kbps, PLR =  0.00%( 0.00%), CE =  2.54%( 2.10%)[ 0.0%,  0.0%, 97.9%,  2.1%], RTT = 0.102s, Queue delay = 0.001s, MTU = 1200
 summary  24.0  Transmit rate =  7580kbps, PLR =  0.00%( 0.00%), CE =  2.29%( 2.07%)[ 0.0%,  0.0%, 98.0%,  2.0%], RTT = 0.102s, Queue delay = 0.001s, MTU = 1200
 summary  26.0  Transmit rate =  7586kbps, PLR =  0.00%( 0.00%), CE =  2.35%( 2.07%)[ 0.0%,  0.0%, 98.0%,  2.0%], RTT = 0.102s, Queue delay = 0.001s, MTU = 1200
 summary  28.0  Transmit rate =  7588kbps, PLR =  0.00%( 0.00%), CE =  2.31%( 2.10%)[ 0.0%,  0.0%, 98.0%,  2.0%], RTT = 0.102s, Queue delay = 0.001s, MTU = 1200
 summary  30.0  Transmit rate =  7572kbps, PLR =  0.00%( 0.00%), CE =  2.78%( 2.14%)[ 0.0%,  0.0%, 97.9%,  2.1%], RTT = 0.102s, Queue delay = 0.001s, MTU = 1200
 summary  32.0  Transmit rate =  7555kbps, PLR =  0.00%( 0.00%), CE =  2.77%( 2.16%)[ 0.0%,  0.0%, 97.9%,  2.1%], RTT = 0.102s, Queue delay = 0.001s, MTU = 1200
 summary  34.0  Transmit rate =  7531kbps, PLR =  0.00%( 0.00%), CE =  2.51%( 2.15%)[ 0.0%,  0.0%, 97.9%,  2.1%], RTT = 0.102s, Queue delay = 0.001s, MTU = 1200

======================== Summary ==========================
 Bitrate min/max/avg [kbps]          :     0/ 8905/ 6673
 RTT     min/max/avg [s]             : 0.050/0.102/0.101
 Queue delay max/avg [s]             : 0.002/0.001
 Packet loss avg [%]                 : 0.000
 ECN/L4S NotECT/ECT(0)/ECT(1)/CE [%] :  0.0/ 0.0/97.9/ 2.1
===========================================================
