Listen on port 5401 to receive RTCP from decoder 
Scream sender started! 
 summary   2.0  Transmit rate =  1464kbps, PLR =  0.00%( 0.00%), CE =  0.84%( 1.85%)[ 0.0%,  0.0%, 98.4%,  1.6%], RTT = 0.067s, Queue delay = 0.000s, MTU = 1200
 summary   4.0  Transmit rate =  2196kbps, PLR =  0.00%( 0.00%), CE =  1.00%( 0.89%)[ 0.0%,  0.0%, 99.2%,  0.8%], RTT = 0.086s, Queue delay = 0.001s, MTU = 1200
 summary   6.0  Transmit rate =  3323kbps, PLR =  0.00%( 0.00%), CE =  0.24%( 0.45%)[ 0.0%,  0.0%, 99.6%,  0.4%], RTT = 0.095s, Queue delay = 0.001s, MTU = 1200
 summary   8.0  Transmit rate =  4716kbps, PLR =  0.00%( 0.00%), CE =  0.12%( 0.37%)[ 0.0%,  0.0%, 99.6%,  0.4%], RTT = 0.099s, Queue delay = 0.001s, MTU = 1200
 summary  10.0  Transmit rate =  5960kbps, PLR =  0.00%( 0.00%), CE =  0.79%( 0.87%)[ 0.0%,  0.0%, 99.2%,  0.8%], RTT = 0.101s, Queue delay = 0.001s, MTU = 1200
 summary  12.0  Transmit rate =  6529kbps, PLR =  0.00%( 0.00%), CE =  1.72%( 1.16%)[ 0.0%,  0.0%, 98.9%,  1.1%], RTT = 0.102s, Queue delay = 0.001s, MTU = 1200
 summary  14.0  Transmit rate =  6812kbps, PLR =  0.00%( 0.00%), CE =  2.76%( 1.42%)[ 0.0%,  0.0%, 98.6%,  1.4%], RTT = 0.102s, Queue delay = 0.001s, MTU = 1200
 summary  16.0  Transmit rate =  6943kbps, PLR =  0.00%( 0.00%), CE =  2.81%( 1.58%)[ 0.0%,  0.0%, 98.5%,  1.5%], RTT = 0.102s, Queue delay = 0.001s, MTU = 1200
 summary  18.0  Transmit rate =  6994kbps, PLR =  0.00%( 0.00%), CE =  2.11%( 1.53%)[ 0.0%,  0.0%, 98.5%,  1.5%], RTT = 0.102s, Queue delay = 0.001s, MTU = 1200
 summary  20.0  Transmit rate =  7048kbps, PLR =  0.00%( 0.00%), CE =  2.18%( 1.70%)[ 0.0%,  0.0%, 98.4%,  1.6%], RTT = 0.102s, Queue delay = 0.001s, MTU = 1200
 summary  22.0  Transmit rate =  7048kbps, PLR =  0.00%( 0.00%), CE =  2.61%( 1.75%)[ 0.0%,  0.0%, 98.3%,  1.7%], RTT = 0.102s, Queue delay = 0.001s, MTU = 1200
 summary  24.0  Transmit rate =  7044kbps, PLR =  0.00%( 0.00%), CE =  2.83%( 1.88%)[ 0.0%,  0.0%, 98.2%,  1.8%], RTT = 0.102s, Queue delay = 0.001s, MTU = 1200
 summary  26.0  Transmit rate =  7047kbps, PLR =  0.00%( 0.00%), CE =  3.00%( 1.94%)[ 0.0%,  0.0%, 98.1%,  1.9%], RTT = 0.102s, Queue delay = 0.001s, MTU = 1200
 summary  28.0  Transmit rate =  7032kbps, PLR =  0.00%( 0.00%), CE =  2.91%( 1.98%)[ 0.0%,  0.0%, 98.1%,  1.9%], RTT = 0.102s, Queue delay = 0.001s, MTU = 1200
 summary  30.0  Transmit rate =  7034kbps, PLR =  0.00%( 0.00%), CE =  2.73%( 2.00%)[ 0.0%,  0.0%, 98.1%,  1.9%], RTT = 0.102s, Queue delay = 0.001s, MTU = 1200
 summary  32.0  Transmit rate =  7029kbps, PLR =  0.00%( 0.00%), CE =  2.64%( 2.00%)[ 0.0%,  0.0%, 98.1%,  1.9%], RTT = 0.102s, Queue delay = 0.001s, MTU = 1200
 summary  34.0  Transmit rate =  7044kbps, PLR =  0.00%( 0.00%), CE =  2.49%( 2.02%)[ 0.0%,  0.0%, 98.0%,  2.0%], RTT = 0.102s, Queue delay = 0.001s, MTU = 1200

======================== Summary ==========================
 Bitrate min/max/avg [kbps]          :  3806/ 8158/ 6239
 RTT     min/max/avg [s]             : 0.050/0.103/0.101
 Queue delay max/avg [s]             : 0.002/0.001
 Packet loss avg [%]                 : 0.000
 ECN/L4S NotECT/ECT(0)/ECT(1)/CE [%] :  0.0/ 0.0/98.0/ 2.0
===========================================================
