Listen on port 5335 to receive RTCP from decoder 
Scream sender started! 
 summary   2.0  Transmit rate =  3743kbps, PLR =  0.00%( 0.00%), CE =  0.12%( 0.45%)[ 0.0%,  0.0%, 99.4%,  0.6%], RTT = 0.036s, Queue delay = 0.001s, MTU = 1200
 summary   4.0  Transmit rate =  4905kbps, PLR =  0.00%( 0.00%), CE =  0.35%( 0.52%)[ 0.0%,  0.0%, 99.4%,  0.6%], RTT = 0.028s, Queue delay = 0.001s, MTU = 1200
 summary   6.0  Transmit rate =  5462kbps, PLR =  0.00%( 0.00%), CE =  0.59%( 0.56%)[ 0.0%,  0.0%, 99.4%,  0.6%], RTT = 0.025s, Queue delay = 0.001s, MTU = 1200
 summary   8.0  Transmit rate =  5808kbps, PLR =  0.00%( 0.00%), CE =  0.57%( 0.52%)[ 0.0%,  0.0%, 99.5%,  0.5%], RTT = 0.024s, Queue delay = 0.001s, MTU = 1200
 summary  10.0  Transmit rate =  6070kbps, PLR =  0.00%( 0.00%), CE =  0.62%( 0.51%)[ 0.0%,  0.0%, 99.4%,  0.6%], RTT = 0.023s, Queue delay = 0.001s, MTU = 1200
 summary  12.0  Transmit rate =  6045kbps, PLR =  0.00%( 0.00%), CE =  0.62%( 0.53%)[ 0.0%,  0.0%, 99.5%,  0.5%], RTT = 0.023s, Queue delay = 0.001s, MTU = 1200
 summary  14.0  Transmit rate =  6038kbps, PLR =  0.00%( 0.00%), CE =  0.58%( 0.51%)[ 0.0%,  0.0%, 99.5%,  0.5%], RTT = 0.023s, Queue delay = 0.001s, MTU = 1200
 summary  16.0  Transmit rate =  6095kbps, PLR =  0.00%( 0.00%), CE =  0.61%( 0.52%)[ 0.0%,  0.0%, 99.5%,  0.5%], RTT = 0.023s, Queue delay = 0.001s, MTU = 1200
 summary  18.0  Transmit rate =  6098kbps, PLR =  0.00%( 0.00%), CE =  0.57%( 0.52%)[ 0.0%,  0.0%, 99.5%,  0.5%], RTT = 0.023s, Queue delay = 0.001s, MTU = 1200
 summary  20.0  Transmit rate =  6083kbps, PLR =  0.00%( 0.00%), CE =  0.55%( 0.53%)[ 0.0%,  0.0%, 99.5%,  0.5%], RTT = 0.023s, Queue delay = 0.001s, MTU = 1200
 summary  22.0  Transmit rate =  6108kbps, PLR =  0.00%( 0.00%), CE =  0.59%( 0.52%)[ 0.0%,  0.0%, 99.5%,  0.5%], RTT = 0.023s, Queue delay = 0.001s, MTU = 1200
 summary  24.0  Transmit rate =  6035kbps, PLR =  0.00%( 0.00%), CE =  0.56%( 0.51%)[ 0.0%,  0.0%, 99.5%,  0.5%], RTT = 0.023s, Queue delay = 0.001s, MTU = 1200
 summary  26.0  Transmit rate =  5855kbps, PLR =  0.00%( 0.00%), CE =  0.60%( 0.52%)[ 0.0%,  0.0%, 99.5%,  0.5%], RTT = 0.023s, Queue delay = 0.001s, MTU = 1200
 summary  28.0  Transmit rate =  6002kbps, PLR =  0.00%( 0.00%), CE =  1.19%( 0.63%)[ 0.0%,  0.0%, 99.4%,  0.6%], RTT = 0.023s, Queue delay = 0.001s, MTU = 1200

======================== Summary ==========================
 Bitrate min/max/avg [kbps]          :     0/ 8243/ 5888
 RTT     min/max/avg [s]             : 0.022/0.049/0.023
 Queue delay max/avg [s]             : 0.003/0.001
 Packet loss avg [%]                 : 0.000
 ECN/L4S NotECT/ECT(0)/ECT(1)/CE [%] :  0.0/ 0.0/99.4/ 0.6
===========================================================
