Listen on port 5313 to receive RTCP from decoder 
Scream sender started! 
 summary   2.0  Transmit rate =  3873kbps, PLR =  0.00%( 0.00%), CE =  0.23%( 0.61%)[ 0.0%,  0.0%, 99.1%,  0.9%], RTT = 0.036s, Queue delay = 0.001s, MTU = 1200
 summary   4.0  Transmit rate =  5179kbps, PLR =  0.00%( 0.00%), CE =  0.67%( 0.82%)[ 0.0%,  0.0%, 99.1%,  0.9%], RTT = 0.028s, Queue delay = 0.001s, MTU = 1200
 summary   6.0  Transmit rate =  5702kbps, PLR =  0.00%( 0.00%), CE =  0.94%( 0.78%)[ 0.0%,  0.0%, 99.2%,  0.8%], RTT = 0.025s, Queue delay = 0.001s, MTU = 1200
 summary   8.0  Transmit rate =  6021kbps, PLR =  0.00%( 0.00%), CE =  1.00%( 0.88%)[ 0.0%,  0.0%, 99.1%,  0.9%], RTT = 0.024s, Queue delay = 0.001s, MTU = 1200
 summary  10.0  Transmit rate =  6062kbps, PLR =  0.00%( 0.00%), CE =  0.98%( 0.79%)[ 0.0%,  0.0%, 99.2%,  0.8%], RTT = 0.023s, Queue delay = 0.001s, MTU = 1200
 summary  12.0  Transmit rate =  6143kbps, PLR =  0.00%( 0.00%), CE =  0.85%( 0.72%)[ 0.0%,  0.0%, 99.2%,  0.8%], RTT = 0.023s, Queue delay = 0.001s, MTU = 1200
 summary  14.0  Transmit rate =  5985kbps, PLR =  0.00%( 0.00%), CE =  0.48%( 0.70%)[ 0.0%,  0.0%, 99.3%,  0.7%], RTT = 0.023s, Queue delay = 0.001s, MTU = 1200
 summary  16.0  Transmit rate =  5984kbps, PLR =  0.00%( 0.00%), CE =  0.52%( 0.70%)[ 0.0%,  0.0%, 99.3%,  0.7%], RTT = 0.023s, Queue delay = 0.001s, MTU = 1200
 summary  18.0  Transmit rate =  5995kbps, PLR =  0.00%( 0.00%), CE =  0.67%( 0.68%)[ 0.0%,  0.0%, 99.3%,  0.7%], RTT = 0.023s, Queue delay = 0.001s, MTU = 1200
 summary  20.0  Transmit rate =  6066kbps, PLR =  0.00%( 0.00%), CE =  0.72%( 0.66%)[ 0.0%,  0.0%, 99.3%,  0.7%], RTT = 0.023s, Queue delay = 0.001s, MTU = 1200
 summary  22.0  Transmit rate =  5960kbps, PLR =  0.00%( 0.00%), CE =  0.71%( 0.69%)[ 0.0%,  0.0%, 99.3%,  0.7%], RTT = 0.023s, Queue delay = 0.001s, MTU = 1200
 summary  24.0  Transmit rate =  5953kbps, PLR =  0.00%( 0.00%), CE =  0.93%( 0.71%)[ 0.0%,  0.0%, 99.3%,  0.7%], RTT = 0.023s, Queue delay = 0.001s, MTU = 1200
 summary  26.0  Transmit rate =  5797kbps, PLR =  0.00%( 0.00%), CE =  0.98%( 0.69%)[ 0.0%,  0.0%, 99.3%,  0.7%], RTT = 0.023s, Queue delay = 0.001s, MTU = 1200
 summary  28.0  Transmit rate =  5951kbps, PLR =  0.00%( 0.00%), CE =  0.60%( 0.70%)[ 0.0%,  0.0%, 99.3%,  0.7%], RTT = 0.023s, Queue delay = 0.001s, MTU = 1200

======================== Summary ==========================
 Bitrate min/max/avg [kbps]          :  3065/ 8076/ 5989
 RTT     min/max/avg [s]             : 0.022/0.049/0.023
 Queue delay max/avg [s]             : 0.003/0.001
 Packet loss avg [%]                 : 0.000
 ECN/L4S NotECT/ECT(0)/ECT(1)/CE [%] :  0.0/ 0.0/99.3/ 0.7
===========================================================
