Listen on port 5303 to receive RTCP from decoder 
Scream sender started! 
 summary   2.0  Transmit rate =  3945kbps, PLR =  0.00%( 0.00%), CE =  0.57%( 1.65%)[ 0.0%,  0.0%, 98.1%,  1.9%], RTT = 0.036s, Queue delay = 0.001s, MTU = 1200
 summary   4.0  Transmit rate =  5174kbps, PLR =  0.00%( 0.00%), CE =  1.16%( 1.28%)[ 0.0%,  0.0%, 98.7%,  1.3%], RTT = 0.028s, Queue delay = 0.001s, MTU = 1200
 summary   6.0  Transmit rate =  5931kbps, PLR =  0.00%( 0.00%), CE =  1.70%( 1.35%)[ 0.0%,  0.0%, 98.6%,  1.4%], RTT = 0.025s, Queue delay = 0.001s, MTU = 1200
 summary   8.0  Transmit rate =  6138kbps, PLR =  0.00%( 0.00%), CE =  1.28%( 1.11%)[ 0.0%,  0.0%, 98.9%,  1.1%], RTT = 0.024s, Queue delay = 0.001s, MTU = 1200
 summary  10.0  Transmit rate =  6313kbps, PLR =  0.00%( 0.00%), CE =  1.17%( 1.11%)[ 0.0%,  0.0%, 98.9%,  1.1%], RTT = 0.023s, Queue delay = 0.001s, MTU = 1200
 summary  12.0  Transmit rate =  6100kbps, PLR =  0.00%( 0.00%), CE =  0.95%( 1.06%)[ 0.0%,  0.0%, 98.9%,  1.1%], RTT = 0.023s, Queue delay = 0.001s, MTU = 1200
 summary  14.0  Transmit rate =  5982kbps, PLR =  0.00%( 0.00%), CE =  0.96%( 0.99%)[ 0.0%,  0.0%, 99.0%,  1.0%], RTT = 0.023s, Queue delay = 0.001s, MTU = 1200
 summary  16.0  Transmit rate =  6166kbps, PLR =  0.00%( 0.00%), CE =  0.82%( 0.98%)[ 0.0%,  0.0%, 99.0%,  1.0%], RTT = 0.023s, Queue delay = 0.001s, MTU = 1200
 summary  18.0  Transmit rate =  6016kbps, PLR =  0.00%( 0.00%), CE =  0.93%( 0.97%)[ 0.0%,  0.0%, 99.0%,  1.0%], RTT = 0.023s, Queue delay = 0.001s, MTU = 1200
 summary  20.0  Transmit rate =  6062kbps, PLR =  0.00%( 0.00%), CE =  0.89%( 0.92%)[ 0.0%,  0.0%, 99.1%,  0.9%], RTT = 0.023s, Queue delay = 0.001s, MTU = 1200
 summary  22.0  Transmit rate =  6125kbps, PLR =  0.00%( 0.00%), CE =  0.48%( 0.87%)[ 0.0%,  0.0%, 99.1%,  0.9%], RTT = 0.023s, Queue delay = 0.001s, MTU = 1200
 summary  24.0  Transmit rate =  6073kbps, PLR =  0.00%( 0.00%), CE =  0.70%( 0.85%)[ 0.0%,  0.0%, 99.2%,  0.8%], RTT = 0.023s, Queue delay = 0.001s, MTU = 1200
 summary  26.0  Transmit rate =  6114kbps, PLR =  0.00%( 0.00%), CE =  0.62%( 0.82%)[ 0.0%,  0.0%, 99.2%,  0.8%], RTT = 0.023s, Queue delay = 0.001s, MTU = 1200
 summary  28.0  Transmit rate =  6082kbps, PLR =  0.00%( 0.00%), CE =  0.71%( 0.81%)[ 0.0%,  0.0%, 99.2%,  0.8%], RTT = 0.023s, Queue delay = 0.001s, MTU = 1200

======================== Summary ==========================
 Bitrate min/max/avg [kbps]          :     0/ 8775/ 6018
 RTT     min/max/avg [s]             : 0.022/0.049/0.023
 Queue delay max/avg [s]             : 0.003/0.001
 Packet loss avg [%]                 : 0.000
 ECN/L4S NotECT/ECT(0)/ECT(1)/CE [%] :  0.0/ 0.0/99.2/ 0.8
===========================================================
