Listen on port 5319 to receive RTCP from decoder 
Scream sender started! 
 summary   2.0  Transmit rate =  3717kbps, PLR =  0.00%( 0.00%), CE =  0.43%( 1.37%)[ 0.0%,  0.0%, 98.5%,  1.5%], RTT = 0.036s, Queue delay = 0.001s, MTU = 1200
 summary   4.0  Transmit rate =  4942kbps, PLR =  0.00%( 0.00%), CE =  0.66%( 0.90%)[ 0.0%,  0.0%, 99.1%,  0.9%], RTT = 0.028s, Queue delay = 0.001s, MTU = 1200
 summary   6.0  Transmit rate =  5566kbps, PLR =  0.00%( 0.00%), CE =  0.94%( 0.72%)[ 0.0%,  0.0%, 99.3%,  0.7%], RTT = 0.025s, Queue delay = 0.001s, MTU = 1200
 summary   8.0  Transmit rate =  5842kbps, PLR =  0.00%( 0.00%), CE =  0.60%( 0.74%)[ 0.0%,  0.0%, 99.2%,  0.8%], RTT = 0.024s, Queue delay = 0.001s, MTU = 1200
 summary  10.0  Transmit rate =  5925kbps, PLR =  0.00%( 0.00%), CE =  0.71%( 0.71%)[ 0.0%,  0.0%, 99.3%,  0.7%], RTT = 0.023s, Queue delay = 0.001s, MTU = 1200
 summary  12.0  Transmit rate =  5956kbps, PLR =  0.00%( 0.00%), CE =  0.69%( 0.67%)[ 0.0%,  0.0%, 99.3%,  0.7%], RTT = 0.023s, Queue delay = 0.001s, MTU = 1200
 summary  14.0  Transmit rate =  5679kbps, PLR =  0.00%( 0.00%), CE =  0.77%( 0.68%)[ 0.0%,  0.0%, 99.3%,  0.7%], RTT = 0.023s, Queue delay = 0.001s, MTU = 1200
 summary  16.0  Transmit rate =  5841kbps, PLR =  0.00%( 0.00%), CE =  0.68%( 0.65%)[ 0.0%,  0.0%, 99.4%,  0.6%], RTT = 0.023s, Queue delay = 0.001s, MTU = 1200
 summary  18.0  Transmit rate =  5957kbps, PLR =  0.00%( 0.00%), CE =  0.99%( 0.74%)[ 0.0%,  0.0%, 99.3%,  0.7%], RTT = 0.023s, Queue delay = 0.001s, MTU = 1200
 summary  20.0  Transmit rate =  6138kbps, PLR =  0.00%( 0.00%), CE =  0.95%( 0.80%)[ 0.0%,  0.0%, 99.2%,  0.8%], RTT = 0.023s, Queue delay = 0.001s, MTU = 1200
 summary  22.0  Transmit rate =  5797kbps, PLR =  0.00%( 0.00%), CE =  1.44%( 0.77%)[ 0.0%,  0.0%, 99.3%,  0.7%], RTT = 0.023s, Queue delay = 0.001s, MTU = 1200
 summary  24.0  Transmit rate =  5941kbps, PLR =  0.00%( 0.00%), CE =  0.90%( 0.74%)[ 0.0%,  0.0%, 99.3%,  0.7%], RTT = 0.023s, Queue delay = 0.001s, MTU = 1200
 summary  26.0  Transmit rate =  5864kbps, PLR =  0.00%( 0.00%), CE =  0.53%( 0.72%)[ 0.0%,  0.0%, 99.3%,  0.7%], RTT = 0.023s, Queue delay = 0.001s, MTU = 1200
 summary  28.0  Transmit rate =  5867kbps, PLR =  0.00%( 0.00%), CE =  0.49%( 0.71%)[ 0.0%,  0.0%, 99.3%,  0.7%], RTT = 0.023s, Queue delay = 0.001s, MTU = 1200

======================== Summary ==========================
 Bitrate min/max/avg [kbps]          :     0/ 9090/ 5816
 RTT     min/max/avg [s]             : 0.022/0.049/0.023
 Queue delay max/avg [s]             : 0.003/0.001
 Packet loss avg [%]                 : 0.000
 ECN/L4S NotECT/ECT(0)/ECT(1)/CE [%] :  0.0/ 0.0/99.3/ 0.7
===========================================================
