Listen on port 5309 to receive RTCP from decoder 
Scream sender started! 
 summary   2.0  Transmit rate =  3777kbps, PLR =  0.00%( 0.00%), CE =  0.47%( 1.35%)[ 0.0%,  0.0%, 98.6%,  1.4%], RTT = 0.036s, Queue delay = 0.001s, MTU = 1200
 summary   4.0  Transmit rate =  5020kbps, PLR =  0.00%( 0.00%), CE =  0.69%( 0.98%)[ 0.0%,  0.0%, 99.0%,  1.0%], RTT = 0.028s, Queue delay = 0.001s, MTU = 1200
 summary   6.0  Transmit rate =  5823kbps, PLR =  0.00%( 0.00%), CE =  1.31%( 1.03%)[ 0.0%,  0.0%, 99.0%,  1.0%], RTT = 0.025s, Queue delay = 0.001s, MTU = 1200
 summary   8.0  Transmit rate =  5937kbps, PLR =  0.00%( 0.00%), CE =  1.05%( 0.89%)[ 0.0%,  0.0%, 99.1%,  0.9%], RTT = 0.024s, Queue delay = 0.001s, MTU = 1200
 summary  10.0  Transmit rate =  6066kbps, PLR =  0.00%( 0.00%), CE =  1.13%( 0.87%)[ 0.0%,  0.0%, 99.1%,  0.9%], RTT = 0.023s, Queue delay = 0.001s, MTU = 1200
 summary  12.0  Transmit rate =  5936kbps, PLR =  0.00%( 0.00%), CE =  0.76%( 0.85%)[ 0.0%,  0.0%, 99.1%,  0.9%], RTT = 0.023s, Queue delay = 0.001s, MTU = 1200
 summary  14.0  Transmit rate =  5869kbps, PLR =  0.00%( 0.00%), CE =  0.77%( 0.80%)[ 0.0%,  0.0%, 99.2%,  0.8%], RTT = 0.023s, Queue delay = 0.001s, MTU = 1200
 summary  16.0  Transmit rate =  5945kbps, PLR =  0.00%( 0.00%), CE =  0.69%( 0.77%)[ 0.0%,  0.0%, 99.2%,  0.8%], RTT = 0.023s, Queue delay = 0.001s, MTU = 1200
 summary  18.0  Transmit rate =  5928kbps, PLR =  0.00%( 0.00%), CE =  0.68%( 0.76%)[ 0.0%,  0.0%, 99.2%,  0.8%], RTT = 0.023s, Queue delay = 0.001s, MTU = 1200
 summary  20.0  Transmit rate =  5918kbps, PLR =  0.00%( 0.00%), CE =  0.71%( 0.73%)[ 0.0%,  0.0%, 99.3%,  0.7%], RTT = 0.023s, Queue delay = 0.001s, MTU = 1200
 summary  22.0  Transmit rate =  5902kbps, PLR =  0.00%( 0.00%), CE =  0.56%( 0.71%)[ 0.0%,  0.0%, 99.3%,  0.7%], RTT = 0.023s, Queue delay = 0.001s, MTU = 1200
 summary  24.0  Transmit rate =  6036kbps, PLR =  0.00%( 0.00%), CE =  0.55%( 0.68%)[ 0.0%,  0.0%, 99.3%,  0.7%], RTT = 0.022s, Queue delay = 0.001s, MTU = 1200
 summary  26.0  Transmit rate =  6165kbps, PLR =  0.00%( 0.00%), CE =  0.64%( 0.67%)[ 0.0%,  0.0%, 99.3%,  0.7%], RTT = 0.023s, Queue delay = 0.001s, MTU = 1200
 summary  28.0  Transmit rate =  6013kbps, PLR =  0.00%( 0.00%), CE =  0.56%( 0.67%)[ 0.0%,  0.0%, 99.3%,  0.7%], RTT = 0.022s, Queue delay = 0.001s, MTU = 1200

======================== Summary ==========================
 Bitrate min/max/avg [kbps]          :     0/ 8327/ 5826
 RTT     min/max/avg [s]             : 0.022/0.049/0.023
 Queue delay max/avg [s]             : 0.004/0.001
 Packet loss avg [%]                 : 0.000
 ECN/L4S NotECT/ECT(0)/ECT(1)/CE [%] :  0.0/ 0.0/99.3/ 0.7
===========================================================
