Listen on port 5323 to receive RTCP from decoder 
Scream sender started! 
 summary   2.0  Transmit rate =  3677kbps, PLR =  0.00%( 0.00%), CE =  0.93%( 3.04%)[ 0.0%,  0.0%, 97.0%,  3.0%], RTT = 0.036s, Queue delay = 0.001s, MTU = 1200
 summary   4.0  Transmit rate =  5088kbps, PLR =  0.00%( 0.00%), CE =  1.25%( 1.90%)[ 0.0%,  0.0%, 98.1%,  1.9%], RTT = 0.028s, Queue delay = 0.001s, MTU = 1200
 summary   6.0  Transmit rate =  5580kbps, PLR =  0.00%( 0.00%), CE =  1.63%( 1.45%)[ 0.0%,  0.0%, 98.6%,  1.4%], RTT = 0.025s, Queue delay = 0.001s, MTU = 1200
 summary   8.0  Transmit rate =  5753kbps, PLR =  0.00%( 0.00%), CE =  1.48%( 1.75%)[ 0.0%,  0.0%, 98.3%,  1.7%], RTT = 0.024s, Queue delay = 0.001s, MTU = 1200
 summary  10.0  Transmit rate =  5749kbps, PLR =  0.00%( 0.00%), CE =  1.47%( 1.50%)[ 0.0%,  0.0%, 98.5%,  1.5%], RTT = 0.023s, Queue delay = 0.001s, MTU = 1200
 summary  12.0  Transmit rate =  5586kbps, PLR =  0.00%( 0.00%), CE =  1.40%( 1.40%)[ 0.0%,  0.0%, 98.6%,  1.4%], RTT = 0.023s, Queue delay = 0.001s, MTU = 1200
 summary  14.0  Transmit rate =  5970kbps, PLR =  0.00%( 0.00%), CE =  1.18%( 1.42%)[ 0.0%,  0.0%, 98.6%,  1.4%], RTT = 0.023s, Queue delay = 0.001s, MTU = 1200
 summary  16.0  Transmit rate =  5865kbps, PLR =  0.00%( 0.00%), CE =  1.47%( 1.33%)[ 0.0%,  0.0%, 98.7%,  1.3%], RTT = 0.023s, Queue delay = 0.001s, MTU = 1200
 summary  18.0  Transmit rate =  5672kbps, PLR =  0.00%( 0.00%), CE =  1.20%( 1.28%)[ 0.0%,  0.0%, 98.8%,  1.2%], RTT = 0.023s, Queue delay = 0.001s, MTU = 1200
 summary  20.0  Transmit rate =  5508kbps, PLR =  0.00%( 0.00%), CE =  0.98%( 1.21%)[ 0.0%,  0.0%, 98.8%,  1.2%], RTT = 0.023s, Queue delay = 0.001s, MTU = 1200
 summary  22.0  Transmit rate =  5913kbps, PLR =  0.00%( 0.00%), CE =  0.96%( 1.21%)[ 0.0%,  0.0%, 98.8%,  1.2%], RTT = 0.023s, Queue delay = 0.001s, MTU = 1200
 summary  24.0  Transmit rate =  6100kbps, PLR =  0.00%( 0.00%), CE =  1.14%( 1.18%)[ 0.0%,  0.0%, 98.8%,  1.2%], RTT = 0.023s, Queue delay = 0.001s, MTU = 1200
 summary  26.0  Transmit rate =  6190kbps, PLR =  0.00%( 0.00%), CE =  1.05%( 1.14%)[ 0.0%,  0.0%, 98.9%,  1.1%], RTT = 0.023s, Queue delay = 0.001s, MTU = 1200
 summary  28.0  Transmit rate =  6080kbps, PLR =  0.00%( 0.00%), CE =  0.70%( 1.11%)[ 0.0%,  0.0%, 98.9%,  1.1%], RTT = 0.023s, Queue delay = 0.001s, MTU = 1200

======================== Summary ==========================
 Bitrate min/max/avg [kbps]          :  2400/ 8617/ 5926
 RTT     min/max/avg [s]             : 0.022/0.049/0.023
 Queue delay max/avg [s]             : 0.003/0.001
 Packet loss avg [%]                 : 0.000
 ECN/L4S NotECT/ECT(0)/ECT(1)/CE [%] :  0.0/ 0.0/99.0/ 1.0
===========================================================
