Listen on port 5305 to receive RTCP from decoder 
Scream sender started! 
 summary   2.0  Transmit rate =  3754kbps, PLR =  0.00%( 0.00%), CE =  0.42%( 1.71%)[ 0.0%,  0.0%, 98.2%,  1.8%], RTT = 0.036s, Queue delay = 0.001s, MTU = 1200
 summary   4.0  Transmit rate =  4969kbps, PLR =  0.00%( 0.00%), CE =  0.91%( 1.23%)[ 0.0%,  0.0%, 98.7%,  1.3%], RTT = 0.028s, Queue delay = 0.001s, MTU = 1200
 summary   6.0  Transmit rate =  5580kbps, PLR =  0.00%( 0.00%), CE =  1.11%( 0.94%)[ 0.0%,  0.0%, 99.0%,  1.0%], RTT = 0.025s, Queue delay = 0.001s, MTU = 1200
 summary   8.0  Transmit rate =  6068kbps, PLR =  0.00%( 0.00%), CE =  0.62%( 0.91%)[ 0.0%,  0.0%, 99.1%,  0.9%], RTT = 0.024s, Queue delay = 0.001s, MTU = 1200
 summary  10.0  Transmit rate =  5951kbps, PLR =  0.00%( 0.00%), CE =  1.21%( 1.06%)[ 0.0%,  0.0%, 99.0%,  1.0%], RTT = 0.023s, Queue delay = 0.001s, MTU = 1200
 summary  12.0  Transmit rate =  5882kbps, PLR =  0.00%( 0.00%), CE =  1.24%( 0.95%)[ 0.0%,  0.0%, 99.1%,  0.9%], RTT = 0.023s, Queue delay = 0.001s, MTU = 1200
 summary  14.0  Transmit rate =  5864kbps, PLR =  0.00%( 0.00%), CE =  0.82%( 0.92%)[ 0.0%,  0.0%, 99.1%,  0.9%], RTT = 0.023s, Queue delay = 0.001s, MTU = 1200
 summary  16.0  Transmit rate =  5905kbps, PLR =  0.00%( 0.00%), CE =  1.09%( 0.93%)[ 0.0%,  0.0%, 99.1%,  0.9%], RTT = 0.023s, Queue delay = 0.001s, MTU = 1200
 summary  18.0  Transmit rate =  5840kbps, PLR =  0.00%( 0.00%), CE =  1.28%( 0.93%)[ 0.0%,  0.0%, 99.1%,  0.9%], RTT = 0.023s, Queue delay = 0.001s, MTU = 1200
 summary  20.0  Transmit rate =  6023kbps, PLR =  0.00%( 0.00%), CE =  0.95%( 0.90%)[ 0.0%,  0.0%, 99.1%,  0.9%], RTT = 0.023s, Queue delay = 0.001s, MTU = 1200
 summary  22.0  Transmit rate =  6130kbps, PLR =  0.00%( 0.00%), CE =  1.01%( 0.92%)[ 0.0%,  0.0%, 99.1%,  0.9%], RTT = 0.023s, Queue delay = 0.001s, MTU = 1200
 summary  24.0  Transmit rate =  6302kbps, PLR =  0.00%( 0.00%), CE =  1.00%( 0.92%)[ 0.0%,  0.0%, 99.1%,  0.9%], RTT = 0.023s, Queue delay = 0.001s, MTU = 1200
 summary  26.0  Transmit rate =  6045kbps, PLR =  0.00%( 0.00%), CE =  1.90%( 1.12%)[ 0.0%,  0.0%, 98.9%,  1.1%], RTT = 0.023s, Queue delay = 0.001s, MTU = 1200
 summary  28.0  Transmit rate =  5792kbps, PLR =  0.00%( 0.00%), CE =  2.67%( 1.14%)[ 0.0%,  0.0%, 98.9%,  1.1%], RTT = 0.023s, Queue delay = 0.001s, MTU = 1200

======================== Summary ==========================
 Bitrate min/max/avg [kbps]          :     0/ 9135/ 5841
 RTT     min/max/avg [s]             : 0.022/0.049/0.023
 Queue delay max/avg [s]             : 0.003/0.001
 Packet loss avg [%]                 : 0.000
 ECN/L4S NotECT/ECT(0)/ECT(1)/CE [%] :  0.0/ 0.0/98.9/ 1.1
===========================================================
