Listen on port 5331 to receive RTCP from decoder 
Scream sender started! 
 summary   2.0  Transmit rate =  3727kbps, PLR =  0.00%( 0.00%), CE =  0.28%( 0.91%)[ 0.0%,  0.0%, 99.1%,  0.9%], RTT = 0.036s, Queue delay = 0.001s, MTU = 1200
 summary   4.0  Transmit rate =  4979kbps, PLR =  0.00%( 0.00%), CE =  0.52%( 0.72%)[ 0.0%,  0.0%, 99.3%,  0.7%], RTT = 0.028s, Queue delay = 0.001s, MTU = 1200
 summary   6.0  Transmit rate =  5550kbps, PLR =  0.00%( 0.00%), CE =  0.81%( 0.64%)[ 0.0%,  0.0%, 99.4%,  0.6%], RTT = 0.025s, Queue delay = 0.001s, MTU = 1200
 summary   8.0  Transmit rate =  5900kbps, PLR =  0.00%( 0.00%), CE =  0.75%( 0.70%)[ 0.0%,  0.0%, 99.3%,  0.7%], RTT = 0.024s, Queue delay = 0.001s, MTU = 1200
 summary  10.0  Transmit rate =  5961kbps, PLR =  0.00%( 0.00%), CE =  0.76%( 0.68%)[ 0.0%,  0.0%, 99.3%,  0.7%], RTT = 0.023s, Queue delay = 0.001s, MTU = 1200
 summary  12.0  Transmit rate =  6023kbps, PLR =  0.00%( 0.00%), CE =  0.74%( 0.64%)[ 0.0%,  0.0%, 99.4%,  0.6%], RTT = 0.023s, Queue delay = 0.001s, MTU = 1200
 summary  14.0  Transmit rate =  6083kbps, PLR =  0.00%( 0.00%), CE =  0.55%( 0.63%)[ 0.0%,  0.0%, 99.4%,  0.6%], RTT = 0.023s, Queue delay = 0.001s, MTU = 1200
 summary  16.0  Transmit rate =  6100kbps, PLR =  0.00%( 0.00%), CE =  0.65%( 0.63%)[ 0.0%,  0.0%, 99.4%,  0.6%], RTT = 0.023s, Queue delay = 0.001s, MTU = 1200
 summary  18.0  Transmit rate =  6097kbps, PLR =  0.00%( 0.00%), CE =  0.74%( 0.63%)[ 0.0%,  0.0%, 99.4%,  0.6%], RTT = 0.023s, Queue delay = 0.001s, MTU = 1200
 summary  20.0  Transmit rate =  6071kbps, PLR =  0.00%( 0.00%), CE =  0.65%( 0.61%)[ 0.0%,  0.0%, 99.4%,  0.6%], RTT = 0.023s, Queue delay = 0.001s, MTU = 1200
 summary  22.0  Transmit rate =  5994kbps, PLR =  0.00%( 0.00%), CE =  0.62%( 0.60%)[ 0.0%,  0.0%, 99.4%,  0.6%], RTT = 0.023s, Queue delay = 0.001s, MTU = 1200
 summary  24.0  Transmit rate =  5940kbps, PLR =  0.00%( 0.00%), CE =  0.49%( 0.59%)[ 0.0%,  0.0%, 99.4%,  0.6%], RTT = 0.023s, Queue delay = 0.001s, MTU = 1200
 summary  26.0  Transmit rate =  5988kbps, PLR =  0.00%( 0.00%), CE =  0.68%( 0.60%)[ 0.0%,  0.0%, 99.4%,  0.6%], RTT = 0.023s, Queue delay = 0.001s, MTU = 1200
 summary  28.0  Transmit rate =  6028kbps, PLR =  0.00%( 0.00%), CE =  0.75%( 0.60%)[ 0.0%,  0.0%, 99.4%,  0.6%], RTT = 0.023s, Queue delay = 0.001s, MTU = 1200

======================== Summary ==========================
 Bitrate min/max/avg [kbps]          :     0/ 8129/ 5869
 RTT     min/max/avg [s]             : 0.022/0.049/0.023
 Queue delay max/avg [s]             : 0.003/0.001
 Packet loss avg [%]                 : 0.000
 ECN/L4S NotECT/ECT(0)/ECT(1)/CE [%] :  0.0/ 0.0/99.4/ 0.6
===========================================================
