Listen on port 5325 to receive RTCP from decoder 
Scream sender started! 
 summary   2.0  Transmit rate =  3571kbps, PLR =  0.00%( 0.00%), CE =  0.51%( 1.62%)[ 0.0%,  0.0%, 98.3%,  1.7%], RTT = 0.036s, Queue delay = 0.001s, MTU = 1200
 summary   4.0  Transmit rate =  4778kbps, PLR =  0.00%( 0.00%), CE =  0.86%( 1.16%)[ 0.0%,  0.0%, 98.8%,  1.2%], RTT = 0.028s, Queue delay = 0.001s, MTU = 1200
 summary   6.0  Transmit rate =  5260kbps, PLR =  0.00%( 0.00%), CE =  1.10%( 0.96%)[ 0.0%,  0.0%, 99.0%,  1.0%], RTT = 0.025s, Queue delay = 0.001s, MTU = 1200
 summary   8.0  Transmit rate =  5945kbps, PLR =  0.00%( 0.00%), CE =  0.70%( 1.06%)[ 0.0%,  0.0%, 98.9%,  1.1%], RTT = 0.024s, Queue delay = 0.001s, MTU = 1200
 summary  10.0  Transmit rate =  5856kbps, PLR =  0.00%( 0.00%), CE =  1.16%( 1.02%)[ 0.0%,  0.0%, 99.0%,  1.0%], RTT = 0.023s, Queue delay = 0.001s, MTU = 1200
 summary  12.0  Transmit rate =  6166kbps, PLR =  0.00%( 0.00%), CE =  1.45%( 1.08%)[ 0.0%,  0.0%, 98.9%,  1.1%], RTT = 0.023s, Queue delay = 0.001s, MTU = 1200
 summary  14.0  Transmit rate =  6357kbps, PLR =  0.00%( 0.00%), CE =  1.23%( 1.05%)[ 0.0%,  0.0%, 99.0%,  1.0%], RTT = 0.023s, Queue delay = 0.001s, MTU = 1200
 summary  16.0  Transmit rate =  6212kbps, PLR =  0.00%( 0.00%), CE =  0.96%( 1.02%)[ 0.0%,  0.0%, 99.0%,  1.0%], RTT = 0.023s, Queue delay = 0.001s, MTU = 1200
 summary  18.0  Transmit rate =  6256kbps, PLR =  0.00%( 0.00%), CE =  1.25%( 1.05%)[ 0.0%,  0.0%, 99.0%,  1.0%], RTT = 0.023s, Queue delay = 0.001s, MTU = 1200
 summary  20.0  Transmit rate =  6297kbps, PLR =  0.00%( 0.00%), CE =  1.41%( 1.07%)[ 0.0%,  0.0%, 99.0%,  1.0%], RTT = 0.023s, Queue delay = 0.001s, MTU = 1200
 summary  22.0  Transmit rate =  6199kbps, PLR =  0.00%( 0.00%), CE =  1.43%( 1.05%)[ 0.0%,  0.0%, 99.0%,  1.0%], RTT = 0.023s, Queue delay = 0.001s, MTU = 1200
 summary  24.0  Transmit rate =  6195kbps, PLR =  0.00%( 0.00%), CE =  0.97%( 1.01%)[ 0.0%,  0.0%, 99.0%,  1.0%], RTT = 0.023s, Queue delay = 0.001s, MTU = 1200
 summary  26.0  Transmit rate =  6167kbps, PLR =  0.00%( 0.00%), CE =  0.56%( 0.98%)[ 0.0%,  0.0%, 99.0%,  1.0%], RTT = 0.023s, Queue delay = 0.001s, MTU = 1200
 summary  28.0  Transmit rate =  6176kbps, PLR =  0.00%( 0.00%), CE =  0.67%( 0.95%)[ 0.0%,  0.0%, 99.1%,  0.9%], RTT = 0.023s, Queue delay = 0.001s, MTU = 1200

======================== Summary ==========================
 Bitrate min/max/avg [kbps]          :     0/ 8855/ 6003
 RTT     min/max/avg [s]             : 0.022/0.049/0.023
 Queue delay max/avg [s]             : 0.004/0.001
 Packet loss avg [%]                 : 0.000
 ECN/L4S NotECT/ECT(0)/ECT(1)/CE [%] :  0.0/ 0.0/99.1/ 0.9
===========================================================
