Listen on port 5339 to receive RTCP from decoder 
Scream sender started! 
 summary   2.0  Transmit rate =  3764kbps, PLR =  0.00%( 0.00%), CE =  0.24%( 0.53%)[ 0.0%,  0.0%, 99.2%,  0.8%], RTT = 0.036s, Queue delay = 0.001s, MTU = 1200
 summary   4.0  Transmit rate =  4748kbps, PLR =  0.00%( 0.00%), CE =  0.49%( 0.53%)[ 0.0%,  0.0%, 99.4%,  0.6%], RTT = 0.028s, Queue delay = 0.001s, MTU = 1200
 summary   6.0  Transmit rate =  5383kbps, PLR =  0.00%( 0.00%), CE =  0.75%( 0.55%)[ 0.0%,  0.0%, 99.4%,  0.6%], RTT = 0.025s, Queue delay = 0.001s, MTU = 1200
 summary   8.0  Transmit rate =  5573kbps, PLR =  0.00%( 0.00%), CE =  0.62%( 0.67%)[ 0.0%,  0.0%, 99.3%,  0.7%], RTT = 0.024s, Queue delay = 0.001s, MTU = 1200
 summary  10.0  Transmit rate =  5721kbps, PLR =  0.00%( 0.00%), CE =  1.75%( 1.01%)[ 0.0%,  0.0%, 99.0%,  1.0%], RTT = 0.023s, Queue delay = 0.001s, MTU = 1200
 summary  12.0  Transmit rate =  5914kbps, PLR =  0.00%( 0.00%), CE =  1.90%( 0.97%)[ 0.0%,  0.0%, 99.0%,  1.0%], RTT = 0.023s, Queue delay = 0.001s, MTU = 1200
 summary  14.0  Transmit rate =  6032kbps, PLR =  0.00%( 0.00%), CE =  1.46%( 1.00%)[ 0.0%,  0.0%, 99.0%,  1.0%], RTT = 0.023s, Queue delay = 0.001s, MTU = 1200
 summary  16.0  Transmit rate =  6116kbps, PLR =  0.00%( 0.00%), CE =  0.88%( 0.95%)[ 0.0%,  0.0%, 99.1%,  0.9%], RTT = 0.023s, Queue delay = 0.001s, MTU = 1200
 summary  18.0  Transmit rate =  5933kbps, PLR =  0.00%( 0.00%), CE =  1.06%( 0.94%)[ 0.0%,  0.0%, 99.1%,  0.9%], RTT = 0.023s, Queue delay = 0.001s, MTU = 1200
 summary  20.0  Transmit rate =  6037kbps, PLR =  0.00%( 0.00%), CE =  0.79%( 0.90%)[ 0.0%,  0.0%, 99.1%,  0.9%], RTT = 0.023s, Queue delay = 0.001s, MTU = 1200
 summary  22.0  Transmit rate =  6149kbps, PLR =  0.00%( 0.00%), CE =  0.74%( 0.87%)[ 0.0%,  0.0%, 99.2%,  0.8%], RTT = 0.023s, Queue delay = 0.001s, MTU = 1200
 summary  24.0  Transmit rate =  6114kbps, PLR =  0.00%( 0.00%), CE =  0.67%( 0.84%)[ 0.0%,  0.0%, 99.2%,  0.8%], RTT = 0.023s, Queue delay = 0.001s, MTU = 1200
 summary  26.0  Transmit rate =  6012kbps, PLR =  0.00%( 0.00%), CE =  0.60%( 0.82%)[ 0.0%,  0.0%, 99.2%,  0.8%], RTT = 0.023s, Queue delay = 0.001s, MTU = 1200
 summary  28.0  Transmit rate =  6053kbps, PLR =  0.00%( 0.00%), CE =  0.63%( 0.82%)[ 0.0%,  0.0%, 99.2%,  0.8%], RTT = 0.023s, Queue delay = 0.001s, MTU = 1200

======================== Summary ==========================
 Bitrate min/max/avg [kbps]          :     0/ 8887/ 5841
 RTT     min/max/avg [s]             : 0.022/0.049/0.023
 Queue delay max/avg [s]             : 0.003/0.001
 Packet loss avg [%]                 : 0.000
 ECN/L4S NotECT/ECT(0)/ECT(1)/CE [%] :  0.0/ 0.0/99.2/ 0.8
===========================================================
