Listen on port 5307 to receive RTCP from decoder 
Scream sender started! 
 summary   2.0  Transmit rate =  3706kbps, PLR =  0.00%( 0.00%), CE =  0.45%( 1.64%)[ 0.0%,  0.0%, 98.3%,  1.7%], RTT = 0.036s, Queue delay = 0.001s, MTU = 1200
 summary   4.0  Transmit rate =  5087kbps, PLR =  0.00%( 0.00%), CE =  1.36%( 1.82%)[ 0.0%,  0.0%, 98.2%,  1.8%], RTT = 0.028s, Queue delay = 0.001s, MTU = 1200
 summary   6.0  Transmit rate =  5507kbps, PLR =  0.00%( 0.00%), CE =  1.82%( 1.38%)[ 0.0%,  0.0%, 98.6%,  1.4%], RTT = 0.025s, Queue delay = 0.001s, MTU = 1200
 summary   8.0  Transmit rate =  6074kbps, PLR =  0.00%( 0.00%), CE =  1.51%( 1.30%)[ 0.0%,  0.0%, 98.7%,  1.3%], RTT = 0.024s, Queue delay = 0.001s, MTU = 1200
 summary  10.0  Transmit rate =  5778kbps, PLR =  0.00%( 0.00%), CE =  1.06%( 1.21%)[ 0.0%,  0.0%, 98.8%,  1.2%], RTT = 0.023s, Queue delay = 0.001s, MTU = 1200
 summary  12.0  Transmit rate =  5785kbps, PLR =  0.00%( 0.00%), CE =  1.26%( 1.15%)[ 0.0%,  0.0%, 98.9%,  1.1%], RTT = 0.023s, Queue delay = 0.001s, MTU = 1200
 summary  14.0  Transmit rate =  5958kbps, PLR =  0.00%( 0.00%), CE =  0.97%( 1.05%)[ 0.0%,  0.0%, 99.0%,  1.0%], RTT = 0.023s, Queue delay = 0.001s, MTU = 1200
 summary  16.0  Transmit rate =  6113kbps, PLR =  0.00%( 0.00%), CE =  0.93%( 1.01%)[ 0.0%,  0.0%, 99.0%,  1.0%], RTT = 0.023s, Queue delay = 0.001s, MTU = 1200
 summary  18.0  Transmit rate =  6190kbps, PLR =  0.00%( 0.00%), CE =  0.74%( 0.95%)[ 0.0%,  0.0%, 99.1%,  0.9%], RTT = 0.023s, Queue delay = 0.001s, MTU = 1200
 summary  20.0  Transmit rate =  6102kbps, PLR =  0.00%( 0.00%), CE =  0.85%( 0.92%)[ 0.0%,  0.0%, 99.1%,  0.9%], RTT = 0.023s, Queue delay = 0.001s, MTU = 1200
 summary  22.0  Transmit rate =  6191kbps, PLR =  0.00%( 0.00%), CE =  0.57%( 0.87%)[ 0.0%,  0.0%, 99.2%,  0.8%], RTT = 0.023s, Queue delay = 0.001s, MTU = 1200
 summary  24.0  Transmit rate =  5988kbps, PLR =  0.00%( 0.00%), CE =  0.79%( 0.88%)[ 0.0%,  0.0%, 99.1%,  0.9%], RTT = 0.023s, Queue delay = 0.001s, MTU = 1200
 summary  26.0  Transmit rate =  5996kbps, PLR =  0.00%( 0.00%), CE =  0.91%( 0.86%)[ 0.0%,  0.0%, 99.2%,  0.8%], RTT = 0.023s, Queue delay = 0.001s, MTU = 1200
 summary  28.0  Transmit rate =  6064kbps, PLR =  0.00%( 0.00%), CE =  0.63%( 0.84%)[ 0.0%,  0.0%, 99.2%,  0.8%], RTT = 0.023s, Queue delay = 0.001s, MTU = 1200

======================== Summary ==========================
 Bitrate min/max/avg [kbps]          :     0/ 9008/ 5924
 RTT     min/max/avg [s]             : 0.022/0.049/0.023
 Queue delay max/avg [s]             : 0.003/0.001
 Packet loss avg [%]                 : 0.000
 ECN/L4S NotECT/ECT(0)/ECT(1)/CE [%] :  0.0/ 0.0/99.2/ 0.8
===========================================================
