Listen on port 5333 to receive RTCP from decoder 
Scream sender started! 
 summary   2.0  Transmit rate =  3517kbps, PLR =  0.00%( 0.00%), CE =  0.19%( 0.59%)[ 0.0%,  0.0%, 99.3%,  0.7%], RTT = 0.036s, Queue delay = 0.001s, MTU = 1200
 summary   4.0  Transmit rate =  5103kbps, PLR =  0.00%( 0.00%), CE =  0.98%( 1.06%)[ 0.0%,  0.0%, 98.9%,  1.1%], RTT = 0.028s, Queue delay = 0.001s, MTU = 1200
 summary   6.0  Transmit rate =  5527kbps, PLR =  0.00%( 0.00%), CE =  1.23%( 0.87%)[ 0.0%,  0.0%, 99.1%,  0.9%], RTT = 0.025s, Queue delay = 0.001s, MTU = 1200
 summary   8.0  Transmit rate =  5782kbps, PLR =  0.00%( 0.00%), CE =  1.05%( 0.83%)[ 0.0%,  0.0%, 99.2%,  0.8%], RTT = 0.024s, Queue delay = 0.001s, MTU = 1200
 summary  10.0  Transmit rate =  5946kbps, PLR =  0.00%( 0.00%), CE =  0.72%( 0.81%)[ 0.0%,  0.0%, 99.2%,  0.8%], RTT = 0.023s, Queue delay = 0.001s, MTU = 1200
 summary  12.0  Transmit rate =  6032kbps, PLR =  0.00%( 0.00%), CE =  0.74%( 0.72%)[ 0.0%,  0.0%, 99.3%,  0.7%], RTT = 0.023s, Queue delay = 0.001s, MTU = 1200
 summary  14.0  Transmit rate =  5939kbps, PLR =  0.00%( 0.00%), CE =  1.13%( 0.79%)[ 0.0%,  0.0%, 99.2%,  0.8%], RTT = 0.023s, Queue delay = 0.001s, MTU = 1200
 summary  16.0  Transmit rate =  6074kbps, PLR =  0.00%( 0.00%), CE =  1.23%( 0.85%)[ 0.0%,  0.0%, 99.2%,  0.8%], RTT = 0.023s, Queue delay = 0.001s, MTU = 1200
 summary  18.0  Transmit rate =  6109kbps, PLR =  0.00%( 0.00%), CE =  1.37%( 0.89%)[ 0.0%,  0.0%, 99.1%,  0.9%], RTT = 0.023s, Queue delay = 0.001s, MTU = 1200
 summary  20.0  Transmit rate =  6090kbps, PLR =  0.00%( 0.00%), CE =  1.01%( 0.86%)[ 0.0%,  0.0%, 99.2%,  0.8%], RTT = 0.023s, Queue delay = 0.001s, MTU = 1200
 summary  22.0  Transmit rate =  6198kbps, PLR =  0.00%( 0.00%), CE =  0.73%( 0.82%)[ 0.0%,  0.0%, 99.2%,  0.8%], RTT = 0.023s, Queue delay = 0.001s, MTU = 1200
 summary  24.0  Transmit rate =  6179kbps, PLR =  0.00%( 0.00%), CE =  0.59%( 0.79%)[ 0.0%,  0.0%, 99.2%,  0.8%], RTT = 0.023s, Queue delay = 0.001s, MTU = 1200
 summary  26.0  Transmit rate =  6042kbps, PLR =  0.00%( 0.00%), CE =  0.63%( 0.78%)[ 0.0%,  0.0%, 99.2%,  0.8%], RTT = 0.023s, Queue delay = 0.001s, MTU = 1200
 summary  28.0  Transmit rate =  6043kbps, PLR =  0.00%( 0.00%), CE =  0.58%( 0.76%)[ 0.0%,  0.0%, 99.3%,  0.7%], RTT = 0.023s, Queue delay = 0.001s, MTU = 1200

======================== Summary ==========================
 Bitrate min/max/avg [kbps]          :  2743/ 8392/ 5994
 RTT     min/max/avg [s]             : 0.022/0.049/0.023
 Queue delay max/avg [s]             : 0.004/0.001
 Packet loss avg [%]                 : 0.000
 ECN/L4S NotECT/ECT(0)/ECT(1)/CE [%] :  0.0/ 0.0/99.3/ 0.7
===========================================================
