Listen on port 5329 to receive RTCP from decoder 
Scream sender started! 
 summary   2.0  Transmit rate =  3911kbps, PLR =  0.00%( 0.00%), CE =  0.21%( 0.86%)[ 0.0%,  0.0%, 99.0%,  1.0%], RTT = 0.036s, Queue delay = 0.001s, MTU = 1200
 summary   4.0  Transmit rate =  5034kbps, PLR =  0.00%( 0.00%), CE =  0.66%( 0.76%)[ 0.0%,  0.0%, 99.2%,  0.8%], RTT = 0.028s, Queue delay = 0.001s, MTU = 1200
 summary   6.0  Transmit rate =  5656kbps, PLR =  0.00%( 0.00%), CE =  0.98%( 0.75%)[ 0.0%,  0.0%, 99.2%,  0.8%], RTT = 0.025s, Queue delay = 0.001s, MTU = 1200
 summary   8.0  Transmit rate =  5517kbps, PLR =  0.00%( 0.00%), CE =  0.72%( 0.72%)[ 0.0%,  0.0%, 99.3%,  0.7%], RTT = 0.024s, Queue delay = 0.001s, MTU = 1200
 summary  10.0  Transmit rate =  5668kbps, PLR =  0.00%( 0.00%), CE =  0.93%( 0.78%)[ 0.0%,  0.0%, 99.2%,  0.8%], RTT = 0.023s, Queue delay = 0.001s, MTU = 1200
 summary  12.0  Transmit rate =  5736kbps, PLR =  0.00%( 0.00%), CE =  1.07%( 0.81%)[ 0.0%,  0.0%, 99.2%,  0.8%], RTT = 0.023s, Queue delay = 0.001s, MTU = 1200
 summary  14.0  Transmit rate =  6009kbps, PLR =  0.00%( 0.00%), CE =  0.99%( 0.75%)[ 0.0%,  0.0%, 99.3%,  0.7%], RTT = 0.023s, Queue delay = 0.001s, MTU = 1200
 summary  16.0  Transmit rate =  5866kbps, PLR =  0.00%( 0.00%), CE =  0.83%( 0.77%)[ 0.0%,  0.0%, 99.2%,  0.8%], RTT = 0.023s, Queue delay = 0.001s, MTU = 1200
 summary  18.0  Transmit rate =  5763kbps, PLR =  0.00%( 0.00%), CE =  0.72%( 0.74%)[ 0.0%,  0.0%, 99.3%,  0.7%], RTT = 0.023s, Queue delay = 0.001s, MTU = 1200
 summary  20.0  Transmit rate =  5730kbps, PLR =  0.00%( 0.00%), CE =  1.29%( 0.79%)[ 0.0%,  0.0%, 99.2%,  0.8%], RTT = 0.023s, Queue delay = 0.001s, MTU = 1200
 summary  22.0  Transmit rate =  5890kbps, PLR =  0.00%( 0.00%), CE =  1.39%( 0.79%)[ 0.0%,  0.0%, 99.2%,  0.8%], RTT = 0.023s, Queue delay = 0.001s, MTU = 1200
 summary  24.0  Transmit rate =  5925kbps, PLR =  0.00%( 0.00%), CE =  0.88%( 0.75%)[ 0.0%,  0.0%, 99.3%,  0.7%], RTT = 0.023s, Queue delay = 0.001s, MTU = 1200
 summary  26.0  Transmit rate =  5708kbps, PLR =  0.00%( 0.00%), CE =  1.02%( 0.74%)[ 0.0%,  0.0%, 99.3%,  0.7%], RTT = 0.023s, Queue delay = 0.001s, MTU = 1200
 summary  28.0  Transmit rate =  5816kbps, PLR =  0.00%( 0.00%), CE =  0.97%( 0.77%)[ 0.0%,  0.0%, 99.3%,  0.7%], RTT = 0.023s, Queue delay = 0.001s, MTU = 1200

======================== Summary ==========================
 Bitrate min/max/avg [kbps]          :  2818/ 8780/ 5840
 RTT     min/max/avg [s]             : 0.022/0.049/0.023
 Queue delay max/avg [s]             : 0.003/0.001
 Packet loss avg [%]                 : 0.000
 ECN/L4S NotECT/ECT(0)/ECT(1)/CE [%] :  0.0/ 0.0/99.3/ 0.7
===========================================================
