socket set to IP_RECVTOS
socket SO_RCVBUF set to 20971520
Listen on port 8080 to receive RTP from sender 
.
.
Packet(s) lost or reordered :   967 was received, previous rcvd is   965 
Packet(s) lost or reordered :  6148 was received, previous rcvd is  6146 
Packet(s) lost or reordered :  6183 was received, previous rcvd is  6181 
Packet(s) lost or reordered :  9371 was received, previous rcvd is  9369 
Packet(s) lost or reordered : 11593 was received, previous rcvd is 11591 
Packet(s) lost or reordered : 11961 was received, previous rcvd is 11959 
Packet(s) lost or reordered : 13564 was received, previous rcvd is 13562 
Packet(s) lost or reordered : 17557 was received, previous rcvd is 17555 
Packet(s) lost or reordered : 19653 was received, previous rcvd is 19651 
Packet(s) lost or reordered : 25272 was received, previous rcvd is 25270 
Packet(s) lost or reordered : 25428 was received, previous rcvd is 25426 
Packet(s) lost or reordered : 27155 was received, previous rcvd is 27153 
Packet(s) lost or reordered : 31866 was received, previous rcvd is 31864 
Packet(s) lost or reordered : 32442 was received, previous rcvd is 32440 
Packet(s) lost or reordered : 38194 was received, previous rcvd is 38192 
Packet(s) lost or reordered : 38212 was received, previous rcvd is 38210 
Packet(s) lost or reordered : 38225 was received, previous rcvd is 38223 
