socket set to IP_RECVTOS
socket SO_RCVBUF set to 20971520
Listen on port 8080 to receive RTP from sender 
.
.
Packet(s) lost or reordered :   957 was received, previous rcvd is   955 
Packet(s) lost or reordered :  6155 was received, previous rcvd is  6153 
Packet(s) lost or reordered :  9228 was received, previous rcvd is  9226 
Packet(s) lost or reordered : 14798 was received, previous rcvd is 14796 
Packet(s) lost or reordered : 14818 was received, previous rcvd is 14816 
Packet(s) lost or reordered : 16774 was received, previous rcvd is 16772 
Packet(s) lost or reordered : 21572 was received, previous rcvd is 21570 
Packet(s) lost or reordered : 22600 was received, previous rcvd is 22598 
Packet(s) lost or reordered : 24801 was received, previous rcvd is 24799 
Packet(s) lost or reordered : 28461 was received, previous rcvd is 28459 
Packet(s) lost or reordered : 29867 was received, previous rcvd is 29865 
Packet(s) lost or reordered : 32404 was received, previous rcvd is 32402 
Packet(s) lost or reordered : 33896 was received, previous rcvd is 33894 
Packet(s) lost or reordered : 40819 was received, previous rcvd is 40817 
Packet(s) lost or reordered : 41370 was received, previous rcvd is 41368 
Packet(s) lost or reordered : 41377 was received, previous rcvd is 41375 
