socket set to IP_RECVTOS
socket SO_RCVBUF set to 20971520
Listen on port 8080 to receive RTP from sender 
.
.
Packet(s) lost or reordered :   927 was received, previous rcvd is   925 
Packet(s) lost or reordered :  4714 was received, previous rcvd is  4712 
Packet(s) lost or reordered :  5152 was received, previous rcvd is  5150 
Packet(s) lost or reordered :  5236 was received, previous rcvd is  5234 
Packet(s) lost or reordered :  9158 was received, previous rcvd is  9156 
Packet(s) lost or reordered : 15338 was received, previous rcvd is 15336 
Packet(s) lost or reordered : 15576 was received, previous rcvd is 15574 
Packet(s) lost or reordered : 22118 was received, previous rcvd is 22116 
Packet(s) lost or reordered : 22617 was received, previous rcvd is 22615 
Packet(s) lost or reordered : 24577 was received, previous rcvd is 24575 
Packet(s) lost or reordered : 27072 was received, previous rcvd is 27070 
Packet(s) lost or reordered : 32390 was received, previous rcvd is 32388 
Packet(s) lost or reordered : 32907 was received, previous rcvd is 32905 
Packet(s) lost or reordered : 38368 was received, previous rcvd is 38366 
Packet(s) lost or reordered : 40178 was received, previous rcvd is 40176 
