socket set to IP_RECVTOS
socket SO_RCVBUF set to 20971520
Listen on port 8080 to receive RTP from sender 
.
.
Packet(s) lost or reordered :   997 was received, previous rcvd is   995 
Packet(s) lost or reordered :  1063 was received, previous rcvd is  1061 
Packet(s) lost or reordered :  3362 was received, previous rcvd is  3360 
Packet(s) lost or reordered :  4863 was received, previous rcvd is  4861 
Packet(s) lost or reordered :  7316 was received, previous rcvd is  7314 
Packet(s) lost or reordered : 10264 was received, previous rcvd is 10262 
Packet(s) lost or reordered : 15460 was received, previous rcvd is 15458 
Packet(s) lost or reordered : 17358 was received, previous rcvd is 17356 
Packet(s) lost or reordered : 22433 was received, previous rcvd is 22431 
Packet(s) lost or reordered : 25655 was received, previous rcvd is 25653 
Packet(s) lost or reordered : 32118 was received, previous rcvd is 32116 
Packet(s) lost or reordered : 32485 was received, previous rcvd is 32483 
Packet(s) lost or reordered : 38452 was received, previous rcvd is 38450 
Packet(s) lost or reordered : 38846 was received, previous rcvd is 38844 
Packet(s) lost or reordered : 38934 was received, previous rcvd is 38932 
