socket set to IP_RECVTOS
socket SO_RCVBUF set to 20971520
Listen on port 8080 to receive RTP from sender 
.
.
Packet(s) lost or reordered :  1471 was received, previous rcvd is  1469 
Packet(s) lost or reordered :  2016 was received, previous rcvd is  2014 
Packet(s) lost or reordered :  4367 was received, previous rcvd is  4365 
Packet(s) lost or reordered :  6470 was received, previous rcvd is  6468 
Packet(s) lost or reordered :  9102 was received, previous rcvd is  9100 
Packet(s) lost or reordered : 14987 was received, previous rcvd is 14985 
Packet(s) lost or reordered : 15064 was received, previous rcvd is 15062 
Packet(s) lost or reordered : 19474 was received, previous rcvd is 19472 
Packet(s) lost or reordered : 22186 was received, previous rcvd is 22184 
Packet(s) lost or reordered : 25792 was received, previous rcvd is 25790 
Packet(s) lost or reordered : 26607 was received, previous rcvd is 26605 
Packet(s) lost or reordered : 27034 was received, previous rcvd is 27032 
Packet(s) lost or reordered : 31029 was received, previous rcvd is 31027 
Packet(s) lost or reordered : 37848 was received, previous rcvd is 37846 
Packet(s) lost or reordered : 38381 was received, previous rcvd is 38379 
