Listen on port 8080 to receive RTCP from decoder 
Scream sender started! 
 summary   2.0  Transmit rate =  6448kbps, PLR =  0.02%( 0.05%), CE =  0.00%( 0.00%)[100.0%,  0.0%,  0.0%,  0.0%], RTT = 0.038s, Queue delay = 0.004s, MTU = 1200
 summary   4.0  Transmit rate =  9314kbps, PLR =  0.02%( 0.02%), CE =  0.00%( 0.00%)[100.0%,  0.0%,  0.0%,  0.0%], RTT = 0.034s, Queue delay = 0.008s, MTU = 1200
 summary   6.0  Transmit rate =  9955kbps, PLR =  0.06%( 0.05%), CE =  0.00%( 0.00%)[100.0%,  0.0%,  0.0%,  0.0%], RTT = 0.030s, Queue delay = 0.007s, MTU = 1200
 summary   8.0  Transmit rate = 10796kbps, PLR =  0.04%( 0.03%), CE =  0.00%( 0.00%)[100.0%,  0.0%,  0.0%,  0.0%], RTT = 0.029s, Queue delay = 0.008s, MTU = 1200
 summary  10.0  Transmit rate = 11216kbps, PLR =  0.02%( 0.03%), CE =  0.00%( 0.00%)[100.0%,  0.0%,  0.0%,  0.0%], RTT = 0.030s, Queue delay = 0.010s, MTU = 1200
 summary  12.0  Transmit rate = 11156kbps, PLR =  0.02%( 0.03%), CE =  0.00%( 0.00%)[100.0%,  0.0%,  0.0%,  0.0%], RTT = 0.028s, Queue delay = 0.008s, MTU = 1200
 summary  14.0  Transmit rate = 11250kbps, PLR =  0.02%( 0.03%), CE =  0.00%( 0.00%)[100.0%,  0.0%,  0.0%,  0.0%], RTT = 0.029s, Queue delay = 0.009s, MTU = 1200
 summary  16.0  Transmit rate = 11306kbps, PLR =  0.02%( 0.03%), CE =  0.00%( 0.00%)[100.0%,  0.0%,  0.0%,  0.0%], RTT = 0.028s, Queue delay = 0.008s, MTU = 1200
 summary  18.0  Transmit rate = 11491kbps, PLR =  0.02%( 0.02%), CE =  0.00%( 0.00%)[100.0%,  0.0%,  0.0%,  0.0%], RTT = 0.029s, Queue delay = 0.009s, MTU = 1200
 summary  20.0  Transmit rate = 11317kbps, PLR =  0.02%( 0.03%), CE =  0.00%( 0.00%)[100.0%,  0.0%,  0.0%,  0.0%], RTT = 0.028s, Queue delay = 0.008s, MTU = 1200
 summary  22.0  Transmit rate = 11232kbps, PLR =  0.05%( 0.03%), CE =  0.00%( 0.00%)[100.0%,  0.0%,  0.0%,  0.0%], RTT = 0.027s, Queue delay = 0.008s, MTU = 1200
 summary  24.0  Transmit rate = 11380kbps, PLR =  0.03%( 0.03%), CE =  0.00%( 0.00%)[100.0%,  0.0%,  0.0%,  0.0%], RTT = 0.029s, Queue delay = 0.009s, MTU = 1200
 summary  26.0  Transmit rate = 11205kbps, PLR =  0.03%( 0.03%), CE =  0.00%( 0.00%)[100.0%,  0.0%,  0.0%,  0.0%], RTT = 0.028s, Queue delay = 0.008s, MTU = 1200
 summary  28.0  Transmit rate = 10682kbps, PLR =  0.08%( 0.03%), CE =  0.00%( 0.00%)[100.0%,  0.0%,  0.0%,  0.0%], RTT = 0.028s, Queue delay = 0.007s, MTU = 1200
 summary  30.1  Transmit rate = 11065kbps, PLR =  0.08%( 0.03%), CE =  0.00%( 0.00%)[100.0%,  0.0%,  0.0%,  0.0%], RTT = 0.027s, Queue delay = 0.007s, MTU = 1200
 summary  32.1  Transmit rate = 11130kbps, PLR =  0.05%( 0.03%), CE =  0.00%( 0.00%)[100.0%,  0.0%,  0.0%,  0.0%], RTT = 0.027s, Queue delay = 0.007s, MTU = 1200
 summary  34.1  Transmit rate = 11212kbps, PLR =  0.00%( 0.03%), CE =  0.00%( 0.00%)[100.0%,  0.0%,  0.0%,  0.0%], RTT = 0.028s, Queue delay = 0.008s, MTU = 1200

======================== Summary ==========================
 Bitrate min/max/avg [kbps]          :  4155/14588/11118
 RTT     min/max/avg [s]             : 0.022/0.049/0.028
 Queue delay max/avg [s]             : 0.024/0.008
 Packet loss avg [%]                 : 0.027
 ECN/L4S NotECT/ECT(0)/ECT(1)/CE [%] : 100.0/ 0.0/ 0.0/ 0.0
===========================================================
