socket set to IP_RECVTOS
socket SO_RCVBUF set to 20971520
Listen on port 8080 to receive RTP from sender 
.
.
Packet(s) lost or reordered :  1655 was received, previous rcvd is  1653 
Packet(s) lost or reordered :  2078 was received, previous rcvd is  2076 
Packet(s) lost or reordered :  4665 was received, previous rcvd is  4663 
Packet(s) lost or reordered :  8257 was received, previous rcvd is  8255 
Packet(s) lost or reordered :  8707 was received, previous rcvd is  8705 
Packet(s) lost or reordered : 11473 was received, previous rcvd is 11471 
Packet(s) lost or reordered : 11870 was received, previous rcvd is 11868 
Packet(s) lost or reordered : 17018 was received, previous rcvd is 17016 
Packet(s) lost or reordered : 20903 was received, previous rcvd is 20901 
Packet(s) lost or reordered : 20978 was received, previous rcvd is 20976 
Packet(s) lost or reordered : 23193 was received, previous rcvd is 23191 
Packet(s) lost or reordered : 28004 was received, previous rcvd is 28002 
Packet(s) lost or reordered : 33080 was received, previous rcvd is 33078 
Packet(s) lost or reordered : 35641 was received, previous rcvd is 35639 
Packet(s) lost or reordered : 38271 was received, previous rcvd is 38269 
Packet(s) lost or reordered : 38756 was received, previous rcvd is 38754 
