Listen on port 8080 to receive RTCP from decoder 
Scream sender started! 
 summary   2.0  Transmit rate =  6424kbps, PLR =  0.00%( 0.00%), CE =  0.02%( 0.05%)[ 0.0%, 99.9%,  0.0%,  0.1%], RTT = 0.037s, Queue delay = 0.003s, MTU = 1200
 summary   4.0  Transmit rate =  9280kbps, PLR =  0.00%( 0.00%), CE =  0.02%( 0.02%)[ 0.0%, 100.0%,  0.0%,  0.0%], RTT = 0.033s, Queue delay = 0.007s, MTU = 1200
 summary   6.0  Transmit rate = 10286kbps, PLR =  0.00%( 0.00%), CE =  0.05%( 0.05%)[ 0.0%, 100.0%,  0.0%,  0.0%], RTT = 0.032s, Queue delay = 0.010s, MTU = 1200
 summary   8.0  Transmit rate = 10709kbps, PLR =  0.00%( 0.00%), CE =  0.05%( 0.04%)[ 0.0%, 100.0%,  0.0%,  0.0%], RTT = 0.029s, Queue delay = 0.007s, MTU = 1200
 summary  10.0  Transmit rate = 10743kbps, PLR =  0.00%( 0.00%), CE =  0.08%( 0.05%)[ 0.0%, 99.9%,  0.0%,  0.1%], RTT = 0.027s, Queue delay = 0.006s, MTU = 1200
 summary  12.0  Transmit rate = 10883kbps, PLR =  0.00%( 0.00%), CE =  0.08%( 0.05%)[ 0.0%, 99.9%,  0.0%,  0.1%], RTT = 0.027s, Queue delay = 0.006s, MTU = 1200
 summary  14.0  Transmit rate = 11249kbps, PLR =  0.00%( 0.00%), CE =  0.06%( 0.04%)[ 0.0%, 100.0%,  0.0%,  0.0%], RTT = 0.026s, Queue delay = 0.006s, MTU = 1200
 summary  16.0  Transmit rate = 11269kbps, PLR =  0.00%( 0.00%), CE =  0.04%( 0.04%)[ 0.0%, 100.0%,  0.0%,  0.0%], RTT = 0.026s, Queue delay = 0.007s, MTU = 1200
 summary  18.0  Transmit rate = 11209kbps, PLR =  0.00%( 0.00%), CE =  0.02%( 0.04%)[ 0.0%, 100.0%,  0.0%,  0.0%], RTT = 0.028s, Queue delay = 0.008s, MTU = 1200
 summary  20.0  Transmit rate = 11392kbps, PLR =  0.00%( 0.00%), CE =  0.02%( 0.04%)[ 0.0%, 100.0%,  0.0%,  0.0%], RTT = 0.028s, Queue delay = 0.008s, MTU = 1200
 summary  22.0  Transmit rate = 11335kbps, PLR =  0.00%( 0.00%), CE =  0.04%( 0.04%)[ 0.0%, 100.0%,  0.0%,  0.0%], RTT = 0.027s, Queue delay = 0.008s, MTU = 1200
 summary  24.0  Transmit rate = 11264kbps, PLR =  0.00%( 0.00%), CE =  0.05%( 0.04%)[ 0.0%, 100.0%,  0.0%,  0.0%], RTT = 0.027s, Queue delay = 0.007s, MTU = 1200
 summary  26.0  Transmit rate = 11279kbps, PLR =  0.00%( 0.00%), CE =  0.03%( 0.04%)[ 0.0%, 100.0%,  0.0%,  0.0%], RTT = 0.028s, Queue delay = 0.008s, MTU = 1200
 summary  28.0  Transmit rate = 11184kbps, PLR =  0.00%( 0.00%), CE =  0.04%( 0.04%)[ 0.0%, 100.0%,  0.0%,  0.0%], RTT = 0.027s, Queue delay = 0.007s, MTU = 1200

======================== Summary ==========================
 Bitrate min/max/avg [kbps]          :  5771/14152/11106
 RTT     min/max/avg [s]             : 0.024/0.049/0.027
 Queue delay max/avg [s]             : 0.029/0.007
 Packet loss avg [%]                 : 0.000
 ECN/L4S NotECT/ECT(0)/ECT(1)/CE [%] :  0.0/100.0/ 0.0/ 0.0
===========================================================
