Listen on port 8080 to receive RTCP from decoder 
Scream sender started! 
 summary   2.0  Transmit rate =  6424kbps, PLR =  0.00%( 0.00%), CE =  0.04%( 0.10%)[ 0.0%, 99.9%,  0.0%,  0.1%], RTT = 0.037s, Queue delay = 0.003s, MTU = 1200
 summary   4.0  Transmit rate =  9270kbps, PLR =  0.00%( 0.00%), CE =  0.04%( 0.05%)[ 0.0%, 100.0%,  0.0%,  0.0%], RTT = 0.033s, Queue delay = 0.007s, MTU = 1200
 summary   6.0  Transmit rate =  9784kbps, PLR =  0.00%( 0.00%), CE =  0.08%( 0.06%)[ 0.0%, 99.9%,  0.0%,  0.1%], RTT = 0.031s, Queue delay = 0.008s, MTU = 1200
 summary   8.0  Transmit rate = 10680kbps, PLR =  0.00%( 0.00%), CE =  0.04%( 0.05%)[ 0.0%, 100.0%,  0.0%,  0.0%], RTT = 0.029s, Queue delay = 0.009s, MTU = 1200
 summary  10.0  Transmit rate = 10384kbps, PLR =  0.00%( 0.00%), CE =  0.10%( 0.05%)[ 0.0%, 99.9%,  0.0%,  0.1%], RTT = 0.028s, Queue delay = 0.007s, MTU = 1200
 summary  12.0  Transmit rate = 10807kbps, PLR =  0.00%( 0.00%), CE =  0.07%( 0.05%)[ 0.0%, 99.9%,  0.0%,  0.1%], RTT = 0.027s, Queue delay = 0.007s, MTU = 1200
 summary  14.0  Transmit rate = 11062kbps, PLR =  0.00%( 0.00%), CE =  0.09%( 0.05%)[ 0.0%, 99.9%,  0.0%,  0.1%], RTT = 0.027s, Queue delay = 0.007s, MTU = 1200
 summary  16.0  Transmit rate = 11114kbps, PLR =  0.00%( 0.00%), CE =  0.06%( 0.05%)[ 0.0%, 100.0%,  0.0%,  0.0%], RTT = 0.027s, Queue delay = 0.007s, MTU = 1200
 summary  18.0  Transmit rate = 11166kbps, PLR =  0.00%( 0.00%), CE =  0.06%( 0.05%)[ 0.0%, 100.0%,  0.0%,  0.0%], RTT = 0.026s, Queue delay = 0.007s, MTU = 1200
 summary  20.0  Transmit rate = 11365kbps, PLR =  0.00%( 0.00%), CE =  0.04%( 0.04%)[ 0.0%, 100.0%,  0.0%,  0.0%], RTT = 0.028s, Queue delay = 0.008s, MTU = 1200
 summary  22.0  Transmit rate = 11280kbps, PLR =  0.00%( 0.00%), CE =  0.00%( 0.04%)[ 0.0%, 100.0%,  0.0%,  0.0%], RTT = 0.030s, Queue delay = 0.010s, MTU = 1200
 summary  24.0  Transmit rate = 11363kbps, PLR =  0.00%( 0.00%), CE =  0.02%( 0.04%)[ 0.0%, 100.0%,  0.0%,  0.0%], RTT = 0.027s, Queue delay = 0.007s, MTU = 1200
 summary  26.0  Transmit rate = 11527kbps, PLR =  0.00%( 0.00%), CE =  0.02%( 0.04%)[ 0.0%, 100.0%,  0.0%,  0.0%], RTT = 0.028s, Queue delay = 0.009s, MTU = 1200
 summary  28.0  Transmit rate = 11128kbps, PLR =  0.00%( 0.00%), CE =  0.04%( 0.04%)[ 0.0%, 100.0%,  0.0%,  0.0%], RTT = 0.028s, Queue delay = 0.008s, MTU = 1200

======================== Summary ==========================
 Bitrate min/max/avg [kbps]          :  5035/14120/11024
 RTT     min/max/avg [s]             : 0.022/0.049/0.028
 Queue delay max/avg [s]             : 0.027/0.008
 Packet loss avg [%]                 : 0.000
 ECN/L4S NotECT/ECT(0)/ECT(1)/CE [%] :  0.0/100.0/ 0.0/ 0.0
===========================================================
