Listen on port 5312 to receive RTCP from decoder 
Scream sender started! 
 summary   2.0  Transmit rate =  3995kbps, PLR =  0.00%( 0.00%), CE =  0.00%( 0.00%)[ 0.0%, 100.0%,  0.0%,  0.0%], RTT = 0.047s, Queue delay = 0.001s, MTU = 1200
 summary   4.0  Transmit rate = 12407kbps, PLR =  0.00%( 0.00%), CE =  0.00%( 0.00%)[ 0.0%, 100.0%,  0.0%,  0.0%], RTT = 0.044s, Queue delay = 0.001s, MTU = 1200
 summary   6.0  Transmit rate = 23038kbps, PLR =  0.00%( 0.00%), CE =  0.01%( 0.01%)[ 0.0%, 100.0%,  0.0%,  0.0%], RTT = 0.043s, Queue delay = 0.001s, MTU = 1200
 summary   8.0  Transmit rate = 29897kbps, PLR =  0.00%( 0.00%), CE =  0.01%( 0.01%)[ 0.0%, 100.0%,  0.0%,  0.0%], RTT = 0.044s, Queue delay = 0.002s, MTU = 1200
 summary  10.0  Transmit rate = 33715kbps, PLR =  0.00%( 0.00%), CE =  0.00%( 0.00%)[ 0.0%, 100.0%,  0.0%,  0.0%], RTT = 0.044s, Queue delay = 0.003s, MTU = 1200
 summary  12.0  Transmit rate = 37527kbps, PLR =  0.00%( 0.00%), CE =  0.00%( 0.00%)[ 0.0%, 100.0%,  0.0%,  0.0%], RTT = 0.044s, Queue delay = 0.003s, MTU = 1200
 summary  14.0  Transmit rate = 38320kbps, PLR =  0.00%( 0.00%), CE =  0.01%( 0.00%)[ 0.0%, 100.0%,  0.0%,  0.0%], RTT = 0.045s, Queue delay = 0.004s, MTU = 1200
 summary  16.0  Transmit rate = 40623kbps, PLR =  0.00%( 0.00%), CE =  0.01%( 0.00%)[ 0.0%, 100.0%,  0.0%,  0.0%], RTT = 0.045s, Queue delay = 0.004s, MTU = 1200
 summary  18.0  Transmit rate = 38385kbps, PLR =  0.00%( 0.00%), CE =  0.02%( 0.01%)[ 0.0%, 100.0%,  0.0%,  0.0%], RTT = 0.046s, Queue delay = 0.004s, MTU = 1200
 summary  20.0  Transmit rate = 37737kbps, PLR =  0.00%( 0.00%), CE =  0.02%( 0.01%)[ 0.0%, 100.0%,  0.0%,  0.0%], RTT = 0.045s, Queue delay = 0.004s, MTU = 1200
 summary  22.0  Transmit rate = 36220kbps, PLR =  0.00%( 0.00%), CE =  0.01%( 0.01%)[ 0.0%, 100.0%,  0.0%,  0.0%], RTT = 0.044s, Queue delay = 0.003s, MTU = 1200
 summary  24.0  Transmit rate = 35246kbps, PLR =  0.00%( 0.00%), CE =  0.01%( 0.01%)[ 0.0%, 100.0%,  0.0%,  0.0%], RTT = 0.044s, Queue delay = 0.003s, MTU = 1200
 summary  26.0  Transmit rate = 31005kbps, PLR =  0.00%( 0.00%), CE =  0.02%( 0.01%)[ 0.0%, 100.0%,  0.0%,  0.0%], RTT = 0.043s, Queue delay = 0.002s, MTU = 1200
 summary  28.0  Transmit rate = 33693kbps, PLR =  0.00%( 0.00%), CE =  0.02%( 0.01%)[ 0.0%, 100.0%,  0.0%,  0.0%], RTT = 0.044s, Queue delay = 0.002s, MTU = 1200

======================== Summary ==========================
 Bitrate min/max/avg [kbps]          : 19118/56925/32828
 RTT     min/max/avg [s]             : 0.042/0.051/0.044
 Queue delay max/avg [s]             : 0.019/0.003
 Packet loss avg [%]                 : 0.000
 ECN/L4S NotECT/ECT(0)/ECT(1)/CE [%] :  0.0/100.0/ 0.0/ 0.0
===========================================================
