Listen on port 5300 to receive RTCP from decoder 
Scream sender started! 
 summary   2.0  Transmit rate =  3967kbps, PLR =  0.00%( 0.00%), CE =  0.00%( 0.00%)[ 0.0%, 100.0%,  0.0%,  0.0%], RTT = 0.047s, Queue delay = 0.000s, MTU = 1200
 summary   4.0  Transmit rate = 12462kbps, PLR =  0.00%( 0.00%), CE =  0.00%( 0.00%)[ 0.0%, 100.0%,  0.0%,  0.0%], RTT = 0.044s, Queue delay = 0.001s, MTU = 1200
 summary   6.0  Transmit rate = 29131kbps, PLR =  0.00%( 0.00%), CE =  0.00%( 0.01%)[ 0.0%, 100.0%,  0.0%,  0.0%], RTT = 0.045s, Queue delay = 0.005s, MTU = 1200
 summary   8.0  Transmit rate = 36628kbps, PLR =  0.00%( 0.00%), CE =  0.00%( 0.00%)[ 0.0%, 100.0%,  0.0%,  0.0%], RTT = 0.046s, Queue delay = 0.005s, MTU = 1200
 summary  10.0  Transmit rate = 37669kbps, PLR =  0.00%( 0.00%), CE =  0.01%( 0.01%)[ 0.0%, 100.0%,  0.0%,  0.0%], RTT = 0.045s, Queue delay = 0.004s, MTU = 1200
 summary  12.0  Transmit rate = 42299kbps, PLR =  0.00%( 0.00%), CE =  0.01%( 0.01%)[ 0.0%, 100.0%,  0.0%,  0.0%], RTT = 0.046s, Queue delay = 0.005s, MTU = 1200
 summary  14.0  Transmit rate = 43287kbps, PLR =  0.00%( 0.00%), CE =  0.01%( 0.01%)[ 0.0%, 100.0%,  0.0%,  0.0%], RTT = 0.047s, Queue delay = 0.005s, MTU = 1200
 summary  16.0  Transmit rate = 42158kbps, PLR =  0.00%( 0.00%), CE =  0.01%( 0.01%)[ 0.0%, 100.0%,  0.0%,  0.0%], RTT = 0.046s, Queue delay = 0.005s, MTU = 1200
 summary  18.0  Transmit rate = 40373kbps, PLR =  0.00%( 0.00%), CE =  0.01%( 0.01%)[ 0.0%, 100.0%,  0.0%,  0.0%], RTT = 0.045s, Queue delay = 0.004s, MTU = 1200
 summary  20.0  Transmit rate = 35806kbps, PLR =  0.00%( 0.00%), CE =  0.01%( 0.01%)[ 0.0%, 100.0%,  0.0%,  0.0%], RTT = 0.044s, Queue delay = 0.003s, MTU = 1200
 summary  22.0  Transmit rate = 33321kbps, PLR =  0.00%( 0.00%), CE =  0.02%( 0.01%)[ 0.0%, 100.0%,  0.0%,  0.0%], RTT = 0.043s, Queue delay = 0.002s, MTU = 1200
 summary  24.0  Transmit rate = 31823kbps, PLR =  0.00%( 0.00%), CE =  0.02%( 0.01%)[ 0.0%, 100.0%,  0.0%,  0.0%], RTT = 0.043s, Queue delay = 0.002s, MTU = 1200
 summary  26.0  Transmit rate = 33545kbps, PLR =  0.00%( 0.00%), CE =  0.01%( 0.01%)[ 0.0%, 100.0%,  0.0%,  0.0%], RTT = 0.043s, Queue delay = 0.003s, MTU = 1200
 summary  28.0  Transmit rate = 32084kbps, PLR =  0.00%( 0.00%), CE =  0.01%( 0.01%)[ 0.0%, 100.0%,  0.0%,  0.0%], RTT = 0.043s, Queue delay = 0.002s, MTU = 1200

======================== Summary ==========================
 Bitrate min/max/avg [kbps]          : 20121/56314/33835
 RTT     min/max/avg [s]             : 0.042/0.054/0.044
 Queue delay max/avg [s]             : 0.025/0.003
 Packet loss avg [%]                 : 0.000
 ECN/L4S NotECT/ECT(0)/ECT(1)/CE [%] :  0.0/100.0/ 0.0/ 0.0
===========================================================
