Listen on port 5338 to receive RTCP from decoder 
Scream sender started! 
 summary   2.0  Transmit rate =  3958kbps, PLR =  0.00%( 0.00%), CE =  0.00%( 0.00%)[ 0.0%, 100.0%,  0.0%,  0.0%], RTT = 0.047s, Queue delay = 0.001s, MTU = 1200
 summary   4.0  Transmit rate = 12234kbps, PLR =  0.00%( 0.00%), CE =  0.00%( 0.00%)[ 0.0%, 100.0%,  0.0%,  0.0%], RTT = 0.044s, Queue delay = 0.001s, MTU = 1200
 summary   6.0  Transmit rate = 26626kbps, PLR =  0.00%( 0.00%), CE =  0.01%( 0.01%)[ 0.0%, 100.0%,  0.0%,  0.0%], RTT = 0.044s, Queue delay = 0.003s, MTU = 1200
 summary   8.0  Transmit rate = 30391kbps, PLR =  0.00%( 0.00%), CE =  0.01%( 0.01%)[ 0.0%, 100.0%,  0.0%,  0.0%], RTT = 0.044s, Queue delay = 0.002s, MTU = 1200
 summary  10.0  Transmit rate = 37495kbps, PLR =  0.00%( 0.00%), CE =  0.01%( 0.01%)[ 0.0%, 100.0%,  0.0%,  0.0%], RTT = 0.044s, Queue delay = 0.004s, MTU = 1200
 summary  12.0  Transmit rate = 34814kbps, PLR =  0.00%( 0.00%), CE =  0.02%( 0.01%)[ 0.0%, 100.0%,  0.0%,  0.0%], RTT = 0.044s, Queue delay = 0.003s, MTU = 1200
 summary  14.0  Transmit rate = 35043kbps, PLR =  0.00%( 0.00%), CE =  0.02%( 0.01%)[ 0.0%, 100.0%,  0.0%,  0.0%], RTT = 0.044s, Queue delay = 0.003s, MTU = 1200
 summary  16.0  Transmit rate = 39409kbps, PLR =  0.00%( 0.00%), CE =  0.01%( 0.01%)[ 0.0%, 100.0%,  0.0%,  0.0%], RTT = 0.045s, Queue delay = 0.004s, MTU = 1200
 summary  18.0  Transmit rate = 42123kbps, PLR =  0.00%( 0.00%), CE =  0.00%( 0.01%)[ 0.0%, 100.0%,  0.0%,  0.0%], RTT = 0.045s, Queue delay = 0.004s, MTU = 1200
 summary  20.0  Transmit rate = 43827kbps, PLR =  0.00%( 0.00%), CE =  0.00%( 0.01%)[ 0.0%, 100.0%,  0.0%,  0.0%], RTT = 0.046s, Queue delay = 0.005s, MTU = 1200
 summary  22.0  Transmit rate = 42720kbps, PLR =  0.00%( 0.00%), CE =  0.01%( 0.01%)[ 0.0%, 100.0%,  0.0%,  0.0%], RTT = 0.046s, Queue delay = 0.005s, MTU = 1200
 summary  24.0  Transmit rate = 38522kbps, PLR =  0.00%( 0.00%), CE =  0.01%( 0.01%)[ 0.0%, 100.0%,  0.0%,  0.0%], RTT = 0.045s, Queue delay = 0.004s, MTU = 1200
 summary  26.0  Transmit rate = 34390kbps, PLR =  0.00%( 0.00%), CE =  0.01%( 0.01%)[ 0.0%, 100.0%,  0.0%,  0.0%], RTT = 0.044s, Queue delay = 0.003s, MTU = 1200
 summary  28.0  Transmit rate = 34343kbps, PLR =  0.00%( 0.00%), CE =  0.01%( 0.01%)[ 0.0%, 100.0%,  0.0%,  0.0%], RTT = 0.044s, Queue delay = 0.002s, MTU = 1200

======================== Summary ==========================
 Bitrate min/max/avg [kbps]          : 20526/54523/33991
 RTT     min/max/avg [s]             : 0.042/0.050/0.044
 Queue delay max/avg [s]             : 0.009/0.003
 Packet loss avg [%]                 : 0.000
 ECN/L4S NotECT/ECT(0)/ECT(1)/CE [%] :  0.0/100.0/ 0.0/ 0.0
===========================================================
