Listen on port 5318 to receive RTCP from decoder 
Scream sender started! 
 refresh 0.101074 RTP queue 1 packets discarded for SSRC 100
 summary   2.0  Transmit rate =  1615kbps, PLR =  0.00%( 0.00%), CE =  0.00%( 0.00%)[ 0.0%, 100.0%,  0.0%,  0.0%], RTT = 0.067s, Queue delay = 0.000s, MTU = 1200
 summary   4.0  Transmit rate =  2593kbps, PLR =  0.00%( 0.00%), CE =  0.00%( 0.00%)[ 0.0%, 100.0%,  0.0%,  0.0%], RTT = 0.086s, Queue delay = 0.001s, MTU = 1200
 summary   6.0  Transmit rate =  4014kbps, PLR =  0.00%( 0.00%), CE =  0.00%( 0.00%)[ 0.0%, 100.0%,  0.0%,  0.0%], RTT = 0.095s, Queue delay = 0.001s, MTU = 1200
 summary   8.0  Transmit rate =  6160kbps, PLR =  0.00%( 0.00%), CE =  0.00%( 0.00%)[ 0.0%, 100.0%,  0.0%,  0.0%], RTT = 0.099s, Queue delay = 0.001s, MTU = 1200
 summary  10.0  Transmit rate =  9481kbps, PLR =  0.00%( 0.00%), CE =  0.00%( 0.00%)[ 0.0%, 100.0%,  0.0%,  0.0%], RTT = 0.101s, Queue delay = 0.001s, MTU = 1200
 summary  12.0  Transmit rate = 14889kbps, PLR =  0.00%( 0.00%), CE =  0.00%( 0.00%)[ 0.0%, 100.0%,  0.0%,  0.0%], RTT = 0.101s, Queue delay = 0.001s, MTU = 1200
 summary  14.0  Transmit rate = 24256kbps, PLR =  0.00%( 0.00%), CE =  0.00%( 0.00%)[ 0.0%, 100.0%,  0.0%,  0.0%], RTT = 0.102s, Queue delay = 0.001s, MTU = 1200
 summary  16.0  Transmit rate = 41448kbps, PLR =  0.00%( 0.00%), CE =  0.00%( 0.00%)[ 0.0%, 100.0%,  0.0%,  0.0%], RTT = 0.102s, Queue delay = 0.001s, MTU = 1200
 summary  18.0  Transmit rate = 73764kbps, PLR =  0.00%( 0.00%), CE =  0.00%( 0.00%)[ 0.0%, 100.0%,  0.0%,  0.0%], RTT = 0.102s, Queue delay = 0.001s, MTU = 1200
 summary  20.0  Transmit rate = 124408kbps, PLR =  0.00%( 0.00%), CE =  0.00%( 0.00%)[ 0.0%, 100.0%,  0.0%,  0.0%], RTT = 0.103s, Queue delay = 0.003s, MTU = 1200
 summary  22.0  Transmit rate = 106924kbps, PLR =  0.00%( 0.00%), CE =  0.01%( 0.00%)[ 0.0%, 100.0%,  0.0%,  0.0%], RTT = 0.103s, Queue delay = 0.002s, MTU = 1200
 summary  24.0  Transmit rate = 90003kbps, PLR =  0.00%( 0.00%), CE =  0.01%( 0.00%)[ 0.0%, 100.0%,  0.0%,  0.0%], RTT = 0.103s, Queue delay = 0.001s, MTU = 1200
 summary  26.0  Transmit rate = 88407kbps, PLR =  0.00%( 0.00%), CE =  0.00%( 0.00%)[ 0.0%, 100.0%,  0.0%,  0.0%], RTT = 0.102s, Queue delay = 0.001s, MTU = 1200
 summary  28.0  Transmit rate = 98595kbps, PLR =  0.00%( 0.00%), CE =  0.00%( 0.00%)[ 0.0%, 100.0%,  0.0%,  0.0%], RTT = 0.102s, Queue delay = 0.001s, MTU = 1200

======================== Summary ==========================
 Bitrate min/max/avg [kbps]          :     0/213095/58381
 RTT     min/max/avg [s]             : 0.050/0.105/0.101
 Queue delay max/avg [s]             : 0.009/0.001
 Packet loss avg [%]                 : 0.000
 ECN/L4S NotECT/ECT(0)/ECT(1)/CE [%] :  0.0/100.0/ 0.0/ 0.0
===========================================================
