Listen on port 8081 to receive RTCP from decoder 
Scream sender started! 
 summary   2.0  Transmit rate =  4445kbps, PLR =  0.00%( 0.00%), CE =  2.68%( 7.66%)[ 0.0%,  0.0%, 92.2%,  7.8%], RTT = 0.035s, Queue delay = 0.000s, MTU = 1200
 summary   4.0  Transmit rate =  5782kbps, PLR =  0.00%( 0.00%), CE =  5.69%( 6.96%)[ 0.0%,  0.0%, 92.7%,  7.3%], RTT = 0.027s, Queue delay = 0.001s, MTU = 1200
 summary   6.0  Transmit rate =  6486kbps, PLR =  0.00%( 0.00%), CE =  7.52%( 7.98%)[ 0.0%,  0.0%, 91.6%,  8.4%], RTT = 0.024s, Queue delay = 0.001s, MTU = 1200
 summary   8.0  Transmit rate =  6693kbps, PLR =  0.00%( 0.00%), CE =  7.47%( 7.18%)[ 0.0%,  0.0%, 92.5%,  7.5%], RTT = 0.022s, Queue delay = 0.001s, MTU = 1200
 summary  10.0  Transmit rate =  6951kbps, PLR =  0.00%( 0.00%), CE =  7.93%( 6.99%)[ 0.0%,  0.0%, 92.6%,  7.4%], RTT = 0.022s, Queue delay = 0.001s, MTU = 1200
 summary  12.0  Transmit rate =  7089kbps, PLR =  0.00%( 0.00%), CE =  6.65%( 6.73%)[ 0.0%,  0.0%, 92.8%,  7.2%], RTT = 0.022s, Queue delay = 0.001s, MTU = 1200
 summary  14.0  Transmit rate =  7162kbps, PLR =  0.00%( 0.00%), CE =  6.85%( 6.66%)[ 0.0%,  0.0%, 92.8%,  7.2%], RTT = 0.021s, Queue delay = 0.001s, MTU = 1200
 summary  16.0  Transmit rate =  7162kbps, PLR =  0.00%( 0.00%), CE =  8.22%( 6.96%)[ 0.0%,  0.0%, 92.5%,  7.5%], RTT = 0.021s, Queue delay = 0.001s, MTU = 1200
 summary  18.0  Transmit rate =  7044kbps, PLR =  0.00%( 0.00%), CE =  8.16%( 6.94%)[ 0.0%,  0.0%, 92.5%,  7.5%], RTT = 0.021s, Queue delay = 0.001s, MTU = 1200
 summary  20.0  Transmit rate =  6959kbps, PLR =  0.00%( 0.00%), CE =  8.26%( 6.85%)[ 0.0%,  0.0%, 92.6%,  7.4%], RTT = 0.021s, Queue delay = 0.001s, MTU = 1200
 summary  22.0  Transmit rate =  6900kbps, PLR =  0.00%( 0.00%), CE =  7.81%( 6.89%)[ 0.0%,  0.0%, 92.6%,  7.4%], RTT = 0.021s, Queue delay = 0.001s, MTU = 1200
 summary  24.0  Transmit rate =  7125kbps, PLR =  0.00%( 0.00%), CE =  8.32%( 6.97%)[ 0.0%,  0.0%, 92.5%,  7.5%], RTT = 0.021s, Queue delay = 0.001s, MTU = 1200
 summary  26.0  Transmit rate =  7142kbps, PLR =  0.00%( 0.00%), CE =  8.19%( 6.96%)[ 0.0%,  0.0%, 92.5%,  7.5%], RTT = 0.021s, Queue delay = 0.001s, MTU = 1200
 summary  28.0  Transmit rate =  7154kbps, PLR =  0.00%( 0.00%), CE =  7.60%( 6.96%)[ 0.0%,  0.0%, 92.5%,  7.5%], RTT = 0.021s, Queue delay = 0.001s, MTU = 1200
 summary  30.0  Transmit rate =  7094kbps, PLR =  0.00%( 0.00%), CE =  6.97%( 6.91%)[ 0.0%,  0.0%, 92.6%,  7.4%], RTT = 0.021s, Queue delay = 0.001s, MTU = 1200
 summary  32.0  Transmit rate =  6955kbps, PLR =  0.00%( 0.00%), CE =  7.46%( 6.95%)[ 0.0%,  0.0%, 92.6%,  7.4%], RTT = 0.021s, Queue delay = 0.001s, MTU = 1200
 summary  34.0  Transmit rate =  7119kbps, PLR =  0.00%( 0.00%), CE =  7.91%( 6.89%)[ 0.0%,  0.0%, 92.6%,  7.4%], RTT = 0.021s, Queue delay = 0.001s, MTU = 1200

======================== Summary ==========================
 Bitrate min/max/avg [kbps]          :  5574/ 8701/ 7013
 RTT     min/max/avg [s]             : 0.021/0.049/0.021
 Queue delay max/avg [s]             : 0.003/0.001
 Packet loss avg [%]                 : 0.000
 ECN/L4S NotECT/ECT(0)/ECT(1)/CE [%] :  0.0/ 0.0/92.5/ 7.5
===========================================================
