Listen on port 8081 to receive RTCP from decoder 
Scream sender started! 
 summary   2.0  Transmit rate =  4246kbps, PLR =  0.00%( 0.00%), CE =  2.58%( 7.88%)[ 0.0%,  0.0%, 91.9%,  8.1%], RTT = 0.035s, Queue delay = 0.000s, MTU = 1200
 summary   4.0  Transmit rate =  5712kbps, PLR =  0.00%( 0.00%), CE =  5.15%( 7.31%)[ 0.0%,  0.0%, 92.4%,  7.6%], RTT = 0.027s, Queue delay = 0.001s, MTU = 1200
 summary   6.0  Transmit rate =  6475kbps, PLR =  0.00%( 0.00%), CE =  8.01%( 7.50%)[ 0.0%,  0.0%, 92.1%,  7.9%], RTT = 0.024s, Queue delay = 0.001s, MTU = 1200
 summary   8.0  Transmit rate =  6703kbps, PLR =  0.00%( 0.00%), CE =  7.68%( 6.80%)[ 0.0%,  0.0%, 92.8%,  7.2%], RTT = 0.022s, Queue delay = 0.001s, MTU = 1200
 summary  10.0  Transmit rate =  6847kbps, PLR =  0.00%( 0.00%), CE =  8.40%( 7.04%)[ 0.0%,  0.0%, 92.6%,  7.4%], RTT = 0.022s, Queue delay = 0.001s, MTU = 1200
 summary  12.0  Transmit rate =  6866kbps, PLR =  0.00%( 0.00%), CE =  6.94%( 6.83%)[ 0.0%,  0.0%, 92.8%,  7.2%], RTT = 0.021s, Queue delay = 0.001s, MTU = 1200
 summary  14.0  Transmit rate =  6914kbps, PLR =  0.00%( 0.00%), CE =  6.21%( 6.78%)[ 0.0%,  0.0%, 92.8%,  7.2%], RTT = 0.021s, Queue delay = 0.001s, MTU = 1200
 summary  16.0  Transmit rate =  6878kbps, PLR =  0.00%( 0.00%), CE =  7.48%( 6.73%)[ 0.0%,  0.0%, 92.9%,  7.1%], RTT = 0.021s, Queue delay = 0.001s, MTU = 1200
 summary  18.0  Transmit rate =  6965kbps, PLR =  0.00%( 0.00%), CE =  7.06%( 6.78%)[ 0.0%,  0.0%, 92.8%,  7.2%], RTT = 0.021s, Queue delay = 0.001s, MTU = 1200
 summary  20.0  Transmit rate =  6906kbps, PLR =  0.00%( 0.00%), CE =  8.57%( 6.83%)[ 0.0%,  0.0%, 92.7%,  7.3%], RTT = 0.021s, Queue delay = 0.001s, MTU = 1200
 summary  22.0  Transmit rate =  6976kbps, PLR =  0.00%( 0.00%), CE =  7.66%( 6.83%)[ 0.0%,  0.0%, 92.7%,  7.3%], RTT = 0.021s, Queue delay = 0.001s, MTU = 1200
 summary  24.0  Transmit rate =  6955kbps, PLR =  0.00%( 0.00%), CE =  6.97%( 6.74%)[ 0.0%,  0.0%, 92.8%,  7.2%], RTT = 0.021s, Queue delay = 0.001s, MTU = 1200
 summary  26.0  Transmit rate =  6927kbps, PLR =  0.00%( 0.00%), CE =  7.80%( 6.84%)[ 0.0%,  0.0%, 92.7%,  7.3%], RTT = 0.021s, Queue delay = 0.001s, MTU = 1200
 summary  28.1  Transmit rate =  6914kbps, PLR =  0.00%( 0.00%), CE =  8.63%( 6.83%)[ 0.0%,  0.0%, 92.8%,  7.2%], RTT = 0.021s, Queue delay = 0.001s, MTU = 1200
 summary  30.1  Transmit rate =  6970kbps, PLR =  0.00%( 0.00%), CE =  7.37%( 6.82%)[ 0.0%,  0.0%, 92.8%,  7.2%], RTT = 0.021s, Queue delay = 0.001s, MTU = 1200
 summary  32.1  Transmit rate =  7050kbps, PLR =  0.00%( 0.00%), CE =  7.31%( 6.76%)[ 0.0%,  0.0%, 92.8%,  7.2%], RTT = 0.021s, Queue delay = 0.001s, MTU = 1200
 summary  34.1  Transmit rate =  6958kbps, PLR =  0.00%( 0.00%), CE =  7.39%( 6.75%)[ 0.0%,  0.0%, 92.8%,  7.2%], RTT = 0.021s, Queue delay = 0.001s, MTU = 1200

======================== Summary ==========================
 Bitrate min/max/avg [kbps]          :  5466/ 8450/ 6883
 RTT     min/max/avg [s]             : 0.021/0.049/0.021
 Queue delay max/avg [s]             : 0.003/0.001
 Packet loss avg [%]                 : 0.000
 ECN/L4S NotECT/ECT(0)/ECT(1)/CE [%] :  0.0/ 0.0/92.8/ 7.2
===========================================================
