Listen on port 8081 to receive RTCP from decoder 
Scream sender started! 
 summary   2.0  Transmit rate =  2868kbps, PLR =  0.00%( 0.00%), CE =  0.80%( 3.13%)[ 0.0%,  0.0%, 97.0%,  3.0%], RTT = 0.035s, Queue delay = 0.000s, MTU = 1200
 summary   4.0  Transmit rate =  2776kbps, PLR =  0.00%( 0.00%), CE =  2.29%( 2.73%)[ 0.0%,  0.0%, 97.3%,  2.7%], RTT = 0.027s, Queue delay = 0.001s, MTU = 1200
 summary   6.0  Transmit rate =  2897kbps, PLR =  0.00%( 0.00%), CE =  3.00%( 2.64%)[ 0.0%,  0.0%, 97.4%,  2.6%], RTT = 0.024s, Queue delay = 0.001s, MTU = 1200
 summary   8.0  Transmit rate =  3019kbps, PLR =  0.00%( 0.00%), CE =  2.44%( 2.54%)[ 0.0%,  0.0%, 97.5%,  2.5%], RTT = 0.022s, Queue delay = 0.001s, MTU = 1200
 summary  10.0  Transmit rate =  2815kbps, PLR =  0.00%( 0.00%), CE =  3.79%( 2.73%)[ 0.0%,  0.0%, 97.3%,  2.7%], RTT = 0.022s, Queue delay = 0.001s, MTU = 1200
 summary  12.0  Transmit rate =  2304kbps, PLR =  0.00%( 0.00%), CE =  4.77%( 2.93%)[ 0.0%,  0.0%, 97.1%,  2.9%], RTT = 0.021s, Queue delay = 0.001s, MTU = 1200
 summary  14.0  Transmit rate =  2618kbps, PLR =  0.00%( 0.00%), CE =  4.95%( 2.86%)[ 0.0%,  0.0%, 97.1%,  2.9%], RTT = 0.021s, Queue delay = 0.001s, MTU = 1200
 summary  16.0  Transmit rate =  3207kbps, PLR =  0.00%( 0.00%), CE =  3.43%( 2.70%)[ 0.0%,  0.0%, 97.3%,  2.7%], RTT = 0.021s, Queue delay = 0.001s, MTU = 1200
 summary  18.0  Transmit rate =  3513kbps, PLR =  0.00%( 0.00%), CE =  2.58%( 2.67%)[ 0.0%,  0.0%, 97.3%,  2.7%], RTT = 0.021s, Queue delay = 0.001s, MTU = 1200
 summary  20.0  Transmit rate =  3014kbps, PLR =  0.00%( 0.00%), CE =  3.42%( 2.73%)[ 0.0%,  0.0%, 97.3%,  2.7%], RTT = 0.021s, Queue delay = 0.001s, MTU = 1200
 summary  22.0  Transmit rate =  2923kbps, PLR =  0.00%( 0.00%), CE =  3.53%( 2.68%)[ 0.0%,  0.0%, 97.3%,  2.7%], RTT = 0.021s, Queue delay = 0.001s, MTU = 1200
 summary  24.0  Transmit rate =  3004kbps, PLR =  0.00%( 0.00%), CE =  3.03%( 2.66%)[ 0.0%,  0.0%, 97.3%,  2.7%], RTT = 0.021s, Queue delay = 0.001s, MTU = 1200
 summary  26.0  Transmit rate =  3406kbps, PLR =  0.00%( 0.00%), CE =  3.01%( 2.65%)[ 0.0%,  0.0%, 97.4%,  2.6%], RTT = 0.021s, Queue delay = 0.001s, MTU = 1200
 summary  28.0  Transmit rate =  3418kbps, PLR =  0.00%( 0.00%), CE =  3.05%( 2.60%)[ 0.0%,  0.0%, 97.4%,  2.6%], RTT = 0.021s, Queue delay = 0.001s, MTU = 1200

======================== Summary ==========================
 Bitrate min/max/avg [kbps]          :   945/ 6582/ 3084
 RTT     min/max/avg [s]             : 0.021/0.049/0.021
 Queue delay max/avg [s]             : 0.002/0.001
 Packet loss avg [%]                 : 0.000
 ECN/L4S NotECT/ECT(0)/ECT(1)/CE [%] :  0.0/ 0.0/97.5/ 2.5
===========================================================
