Listen on port 8080 to receive RTCP from decoder 
Scream sender started! 
 summary   2.0  Transmit rate =  3281kbps, PLR =  0.16%( 0.38%), CE =  0.00%( 0.00%)[100.0%,  0.0%,  0.0%,  0.0%], RTT = 0.039s, Queue delay = 0.005s, MTU = 1200
 summary   4.0  Transmit rate =  4220kbps, PLR =  0.22%( 0.17%), CE =  0.00%( 0.00%)[100.0%,  0.0%,  0.0%,  0.0%], RTT = 0.034s, Queue delay = 0.008s, MTU = 1200
 summary   6.0  Transmit rate =  4270kbps, PLR =  0.26%( 0.19%), CE =  0.00%( 0.00%)[100.0%,  0.0%,  0.0%,  0.0%], RTT = 0.034s, Queue delay = 0.010s, MTU = 1200
 summary   8.0  Transmit rate =  4201kbps, PLR =  0.10%( 0.14%), CE =  0.00%( 0.00%)[100.0%,  0.0%,  0.0%,  0.0%], RTT = 0.031s, Queue delay = 0.009s, MTU = 1200
 summary  10.0  Transmit rate =  4303kbps, PLR =  0.15%( 0.14%), CE =  0.00%( 0.00%)[100.0%,  0.0%,  0.0%,  0.0%], RTT = 0.030s, Queue delay = 0.008s, MTU = 1200
 summary  12.0  Transmit rate =  4501kbps, PLR =  0.06%( 0.11%), CE =  0.00%( 0.00%)[100.0%,  0.0%,  0.0%,  0.0%], RTT = 0.030s, Queue delay = 0.010s, MTU = 1200
 summary  14.0  Transmit rate =  4465kbps, PLR =  0.13%( 0.11%), CE =  0.00%( 0.00%)[100.0%,  0.0%,  0.0%,  0.0%], RTT = 0.029s, Queue delay = 0.009s, MTU = 1200
 summary  16.0  Transmit rate =  4561kbps, PLR =  0.07%( 0.10%), CE =  0.00%( 0.00%)[100.0%,  0.0%,  0.0%,  0.0%], RTT = 0.031s, Queue delay = 0.010s, MTU = 1200
 summary  18.0  Transmit rate =  4463kbps, PLR =  0.05%( 0.10%), CE =  0.00%( 0.00%)[100.0%,  0.0%,  0.0%,  0.0%], RTT = 0.031s, Queue delay = 0.009s, MTU = 1200
 summary  20.0  Transmit rate =  4481kbps, PLR =  0.05%( 0.09%), CE =  0.00%( 0.00%)[100.0%,  0.0%,  0.0%,  0.0%], RTT = 0.031s, Queue delay = 0.010s, MTU = 1200
 summary  22.0  Transmit rate =  4382kbps, PLR =  0.11%( 0.09%), CE =  0.00%( 0.00%)[100.0%,  0.0%,  0.0%,  0.0%], RTT = 0.030s, Queue delay = 0.008s, MTU = 1200
 summary  24.0  Transmit rate =  4266kbps, PLR =  0.11%( 0.09%), CE =  0.00%( 0.00%)[100.0%,  0.0%,  0.0%,  0.0%], RTT = 0.029s, Queue delay = 0.008s, MTU = 1200
 summary  26.0  Transmit rate =  4430kbps, PLR =  0.06%( 0.09%), CE =  0.00%( 0.00%)[100.0%,  0.0%,  0.0%,  0.0%], RTT = 0.029s, Queue delay = 0.008s, MTU = 1200
 summary  28.1  Transmit rate =  4347kbps, PLR =  0.06%( 0.09%), CE =  0.00%( 0.00%)[100.0%,  0.0%,  0.0%,  0.0%], RTT = 0.029s, Queue delay = 0.007s, MTU = 1200
 summary  30.1  Transmit rate =  4421kbps, PLR =  0.05%( 0.08%), CE =  0.00%( 0.00%)[100.0%,  0.0%,  0.0%,  0.0%], RTT = 0.029s, Queue delay = 0.008s, MTU = 1200
 summary  32.1  Transmit rate =  4460kbps, PLR =  0.05%( 0.08%), CE =  0.00%( 0.00%)[100.0%,  0.0%,  0.0%,  0.0%], RTT = 0.031s, Queue delay = 0.010s, MTU = 1200
 summary  34.1  Transmit rate =  4414kbps, PLR =  0.08%( 0.08%), CE =  0.00%( 0.00%)[100.0%,  0.0%,  0.0%,  0.0%], RTT = 0.030s, Queue delay = 0.009s, MTU = 1200

======================== Summary ==========================
 Bitrate min/max/avg [kbps]          :  2290/ 5988/ 4431
 RTT     min/max/avg [s]             : 0.024/0.049/0.030
 Queue delay max/avg [s]             : 0.054/0.009
 Packet loss avg [%]                 : 0.077
 ECN/L4S NotECT/ECT(0)/ECT(1)/CE [%] : 100.0/ 0.0/ 0.0/ 0.0
===========================================================
