Listen on port 8081 to receive RTCP from decoder 
Scream sender started! 
 summary   2.0  Transmit rate =  4275kbps, PLR =  0.00%( 0.00%), CE =  2.95%( 8.14%)[ 0.0%,  0.0%, 91.4%,  8.6%], RTT = 0.035s, Queue delay = 0.000s, MTU = 1200
 summary   4.0  Transmit rate =  5839kbps, PLR =  0.00%( 0.00%), CE =  5.61%( 7.86%)[ 0.0%,  0.0%, 91.6%,  8.4%], RTT = 0.027s, Queue delay = 0.001s, MTU = 1200
 summary   6.0  Transmit rate =  6499kbps, PLR =  0.00%( 0.00%), CE =  7.57%( 7.05%)[ 0.0%,  0.0%, 92.4%,  7.6%], RTT = 0.024s, Queue delay = 0.001s, MTU = 1200
 summary   8.0  Transmit rate =  6898kbps, PLR =  0.00%( 0.00%), CE =  7.25%( 6.99%)[ 0.0%,  0.0%, 92.4%,  7.6%], RTT = 0.022s, Queue delay = 0.001s, MTU = 1200
 summary  10.0  Transmit rate =  6874kbps, PLR =  0.00%( 0.00%), CE =  7.72%( 7.18%)[ 0.0%,  0.0%, 92.3%,  7.7%], RTT = 0.022s, Queue delay = 0.001s, MTU = 1200
 summary  12.0  Transmit rate =  6884kbps, PLR =  0.00%( 0.00%), CE =  7.63%( 7.11%)[ 0.0%,  0.0%, 92.4%,  7.6%], RTT = 0.021s, Queue delay = 0.001s, MTU = 1200
 summary  14.0  Transmit rate =  7106kbps, PLR =  0.00%( 0.00%), CE =  7.38%( 7.36%)[ 0.0%,  0.0%, 92.1%,  7.9%], RTT = 0.021s, Queue delay = 0.001s, MTU = 1200
 summary  16.0  Transmit rate =  7002kbps, PLR =  0.00%( 0.00%), CE =  8.69%( 7.15%)[ 0.0%,  0.0%, 92.3%,  7.7%], RTT = 0.021s, Queue delay = 0.001s, MTU = 1200
 summary  18.0  Transmit rate =  7087kbps, PLR =  0.00%( 0.00%), CE =  8.03%( 7.14%)[ 0.0%,  0.0%, 92.3%,  7.7%], RTT = 0.021s, Queue delay = 0.001s, MTU = 1200
 summary  20.0  Transmit rate =  7158kbps, PLR =  0.00%( 0.00%), CE =  7.60%( 7.25%)[ 0.0%,  0.0%, 92.2%,  7.8%], RTT = 0.021s, Queue delay = 0.001s, MTU = 1200
 summary  22.0  Transmit rate =  7153kbps, PLR =  0.00%( 0.00%), CE =  7.75%( 7.10%)[ 0.0%,  0.0%, 92.3%,  7.7%], RTT = 0.021s, Queue delay = 0.001s, MTU = 1200
 summary  24.0  Transmit rate =  7006kbps, PLR =  0.00%( 0.00%), CE =  8.21%( 7.03%)[ 0.0%,  0.0%, 92.4%,  7.6%], RTT = 0.021s, Queue delay = 0.001s, MTU = 1200
 summary  26.0  Transmit rate =  7067kbps, PLR =  0.00%( 0.00%), CE =  7.25%( 7.03%)[ 0.0%,  0.0%, 92.4%,  7.6%], RTT = 0.021s, Queue delay = 0.001s, MTU = 1200
 summary  28.0  Transmit rate =  7059kbps, PLR =  0.00%( 0.00%), CE =  6.82%( 6.94%)[ 0.0%,  0.0%, 92.5%,  7.5%], RTT = 0.021s, Queue delay = 0.001s, MTU = 1200
 summary  30.1  Transmit rate =  6896kbps, PLR =  0.00%( 0.00%), CE =  7.81%( 7.00%)[ 0.0%,  0.0%, 92.5%,  7.5%], RTT = 0.021s, Queue delay = 0.001s, MTU = 1200
 summary  32.1  Transmit rate =  6977kbps, PLR =  0.00%( 0.00%), CE =  8.57%( 7.02%)[ 0.0%,  0.0%, 92.4%,  7.6%], RTT = 0.021s, Queue delay = 0.001s, MTU = 1200
 summary  34.1  Transmit rate =  6847kbps, PLR =  0.00%( 0.00%), CE =  7.53%( 6.99%)[ 0.0%,  0.0%, 92.5%,  7.5%], RTT = 0.021s, Queue delay = 0.001s, MTU = 1200

======================== Summary ==========================
 Bitrate min/max/avg [kbps]          :  5399/ 8732/ 6950
 RTT     min/max/avg [s]             : 0.021/0.049/0.021
 Queue delay max/avg [s]             : 0.003/0.001
 Packet loss avg [%]                 : 0.000
 ECN/L4S NotECT/ECT(0)/ECT(1)/CE [%] :  0.0/ 0.0/92.6/ 7.4
===========================================================
