socket set to IP_RECVTOS
socket SO_RCVBUF set to 20971520
Listen on port 8080 to receive RTP from sender 
.
.
Packet(s) lost or reordered :   169 was received, previous rcvd is   167 
Packet(s) lost or reordered :   247 was received, previous rcvd is   245 
Packet(s) lost or reordered :   271 was received, previous rcvd is   269 
Packet(s) lost or reordered :   307 was received, previous rcvd is   305 
Packet(s) lost or reordered :   781 was received, previous rcvd is   779 
Packet(s) lost or reordered :  1192 was received, previous rcvd is  1190 
Packet(s) lost or reordered :  1577 was received, previous rcvd is  1575 
Packet(s) lost or reordered :  2117 was received, previous rcvd is  2115 
Packet(s) lost or reordered :  2898 was received, previous rcvd is  2896 
Packet(s) lost or reordered :  4731 was received, previous rcvd is  4729 
Packet(s) lost or reordered :  5244 was received, previous rcvd is  5242 
Packet(s) lost or reordered :  5254 was received, previous rcvd is  5252 
Packet(s) lost or reordered :  5260 was received, previous rcvd is  5258 
Packet(s) lost or reordered :  7364 was received, previous rcvd is  7362 
Packet(s) lost or reordered :  7375 was received, previous rcvd is  7373 
Packet(s) lost or reordered :  7563 was received, previous rcvd is  7561 
Packet(s) lost or reordered :  9754 was received, previous rcvd is  9752 
Packet(s) lost or reordered :  9756 was received, previous rcvd is  9754 
Packet(s) lost or reordered : 10146 was received, previous rcvd is 10144 
Packet(s) lost or reordered : 13794 was received, previous rcvd is 13792 
Packet(s) lost or reordered : 13813 was received, previous rcvd is 13811 
Packet(s) lost or reordered : 14470 was received, previous rcvd is 14468 
.
