Listen on port 8080 to receive RTCP from decoder 
Scream sender started! 
 summary   2.0  Transmit rate =  4688kbps, PLR =  0.00%( 0.00%), CE =  0.03%( 0.08%)[ 0.0%, 99.9%,  0.0%,  0.1%], RTT = 0.037s, Queue delay = 0.004s, MTU = 1200
 summary   4.0  Transmit rate =  5857kbps, PLR =  0.00%( 0.00%), CE =  0.09%( 0.11%)[ 0.0%, 99.9%,  0.0%,  0.1%], RTT = 0.032s, Queue delay = 0.006s, MTU = 1200
 summary   6.0  Transmit rate =  6335kbps, PLR =  0.00%( 0.00%), CE =  0.13%( 0.10%)[ 0.0%, 99.9%,  0.0%,  0.1%], RTT = 0.029s, Queue delay = 0.006s, MTU = 1200
 summary   8.0  Transmit rate =  7138kbps, PLR =  0.00%( 0.00%), CE =  0.10%( 0.07%)[ 0.0%, 99.9%,  0.0%,  0.1%], RTT = 0.028s, Queue delay = 0.007s, MTU = 1200
 summary  10.0  Transmit rate =  7835kbps, PLR =  0.00%( 0.00%), CE =  0.03%( 0.07%)[ 0.0%, 99.9%,  0.0%,  0.1%], RTT = 0.029s, Queue delay = 0.009s, MTU = 1200
 summary  12.0  Transmit rate =  8007kbps, PLR =  0.00%( 0.00%), CE =  0.03%( 0.05%)[ 0.0%, 99.9%,  0.0%,  0.1%], RTT = 0.029s, Queue delay = 0.009s, MTU = 1200
 summary  14.0  Transmit rate =  8340kbps, PLR =  0.00%( 0.00%), CE =  0.05%( 0.05%)[ 0.0%, 99.9%,  0.0%,  0.1%], RTT = 0.029s, Queue delay = 0.009s, MTU = 1200
 summary  16.0  Transmit rate =  7966kbps, PLR =  0.00%( 0.00%), CE =  0.06%( 0.06%)[ 0.0%, 99.9%,  0.0%,  0.1%], RTT = 0.028s, Queue delay = 0.008s, MTU = 1200
 summary  18.0  Transmit rate =  8147kbps, PLR =  0.00%( 0.00%), CE =  0.06%( 0.05%)[ 0.0%, 100.0%,  0.0%,  0.0%], RTT = 0.028s, Queue delay = 0.008s, MTU = 1200
 summary  20.0  Transmit rate =  8189kbps, PLR =  0.00%( 0.00%), CE =  0.07%( 0.05%)[ 0.0%, 100.0%,  0.0%,  0.0%], RTT = 0.028s, Queue delay = 0.008s, MTU = 1200
 summary  22.0  Transmit rate =  7585kbps, PLR =  0.00%( 0.00%), CE =  0.07%( 0.05%)[ 0.0%, 100.0%,  0.0%,  0.0%], RTT = 0.028s, Queue delay = 0.008s, MTU = 1200
 summary  24.0  Transmit rate =  7703kbps, PLR =  0.00%( 0.00%), CE =  0.07%( 0.05%)[ 0.0%, 100.0%,  0.0%,  0.0%], RTT = 0.027s, Queue delay = 0.008s, MTU = 1200
 summary  26.0  Transmit rate =  8340kbps, PLR =  0.00%( 0.00%), CE =  0.03%( 0.04%)[ 0.0%, 100.0%,  0.0%,  0.0%], RTT = 0.028s, Queue delay = 0.008s, MTU = 1200
 summary  28.0  Transmit rate =  8627kbps, PLR =  0.00%( 0.00%), CE =  0.00%( 0.04%)[ 0.0%, 100.0%,  0.0%,  0.0%], RTT = 0.029s, Queue delay = 0.009s, MTU = 1200

======================== Summary ==========================
 Bitrate min/max/avg [kbps]          :  4825/11207/ 7816
 RTT     min/max/avg [s]             : 0.025/0.049/0.028
 Queue delay max/avg [s]             : 0.029/0.008
 Packet loss avg [%]                 : 0.000
 ECN/L4S NotECT/ECT(0)/ECT(1)/CE [%] :  0.0/100.0/ 0.0/ 0.0
===========================================================
