socket set to IP_RECVTOS
socket SO_RCVBUF set to 20971520
Listen on port 8080 to receive RTP from sender 
.
.
Packet(s) lost or reordered :   221 was received, previous rcvd is   219 
Packet(s) lost or reordered :   223 was received, previous rcvd is   221 
Packet(s) lost or reordered :   246 was received, previous rcvd is   244 
Packet(s) lost or reordered :   281 was received, previous rcvd is   279 
Packet(s) lost or reordered :  2211 was received, previous rcvd is  2209 
Packet(s) lost or reordered :  2366 was received, previous rcvd is  2364 
Packet(s) lost or reordered :  4021 was received, previous rcvd is  4019 
Packet(s) lost or reordered :  4914 was received, previous rcvd is  4912 
Packet(s) lost or reordered :  5370 was received, previous rcvd is  5368 
Packet(s) lost or reordered :  7942 was received, previous rcvd is  7940 
Packet(s) lost or reordered :  9252 was received, previous rcvd is  9250 
Packet(s) lost or reordered : 10439 was received, previous rcvd is 10437 
Packet(s) lost or reordered : 10895 was received, previous rcvd is 10893 
Packet(s) lost or reordered : 12572 was received, previous rcvd is 12570 
Packet(s) lost or reordered : 14172 was received, previous rcvd is 14170 
Packet(s) lost or reordered : 14591 was received, previous rcvd is 14589 
Packet(s) lost or reordered : 15552 was received, previous rcvd is 15550 
.
