Listen on port 8080 to receive RTCP from decoder 
Scream sender started! 
 summary   2.0  Transmit rate =  4784kbps, PLR =  0.00%( 0.00%), CE =  0.02%( 0.07%)[ 0.0%, 99.9%,  0.0%,  0.1%], RTT = 0.039s, Queue delay = 0.006s, MTU = 1200
 summary   4.0  Transmit rate =  6787kbps, PLR =  0.00%( 0.00%), CE =  0.03%( 0.06%)[ 0.0%, 99.9%,  0.0%,  0.1%], RTT = 0.033s, Queue delay = 0.007s, MTU = 1200
 summary   6.0  Transmit rate =  7616kbps, PLR =  0.00%( 0.00%), CE =  0.05%( 0.04%)[ 0.0%, 100.0%,  0.0%,  0.0%], RTT = 0.031s, Queue delay = 0.008s, MTU = 1200
 summary   8.0  Transmit rate =  7807kbps, PLR =  0.00%( 0.00%), CE =  0.07%( 0.05%)[ 0.0%, 100.0%,  0.0%,  0.0%], RTT = 0.029s, Queue delay = 0.007s, MTU = 1200
 summary  10.0  Transmit rate =  8218kbps, PLR =  0.00%( 0.00%), CE =  0.04%( 0.04%)[ 0.0%, 100.0%,  0.0%,  0.0%], RTT = 0.029s, Queue delay = 0.009s, MTU = 1200
 summary  12.0  Transmit rate =  8846kbps, PLR =  0.00%( 0.00%), CE =  0.00%( 0.03%)[ 0.0%, 100.0%,  0.0%,  0.0%], RTT = 0.029s, Queue delay = 0.008s, MTU = 1200
 summary  14.0  Transmit rate =  8591kbps, PLR =  0.00%( 0.00%), CE =  0.03%( 0.03%)[ 0.0%, 100.0%,  0.0%,  0.0%], RTT = 0.028s, Queue delay = 0.008s, MTU = 1200
 summary  16.0  Transmit rate =  8094kbps, PLR =  0.00%( 0.00%), CE =  0.05%( 0.04%)[ 0.0%, 100.0%,  0.0%,  0.0%], RTT = 0.029s, Queue delay = 0.009s, MTU = 1200
 summary  18.0  Transmit rate =  7630kbps, PLR =  0.00%( 0.00%), CE =  0.06%( 0.03%)[ 0.0%, 100.0%,  0.0%,  0.0%], RTT = 0.029s, Queue delay = 0.009s, MTU = 1200
 summary  20.0  Transmit rate =  8236kbps, PLR =  0.00%( 0.00%), CE =  0.03%( 0.03%)[ 0.0%, 100.0%,  0.0%,  0.0%], RTT = 0.029s, Queue delay = 0.009s, MTU = 1200
 summary  22.0  Transmit rate =  8173kbps, PLR =  0.00%( 0.00%), CE =  0.03%( 0.03%)[ 0.0%, 100.0%,  0.0%,  0.0%], RTT = 0.028s, Queue delay = 0.008s, MTU = 1200
 summary  24.0  Transmit rate =  8290kbps, PLR =  0.00%( 0.00%), CE =  0.03%( 0.03%)[ 0.0%, 100.0%,  0.0%,  0.0%], RTT = 0.028s, Queue delay = 0.008s, MTU = 1200
 summary  26.0  Transmit rate =  7910kbps, PLR =  0.00%( 0.00%), CE =  0.06%( 0.04%)[ 0.0%, 100.0%,  0.0%,  0.0%], RTT = 0.029s, Queue delay = 0.008s, MTU = 1200
 summary  28.0  Transmit rate =  7834kbps, PLR =  0.00%( 0.00%), CE =  0.06%( 0.03%)[ 0.0%, 100.0%,  0.0%,  0.0%], RTT = 0.029s, Queue delay = 0.008s, MTU = 1200

======================== Summary ==========================
 Bitrate min/max/avg [kbps]          :  4500/11604/ 8061
 RTT     min/max/avg [s]             : 0.025/0.049/0.029
 Queue delay max/avg [s]             : 0.028/0.008
 Packet loss avg [%]                 : 0.000
 ECN/L4S NotECT/ECT(0)/ECT(1)/CE [%] :  0.0/100.0/ 0.0/ 0.0
===========================================================
