Listen on port 8081 to receive RTCP from decoder 
Scream sender started! 
 summary   2.0  Transmit rate =  4378kbps, PLR =  0.00%( 0.00%), CE =  3.00%( 9.18%)[ 0.0%,  0.0%, 90.7%,  9.3%], RTT = 0.035s, Queue delay = 0.000s, MTU = 1200
 summary   4.0  Transmit rate =  5721kbps, PLR =  0.00%( 0.00%), CE =  6.88%( 8.74%)[ 0.0%,  0.0%, 90.9%,  9.1%], RTT = 0.027s, Queue delay = 0.001s, MTU = 1200
 summary   6.0  Transmit rate =  6464kbps, PLR =  0.00%( 0.00%), CE =  8.23%( 7.76%)[ 0.0%,  0.0%, 91.8%,  8.2%], RTT = 0.024s, Queue delay = 0.001s, MTU = 1200
 summary   8.0  Transmit rate =  6626kbps, PLR =  0.00%( 0.00%), CE =  7.65%( 8.18%)[ 0.0%,  0.0%, 91.5%,  8.5%], RTT = 0.022s, Queue delay = 0.001s, MTU = 1200
 summary  10.0  Transmit rate =  6673kbps, PLR =  0.00%( 0.00%), CE =  8.53%( 7.89%)[ 0.0%,  0.0%, 91.8%,  8.2%], RTT = 0.022s, Queue delay = 0.001s, MTU = 1200
 summary  12.0  Transmit rate =  6609kbps, PLR =  0.00%( 0.00%), CE =  8.79%( 7.95%)[ 0.0%,  0.0%, 91.8%,  8.2%], RTT = 0.021s, Queue delay = 0.001s, MTU = 1200
 summary  14.0  Transmit rate =  6692kbps, PLR =  0.00%( 0.00%), CE =  8.69%( 7.77%)[ 0.0%,  0.0%, 91.9%,  8.1%], RTT = 0.021s, Queue delay = 0.001s, MTU = 1200
 summary  16.0  Transmit rate =  6945kbps, PLR =  0.00%( 0.00%), CE =  8.82%( 7.73%)[ 0.0%,  0.0%, 92.0%,  8.0%], RTT = 0.021s, Queue delay = 0.001s, MTU = 1200
 summary  18.0  Transmit rate =  6773kbps, PLR =  0.00%( 0.00%), CE =  8.07%( 7.69%)[ 0.0%,  0.0%, 92.0%,  8.0%], RTT = 0.021s, Queue delay = 0.001s, MTU = 1200
 summary  20.0  Transmit rate =  6847kbps, PLR =  0.00%( 0.00%), CE =  7.93%( 7.48%)[ 0.0%,  0.0%, 92.2%,  7.8%], RTT = 0.021s, Queue delay = 0.001s, MTU = 1200
 summary  22.0  Transmit rate =  6976kbps, PLR =  0.00%( 0.00%), CE =  7.99%( 7.67%)[ 0.0%,  0.0%, 92.1%,  7.9%], RTT = 0.021s, Queue delay = 0.001s, MTU = 1200
 summary  24.0  Transmit rate =  7089kbps, PLR =  0.00%( 0.00%), CE =  8.01%( 7.54%)[ 0.0%,  0.0%, 92.2%,  7.8%], RTT = 0.021s, Queue delay = 0.001s, MTU = 1200
 summary  26.0  Transmit rate =  7206kbps, PLR =  0.00%( 0.00%), CE =  7.53%( 7.50%)[ 0.0%,  0.0%, 92.2%,  7.8%], RTT = 0.021s, Queue delay = 0.001s, MTU = 1200
 summary  28.0  Transmit rate =  6938kbps, PLR =  0.00%( 0.00%), CE =  8.42%( 7.50%)[ 0.0%,  0.0%, 92.2%,  7.8%], RTT = 0.021s, Queue delay = 0.001s, MTU = 1200
 summary  30.0  Transmit rate =  6563kbps, PLR =  0.00%( 0.00%), CE =  8.01%( 7.41%)[ 0.0%,  0.0%, 92.3%,  7.7%], RTT = 0.021s, Queue delay = 0.001s, MTU = 1200
 summary  32.1  Transmit rate =  7105kbps, PLR =  0.00%( 0.00%), CE =  8.33%( 7.44%)[ 0.0%,  0.0%, 92.2%,  7.8%], RTT = 0.021s, Queue delay = 0.001s, MTU = 1200
 summary  34.1  Transmit rate =  7071kbps, PLR =  0.00%( 0.00%), CE =  7.57%( 7.40%)[ 0.0%,  0.0%, 92.2%,  7.8%], RTT = 0.021s, Queue delay = 0.001s, MTU = 1200

======================== Summary ==========================
 Bitrate min/max/avg [kbps]          :  5096/ 9164/ 6846
 RTT     min/max/avg [s]             : 0.021/0.049/0.021
 Queue delay max/avg [s]             : 0.004/0.001
 Packet loss avg [%]                 : 0.000
 ECN/L4S NotECT/ECT(0)/ECT(1)/CE [%] :  0.0/ 0.0/92.3/ 7.7
===========================================================
