Listen on port 8081 to receive RTCP from decoder 
Scream sender started! 
 summary   2.0  Transmit rate =  4288kbps, PLR =  0.00%( 0.00%), CE =  2.99%( 9.50%)[ 0.0%,  0.0%, 90.5%,  9.5%], RTT = 0.035s, Queue delay = 0.000s, MTU = 1200
 summary   4.0  Transmit rate =  5680kbps, PLR =  0.00%( 0.00%), CE =  6.29%( 8.25%)[ 0.0%,  0.0%, 91.5%,  8.5%], RTT = 0.027s, Queue delay = 0.001s, MTU = 1200
 summary   6.0  Transmit rate =  6462kbps, PLR =  0.00%( 0.00%), CE =  7.50%( 7.82%)[ 0.0%,  0.0%, 92.0%,  8.0%], RTT = 0.024s, Queue delay = 0.001s, MTU = 1200
 summary   8.0  Transmit rate =  6751kbps, PLR =  0.00%( 0.00%), CE =  7.54%( 7.93%)[ 0.0%,  0.0%, 91.9%,  8.1%], RTT = 0.022s, Queue delay = 0.001s, MTU = 1200
 summary  10.0  Transmit rate =  6794kbps, PLR =  0.00%( 0.00%), CE =  7.48%( 7.18%)[ 0.0%,  0.0%, 92.6%,  7.4%], RTT = 0.022s, Queue delay = 0.001s, MTU = 1200
 summary  12.0  Transmit rate =  6914kbps, PLR =  0.00%( 0.00%), CE =  7.79%( 7.20%)[ 0.0%,  0.0%, 92.5%,  7.5%], RTT = 0.022s, Queue delay = 0.001s, MTU = 1200
 summary  14.0  Transmit rate =  7058kbps, PLR =  0.00%( 0.00%), CE =  7.27%( 7.20%)[ 0.0%,  0.0%, 92.4%,  7.6%], RTT = 0.021s, Queue delay = 0.001s, MTU = 1200
 summary  16.0  Transmit rate =  6941kbps, PLR =  0.00%( 0.00%), CE =  8.46%( 7.11%)[ 0.0%,  0.0%, 92.5%,  7.5%], RTT = 0.021s, Queue delay = 0.001s, MTU = 1200
 summary  18.0  Transmit rate =  7002kbps, PLR =  0.00%( 0.00%), CE =  7.63%( 7.09%)[ 0.0%,  0.0%, 92.5%,  7.5%], RTT = 0.021s, Queue delay = 0.001s, MTU = 1200
 summary  20.0  Transmit rate =  7045kbps, PLR =  0.00%( 0.00%), CE =  6.71%( 7.05%)[ 0.0%,  0.0%, 92.5%,  7.5%], RTT = 0.021s, Queue delay = 0.001s, MTU = 1200
 summary  22.0  Transmit rate =  6991kbps, PLR =  0.00%( 0.00%), CE =  6.93%( 6.98%)[ 0.0%,  0.0%, 92.6%,  7.4%], RTT = 0.021s, Queue delay = 0.001s, MTU = 1200
 summary  24.0  Transmit rate =  7097kbps, PLR =  0.00%( 0.00%), CE =  6.61%( 6.88%)[ 0.0%,  0.0%, 92.7%,  7.3%], RTT = 0.021s, Queue delay = 0.001s, MTU = 1200
 summary  26.0  Transmit rate =  7146kbps, PLR =  0.00%( 0.00%), CE =  7.11%( 6.96%)[ 0.0%,  0.0%, 92.6%,  7.4%], RTT = 0.021s, Queue delay = 0.001s, MTU = 1200
 summary  28.0  Transmit rate =  7048kbps, PLR =  0.00%( 0.00%), CE =  7.17%( 6.92%)[ 0.0%,  0.0%, 92.6%,  7.4%], RTT = 0.021s, Queue delay = 0.001s, MTU = 1200
 summary  30.0  Transmit rate =  6948kbps, PLR =  0.00%( 0.00%), CE =  7.05%( 6.85%)[ 0.0%,  0.0%, 92.7%,  7.3%], RTT = 0.021s, Queue delay = 0.001s, MTU = 1200
 summary  32.0  Transmit rate =  6780kbps, PLR =  0.00%( 0.00%), CE =  8.24%( 6.91%)[ 0.0%,  0.0%, 92.7%,  7.3%], RTT = 0.021s, Queue delay = 0.001s, MTU = 1200
 summary  34.1  Transmit rate =  6912kbps, PLR =  0.00%( 0.00%), CE =  8.91%( 6.96%)[ 0.0%,  0.0%, 92.6%,  7.4%], RTT = 0.021s, Queue delay = 0.001s, MTU = 1200

======================== Summary ==========================
 Bitrate min/max/avg [kbps]          :  5211/ 8662/ 6921
 RTT     min/max/avg [s]             : 0.021/0.049/0.021
 Queue delay max/avg [s]             : 0.003/0.001
 Packet loss avg [%]                 : 0.000
 ECN/L4S NotECT/ECT(0)/ECT(1)/CE [%] :  0.0/ 0.0/92.6/ 7.4
===========================================================
