Listen on port 8081 to receive RTCP from decoder 
Scream sender started! 
 summary   2.0  Transmit rate =  4416kbps, PLR =  0.00%( 0.00%), CE =  2.68%( 8.71%)[ 0.0%,  0.0%, 91.3%,  8.7%], RTT = 0.035s, Queue delay = 0.000s, MTU = 1200
 summary   4.0  Transmit rate =  5876kbps, PLR =  0.00%( 0.00%), CE =  5.71%( 7.44%)[ 0.0%,  0.0%, 92.2%,  7.8%], RTT = 0.027s, Queue delay = 0.001s, MTU = 1200
 summary   6.0  Transmit rate =  6361kbps, PLR =  0.00%( 0.00%), CE =  8.13%( 7.32%)[ 0.0%,  0.0%, 92.2%,  7.8%], RTT = 0.024s, Queue delay = 0.001s, MTU = 1200
 summary   8.0  Transmit rate =  6799kbps, PLR =  0.00%( 0.00%), CE =  7.22%( 6.85%)[ 0.0%,  0.0%, 92.6%,  7.4%], RTT = 0.022s, Queue delay = 0.001s, MTU = 1200
 summary  10.0  Transmit rate =  6838kbps, PLR =  0.00%( 0.00%), CE =  8.28%( 7.26%)[ 0.0%,  0.0%, 92.2%,  7.8%], RTT = 0.022s, Queue delay = 0.001s, MTU = 1200
 summary  12.0  Transmit rate =  6806kbps, PLR =  0.00%( 0.00%), CE =  8.55%( 7.20%)[ 0.0%,  0.0%, 92.4%,  7.6%], RTT = 0.021s, Queue delay = 0.001s, MTU = 1200
 summary  14.0  Transmit rate =  7057kbps, PLR =  0.00%( 0.00%), CE =  8.02%( 7.00%)[ 0.0%,  0.0%, 92.5%,  7.5%], RTT = 0.021s, Queue delay = 0.001s, MTU = 1200
 summary  16.0  Transmit rate =  7044kbps, PLR =  0.00%( 0.00%), CE =  7.76%( 7.02%)[ 0.0%,  0.0%, 92.5%,  7.5%], RTT = 0.021s, Queue delay = 0.001s, MTU = 1200
 summary  18.0  Transmit rate =  6927kbps, PLR =  0.00%( 0.00%), CE =  7.49%( 7.08%)[ 0.0%,  0.0%, 92.5%,  7.5%], RTT = 0.021s, Queue delay = 0.001s, MTU = 1200
 summary  20.0  Transmit rate =  7121kbps, PLR =  0.00%( 0.00%), CE =  7.76%( 7.00%)[ 0.0%,  0.0%, 92.6%,  7.4%], RTT = 0.021s, Queue delay = 0.001s, MTU = 1200
 summary  22.0  Transmit rate =  7345kbps, PLR =  0.00%( 0.00%), CE =  8.53%( 7.22%)[ 0.0%,  0.0%, 92.2%,  7.8%], RTT = 0.021s, Queue delay = 0.001s, MTU = 1200
 summary  24.0  Transmit rate =  6941kbps, PLR =  0.00%( 0.00%), CE =  7.96%( 7.14%)[ 0.0%,  0.0%, 92.4%,  7.6%], RTT = 0.021s, Queue delay = 0.001s, MTU = 1200
 summary  26.0  Transmit rate =  7160kbps, PLR =  0.00%( 0.00%), CE =  8.89%( 7.14%)[ 0.0%,  0.0%, 92.3%,  7.7%], RTT = 0.021s, Queue delay = 0.001s, MTU = 1200
 summary  28.0  Transmit rate =  7000kbps, PLR =  0.00%( 0.00%), CE =  8.29%( 7.23%)[ 0.0%,  0.0%, 92.2%,  7.8%], RTT = 0.021s, Queue delay = 0.001s, MTU = 1200
 summary  30.0  Transmit rate =  6661kbps, PLR =  0.00%( 0.00%), CE =  8.64%( 7.24%)[ 0.0%,  0.0%, 92.2%,  7.8%], RTT = 0.021s, Queue delay = 0.001s, MTU = 1200
 summary  32.0  Transmit rate =  6778kbps, PLR =  0.00%( 0.00%), CE =  7.87%( 7.19%)[ 0.0%,  0.0%, 92.3%,  7.7%], RTT = 0.021s, Queue delay = 0.001s, MTU = 1200
 summary  34.0  Transmit rate =  6978kbps, PLR =  0.00%( 0.00%), CE =  8.26%( 7.20%)[ 0.0%,  0.0%, 92.3%,  7.7%], RTT = 0.021s, Queue delay = 0.001s, MTU = 1200

======================== Summary ==========================
 Bitrate min/max/avg [kbps]          :  4583/ 8917/ 6935
 RTT     min/max/avg [s]             : 0.021/0.049/0.021
 Queue delay max/avg [s]             : 0.003/0.001
 Packet loss avg [%]                 : 0.000
 ECN/L4S NotECT/ECT(0)/ECT(1)/CE [%] :  0.0/ 0.0/92.2/ 7.8
===========================================================
