socket set to IP_RECVTOS
socket SO_RCVBUF set to 20971520
Listen on port 8080 to receive RTP from sender 
.
.
Packet(s) lost or reordered :   249 was received, previous rcvd is   247 
Packet(s) lost or reordered :   432 was received, previous rcvd is   430 
Packet(s) lost or reordered :   524 was received, previous rcvd is   522 
Packet(s) lost or reordered :  2611 was received, previous rcvd is  2609 
Packet(s) lost or reordered :  2771 was received, previous rcvd is  2769 
Packet(s) lost or reordered :  2819 was received, previous rcvd is  2817 
Packet(s) lost or reordered :  2822 was received, previous rcvd is  2820 
Packet(s) lost or reordered :  2969 was received, previous rcvd is  2967 
Packet(s) lost or reordered :  2979 was received, previous rcvd is  2977 
Packet(s) lost or reordered :  3002 was received, previous rcvd is  3000 
Packet(s) lost or reordered :  5298 was received, previous rcvd is  5296 
Packet(s) lost or reordered :  6369 was received, previous rcvd is  6367 
Packet(s) lost or reordered :  6596 was received, previous rcvd is  6594 
Packet(s) lost or reordered :  6712 was received, previous rcvd is  6710 
Packet(s) lost or reordered :  6836 was received, previous rcvd is  6834 
Packet(s) lost or reordered :  8362 was received, previous rcvd is  8360 
Packet(s) lost or reordered :  8452 was received, previous rcvd is  8450 
Packet(s) lost or reordered :  9559 was received, previous rcvd is  9557 
Packet(s) lost or reordered :  9751 was received, previous rcvd is  9749 
Packet(s) lost or reordered : 11829 was received, previous rcvd is 11827 
Packet(s) lost or reordered : 13457 was received, previous rcvd is 13455 
Packet(s) lost or reordered : 15588 was received, previous rcvd is 15586 
