Listen on port 8081 to receive RTCP from decoder 
Scream sender started! 
 summary   2.0  Transmit rate =  4250kbps, PLR =  0.00%( 0.00%), CE =  2.98%( 9.53%)[ 0.0%,  0.0%, 90.5%,  9.5%], RTT = 0.035s, Queue delay = 0.000s, MTU = 1200
 summary   4.0  Transmit rate =  5499kbps, PLR =  0.00%( 0.00%), CE =  6.80%( 8.14%)[ 0.0%,  0.0%, 91.7%,  8.3%], RTT = 0.027s, Queue delay = 0.001s, MTU = 1200
 summary   6.0  Transmit rate =  6186kbps, PLR =  0.00%( 0.00%), CE =  8.17%( 7.04%)[ 0.0%,  0.0%, 92.8%,  7.2%], RTT = 0.024s, Queue delay = 0.001s, MTU = 1200
 summary   8.0  Transmit rate =  6530kbps, PLR =  0.00%( 0.00%), CE =  6.99%( 7.18%)[ 0.0%,  0.0%, 92.6%,  7.4%], RTT = 0.022s, Queue delay = 0.001s, MTU = 1200
 summary  10.0  Transmit rate =  6675kbps, PLR =  0.00%( 0.00%), CE =  7.99%( 7.09%)[ 0.0%,  0.0%, 92.6%,  7.4%], RTT = 0.022s, Queue delay = 0.001s, MTU = 1200
 summary  12.0  Transmit rate =  6652kbps, PLR =  0.00%( 0.00%), CE =  7.69%( 7.19%)[ 0.0%,  0.0%, 92.6%,  7.4%], RTT = 0.021s, Queue delay = 0.001s, MTU = 1200
 summary  14.0  Transmit rate =  6613kbps, PLR =  0.00%( 0.00%), CE =  8.33%( 7.33%)[ 0.0%,  0.0%, 92.5%,  7.5%], RTT = 0.021s, Queue delay = 0.001s, MTU = 1200
 summary  16.0  Transmit rate =  6932kbps, PLR =  0.00%( 0.00%), CE =  8.72%( 7.18%)[ 0.0%,  0.0%, 92.6%,  7.4%], RTT = 0.021s, Queue delay = 0.001s, MTU = 1200
 summary  18.0  Transmit rate =  6882kbps, PLR =  0.00%( 0.00%), CE =  7.89%( 7.17%)[ 0.0%,  0.0%, 92.6%,  7.4%], RTT = 0.021s, Queue delay = 0.001s, MTU = 1200
 summary  20.0  Transmit rate =  7091kbps, PLR =  0.00%( 0.00%), CE =  7.17%( 7.21%)[ 0.0%,  0.0%, 92.5%,  7.5%], RTT = 0.021s, Queue delay = 0.001s, MTU = 1200
 summary  22.0  Transmit rate =  7111kbps, PLR =  0.00%( 0.00%), CE =  7.81%( 7.26%)[ 0.0%,  0.0%, 92.4%,  7.6%], RTT = 0.021s, Queue delay = 0.001s, MTU = 1200
 summary  24.0  Transmit rate =  7067kbps, PLR =  0.00%( 0.00%), CE =  7.34%( 7.15%)[ 0.0%,  0.0%, 92.5%,  7.5%], RTT = 0.021s, Queue delay = 0.001s, MTU = 1200
 summary  26.0  Transmit rate =  6848kbps, PLR =  0.00%( 0.00%), CE =  8.53%( 7.26%)[ 0.0%,  0.0%, 92.4%,  7.6%], RTT = 0.021s, Queue delay = 0.001s, MTU = 1200
 summary  28.0  Transmit rate =  6861kbps, PLR =  0.00%( 0.00%), CE =  9.78%( 7.30%)[ 0.0%,  0.0%, 92.4%,  7.6%], RTT = 0.021s, Queue delay = 0.001s, MTU = 1200
 summary  30.0  Transmit rate =  7020kbps, PLR =  0.00%( 0.00%), CE =  8.14%( 7.17%)[ 0.0%,  0.0%, 92.4%,  7.6%], RTT = 0.021s, Queue delay = 0.001s, MTU = 1200
 summary  32.0  Transmit rate =  7050kbps, PLR =  0.00%( 0.00%), CE =  8.18%( 7.14%)[ 0.0%,  0.0%, 92.5%,  7.5%], RTT = 0.021s, Queue delay = 0.001s, MTU = 1200
 summary  34.0  Transmit rate =  6953kbps, PLR =  0.00%( 0.00%), CE =  8.03%( 7.18%)[ 0.0%,  0.0%, 92.4%,  7.6%], RTT = 0.021s, Queue delay = 0.001s, MTU = 1200

======================== Summary ==========================
 Bitrate min/max/avg [kbps]          :  5399/ 8629/ 6821
 RTT     min/max/avg [s]             : 0.021/0.049/0.021
 Queue delay max/avg [s]             : 0.003/0.001
 Packet loss avg [%]                 : 0.000
 ECN/L4S NotECT/ECT(0)/ECT(1)/CE [%] :  0.0/ 0.0/92.5/ 7.5
===========================================================
