socket set to IP_RECVTOS
socket SO_RCVBUF set to 20971520
Listen on port 8080 to receive RTP from sender 
.
.
Packet(s) lost or reordered :   259 was received, previous rcvd is   257 
Packet(s) lost or reordered :   297 was received, previous rcvd is   295 
Packet(s) lost or reordered :   300 was received, previous rcvd is   298 
Packet(s) lost or reordered :   302 was received, previous rcvd is   300 
Packet(s) lost or reordered :   435 was received, previous rcvd is   433 
Packet(s) lost or reordered :   528 was received, previous rcvd is   526 
Packet(s) lost or reordered :   733 was received, previous rcvd is   731 
Packet(s) lost or reordered :   768 was received, previous rcvd is   766 
Packet(s) lost or reordered :  2374 was received, previous rcvd is  2372 
Packet(s) lost or reordered :  4425 was received, previous rcvd is  4423 
Packet(s) lost or reordered :  4792 was received, previous rcvd is  4790 
Packet(s) lost or reordered :  4954 was received, previous rcvd is  4952 
Packet(s) lost or reordered :  6743 was received, previous rcvd is  6741 
Packet(s) lost or reordered :  9333 was received, previous rcvd is  9331 
Packet(s) lost or reordered : 11610 was received, previous rcvd is 11608 
Packet(s) lost or reordered : 11613 was received, previous rcvd is 11611 
Packet(s) lost or reordered : 12619 was received, previous rcvd is 12617 
Packet(s) lost or reordered : 13860 was received, previous rcvd is 13858 
Packet(s) lost or reordered : 14218 was received, previous rcvd is 14216 
Packet(s) lost or reordered : 16144 was received, previous rcvd is 16142 
.
