socket set to IP_RECVTOS
socket SO_RCVBUF set to 20971520
Listen on port 8080 to receive RTP from sender 
.
.
Packet(s) lost or reordered :   226 was received, previous rcvd is   224 
Packet(s) lost or reordered :   239 was received, previous rcvd is   237 
Packet(s) lost or reordered :   248 was received, previous rcvd is   246 
Packet(s) lost or reordered :   267 was received, previous rcvd is   265 
Packet(s) lost or reordered :  1443 was received, previous rcvd is  1441 
Packet(s) lost or reordered :  3402 was received, previous rcvd is  3400 
Packet(s) lost or reordered :  4715 was received, previous rcvd is  4713 
Packet(s) lost or reordered :  5513 was received, previous rcvd is  5511 
Packet(s) lost or reordered :  6063 was received, previous rcvd is  6061 
Packet(s) lost or reordered :  8338 was received, previous rcvd is  8336 
Packet(s) lost or reordered :  8371 was received, previous rcvd is  8369 
Packet(s) lost or reordered :  8792 was received, previous rcvd is  8790 
Packet(s) lost or reordered : 10983 was received, previous rcvd is 10981 
Packet(s) lost or reordered : 11748 was received, previous rcvd is 11746 
Packet(s) lost or reordered : 11954 was received, previous rcvd is 11952 
Packet(s) lost or reordered : 12236 was received, previous rcvd is 12234 
Packet(s) lost or reordered : 12363 was received, previous rcvd is 12361 
Packet(s) lost or reordered : 12482 was received, previous rcvd is 12480 
Packet(s) lost or reordered : 14789 was received, previous rcvd is 14787 
Packet(s) lost or reordered : 15959 was received, previous rcvd is 15957 
Packet(s) lost or reordered : 15964 was received, previous rcvd is 15962 
Packet(s) lost or reordered : 15977 was received, previous rcvd is 15975 
.
