Listen on port 8081 to receive RTCP from decoder 
Scream sender started! 
 summary   2.0  Transmit rate =  4249kbps, PLR =  0.00%( 0.00%), CE =  3.26%( 9.31%)[ 0.0%,  0.0%, 90.9%,  9.1%], RTT = 0.035s, Queue delay = 0.000s, MTU = 1200
 summary   4.0  Transmit rate =  5911kbps, PLR =  0.00%( 0.00%), CE =  5.70%( 7.50%)[ 0.0%,  0.0%, 92.0%,  8.0%], RTT = 0.027s, Queue delay = 0.001s, MTU = 1200
 summary   6.0  Transmit rate =  6508kbps, PLR =  0.00%( 0.00%), CE =  8.61%( 7.67%)[ 0.0%,  0.0%, 91.8%,  8.2%], RTT = 0.024s, Queue delay = 0.001s, MTU = 1200
 summary   8.0  Transmit rate =  6860kbps, PLR =  0.00%( 0.00%), CE =  7.99%( 7.66%)[ 0.0%,  0.0%, 91.6%,  8.4%], RTT = 0.023s, Queue delay = 0.001s, MTU = 1200
 summary  10.0  Transmit rate =  6693kbps, PLR =  0.00%( 0.00%), CE =  8.22%( 7.52%)[ 0.0%,  0.0%, 92.0%,  8.0%], RTT = 0.022s, Queue delay = 0.001s, MTU = 1200
 summary  12.0  Transmit rate =  6903kbps, PLR =  0.00%( 0.00%), CE =  8.45%( 7.56%)[ 0.0%,  0.0%, 92.0%,  8.0%], RTT = 0.021s, Queue delay = 0.001s, MTU = 1200
 summary  14.0  Transmit rate =  6878kbps, PLR =  0.00%( 0.00%), CE =  7.91%( 7.31%)[ 0.0%,  0.0%, 92.2%,  7.8%], RTT = 0.021s, Queue delay = 0.001s, MTU = 1200
 summary  16.0  Transmit rate =  6859kbps, PLR =  0.00%( 0.00%), CE =  8.11%( 7.39%)[ 0.0%,  0.0%, 92.1%,  7.9%], RTT = 0.021s, Queue delay = 0.001s, MTU = 1200
 summary  18.0  Transmit rate =  6823kbps, PLR =  0.00%( 0.00%), CE =  9.40%( 7.55%)[ 0.0%,  0.0%, 92.0%,  8.0%], RTT = 0.021s, Queue delay = 0.001s, MTU = 1200
 summary  20.0  Transmit rate =  6880kbps, PLR =  0.00%( 0.00%), CE =  9.48%( 7.44%)[ 0.0%,  0.0%, 92.1%,  7.9%], RTT = 0.021s, Queue delay = 0.001s, MTU = 1200
 summary  22.0  Transmit rate =  6965kbps, PLR =  0.00%( 0.00%), CE =  8.34%( 7.32%)[ 0.0%,  0.0%, 92.2%,  7.8%], RTT = 0.021s, Queue delay = 0.001s, MTU = 1200
 summary  24.0  Transmit rate =  7055kbps, PLR =  0.00%( 0.00%), CE =  7.10%( 7.37%)[ 0.0%,  0.0%, 92.2%,  7.8%], RTT = 0.021s, Queue delay = 0.001s, MTU = 1200
 summary  26.0  Transmit rate =  7079kbps, PLR =  0.00%( 0.00%), CE =  8.72%( 7.40%)[ 0.0%,  0.0%, 92.1%,  7.9%], RTT = 0.021s, Queue delay = 0.001s, MTU = 1200
 summary  28.0  Transmit rate =  7123kbps, PLR =  0.00%( 0.00%), CE =  8.17%( 7.30%)[ 0.0%,  0.0%, 92.3%,  7.7%], RTT = 0.021s, Queue delay = 0.001s, MTU = 1200
 summary  30.0  Transmit rate =  7109kbps, PLR =  0.00%( 0.00%), CE =  8.80%( 7.43%)[ 0.0%,  0.0%, 92.1%,  7.9%], RTT = 0.021s, Queue delay = 0.001s, MTU = 1200
 summary  32.0  Transmit rate =  7108kbps, PLR =  0.00%( 0.00%), CE =  7.87%( 7.40%)[ 0.0%,  0.0%, 92.1%,  7.9%], RTT = 0.021s, Queue delay = 0.001s, MTU = 1200
 summary  34.0  Transmit rate =  7132kbps, PLR =  0.00%( 0.00%), CE =  7.97%( 7.34%)[ 0.0%,  0.0%, 92.2%,  7.8%], RTT = 0.021s, Queue delay = 0.001s, MTU = 1200

======================== Summary ==========================
 Bitrate min/max/avg [kbps]          :  5006/ 9105/ 6942
 RTT     min/max/avg [s]             : 0.021/0.049/0.021
 Queue delay max/avg [s]             : 0.003/0.001
 Packet loss avg [%]                 : 0.000
 ECN/L4S NotECT/ECT(0)/ECT(1)/CE [%] :  0.0/ 0.0/92.0/ 8.0
===========================================================
