socket set to IP_RECVTOS
socket SO_RCVBUF set to 20971520
Listen on port 8080 to receive RTP from sender 
.
.
Packet(s) lost or reordered :   154 was received, previous rcvd is   152 
Packet(s) lost or reordered :   206 was received, previous rcvd is   204 
Packet(s) lost or reordered :   673 was received, previous rcvd is   671 
Packet(s) lost or reordered :   926 was received, previous rcvd is   924 
Packet(s) lost or reordered :  1199 was received, previous rcvd is  1197 
Packet(s) lost or reordered :  2286 was received, previous rcvd is  2284 
Packet(s) lost or reordered :  3557 was received, previous rcvd is  3555 
Packet(s) lost or reordered :  3813 was received, previous rcvd is  3811 
Packet(s) lost or reordered :  3863 was received, previous rcvd is  3861 
Packet(s) lost or reordered :  4057 was received, previous rcvd is  4055 
Packet(s) lost or reordered :  7007 was received, previous rcvd is  7005 
Packet(s) lost or reordered :  7929 was received, previous rcvd is  7927 
Packet(s) lost or reordered : 10381 was received, previous rcvd is 10379 
Packet(s) lost or reordered : 10440 was received, previous rcvd is 10438 
Packet(s) lost or reordered : 12233 was received, previous rcvd is 12231 
Packet(s) lost or reordered : 12662 was received, previous rcvd is 12660 
Packet(s) lost or reordered : 12865 was received, previous rcvd is 12863 
Packet(s) lost or reordered : 12952 was received, previous rcvd is 12950 
Packet(s) lost or reordered : 14797 was received, previous rcvd is 14795 
Packet(s) lost or reordered : 15293 was received, previous rcvd is 15291 
.
