Listen on port 8081 to receive RTCP from decoder 
Scream sender started! 
 summary   2.0  Transmit rate =  4178kbps, PLR =  0.00%( 0.00%), CE =  3.03%( 8.27%)[ 0.0%,  0.0%, 91.4%,  8.6%], RTT = 0.035s, Queue delay = 0.000s, MTU = 1200
 summary   4.0  Transmit rate =  5689kbps, PLR =  0.00%( 0.00%), CE =  5.07%( 6.65%)[ 0.0%,  0.0%, 93.1%,  6.9%], RTT = 0.027s, Queue delay = 0.001s, MTU = 1200
 summary   6.0  Transmit rate =  6436kbps, PLR =  0.00%( 0.00%), CE =  6.70%( 6.41%)[ 0.0%,  0.0%, 93.2%,  6.8%], RTT = 0.024s, Queue delay = 0.001s, MTU = 1200
 summary   8.0  Transmit rate =  6903kbps, PLR =  0.00%( 0.00%), CE =  6.29%( 6.67%)[ 0.0%,  0.0%, 92.8%,  7.2%], RTT = 0.023s, Queue delay = 0.001s, MTU = 1200
 summary  10.0  Transmit rate =  6983kbps, PLR =  0.00%( 0.00%), CE =  7.62%( 6.52%)[ 0.0%,  0.0%, 93.0%,  7.0%], RTT = 0.022s, Queue delay = 0.001s, MTU = 1200
 summary  12.0  Transmit rate =  6992kbps, PLR =  0.00%( 0.00%), CE =  8.03%( 7.08%)[ 0.0%,  0.0%, 92.4%,  7.6%], RTT = 0.022s, Queue delay = 0.001s, MTU = 1200
 summary  14.0  Transmit rate =  7093kbps, PLR =  0.00%( 0.00%), CE =  8.66%( 6.99%)[ 0.0%,  0.0%, 92.5%,  7.5%], RTT = 0.021s, Queue delay = 0.001s, MTU = 1200
 summary  16.0  Transmit rate =  7061kbps, PLR =  0.00%( 0.00%), CE =  8.26%( 6.93%)[ 0.0%,  0.0%, 92.6%,  7.4%], RTT = 0.021s, Queue delay = 0.001s, MTU = 1200
 summary  18.0  Transmit rate =  7051kbps, PLR =  0.00%( 0.00%), CE =  7.26%( 6.88%)[ 0.0%,  0.0%, 92.6%,  7.4%], RTT = 0.021s, Queue delay = 0.001s, MTU = 1200
 summary  20.0  Transmit rate =  7079kbps, PLR =  0.00%( 0.00%), CE =  7.79%( 6.98%)[ 0.0%,  0.0%, 92.5%,  7.5%], RTT = 0.021s, Queue delay = 0.001s, MTU = 1200
 summary  22.0  Transmit rate =  6993kbps, PLR =  0.00%( 0.00%), CE =  8.50%( 7.03%)[ 0.0%,  0.0%, 92.5%,  7.5%], RTT = 0.021s, Queue delay = 0.001s, MTU = 1200
 summary  24.0  Transmit rate =  6886kbps, PLR =  0.00%( 0.00%), CE =  8.19%( 7.06%)[ 0.0%,  0.0%, 92.4%,  7.6%], RTT = 0.021s, Queue delay = 0.001s, MTU = 1200
 summary  26.0  Transmit rate =  6797kbps, PLR =  0.00%( 0.00%), CE =  7.87%( 6.96%)[ 0.0%,  0.0%, 92.6%,  7.4%], RTT = 0.021s, Queue delay = 0.001s, MTU = 1200
 summary  28.0  Transmit rate =  6837kbps, PLR =  0.00%( 0.00%), CE =  8.42%( 7.15%)[ 0.0%,  0.0%, 92.4%,  7.6%], RTT = 0.021s, Queue delay = 0.001s, MTU = 1200
 summary  30.1  Transmit rate =  6886kbps, PLR =  0.00%( 0.00%), CE =  8.31%( 7.17%)[ 0.0%,  0.0%, 92.3%,  7.7%], RTT = 0.021s, Queue delay = 0.001s, MTU = 1200
 summary  32.1  Transmit rate =  6967kbps, PLR =  0.00%( 0.00%), CE =  8.44%( 7.07%)[ 0.0%,  0.0%, 92.4%,  7.6%], RTT = 0.021s, Queue delay = 0.001s, MTU = 1200
 summary  34.1  Transmit rate =  7041kbps, PLR =  0.00%( 0.00%), CE =  7.19%( 7.08%)[ 0.0%,  0.0%, 92.4%,  7.6%], RTT = 0.021s, Queue delay = 0.001s, MTU = 1200

======================== Summary ==========================
 Bitrate min/max/avg [kbps]          :  5329/ 8641/ 6926
 RTT     min/max/avg [s]             : 0.021/0.049/0.021
 Queue delay max/avg [s]             : 0.003/0.001
 Packet loss avg [%]                 : 0.000
 ECN/L4S NotECT/ECT(0)/ECT(1)/CE [%] :  0.0/ 0.0/92.3/ 7.7
===========================================================
