socket set to IP_RECVTOS
socket SO_RCVBUF set to 20971520
Listen on port 8080 to receive RTP from sender 
.
.
Packet(s) lost or reordered :   212 was received, previous rcvd is   210 
Packet(s) lost or reordered :   221 was received, previous rcvd is   219 
Packet(s) lost or reordered :   223 was received, previous rcvd is   221 
Packet(s) lost or reordered :   276 was received, previous rcvd is   274 
Packet(s) lost or reordered :   288 was received, previous rcvd is   286 
Packet(s) lost or reordered :   303 was received, previous rcvd is   301 
Packet(s) lost or reordered :   432 was received, previous rcvd is   430 
Packet(s) lost or reordered :   485 was received, previous rcvd is   483 
Packet(s) lost or reordered :   488 was received, previous rcvd is   486 
Packet(s) lost or reordered :  1839 was received, previous rcvd is  1837 
Packet(s) lost or reordered :  2097 was received, previous rcvd is  2095 
Packet(s) lost or reordered :  2569 was received, previous rcvd is  2567 
Packet(s) lost or reordered :  5263 was received, previous rcvd is  5261 
Packet(s) lost or reordered :  8288 was received, previous rcvd is  8286 
Packet(s) lost or reordered :  8495 was received, previous rcvd is  8493 
Packet(s) lost or reordered :  8514 was received, previous rcvd is  8512 
Packet(s) lost or reordered : 11107 was received, previous rcvd is 11105 
Packet(s) lost or reordered : 12418 was received, previous rcvd is 12416 
Packet(s) lost or reordered : 12801 was received, previous rcvd is 12799 
Packet(s) lost or reordered : 15007 was received, previous rcvd is 15004 
