Listen on port 8081 to receive RTCP from decoder 
Scream sender started! 
 summary   2.0  Transmit rate =  4292kbps, PLR =  0.00%( 0.00%), CE =  3.50%( 9.32%)[ 0.0%,  0.0%, 90.9%,  9.1%], RTT = 0.035s, Queue delay = 0.000s, MTU = 1200
 summary   4.0  Transmit rate =  5911kbps, PLR =  0.00%( 0.00%), CE =  6.10%( 8.05%)[ 0.0%,  0.0%, 91.7%,  8.3%], RTT = 0.027s, Queue delay = 0.001s, MTU = 1200
 summary   6.0  Transmit rate =  6643kbps, PLR =  0.00%( 0.00%), CE =  8.17%( 8.27%)[ 0.0%,  0.0%, 91.3%,  8.7%], RTT = 0.024s, Queue delay = 0.001s, MTU = 1200
 summary   8.0  Transmit rate =  6961kbps, PLR =  0.00%( 0.00%), CE =  7.12%( 7.31%)[ 0.0%,  0.0%, 92.2%,  7.8%], RTT = 0.022s, Queue delay = 0.001s, MTU = 1200
 summary  10.0  Transmit rate =  7067kbps, PLR =  0.00%( 0.00%), CE =  8.00%( 7.19%)[ 0.0%,  0.0%, 92.3%,  7.7%], RTT = 0.022s, Queue delay = 0.001s, MTU = 1200
 summary  12.0  Transmit rate =  7035kbps, PLR =  0.00%( 0.00%), CE =  7.62%( 7.18%)[ 0.0%,  0.0%, 92.3%,  7.7%], RTT = 0.022s, Queue delay = 0.001s, MTU = 1200
 summary  14.0  Transmit rate =  7165kbps, PLR =  0.00%( 0.00%), CE =  8.14%( 6.99%)[ 0.0%,  0.0%, 92.4%,  7.6%], RTT = 0.021s, Queue delay = 0.001s, MTU = 1200
 summary  16.0  Transmit rate =  7133kbps, PLR =  0.00%( 0.00%), CE =  7.63%( 7.08%)[ 0.0%,  0.0%, 92.4%,  7.6%], RTT = 0.021s, Queue delay = 0.001s, MTU = 1200
 summary  18.0  Transmit rate =  7139kbps, PLR =  0.00%( 0.00%), CE =  7.51%( 7.09%)[ 0.0%,  0.0%, 92.4%,  7.6%], RTT = 0.021s, Queue delay = 0.001s, MTU = 1200
 summary  20.0  Transmit rate =  7123kbps, PLR =  0.00%( 0.00%), CE =  8.65%( 7.20%)[ 0.0%,  0.0%, 92.2%,  7.8%], RTT = 0.021s, Queue delay = 0.001s, MTU = 1200
 summary  22.0  Transmit rate =  7011kbps, PLR =  0.00%( 0.00%), CE =  7.36%( 7.25%)[ 0.0%,  0.0%, 92.2%,  7.8%], RTT = 0.021s, Queue delay = 0.001s, MTU = 1200
 summary  24.0  Transmit rate =  7043kbps, PLR =  0.00%( 0.00%), CE =  7.66%( 7.09%)[ 0.0%,  0.0%, 92.4%,  7.6%], RTT = 0.021s, Queue delay = 0.001s, MTU = 1200
 summary  26.0  Transmit rate =  7023kbps, PLR =  0.00%( 0.00%), CE =  8.17%( 7.05%)[ 0.0%,  0.0%, 92.4%,  7.6%], RTT = 0.021s, Queue delay = 0.001s, MTU = 1200
 summary  28.0  Transmit rate =  7013kbps, PLR =  0.00%( 0.00%), CE =  7.32%( 7.02%)[ 0.0%,  0.0%, 92.5%,  7.5%], RTT = 0.021s, Queue delay = 0.001s, MTU = 1200
 summary  30.0  Transmit rate =  6922kbps, PLR =  0.00%( 0.00%), CE =  7.05%( 7.12%)[ 0.0%,  0.0%, 92.3%,  7.7%], RTT = 0.021s, Queue delay = 0.001s, MTU = 1200
 summary  32.0  Transmit rate =  6867kbps, PLR =  0.00%( 0.00%), CE =  8.20%( 7.07%)[ 0.0%,  0.0%, 92.4%,  7.6%], RTT = 0.021s, Queue delay = 0.001s, MTU = 1200
 summary  34.0  Transmit rate =  7061kbps, PLR =  0.00%( 0.00%), CE =  7.11%( 6.99%)[ 0.0%,  0.0%, 92.5%,  7.5%], RTT = 0.021s, Queue delay = 0.001s, MTU = 1200

======================== Summary ==========================
 Bitrate min/max/avg [kbps]          :  5417/ 8720/ 7012
 RTT     min/max/avg [s]             : 0.021/0.049/0.021
 Queue delay max/avg [s]             : 0.003/0.001
 Packet loss avg [%]                 : 0.000
 ECN/L4S NotECT/ECT(0)/ECT(1)/CE [%] :  0.0/ 0.0/92.5/ 7.5
===========================================================
