socket set to IP_RECVTOS
socket SO_RCVBUF set to 20971520
Listen on port 8080 to receive RTP from sender 
.
.
Packet(s) lost or reordered :   166 was received, previous rcvd is   164 
Packet(s) lost or reordered :   209 was received, previous rcvd is   207 
Packet(s) lost or reordered :   231 was received, previous rcvd is   229 
Packet(s) lost or reordered :   241 was received, previous rcvd is   239 
Packet(s) lost or reordered :   271 was received, previous rcvd is   269 
Packet(s) lost or reordered :  1582 was received, previous rcvd is  1580 
Packet(s) lost or reordered :  5853 was received, previous rcvd is  5851 
Packet(s) lost or reordered :  6304 was received, previous rcvd is  6302 
Packet(s) lost or reordered :  6350 was received, previous rcvd is  6348 
Packet(s) lost or reordered :  9018 was received, previous rcvd is  9016 
Packet(s) lost or reordered :  9153 was received, previous rcvd is  9151 
Packet(s) lost or reordered : 10572 was received, previous rcvd is 10570 
Packet(s) lost or reordered : 10797 was received, previous rcvd is 10795 
Packet(s) lost or reordered : 11025 was received, previous rcvd is 11023 
Packet(s) lost or reordered : 11039 was received, previous rcvd is 11037 
Packet(s) lost or reordered : 12990 was received, previous rcvd is 12988 
Packet(s) lost or reordered : 13671 was received, previous rcvd is 13669 
Packet(s) lost or reordered : 14080 was received, previous rcvd is 14078 
Packet(s) lost or reordered : 14111 was received, previous rcvd is 14109 
Packet(s) lost or reordered : 14353 was received, previous rcvd is 14351 
Packet(s) lost or reordered : 14396 was received, previous rcvd is 14394 
