Listen on port 8081 to receive RTCP from decoder 
Scream sender started! 
 summary   2.0  Transmit rate =  4267kbps, PLR =  0.00%( 0.00%), CE =  3.35%( 9.62%)[ 0.0%,  0.0%, 90.4%,  9.6%], RTT = 0.035s, Queue delay = 0.000s, MTU = 1200
 summary   4.0  Transmit rate =  5679kbps, PLR =  0.00%( 0.00%), CE =  5.60%( 7.54%)[ 0.0%,  0.0%, 92.3%,  7.7%], RTT = 0.027s, Queue delay = 0.001s, MTU = 1200
 summary   6.0  Transmit rate =  6502kbps, PLR =  0.00%( 0.00%), CE =  7.70%( 7.66%)[ 0.0%,  0.0%, 91.9%,  8.1%], RTT = 0.024s, Queue delay = 0.001s, MTU = 1200
 summary   8.0  Transmit rate =  6710kbps, PLR =  0.00%( 0.00%), CE =  6.94%( 7.26%)[ 0.0%,  0.0%, 92.4%,  7.6%], RTT = 0.022s, Queue delay = 0.001s, MTU = 1200
 summary  10.0  Transmit rate =  6972kbps, PLR =  0.00%( 0.00%), CE =  8.09%( 7.16%)[ 0.0%,  0.0%, 92.4%,  7.6%], RTT = 0.022s, Queue delay = 0.001s, MTU = 1200
 summary  12.0  Transmit rate =  7066kbps, PLR =  0.00%( 0.00%), CE =  6.40%( 7.46%)[ 0.0%,  0.0%, 92.1%,  7.9%], RTT = 0.022s, Queue delay = 0.001s, MTU = 1200
 summary  14.0  Transmit rate =  6962kbps, PLR =  0.00%( 0.00%), CE =  7.52%( 6.89%)[ 0.0%,  0.0%, 92.7%,  7.3%], RTT = 0.021s, Queue delay = 0.001s, MTU = 1200
 summary  16.0  Transmit rate =  7129kbps, PLR =  0.00%( 0.00%), CE =  7.30%( 7.06%)[ 0.0%,  0.0%, 92.5%,  7.5%], RTT = 0.021s, Queue delay = 0.001s, MTU = 1200
 summary  18.0  Transmit rate =  7027kbps, PLR =  0.00%( 0.00%), CE =  6.69%( 6.91%)[ 0.0%,  0.0%, 92.6%,  7.4%], RTT = 0.021s, Queue delay = 0.001s, MTU = 1200
 summary  20.0  Transmit rate =  7102kbps, PLR =  0.00%( 0.00%), CE =  7.27%( 6.95%)[ 0.0%,  0.0%, 92.6%,  7.4%], RTT = 0.021s, Queue delay = 0.001s, MTU = 1200
 summary  22.0  Transmit rate =  7099kbps, PLR =  0.00%( 0.00%), CE =  7.88%( 6.99%)[ 0.0%,  0.0%, 92.6%,  7.4%], RTT = 0.021s, Queue delay = 0.001s, MTU = 1200
 summary  24.0  Transmit rate =  6991kbps, PLR =  0.00%( 0.00%), CE =  7.57%( 7.02%)[ 0.0%,  0.0%, 92.5%,  7.5%], RTT = 0.021s, Queue delay = 0.001s, MTU = 1200
 summary  26.0  Transmit rate =  6843kbps, PLR =  0.00%( 0.00%), CE =  7.35%( 6.94%)[ 0.0%,  0.0%, 92.6%,  7.4%], RTT = 0.021s, Queue delay = 0.001s, MTU = 1200
 summary  28.0  Transmit rate =  6989kbps, PLR =  0.00%( 0.00%), CE =  7.60%( 6.90%)[ 0.0%,  0.0%, 92.7%,  7.3%], RTT = 0.021s, Queue delay = 0.001s, MTU = 1200
 summary  30.0  Transmit rate =  7107kbps, PLR =  0.00%( 0.00%), CE =  7.62%( 6.95%)[ 0.0%,  0.0%, 92.6%,  7.4%], RTT = 0.021s, Queue delay = 0.001s, MTU = 1200
 summary  32.0  Transmit rate =  7090kbps, PLR =  0.00%( 0.00%), CE =  7.61%( 6.95%)[ 0.0%,  0.0%, 92.6%,  7.4%], RTT = 0.021s, Queue delay = 0.001s, MTU = 1200
 summary  34.0  Transmit rate =  6915kbps, PLR =  0.00%( 0.00%), CE =  7.92%( 7.00%)[ 0.0%,  0.0%, 92.6%,  7.4%], RTT = 0.021s, Queue delay = 0.001s, MTU = 1200

======================== Summary ==========================
 Bitrate min/max/avg [kbps]          :  5341/ 8828/ 6928
 RTT     min/max/avg [s]             : 0.021/0.049/0.021
 Queue delay max/avg [s]             : 0.003/0.001
 Packet loss avg [%]                 : 0.000
 ECN/L4S NotECT/ECT(0)/ECT(1)/CE [%] :  0.0/ 0.0/92.6/ 7.4
===========================================================
