socket set to IP_RECVTOS
socket SO_RCVBUF set to 20971520
Listen on port 8080 to receive RTP from sender 
.
.
Packet(s) lost or reordered :   249 was received, previous rcvd is   247 
Packet(s) lost or reordered :   284 was received, previous rcvd is   282 
Packet(s) lost or reordered :   291 was received, previous rcvd is   289 
Packet(s) lost or reordered :   300 was received, previous rcvd is   298 
Packet(s) lost or reordered :   302 was received, previous rcvd is   300 
Packet(s) lost or reordered :   637 was received, previous rcvd is   635 
Packet(s) lost or reordered :  2103 was received, previous rcvd is  2101 
Packet(s) lost or reordered :  2460 was received, previous rcvd is  2458 
Packet(s) lost or reordered :  3594 was received, previous rcvd is  3592 
Packet(s) lost or reordered :  4376 was received, previous rcvd is  4374 
Packet(s) lost or reordered :  6245 was received, previous rcvd is  6243 
Packet(s) lost or reordered :  7924 was received, previous rcvd is  7922 
Packet(s) lost or reordered :  8046 was received, previous rcvd is  8044 
Packet(s) lost or reordered :  9426 was received, previous rcvd is  9424 
Packet(s) lost or reordered : 12245 was received, previous rcvd is 12243 
Packet(s) lost or reordered : 13285 was received, previous rcvd is 13283 
Packet(s) lost or reordered : 15166 was received, previous rcvd is 15164 
