socket set to IP_RECVTOS
socket SO_RCVBUF set to 20971520
Listen on port 8080 to receive RTP from sender 
.
.
Packet(s) lost or reordered :   268 was received, previous rcvd is   266 
Packet(s) lost or reordered :   292 was received, previous rcvd is   290 
Packet(s) lost or reordered :   535 was received, previous rcvd is   533 
Packet(s) lost or reordered :  1982 was received, previous rcvd is  1980 
Packet(s) lost or reordered :  3899 was received, previous rcvd is  3897 
Packet(s) lost or reordered :  4121 was received, previous rcvd is  4119 
Packet(s) lost or reordered :  4175 was received, previous rcvd is  4173 
Packet(s) lost or reordered :  4328 was received, previous rcvd is  4326 
Packet(s) lost or reordered :  5857 was received, previous rcvd is  5855 
Packet(s) lost or reordered :  6077 was received, previous rcvd is  6075 
Packet(s) lost or reordered :  6095 was received, previous rcvd is  6093 
Packet(s) lost or reordered : 10010 was received, previous rcvd is 10008 
Packet(s) lost or reordered : 10064 was received, previous rcvd is 10062 
Packet(s) lost or reordered : 10524 was received, previous rcvd is 10522 
Packet(s) lost or reordered : 11635 was received, previous rcvd is 11633 
Packet(s) lost or reordered : 13024 was received, previous rcvd is 13022 
Packet(s) lost or reordered : 14199 was received, previous rcvd is 14197 
Packet(s) lost or reordered : 15639 was received, previous rcvd is 15637 
