Listen on port 8081 to receive RTCP from decoder 
Scream sender started! 
 summary   2.0  Transmit rate =  4326kbps, PLR =  0.00%( 0.00%), CE =  3.04%( 8.59%)[ 0.0%,  0.0%, 91.1%,  8.9%], RTT = 0.035s, Queue delay = 0.000s, MTU = 1200
 summary   4.0  Transmit rate =  5853kbps, PLR =  0.00%( 0.00%), CE =  6.26%( 8.08%)[ 0.0%,  0.0%, 91.5%,  8.5%], RTT = 0.027s, Queue delay = 0.001s, MTU = 1200
 summary   6.0  Transmit rate =  6455kbps, PLR =  0.00%( 0.00%), CE =  7.82%( 7.71%)[ 0.0%,  0.0%, 91.8%,  8.2%], RTT = 0.024s, Queue delay = 0.001s, MTU = 1200
 summary   8.0  Transmit rate =  6799kbps, PLR =  0.00%( 0.00%), CE =  7.99%( 7.32%)[ 0.0%,  0.0%, 92.3%,  7.7%], RTT = 0.022s, Queue delay = 0.001s, MTU = 1200
 summary  10.0  Transmit rate =  6909kbps, PLR =  0.00%( 0.00%), CE =  7.70%( 7.07%)[ 0.0%,  0.0%, 92.5%,  7.5%], RTT = 0.022s, Queue delay = 0.001s, MTU = 1200
 summary  12.0  Transmit rate =  6923kbps, PLR =  0.00%( 0.00%), CE =  7.08%( 7.00%)[ 0.0%,  0.0%, 92.5%,  7.5%], RTT = 0.021s, Queue delay = 0.001s, MTU = 1200
 summary  14.0  Transmit rate =  6859kbps, PLR =  0.00%( 0.00%), CE =  7.28%( 7.09%)[ 0.0%,  0.0%, 92.5%,  7.5%], RTT = 0.021s, Queue delay = 0.001s, MTU = 1200
 summary  16.0  Transmit rate =  6787kbps, PLR =  0.00%( 0.00%), CE =  8.20%( 7.01%)[ 0.0%,  0.0%, 92.6%,  7.4%], RTT = 0.021s, Queue delay = 0.001s, MTU = 1200
 summary  18.0  Transmit rate =  6510kbps, PLR =  0.00%( 0.00%), CE =  8.96%( 7.20%)[ 0.0%,  0.0%, 92.5%,  7.5%], RTT = 0.021s, Queue delay = 0.001s, MTU = 1200
 summary  20.0  Transmit rate =  6850kbps, PLR =  0.00%( 0.00%), CE =  8.38%( 7.14%)[ 0.0%,  0.0%, 92.5%,  7.5%], RTT = 0.021s, Queue delay = 0.001s, MTU = 1200
 summary  22.0  Transmit rate =  6941kbps, PLR =  0.00%( 0.00%), CE =  8.62%( 7.18%)[ 0.0%,  0.0%, 92.4%,  7.6%], RTT = 0.021s, Queue delay = 0.001s, MTU = 1200
 summary  24.0  Transmit rate =  7060kbps, PLR =  0.00%( 0.00%), CE =  7.99%( 7.10%)[ 0.0%,  0.0%, 92.5%,  7.5%], RTT = 0.021s, Queue delay = 0.001s, MTU = 1200
 summary  26.0  Transmit rate =  6980kbps, PLR =  0.00%( 0.00%), CE =  8.12%( 7.08%)[ 0.0%,  0.0%, 92.5%,  7.5%], RTT = 0.021s, Queue delay = 0.001s, MTU = 1200
 summary  28.0  Transmit rate =  6952kbps, PLR =  0.00%( 0.00%), CE =  7.69%( 7.02%)[ 0.0%,  0.0%, 92.6%,  7.4%], RTT = 0.021s, Queue delay = 0.001s, MTU = 1200
 summary  30.0  Transmit rate =  6963kbps, PLR =  0.00%( 0.00%), CE =  7.65%( 7.06%)[ 0.0%,  0.0%, 92.6%,  7.4%], RTT = 0.021s, Queue delay = 0.001s, MTU = 1200
 summary  32.0  Transmit rate =  6962kbps, PLR =  0.00%( 0.00%), CE =  8.17%( 7.04%)[ 0.0%,  0.0%, 92.6%,  7.4%], RTT = 0.021s, Queue delay = 0.001s, MTU = 1200
 summary  34.0  Transmit rate =  7019kbps, PLR =  0.00%( 0.00%), CE =  7.63%( 6.96%)[ 0.0%,  0.0%, 92.7%,  7.3%], RTT = 0.021s, Queue delay = 0.001s, MTU = 1200

======================== Summary ==========================
 Bitrate min/max/avg [kbps]          :  5278/ 8783/ 6873
 RTT     min/max/avg [s]             : 0.021/0.049/0.021
 Queue delay max/avg [s]             : 0.003/0.001
 Packet loss avg [%]                 : 0.000
 ECN/L4S NotECT/ECT(0)/ECT(1)/CE [%] :  0.0/ 0.0/92.6/ 7.4
===========================================================
