socket set to IP_RECVTOS
socket SO_RCVBUF set to 20971520
Listen on port 8080 to receive RTP from sender 
.
.
Packet(s) lost or reordered :   194 was received, previous rcvd is   192 
Packet(s) lost or reordered :   226 was received, previous rcvd is   224 
Packet(s) lost or reordered :   288 was received, previous rcvd is   286 
Packet(s) lost or reordered :  1179 was received, previous rcvd is  1177 
Packet(s) lost or reordered :  3662 was received, previous rcvd is  3660 
Packet(s) lost or reordered :  4102 was received, previous rcvd is  4100 
Packet(s) lost or reordered :  5653 was received, previous rcvd is  5651 
Packet(s) lost or reordered :  5814 was received, previous rcvd is  5812 
Packet(s) lost or reordered :  6922 was received, previous rcvd is  6920 
Packet(s) lost or reordered :  9739 was received, previous rcvd is  9737 
Packet(s) lost or reordered : 10018 was received, previous rcvd is 10016 
Packet(s) lost or reordered : 10155 was received, previous rcvd is 10153 
Packet(s) lost or reordered : 10157 was received, previous rcvd is 10155 
Packet(s) lost or reordered : 11130 was received, previous rcvd is 11128 
Packet(s) lost or reordered : 11552 was received, previous rcvd is 11550 
Packet(s) lost or reordered : 14328 was received, previous rcvd is 14326 
Packet(s) lost or reordered : 14533 was received, previous rcvd is 14531 
Packet(s) lost or reordered : 14829 was received, previous rcvd is 14827 
Packet(s) lost or reordered : 14832 was received, previous rcvd is 14830 
.
