Listen on port 8080 to receive RTCP from decoder 
Scream sender started! 
 summary   2.0  Transmit rate =  4757kbps, PLR =  0.00%( 0.00%), CE =  0.06%( 0.15%)[ 0.0%, 99.9%,  0.0%,  0.1%], RTT = 0.037s, Queue delay = 0.003s, MTU = 1200
 summary   4.0  Transmit rate =  6577kbps, PLR =  0.00%( 0.00%), CE =  0.14%( 0.16%)[ 0.0%, 99.8%,  0.0%,  0.2%], RTT = 0.031s, Queue delay = 0.005s, MTU = 1200
 summary   6.0  Transmit rate =  7632kbps, PLR =  0.00%( 0.00%), CE =  0.15%( 0.10%)[ 0.0%, 99.9%,  0.0%,  0.1%], RTT = 0.030s, Queue delay = 0.008s, MTU = 1200
 summary   8.0  Transmit rate =  8590kbps, PLR =  0.00%( 0.00%), CE =  0.09%( 0.07%)[ 0.0%, 99.9%,  0.0%,  0.1%], RTT = 0.030s, Queue delay = 0.008s, MTU = 1200
 summary  10.0  Transmit rate =  8927kbps, PLR =  0.00%( 0.00%), CE =  0.00%( 0.06%)[ 0.0%, 99.9%,  0.0%,  0.1%], RTT = 0.030s, Queue delay = 0.010s, MTU = 1200
 summary  12.0  Transmit rate =  9325kbps, PLR =  0.00%( 0.00%), CE =  0.00%( 0.05%)[ 0.0%, 100.0%,  0.0%,  0.0%], RTT = 0.030s, Queue delay = 0.010s, MTU = 1200
 summary  14.0  Transmit rate =  9308kbps, PLR =  0.00%( 0.00%), CE =  0.00%( 0.04%)[ 0.0%, 100.0%,  0.0%,  0.0%], RTT = 0.031s, Queue delay = 0.012s, MTU = 1200
 summary  16.0  Transmit rate =  8690kbps, PLR =  0.00%( 0.00%), CE =  0.02%( 0.04%)[ 0.0%, 100.0%,  0.0%,  0.0%], RTT = 0.030s, Queue delay = 0.010s, MTU = 1200
 summary  18.0  Transmit rate =  8244kbps, PLR =  0.00%( 0.00%), CE =  0.06%( 0.04%)[ 0.0%, 100.0%,  0.0%,  0.0%], RTT = 0.029s, Queue delay = 0.009s, MTU = 1200
 summary  20.0  Transmit rate =  8093kbps, PLR =  0.00%( 0.00%), CE =  0.04%( 0.04%)[ 0.0%, 100.0%,  0.0%,  0.0%], RTT = 0.029s, Queue delay = 0.008s, MTU = 1200
 summary  22.0  Transmit rate =  8497kbps, PLR =  0.00%( 0.00%), CE =  0.04%( 0.04%)[ 0.0%, 100.0%,  0.0%,  0.0%], RTT = 0.030s, Queue delay = 0.010s, MTU = 1200
 summary  24.0  Transmit rate =  8281kbps, PLR =  0.00%( 0.00%), CE =  0.03%( 0.04%)[ 0.0%, 100.0%,  0.0%,  0.0%], RTT = 0.028s, Queue delay = 0.008s, MTU = 1200
 summary  26.0  Transmit rate =  7717kbps, PLR =  0.00%( 0.00%), CE =  0.06%( 0.04%)[ 0.0%, 100.0%,  0.0%,  0.0%], RTT = 0.028s, Queue delay = 0.008s, MTU = 1200
 summary  28.0  Transmit rate =  7304kbps, PLR =  0.00%( 0.00%), CE =  0.07%( 0.04%)[ 0.0%, 100.0%,  0.0%,  0.0%], RTT = 0.027s, Queue delay = 0.008s, MTU = 1200

======================== Summary ==========================
 Bitrate min/max/avg [kbps]          :  4592/11951/ 8220
 RTT     min/max/avg [s]             : 0.024/0.049/0.029
 Queue delay max/avg [s]             : 0.029/0.009
 Packet loss avg [%]                 : 0.000
 ECN/L4S NotECT/ECT(0)/ECT(1)/CE [%] :  0.0/100.0/ 0.0/ 0.0
===========================================================
