Listen on port 8080 to receive RTCP from decoder 
Scream sender started! 
 summary   2.0  Transmit rate =  4697kbps, PLR =  0.00%( 0.00%), CE =  0.03%( 0.08%)[ 0.0%, 99.9%,  0.0%,  0.1%], RTT = 0.037s, Queue delay = 0.004s, MTU = 1200
 summary   4.0  Transmit rate =  5999kbps, PLR =  0.00%( 0.00%), CE =  0.09%( 0.11%)[ 0.0%, 99.9%,  0.0%,  0.1%], RTT = 0.032s, Queue delay = 0.005s, MTU = 1200
 summary   6.0  Transmit rate =  6980kbps, PLR =  0.00%( 0.00%), CE =  0.09%( 0.09%)[ 0.0%, 99.9%,  0.0%,  0.1%], RTT = 0.030s, Queue delay = 0.007s, MTU = 1200
 summary   8.0  Transmit rate =  7012kbps, PLR =  0.00%( 0.00%), CE =  0.10%( 0.08%)[ 0.0%, 99.9%,  0.0%,  0.1%], RTT = 0.028s, Queue delay = 0.007s, MTU = 1200
 summary  10.0  Transmit rate =  7016kbps, PLR =  0.00%( 0.00%), CE =  0.07%( 0.07%)[ 0.0%, 99.9%,  0.0%,  0.1%], RTT = 0.028s, Queue delay = 0.007s, MTU = 1200
 summary  12.0  Transmit rate =  7142kbps, PLR =  0.00%( 0.00%), CE =  0.04%( 0.06%)[ 0.0%, 99.9%,  0.0%,  0.1%], RTT = 0.027s, Queue delay = 0.007s, MTU = 1200
 summary  14.0  Transmit rate =  7230kbps, PLR =  0.00%( 0.00%), CE =  0.01%( 0.05%)[ 0.0%, 99.9%,  0.0%,  0.1%], RTT = 0.028s, Queue delay = 0.007s, MTU = 1200
 summary  16.0  Transmit rate =  7442kbps, PLR =  0.00%( 0.00%), CE =  0.03%( 0.05%)[ 0.0%, 99.9%,  0.0%,  0.1%], RTT = 0.027s, Queue delay = 0.007s, MTU = 1200
 summary  18.0  Transmit rate =  8182kbps, PLR =  0.00%( 0.00%), CE =  0.03%( 0.05%)[ 0.0%, 100.0%,  0.0%,  0.0%], RTT = 0.028s, Queue delay = 0.007s, MTU = 1200
 summary  20.0  Transmit rate =  8035kbps, PLR =  0.00%( 0.00%), CE =  0.06%( 0.05%)[ 0.0%, 99.9%,  0.0%,  0.1%], RTT = 0.028s, Queue delay = 0.008s, MTU = 1200
 summary  22.0  Transmit rate =  6984kbps, PLR =  0.00%( 0.00%), CE =  0.13%( 0.06%)[ 0.0%, 99.9%,  0.0%,  0.1%], RTT = 0.027s, Queue delay = 0.007s, MTU = 1200
 summary  24.0  Transmit rate =  6550kbps, PLR =  0.00%( 0.00%), CE =  0.14%( 0.06%)[ 0.0%, 99.9%,  0.0%,  0.1%], RTT = 0.027s, Queue delay = 0.007s, MTU = 1200
 summary  26.0  Transmit rate =  7224kbps, PLR =  0.00%( 0.00%), CE =  0.11%( 0.06%)[ 0.0%, 99.9%,  0.0%,  0.1%], RTT = 0.027s, Queue delay = 0.007s, MTU = 1200
 summary  28.0  Transmit rate =  8461kbps, PLR =  0.00%( 0.00%), CE =  0.06%( 0.06%)[ 0.0%, 99.9%,  0.0%,  0.1%], RTT = 0.029s, Queue delay = 0.008s, MTU = 1200

======================== Summary ==========================
 Bitrate min/max/avg [kbps]          :  3536/12192/ 7530
 RTT     min/max/avg [s]             : 0.024/0.049/0.028
 Queue delay max/avg [s]             : 0.040/0.007
 Packet loss avg [%]                 : 0.000
 ECN/L4S NotECT/ECT(0)/ECT(1)/CE [%] :  0.0/99.9/ 0.0/ 0.1
===========================================================
