Listen on port 8081 to receive RTCP from decoder 
Scream sender started! 
 summary   2.0  Transmit rate =  4167kbps, PLR =  0.00%( 0.00%), CE =  2.54%( 7.41%)[ 0.0%,  0.0%, 92.3%,  7.7%], RTT = 0.035s, Queue delay = 0.000s, MTU = 1200
 summary   4.0  Transmit rate =  5855kbps, PLR =  0.00%( 0.00%), CE =  5.87%( 8.21%)[ 0.0%,  0.0%, 91.3%,  8.7%], RTT = 0.027s, Queue delay = 0.001s, MTU = 1200
 summary   6.0  Transmit rate =  6539kbps, PLR =  0.00%( 0.00%), CE =  7.66%( 7.28%)[ 0.0%,  0.0%, 92.1%,  7.9%], RTT = 0.024s, Queue delay = 0.001s, MTU = 1200
 summary   8.0  Transmit rate =  6588kbps, PLR =  0.00%( 0.00%), CE =  8.21%( 7.41%)[ 0.0%,  0.0%, 92.1%,  7.9%], RTT = 0.022s, Queue delay = 0.001s, MTU = 1200
 summary  10.0  Transmit rate =  6864kbps, PLR =  0.00%( 0.00%), CE =  6.77%( 7.14%)[ 0.0%,  0.0%, 92.3%,  7.7%], RTT = 0.022s, Queue delay = 0.001s, MTU = 1200
 summary  12.0  Transmit rate =  7069kbps, PLR =  0.00%( 0.00%), CE =  7.61%( 7.24%)[ 0.0%,  0.0%, 92.2%,  7.8%], RTT = 0.022s, Queue delay = 0.001s, MTU = 1200
 summary  14.0  Transmit rate =  7045kbps, PLR =  0.00%( 0.00%), CE =  7.73%( 7.13%)[ 0.0%,  0.0%, 92.3%,  7.7%], RTT = 0.021s, Queue delay = 0.001s, MTU = 1200
 summary  16.0  Transmit rate =  6923kbps, PLR =  0.00%( 0.00%), CE =  7.61%( 7.20%)[ 0.0%,  0.0%, 92.3%,  7.7%], RTT = 0.021s, Queue delay = 0.001s, MTU = 1200
 summary  18.0  Transmit rate =  6558kbps, PLR =  0.00%( 0.00%), CE =  9.56%( 7.37%)[ 0.0%,  0.0%, 92.2%,  7.8%], RTT = 0.021s, Queue delay = 0.001s, MTU = 1200
 summary  20.0  Transmit rate =  6764kbps, PLR =  0.00%( 0.00%), CE =  9.14%( 7.31%)[ 0.0%,  0.0%, 92.3%,  7.7%], RTT = 0.021s, Queue delay = 0.001s, MTU = 1200
 summary  22.0  Transmit rate =  6653kbps, PLR =  0.00%( 0.00%), CE =  9.19%( 7.40%)[ 0.0%,  0.0%, 92.1%,  7.9%], RTT = 0.021s, Queue delay = 0.001s, MTU = 1200
 summary  24.0  Transmit rate =  6730kbps, PLR =  0.00%( 0.00%), CE =  9.36%( 7.50%)[ 0.0%,  0.0%, 92.1%,  7.9%], RTT = 0.021s, Queue delay = 0.001s, MTU = 1200
 summary  26.0  Transmit rate =  6720kbps, PLR =  0.00%( 0.00%), CE =  8.11%( 7.28%)[ 0.0%,  0.0%, 92.3%,  7.7%], RTT = 0.021s, Queue delay = 0.001s, MTU = 1200
 summary  28.0  Transmit rate =  6712kbps, PLR =  0.00%( 0.00%), CE =  7.25%( 7.28%)[ 0.0%,  0.0%, 92.3%,  7.7%], RTT = 0.021s, Queue delay = 0.001s, MTU = 1200
 summary  30.0  Transmit rate =  7028kbps, PLR =  0.00%( 0.00%), CE =  7.88%( 7.35%)[ 0.0%,  0.0%, 92.2%,  7.8%], RTT = 0.021s, Queue delay = 0.001s, MTU = 1200
 summary  32.0  Transmit rate =  6858kbps, PLR =  0.00%( 0.00%), CE =  8.45%( 7.34%)[ 0.0%,  0.0%, 92.3%,  7.7%], RTT = 0.021s, Queue delay = 0.001s, MTU = 1200
 summary  34.0  Transmit rate =  6943kbps, PLR =  0.00%( 0.00%), CE =  7.67%( 7.24%)[ 0.0%,  0.0%, 92.4%,  7.6%], RTT = 0.021s, Queue delay = 0.001s, MTU = 1200

======================== Summary ==========================
 Bitrate min/max/avg [kbps]          :  4899/ 8633/ 6816
 RTT     min/max/avg [s]             : 0.021/0.049/0.021
 Queue delay max/avg [s]             : 0.003/0.001
 Packet loss avg [%]                 : 0.000
 ECN/L4S NotECT/ECT(0)/ECT(1)/CE [%] :  0.0/ 0.0/92.3/ 7.7
===========================================================
