Listen on port 8081 to receive RTCP from decoder 
Scream sender started! 
 summary   2.0  Transmit rate =  4266kbps, PLR =  0.00%( 0.00%), CE =  3.20%(10.26%)[ 0.0%,  0.0%, 89.6%, 10.4%], RTT = 0.035s, Queue delay = 0.000s, MTU = 1200
 summary   4.0  Transmit rate =  5706kbps, PLR =  0.00%( 0.00%), CE =  6.09%( 7.85%)[ 0.0%,  0.0%, 91.9%,  8.1%], RTT = 0.027s, Queue delay = 0.001s, MTU = 1200
 summary   6.0  Transmit rate =  6601kbps, PLR =  0.00%( 0.00%), CE =  8.38%( 8.03%)[ 0.0%,  0.0%, 91.5%,  8.5%], RTT = 0.024s, Queue delay = 0.001s, MTU = 1200
 summary   8.0  Transmit rate =  6828kbps, PLR =  0.00%( 0.00%), CE =  8.00%( 7.56%)[ 0.0%,  0.0%, 92.0%,  8.0%], RTT = 0.022s, Queue delay = 0.001s, MTU = 1200
 summary  10.0  Transmit rate =  6951kbps, PLR =  0.00%( 0.00%), CE =  8.04%( 7.29%)[ 0.0%,  0.0%, 92.1%,  7.9%], RTT = 0.022s, Queue delay = 0.001s, MTU = 1200
 summary  12.0  Transmit rate =  7021kbps, PLR =  0.00%( 0.00%), CE =  8.36%( 7.52%)[ 0.0%,  0.0%, 92.0%,  8.0%], RTT = 0.022s, Queue delay = 0.001s, MTU = 1200
 summary  14.0  Transmit rate =  7054kbps, PLR =  0.00%( 0.00%), CE =  7.83%( 7.30%)[ 0.0%,  0.0%, 92.2%,  7.8%], RTT = 0.021s, Queue delay = 0.001s, MTU = 1200
 summary  16.0  Transmit rate =  7148kbps, PLR =  0.00%( 0.00%), CE =  8.67%( 7.34%)[ 0.0%,  0.0%, 92.2%,  7.8%], RTT = 0.021s, Queue delay = 0.001s, MTU = 1200
 summary  18.0  Transmit rate =  7182kbps, PLR =  0.00%( 0.00%), CE =  7.71%( 7.15%)[ 0.0%,  0.0%, 92.3%,  7.7%], RTT = 0.021s, Queue delay = 0.001s, MTU = 1200
 summary  20.0  Transmit rate =  7103kbps, PLR =  0.00%( 0.00%), CE =  7.82%( 7.36%)[ 0.0%,  0.0%, 92.1%,  7.9%], RTT = 0.021s, Queue delay = 0.001s, MTU = 1200
 summary  22.0  Transmit rate =  7129kbps, PLR =  0.00%( 0.00%), CE =  8.27%( 7.24%)[ 0.0%,  0.0%, 92.2%,  7.8%], RTT = 0.021s, Queue delay = 0.001s, MTU = 1200
 summary  24.0  Transmit rate =  7083kbps, PLR =  0.00%( 0.00%), CE =  8.32%( 7.23%)[ 0.0%,  0.0%, 92.2%,  7.8%], RTT = 0.021s, Queue delay = 0.001s, MTU = 1200
 summary  26.0  Transmit rate =  7080kbps, PLR =  0.00%( 0.00%), CE =  8.38%( 7.24%)[ 0.0%,  0.0%, 92.2%,  7.8%], RTT = 0.021s, Queue delay = 0.001s, MTU = 1200
 summary  28.0  Transmit rate =  7107kbps, PLR =  0.00%( 0.00%), CE =  8.00%( 7.24%)[ 0.0%,  0.0%, 92.2%,  7.8%], RTT = 0.021s, Queue delay = 0.001s, MTU = 1200
 summary  30.0  Transmit rate =  7086kbps, PLR =  0.00%( 0.00%), CE =  8.49%( 7.28%)[ 0.0%,  0.0%, 92.2%,  7.8%], RTT = 0.021s, Queue delay = 0.001s, MTU = 1200
 summary  32.0  Transmit rate =  6945kbps, PLR =  0.00%( 0.00%), CE =  8.34%( 7.29%)[ 0.0%,  0.0%, 92.2%,  7.8%], RTT = 0.021s, Queue delay = 0.001s, MTU = 1200
 summary  34.0  Transmit rate =  6919kbps, PLR =  0.00%( 0.00%), CE =  8.19%( 7.30%)[ 0.0%,  0.0%, 92.2%,  7.8%], RTT = 0.021s, Queue delay = 0.001s, MTU = 1200

======================== Summary ==========================
 Bitrate min/max/avg [kbps]          :  5341/ 8662/ 6984
 RTT     min/max/avg [s]             : 0.021/0.049/0.021
 Queue delay max/avg [s]             : 0.003/0.001
 Packet loss avg [%]                 : 0.000
 ECN/L4S NotECT/ECT(0)/ECT(1)/CE [%] :  0.0/ 0.0/92.3/ 7.7
===========================================================
