Listen on port 8081 to receive RTCP from decoder 
Scream sender started! 
 summary   2.0  Transmit rate =  4440kbps, PLR =  0.00%( 0.00%), CE =  2.59%( 8.10%)[ 0.0%,  0.0%, 91.5%,  8.5%], RTT = 0.035s, Queue delay = 0.000s, MTU = 1200
 summary   4.0  Transmit rate =  5715kbps, PLR =  0.00%( 0.00%), CE =  7.08%( 8.46%)[ 0.0%,  0.0%, 91.3%,  8.7%], RTT = 0.027s, Queue delay = 0.001s, MTU = 1200
 summary   6.0  Transmit rate =  6426kbps, PLR =  0.00%( 0.00%), CE =  8.78%( 7.82%)[ 0.0%,  0.0%, 91.8%,  8.2%], RTT = 0.024s, Queue delay = 0.001s, MTU = 1200
 summary   8.0  Transmit rate =  6812kbps, PLR =  0.00%( 0.00%), CE =  7.34%( 7.55%)[ 0.0%,  0.0%, 92.1%,  7.9%], RTT = 0.022s, Queue delay = 0.001s, MTU = 1200
 summary  10.0  Transmit rate =  6901kbps, PLR =  0.00%( 0.00%), CE =  8.60%( 7.72%)[ 0.0%,  0.0%, 91.9%,  8.1%], RTT = 0.022s, Queue delay = 0.001s, MTU = 1200
 summary  12.0  Transmit rate =  6824kbps, PLR =  0.00%( 0.00%), CE =  8.26%( 7.55%)[ 0.0%,  0.0%, 92.1%,  7.9%], RTT = 0.021s, Queue delay = 0.001s, MTU = 1200
 summary  14.0  Transmit rate =  6865kbps, PLR =  0.00%( 0.00%), CE =  7.78%( 7.42%)[ 0.0%,  0.0%, 92.2%,  7.8%], RTT = 0.021s, Queue delay = 0.001s, MTU = 1200
 summary  16.0  Transmit rate =  7019kbps, PLR =  0.00%( 0.00%), CE =  7.86%( 7.47%)[ 0.0%,  0.0%, 92.1%,  7.9%], RTT = 0.021s, Queue delay = 0.001s, MTU = 1200
 summary  18.0  Transmit rate =  7067kbps, PLR =  0.00%( 0.00%), CE =  7.21%( 7.36%)[ 0.0%,  0.0%, 92.2%,  7.8%], RTT = 0.021s, Queue delay = 0.001s, MTU = 1200
 summary  20.0  Transmit rate =  6971kbps, PLR =  0.00%( 0.00%), CE =  8.43%( 7.56%)[ 0.0%,  0.0%, 92.0%,  8.0%], RTT = 0.021s, Queue delay = 0.001s, MTU = 1200
 summary  22.0  Transmit rate =  6874kbps, PLR =  0.00%( 0.00%), CE =  8.31%( 7.40%)[ 0.0%,  0.0%, 92.2%,  7.8%], RTT = 0.021s, Queue delay = 0.001s, MTU = 1200
 summary  24.0  Transmit rate =  6919kbps, PLR =  0.00%( 0.00%), CE =  6.84%( 7.35%)[ 0.0%,  0.0%, 92.2%,  7.8%], RTT = 0.021s, Queue delay = 0.001s, MTU = 1200
 summary  26.0  Transmit rate =  7008kbps, PLR =  0.00%( 0.00%), CE =  7.27%( 7.19%)[ 0.0%,  0.0%, 92.4%,  7.6%], RTT = 0.021s, Queue delay = 0.001s, MTU = 1200
 summary  28.0  Transmit rate =  7008kbps, PLR =  0.00%( 0.00%), CE =  6.98%( 7.14%)[ 0.0%,  0.0%, 92.5%,  7.5%], RTT = 0.021s, Queue delay = 0.001s, MTU = 1200
 summary  30.0  Transmit rate =  7003kbps, PLR =  0.00%( 0.00%), CE =  7.08%( 7.24%)[ 0.0%,  0.0%, 92.3%,  7.7%], RTT = 0.021s, Queue delay = 0.001s, MTU = 1200
 summary  32.0  Transmit rate =  7035kbps, PLR =  0.00%( 0.00%), CE =  8.18%( 7.25%)[ 0.0%,  0.0%, 92.3%,  7.7%], RTT = 0.021s, Queue delay = 0.001s, MTU = 1200
 summary  34.1  Transmit rate =  7006kbps, PLR =  0.00%( 0.00%), CE =  8.13%( 7.17%)[ 0.0%,  0.0%, 92.4%,  7.6%], RTT = 0.021s, Queue delay = 0.001s, MTU = 1200

======================== Summary ==========================
 Bitrate min/max/avg [kbps]          :  5403/ 8633/ 6924
 RTT     min/max/avg [s]             : 0.021/0.049/0.021
 Queue delay max/avg [s]             : 0.003/0.001
 Packet loss avg [%]                 : 0.000
 ECN/L4S NotECT/ECT(0)/ECT(1)/CE [%] :  0.0/ 0.0/92.3/ 7.7
===========================================================
