Listen on port 8081 to receive RTCP from decoder 
Scream sender started! 
 summary   2.0  Transmit rate =  4231kbps, PLR =  0.00%( 0.00%), CE =  2.60%( 7.49%)[ 0.0%,  0.0%, 92.5%,  7.5%], RTT = 0.035s, Queue delay = 0.000s, MTU = 1200
 summary   4.0  Transmit rate =  5657kbps, PLR =  0.00%( 0.00%), CE =  6.40%( 8.34%)[ 0.0%,  0.0%, 91.4%,  8.6%], RTT = 0.027s, Queue delay = 0.001s, MTU = 1200
 summary   6.0  Transmit rate =  6428kbps, PLR =  0.00%( 0.00%), CE =  8.19%( 7.60%)[ 0.0%,  0.0%, 92.2%,  7.8%], RTT = 0.024s, Queue delay = 0.001s, MTU = 1200
 summary   8.0  Transmit rate =  6692kbps, PLR =  0.00%( 0.00%), CE =  8.30%( 7.36%)[ 0.0%,  0.0%, 92.3%,  7.7%], RTT = 0.022s, Queue delay = 0.001s, MTU = 1200
 summary  10.0  Transmit rate =  6951kbps, PLR =  0.00%( 0.00%), CE =  7.63%( 7.18%)[ 0.0%,  0.0%, 92.5%,  7.5%], RTT = 0.022s, Queue delay = 0.001s, MTU = 1200
 summary  12.0  Transmit rate =  7073kbps, PLR =  0.00%( 0.00%), CE =  7.18%( 7.25%)[ 0.0%,  0.0%, 92.4%,  7.6%], RTT = 0.022s, Queue delay = 0.001s, MTU = 1200
 summary  14.0  Transmit rate =  7017kbps, PLR =  0.00%( 0.00%), CE =  6.60%( 6.81%)[ 0.0%,  0.0%, 92.8%,  7.2%], RTT = 0.021s, Queue delay = 0.001s, MTU = 1200
 summary  16.0  Transmit rate =  6951kbps, PLR =  0.00%( 0.00%), CE =  7.53%( 6.96%)[ 0.0%,  0.0%, 92.6%,  7.4%], RTT = 0.021s, Queue delay = 0.001s, MTU = 1200
 summary  18.0  Transmit rate =  6820kbps, PLR =  0.00%( 0.00%), CE =  7.36%( 6.87%)[ 0.0%,  0.0%, 92.8%,  7.2%], RTT = 0.021s, Queue delay = 0.001s, MTU = 1200
 summary  20.0  Transmit rate =  6979kbps, PLR =  0.00%( 0.00%), CE =  7.65%( 6.84%)[ 0.0%,  0.0%, 92.8%,  7.2%], RTT = 0.021s, Queue delay = 0.001s, MTU = 1200
 summary  22.0  Transmit rate =  6996kbps, PLR =  0.00%( 0.00%), CE =  6.99%( 6.76%)[ 0.0%,  0.0%, 92.9%,  7.1%], RTT = 0.021s, Queue delay = 0.001s, MTU = 1200
 summary  24.0  Transmit rate =  7024kbps, PLR =  0.00%( 0.00%), CE =  7.24%( 6.80%)[ 0.0%,  0.0%, 92.8%,  7.2%], RTT = 0.021s, Queue delay = 0.001s, MTU = 1200
 summary  26.0  Transmit rate =  7129kbps, PLR =  0.00%( 0.00%), CE =  7.76%( 6.80%)[ 0.0%,  0.0%, 92.8%,  7.2%], RTT = 0.021s, Queue delay = 0.001s, MTU = 1200
 summary  28.0  Transmit rate =  7123kbps, PLR =  0.00%( 0.00%), CE =  8.72%( 6.87%)[ 0.0%,  0.0%, 92.7%,  7.3%], RTT = 0.021s, Queue delay = 0.001s, MTU = 1200
 summary  30.1  Transmit rate =  6965kbps, PLR =  0.00%( 0.00%), CE =  8.10%( 6.87%)[ 0.0%,  0.0%, 92.7%,  7.3%], RTT = 0.021s, Queue delay = 0.001s, MTU = 1200
 summary  32.1  Transmit rate =  7041kbps, PLR =  0.00%( 0.00%), CE =  7.05%( 6.75%)[ 0.0%,  0.0%, 92.8%,  7.2%], RTT = 0.021s, Queue delay = 0.001s, MTU = 1200
 summary  34.1  Transmit rate =  6919kbps, PLR =  0.00%( 0.00%), CE =  8.52%( 6.83%)[ 0.0%,  0.0%, 92.7%,  7.3%], RTT = 0.021s, Queue delay = 0.001s, MTU = 1200

======================== Summary ==========================
 Bitrate min/max/avg [kbps]          :  5526/ 8678/ 6916
 RTT     min/max/avg [s]             : 0.021/0.049/0.021
 Queue delay max/avg [s]             : 0.003/0.001
 Packet loss avg [%]                 : 0.000
 ECN/L4S NotECT/ECT(0)/ECT(1)/CE [%] :  0.0/ 0.0/92.8/ 7.2
===========================================================
