Listen on port 8080 to receive RTCP from decoder 
Scream sender started! 
 summary   2.0  Transmit rate =  4904kbps, PLR =  0.00%( 0.00%), CE =  0.03%( 0.07%)[ 0.0%, 99.9%,  0.0%,  0.1%], RTT = 0.038s, Queue delay = 0.004s, MTU = 1200
 summary   4.0  Transmit rate =  6417kbps, PLR =  0.00%( 0.00%), CE =  0.07%( 0.07%)[ 0.0%, 99.9%,  0.0%,  0.1%], RTT = 0.033s, Queue delay = 0.006s, MTU = 1200
 summary   6.0  Transmit rate =  6983kbps, PLR =  0.00%( 0.00%), CE =  0.10%( 0.07%)[ 0.0%, 99.9%,  0.0%,  0.1%], RTT = 0.030s, Queue delay = 0.007s, MTU = 1200
 summary   8.0  Transmit rate =  7316kbps, PLR =  0.00%( 0.00%), CE =  0.08%( 0.05%)[ 0.0%, 100.0%,  0.0%,  0.0%], RTT = 0.029s, Queue delay = 0.008s, MTU = 1200
 summary  10.0  Transmit rate =  7605kbps, PLR =  0.00%( 0.00%), CE =  0.06%( 0.05%)[ 0.0%, 100.0%,  0.0%,  0.0%], RTT = 0.029s, Queue delay = 0.008s, MTU = 1200
 summary  12.0  Transmit rate =  7522kbps, PLR =  0.00%( 0.00%), CE =  0.03%( 0.04%)[ 0.0%, 100.0%,  0.0%,  0.0%], RTT = 0.028s, Queue delay = 0.008s, MTU = 1200
 summary  14.0  Transmit rate =  7919kbps, PLR =  0.00%( 0.00%), CE =  0.03%( 0.04%)[ 0.0%, 100.0%,  0.0%,  0.0%], RTT = 0.028s, Queue delay = 0.007s, MTU = 1200
 summary  16.0  Transmit rate =  7632kbps, PLR =  0.00%( 0.00%), CE =  0.03%( 0.04%)[ 0.0%, 100.0%,  0.0%,  0.0%], RTT = 0.028s, Queue delay = 0.008s, MTU = 1200
 summary  18.0  Transmit rate =  7393kbps, PLR =  0.00%( 0.00%), CE =  0.06%( 0.04%)[ 0.0%, 100.0%,  0.0%,  0.0%], RTT = 0.027s, Queue delay = 0.007s, MTU = 1200
 summary  20.0  Transmit rate =  7891kbps, PLR =  0.00%( 0.00%), CE =  0.06%( 0.04%)[ 0.0%, 100.0%,  0.0%,  0.0%], RTT = 0.028s, Queue delay = 0.009s, MTU = 1200
 summary  22.0  Transmit rate =  7579kbps, PLR =  0.00%( 0.00%), CE =  0.03%( 0.04%)[ 0.0%, 100.0%,  0.0%,  0.0%], RTT = 0.028s, Queue delay = 0.007s, MTU = 1200
 summary  24.0  Transmit rate =  7750kbps, PLR =  0.00%( 0.00%), CE =  0.03%( 0.04%)[ 0.0%, 100.0%,  0.0%,  0.0%], RTT = 0.028s, Queue delay = 0.008s, MTU = 1200
 summary  26.0  Transmit rate =  8580kbps, PLR =  0.00%( 0.00%), CE =  0.00%( 0.03%)[ 0.0%, 100.0%,  0.0%,  0.0%], RTT = 0.030s, Queue delay = 0.011s, MTU = 1200
 summary  28.0  Transmit rate =  8641kbps, PLR =  0.00%( 0.00%), CE =  0.02%( 0.04%)[ 0.0%, 100.0%,  0.0%,  0.0%], RTT = 0.031s, Queue delay = 0.010s, MTU = 1200

======================== Summary ==========================
 Bitrate min/max/avg [kbps]          :  3939/12069/ 7839
 RTT     min/max/avg [s]             : 0.024/0.049/0.029
 Queue delay max/avg [s]             : 0.031/0.008
 Packet loss avg [%]                 : 0.000
 ECN/L4S NotECT/ECT(0)/ECT(1)/CE [%] :  0.0/100.0/ 0.0/ 0.0
===========================================================
