socket set to IP_RECVTOS
socket SO_RCVBUF set to 20971520
Listen on port 8080 to receive RTP from sender 
.
.
Packet(s) lost or reordered :   164 was received, previous rcvd is   162 
Packet(s) lost or reordered :   190 was received, previous rcvd is   188 
Packet(s) lost or reordered :   194 was received, previous rcvd is   192 
Packet(s) lost or reordered :   252 was received, previous rcvd is   250 
Packet(s) lost or reordered :   274 was received, previous rcvd is   272 
Packet(s) lost or reordered :  1939 was received, previous rcvd is  1937 
Packet(s) lost or reordered :  6066 was received, previous rcvd is  6064 
Packet(s) lost or reordered :  9853 was received, previous rcvd is  9851 
Packet(s) lost or reordered :  9898 was received, previous rcvd is  9896 
Packet(s) lost or reordered : 10144 was received, previous rcvd is 10142 
Packet(s) lost or reordered : 10282 was received, previous rcvd is 10280 
Packet(s) lost or reordered : 10611 was received, previous rcvd is 10609 
Packet(s) lost or reordered : 12543 was received, previous rcvd is 12541 
Packet(s) lost or reordered : 12563 was received, previous rcvd is 12561 
Packet(s) lost or reordered : 12808 was received, previous rcvd is 12806 
Packet(s) lost or reordered : 12810 was received, previous rcvd is 12808 
Packet(s) lost or reordered : 12953 was received, previous rcvd is 12951 
Packet(s) lost or reordered : 15316 was received, previous rcvd is 15314 
