Listen on port 8081 to receive RTCP from decoder 
Scream sender started! 
 summary   2.0  Transmit rate =  4384kbps, PLR =  0.00%( 0.00%), CE =  0.00%( 0.00%)[ 0.0%,  0.0%, 100.0%,  0.0%], RTT = 0.046s, Queue delay = 0.000s, MTU = 1200
 summary   4.0  Transmit rate = 13703kbps, PLR =  0.00%( 0.00%), CE =  0.00%( 0.35%)[ 0.0%,  0.0%, 99.6%,  0.4%], RTT = 0.043s, Queue delay = 0.000s, MTU = 1200
 summary   6.0  Transmit rate = 19704kbps, PLR =  0.00%( 0.00%), CE =  0.24%( 0.18%)[ 0.0%,  0.0%, 99.8%,  0.2%], RTT = 0.041s, Queue delay = 0.000s, MTU = 1200
 summary   8.0  Transmit rate = 20919kbps, PLR =  0.00%( 0.00%), CE =  1.06%( 0.59%)[ 0.0%,  0.0%, 99.4%,  0.6%], RTT = 0.041s, Queue delay = 0.000s, MTU = 1200
 summary  10.0  Transmit rate = 21179kbps, PLR =  0.00%( 0.00%), CE =  1.65%( 0.73%)[ 0.0%,  0.0%, 99.3%,  0.7%], RTT = 0.040s, Queue delay = 0.000s, MTU = 1200
 summary  12.0  Transmit rate = 23421kbps, PLR =  0.00%( 0.00%), CE =  0.85%( 0.58%)[ 0.0%,  0.0%, 99.4%,  0.6%], RTT = 0.040s, Queue delay = 0.000s, MTU = 1200
 summary  14.0  Transmit rate = 24485kbps, PLR =  0.00%( 0.00%), CE =  0.09%( 0.48%)[ 0.0%,  0.0%, 99.5%,  0.5%], RTT = 0.040s, Queue delay = 0.000s, MTU = 1200
 summary  16.0  Transmit rate = 26717kbps, PLR =  0.00%( 0.00%), CE =  0.03%( 0.40%)[ 0.0%,  0.0%, 99.6%,  0.4%], RTT = 0.040s, Queue delay = 0.000s, MTU = 1200
 summary  18.0  Transmit rate = 23744kbps, PLR =  0.00%( 0.00%), CE =  0.67%( 0.47%)[ 0.0%,  0.0%, 99.5%,  0.5%], RTT = 0.040s, Queue delay = 0.000s, MTU = 1200
 summary  20.0  Transmit rate = 26174kbps, PLR =  0.00%( 0.00%), CE =  0.65%( 0.41%)[ 0.0%,  0.0%, 99.6%,  0.4%], RTT = 0.040s, Queue delay = 0.000s, MTU = 1200
 summary  22.0  Transmit rate = 23377kbps, PLR =  0.00%( 0.00%), CE =  0.37%( 0.42%)[ 0.0%,  0.0%, 99.6%,  0.4%], RTT = 0.040s, Queue delay = 0.000s, MTU = 1200
 summary  24.0  Transmit rate = 26558kbps, PLR =  0.00%( 0.00%), CE =  0.32%( 0.38%)[ 0.0%,  0.0%, 99.6%,  0.4%], RTT = 0.040s, Queue delay = 0.000s, MTU = 1200
 summary  26.0  Transmit rate = 23829kbps, PLR =  0.00%( 0.00%), CE =  0.80%( 0.46%)[ 0.0%,  0.0%, 99.5%,  0.5%], RTT = 0.040s, Queue delay = 0.000s, MTU = 1200
 summary  28.0  Transmit rate = 26674kbps, PLR =  0.00%( 0.00%), CE =  0.78%( 0.42%)[ 0.0%,  0.0%, 99.6%,  0.4%], RTT = 0.040s, Queue delay = 0.000s, MTU = 1200

======================== Summary ==========================
 Bitrate min/max/avg [kbps]          : 13022/36345/22823
 RTT     min/max/avg [s]             : 0.040/0.050/0.040
 Queue delay max/avg [s]             : 0.002/0.000
 Packet loss avg [%]                 : 0.000
 ECN/L4S NotECT/ECT(0)/ECT(1)/CE [%] :  0.0/ 0.0/99.5/ 0.5
===========================================================
