Listen on port 8081 to receive RTCP from decoder 
Scream sender started! 
 summary   2.0  Transmit rate =  4411kbps, PLR =  0.00%( 0.00%), CE =  0.00%( 0.00%)[ 0.0%,  0.0%, 100.0%,  0.0%], RTT = 0.046s, Queue delay = 0.000s, MTU = 1200
 summary   4.0  Transmit rate = 15041kbps, PLR =  0.00%( 0.00%), CE =  0.00%( 2.59%)[ 0.0%,  0.0%, 97.1%,  2.9%], RTT = 0.043s, Queue delay = 0.000s, MTU = 1200
 summary   6.0  Transmit rate = 23606kbps, PLR =  0.00%( 0.00%), CE =  2.36%( 2.93%)[ 0.0%,  0.0%, 97.0%,  3.0%], RTT = 0.041s, Queue delay = 0.000s, MTU = 1200
 summary   8.0  Transmit rate = 27593kbps, PLR =  0.00%( 0.00%), CE =  3.72%( 2.85%)[ 0.0%,  0.0%, 97.1%,  2.9%], RTT = 0.041s, Queue delay = 0.000s, MTU = 1200
 summary  10.0  Transmit rate = 29093kbps, PLR =  0.00%( 0.00%), CE =  3.20%( 2.69%)[ 0.0%,  0.0%, 97.3%,  2.7%], RTT = 0.040s, Queue delay = 0.000s, MTU = 1200
 summary  12.0  Transmit rate = 29845kbps, PLR =  0.00%( 0.00%), CE =  3.34%( 2.58%)[ 0.0%,  0.0%, 97.4%,  2.6%], RTT = 0.040s, Queue delay = 0.000s, MTU = 1200
 summary  14.0  Transmit rate = 30197kbps, PLR =  0.00%( 0.00%), CE =  2.89%( 2.56%)[ 0.0%,  0.0%, 97.4%,  2.6%], RTT = 0.040s, Queue delay = 0.000s, MTU = 1200
 summary  16.0  Transmit rate = 30412kbps, PLR =  0.00%( 0.00%), CE =  3.28%( 2.53%)[ 0.0%,  0.0%, 97.4%,  2.6%], RTT = 0.040s, Queue delay = 0.000s, MTU = 1200
 summary  18.0  Transmit rate = 30537kbps, PLR =  0.00%( 0.00%), CE =  3.22%( 2.52%)[ 0.0%,  0.0%, 97.4%,  2.6%], RTT = 0.040s, Queue delay = 0.000s, MTU = 1200
 summary  20.0  Transmit rate = 30631kbps, PLR =  0.00%( 0.00%), CE =  3.49%( 2.51%)[ 0.0%,  0.0%, 97.4%,  2.6%], RTT = 0.040s, Queue delay = 0.000s, MTU = 1200
 summary  22.0  Transmit rate = 30409kbps, PLR =  0.00%( 0.00%), CE =  3.29%( 2.52%)[ 0.0%,  0.0%, 97.4%,  2.6%], RTT = 0.040s, Queue delay = 0.000s, MTU = 1200
 summary  24.0  Transmit rate = 30421kbps, PLR =  0.00%( 0.00%), CE =  2.65%( 2.46%)[ 0.0%,  0.0%, 97.5%,  2.5%], RTT = 0.040s, Queue delay = 0.000s, MTU = 1200
 summary  26.0  Transmit rate = 30710kbps, PLR =  0.00%( 0.00%), CE =  1.95%( 2.43%)[ 0.0%,  0.0%, 97.4%,  2.6%], RTT = 0.040s, Queue delay = 0.000s, MTU = 1200
 summary  28.0  Transmit rate = 30753kbps, PLR =  0.00%( 0.00%), CE =  2.23%( 2.63%)[ 0.0%,  0.0%, 97.3%,  2.7%], RTT = 0.040s, Queue delay = 0.000s, MTU = 1200
 summary  30.0  Transmit rate = 30498kbps, PLR =  0.00%( 0.00%), CE =  3.36%( 2.59%)[ 0.0%,  0.0%, 97.4%,  2.6%], RTT = 0.040s, Queue delay = 0.000s, MTU = 1200
 summary  32.0  Transmit rate = 30602kbps, PLR =  0.00%( 0.00%), CE =  2.12%( 2.57%)[ 0.0%,  0.0%, 97.4%,  2.6%], RTT = 0.040s, Queue delay = 0.000s, MTU = 1200
 summary  34.0  Transmit rate = 30815kbps, PLR =  0.00%( 0.00%), CE =  2.52%( 2.57%)[ 0.0%,  0.0%, 97.4%,  2.6%], RTT = 0.040s, Queue delay = 0.000s, MTU = 1200

======================== Summary ==========================
 Bitrate min/max/avg [kbps]          : 24880/37172/28679
 RTT     min/max/avg [s]             : 0.040/0.050/0.040
 Queue delay max/avg [s]             : 0.002/0.000
 Packet loss avg [%]                 : 0.000
 ECN/L4S NotECT/ECT(0)/ECT(1)/CE [%] :  0.0/ 0.0/97.5/ 2.5
===========================================================
