Listen on port 8081 to receive RTCP from decoder 
Scream sender started! 
 summary   2.0  Transmit rate =  4437kbps, PLR =  0.00%( 0.00%), CE =  0.00%( 0.00%)[ 0.0%,  0.0%, 100.0%,  0.0%], RTT = 0.046s, Queue delay = 0.000s, MTU = 1200
 summary   4.0  Transmit rate = 13695kbps, PLR =  0.00%( 0.00%), CE =  0.00%( 0.37%)[ 0.0%,  0.0%, 99.6%,  0.4%], RTT = 0.043s, Queue delay = 0.000s, MTU = 1200
 summary   6.0  Transmit rate = 19094kbps, PLR =  0.00%( 0.00%), CE =  0.26%( 0.58%)[ 0.0%,  0.0%, 99.4%,  0.6%], RTT = 0.041s, Queue delay = 0.000s, MTU = 1200
 summary   8.0  Transmit rate = 21258kbps, PLR =  0.00%( 0.00%), CE =  0.71%( 0.40%)[ 0.0%,  0.0%, 99.6%,  0.4%], RTT = 0.041s, Queue delay = 0.000s, MTU = 1200
 summary  10.0  Transmit rate = 21437kbps, PLR =  0.00%( 0.00%), CE =  1.22%( 0.60%)[ 0.0%,  0.0%, 99.4%,  0.6%], RTT = 0.040s, Queue delay = 0.000s, MTU = 1200
 summary  12.0  Transmit rate = 26005kbps, PLR =  0.00%( 0.00%), CE =  0.77%( 0.46%)[ 0.0%,  0.0%, 99.5%,  0.5%], RTT = 0.040s, Queue delay = 0.000s, MTU = 1200
 summary  14.0  Transmit rate = 23705kbps, PLR =  0.00%( 0.00%), CE =  0.92%( 0.58%)[ 0.0%,  0.0%, 99.4%,  0.6%], RTT = 0.040s, Queue delay = 0.000s, MTU = 1200
 summary  16.0  Transmit rate = 27170kbps, PLR =  0.00%( 0.00%), CE =  0.86%( 0.48%)[ 0.0%,  0.0%, 99.5%,  0.5%], RTT = 0.040s, Queue delay = 0.000s, MTU = 1200
 summary  18.0  Transmit rate = 24442kbps, PLR =  0.00%( 0.00%), CE =  1.33%( 0.64%)[ 0.0%,  0.0%, 99.4%,  0.6%], RTT = 0.040s, Queue delay = 0.000s, MTU = 1200
 summary  20.0  Transmit rate = 25217kbps, PLR =  0.00%( 0.00%), CE =  1.33%( 0.57%)[ 0.0%,  0.0%, 99.4%,  0.6%], RTT = 0.040s, Queue delay = 0.000s, MTU = 1200
 summary  22.0  Transmit rate = 22934kbps, PLR =  0.00%( 0.00%), CE =  0.43%( 0.57%)[ 0.0%,  0.0%, 99.4%,  0.6%], RTT = 0.040s, Queue delay = 0.000s, MTU = 1200
 summary  24.0  Transmit rate = 25773kbps, PLR =  0.00%( 0.00%), CE =  0.42%( 0.51%)[ 0.0%,  0.0%, 99.5%,  0.5%], RTT = 0.040s, Queue delay = 0.000s, MTU = 1200
 summary  26.0  Transmit rate = 23171kbps, PLR =  0.00%( 0.00%), CE =  0.38%( 0.52%)[ 0.0%,  0.0%, 99.5%,  0.5%], RTT = 0.040s, Queue delay = 0.000s, MTU = 1200
 summary  28.1  Transmit rate = 26268kbps, PLR =  0.00%( 0.00%), CE =  0.34%( 0.47%)[ 0.0%,  0.0%, 99.5%,  0.5%], RTT = 0.040s, Queue delay = 0.000s, MTU = 1200

======================== Summary ==========================
 Bitrate min/max/avg [kbps]          : 13006/36413/22617
 RTT     min/max/avg [s]             : 0.040/0.050/0.040
 Queue delay max/avg [s]             : 0.002/0.000
 Packet loss avg [%]                 : 0.000
 ECN/L4S NotECT/ECT(0)/ECT(1)/CE [%] :  0.0/ 0.0/99.5/ 0.5
===========================================================
