Listen on port 8081 to receive RTCP from decoder 
Scream sender started! 
 summary   2.0  Transmit rate =  4452kbps, PLR =  0.00%( 0.00%), CE =  0.00%( 0.00%)[ 0.0%,  0.0%, 100.0%,  0.0%], RTT = 0.046s, Queue delay = 0.000s, MTU = 1200
 summary   4.0  Transmit rate = 15073kbps, PLR =  0.00%( 0.00%), CE =  0.00%( 2.49%)[ 0.0%,  0.0%, 97.2%,  2.8%], RTT = 0.043s, Queue delay = 0.000s, MTU = 1200
 summary   6.0  Transmit rate = 23814kbps, PLR =  0.00%( 0.00%), CE =  2.04%( 3.10%)[ 0.0%,  0.0%, 96.8%,  3.2%], RTT = 0.041s, Queue delay = 0.000s, MTU = 1200
 summary   8.0  Transmit rate = 27821kbps, PLR =  0.00%( 0.00%), CE =  3.90%( 2.98%)[ 0.0%,  0.0%, 97.0%,  3.0%], RTT = 0.041s, Queue delay = 0.000s, MTU = 1200
 summary  10.0  Transmit rate = 29474kbps, PLR =  0.00%( 0.00%), CE =  3.45%( 2.87%)[ 0.0%,  0.0%, 97.1%,  2.9%], RTT = 0.041s, Queue delay = 0.000s, MTU = 1200
 summary  12.0  Transmit rate = 30203kbps, PLR =  0.00%( 0.00%), CE =  3.77%( 2.81%)[ 0.0%,  0.0%, 97.1%,  2.9%], RTT = 0.040s, Queue delay = 0.000s, MTU = 1200
 summary  14.0  Transmit rate = 30618kbps, PLR =  0.00%( 0.00%), CE =  3.44%( 2.83%)[ 0.0%,  0.0%, 97.1%,  2.9%], RTT = 0.040s, Queue delay = 0.000s, MTU = 1200
 summary  16.0  Transmit rate = 30727kbps, PLR =  0.00%( 0.00%), CE =  3.84%( 2.83%)[ 0.0%,  0.0%, 97.1%,  2.9%], RTT = 0.040s, Queue delay = 0.000s, MTU = 1200
 summary  18.0  Transmit rate = 30711kbps, PLR =  0.00%( 0.00%), CE =  3.56%( 2.77%)[ 0.0%,  0.0%, 97.2%,  2.8%], RTT = 0.040s, Queue delay = 0.000s, MTU = 1200
 summary  20.0  Transmit rate = 30564kbps, PLR =  0.00%( 0.00%), CE =  3.78%( 2.76%)[ 0.0%,  0.0%, 97.2%,  2.8%], RTT = 0.040s, Queue delay = 0.000s, MTU = 1200
 summary  22.0  Transmit rate = 30404kbps, PLR =  0.00%( 0.00%), CE =  3.26%( 2.70%)[ 0.0%,  0.0%, 97.3%,  2.7%], RTT = 0.040s, Queue delay = 0.000s, MTU = 1200
 summary  24.0  Transmit rate = 30483kbps, PLR =  0.00%( 0.00%), CE =  3.49%( 2.67%)[ 0.0%,  0.0%, 97.3%,  2.7%], RTT = 0.040s, Queue delay = 0.000s, MTU = 1200
 summary  26.0  Transmit rate = 30508kbps, PLR =  0.00%( 0.00%), CE =  3.06%( 2.65%)[ 0.0%,  0.0%, 97.3%,  2.7%], RTT = 0.040s, Queue delay = 0.000s, MTU = 1200
 summary  28.0  Transmit rate = 30557kbps, PLR =  0.00%( 0.00%), CE =  2.85%( 2.63%)[ 0.0%,  0.0%, 97.3%,  2.7%], RTT = 0.040s, Queue delay = 0.000s, MTU = 1200
 summary  30.0  Transmit rate = 30729kbps, PLR =  0.00%( 0.00%), CE =  2.32%( 2.62%)[ 0.0%,  0.0%, 97.3%,  2.7%], RTT = 0.040s, Queue delay = 0.000s, MTU = 1200
 summary  32.0  Transmit rate = 30816kbps, PLR =  0.00%( 0.00%), CE =  2.43%( 2.62%)[ 0.0%,  0.0%, 97.3%,  2.7%], RTT = 0.040s, Queue delay = 0.000s, MTU = 1200
 summary  34.0  Transmit rate = 31025kbps, PLR =  0.00%( 0.00%), CE =  2.49%( 2.71%)[ 0.0%,  0.0%, 97.2%,  2.8%], RTT = 0.040s, Queue delay = 0.001s, MTU = 1200

======================== Summary ==========================
 Bitrate min/max/avg [kbps]          : 24913/37239/28818
 RTT     min/max/avg [s]             : 0.040/0.050/0.040
 Queue delay max/avg [s]             : 0.002/0.000
 Packet loss avg [%]                 : 0.000
 ECN/L4S NotECT/ECT(0)/ECT(1)/CE [%] :  0.0/ 0.0/97.3/ 2.7
===========================================================
