Listen on port 8081 to receive RTCP from decoder 
Scream sender started! 
 summary   2.0  Transmit rate =  4399kbps, PLR =  0.00%( 0.00%), CE =  0.00%( 0.00%)[ 0.0%,  0.0%, 100.0%,  0.0%], RTT = 0.046s, Queue delay = 0.000s, MTU = 1200
 summary   4.0  Transmit rate = 13716kbps, PLR =  0.00%( 0.00%), CE =  0.00%( 0.55%)[ 0.0%,  0.0%, 99.4%,  0.6%], RTT = 0.043s, Queue delay = 0.000s, MTU = 1200
 summary   6.0  Transmit rate = 19875kbps, PLR =  0.00%( 0.00%), CE =  0.37%( 0.29%)[ 0.0%,  0.0%, 99.7%,  0.3%], RTT = 0.041s, Queue delay = 0.000s, MTU = 1200
 summary   8.0  Transmit rate = 23241kbps, PLR =  0.00%( 0.00%), CE =  0.39%( 0.53%)[ 0.0%,  0.0%, 99.5%,  0.5%], RTT = 0.041s, Queue delay = 0.000s, MTU = 1200
 summary  10.0  Transmit rate = 23188kbps, PLR =  0.00%( 0.00%), CE =  0.77%( 0.41%)[ 0.0%,  0.0%, 99.6%,  0.4%], RTT = 0.040s, Queue delay = 0.000s, MTU = 1200
 summary  12.0  Transmit rate = 25187kbps, PLR =  0.00%( 0.00%), CE =  0.75%( 0.50%)[ 0.0%,  0.0%, 99.5%,  0.5%], RTT = 0.040s, Queue delay = 0.000s, MTU = 1200
 summary  14.0  Transmit rate = 22040kbps, PLR =  0.00%( 0.00%), CE =  0.87%( 0.44%)[ 0.0%,  0.0%, 99.6%,  0.4%], RTT = 0.040s, Queue delay = 0.000s, MTU = 1200
 summary  16.0  Transmit rate = 25734kbps, PLR =  0.00%( 0.00%), CE =  0.86%( 0.37%)[ 0.0%,  0.0%, 99.6%,  0.4%], RTT = 0.040s, Queue delay = 0.000s, MTU = 1200
 summary  18.0  Transmit rate = 24683kbps, PLR =  0.00%( 0.00%), CE =  0.04%( 0.33%)[ 0.0%,  0.0%, 99.7%,  0.3%], RTT = 0.040s, Queue delay = 0.000s, MTU = 1200
 summary  20.0  Transmit rate = 22730kbps, PLR =  0.00%( 0.00%), CE =  0.58%( 0.40%)[ 0.0%,  0.0%, 99.6%,  0.4%], RTT = 0.040s, Queue delay = 0.000s, MTU = 1200
 summary  22.0  Transmit rate = 24393kbps, PLR =  0.00%( 0.00%), CE =  0.67%( 0.38%)[ 0.0%,  0.0%, 99.6%,  0.4%], RTT = 0.040s, Queue delay = 0.000s, MTU = 1200
 summary  24.0  Transmit rate = 27286kbps, PLR =  0.00%( 0.00%), CE =  0.17%( 0.34%)[ 0.0%,  0.0%, 99.7%,  0.3%], RTT = 0.040s, Queue delay = 0.000s, MTU = 1200
 summary  26.0  Transmit rate = 24302kbps, PLR =  0.00%( 0.00%), CE =  1.16%( 0.45%)[ 0.0%,  0.0%, 99.5%,  0.5%], RTT = 0.040s, Queue delay = 0.000s, MTU = 1200
 summary  28.0  Transmit rate = 26676kbps, PLR =  0.00%( 0.00%), CE =  1.15%( 0.41%)[ 0.0%,  0.0%, 99.6%,  0.4%], RTT = 0.040s, Queue delay = 0.000s, MTU = 1200

======================== Summary ==========================
 Bitrate min/max/avg [kbps]          : 10234/36530/22966
 RTT     min/max/avg [s]             : 0.040/0.050/0.040
 Queue delay max/avg [s]             : 0.002/0.000
 Packet loss avg [%]                 : 0.000
 ECN/L4S NotECT/ECT(0)/ECT(1)/CE [%] :  0.0/ 0.0/99.5/ 0.5
===========================================================
