Listen on port 8081 to receive RTCP from decoder 
Scream sender started! 
 summary   2.0  Transmit rate =  4409kbps, PLR =  0.00%( 0.00%), CE =  0.00%( 0.00%)[ 0.0%,  0.0%, 100.0%,  0.0%], RTT = 0.046s, Queue delay = 0.000s, MTU = 1200
 summary   4.0  Transmit rate = 15018kbps, PLR =  0.00%( 0.00%), CE =  0.00%( 2.73%)[ 0.0%,  0.0%, 96.9%,  3.1%], RTT = 0.043s, Queue delay = 0.000s, MTU = 1200
 summary   6.0  Transmit rate = 23621kbps, PLR =  0.00%( 0.00%), CE =  2.49%( 3.09%)[ 0.0%,  0.0%, 96.8%,  3.2%], RTT = 0.041s, Queue delay = 0.000s, MTU = 1200
 summary   8.0  Transmit rate = 27656kbps, PLR =  0.00%( 0.00%), CE =  3.87%( 2.93%)[ 0.0%,  0.0%, 97.0%,  3.0%], RTT = 0.041s, Queue delay = 0.000s, MTU = 1200
 summary  10.0  Transmit rate = 29428kbps, PLR =  0.00%( 0.00%), CE =  2.93%( 2.79%)[ 0.0%,  0.0%, 97.1%,  2.9%], RTT = 0.041s, Queue delay = 0.000s, MTU = 1200
 summary  12.0  Transmit rate = 30007kbps, PLR =  0.00%( 0.00%), CE =  3.50%( 2.71%)[ 0.0%,  0.0%, 97.2%,  2.8%], RTT = 0.040s, Queue delay = 0.000s, MTU = 1200
 summary  14.0  Transmit rate = 30428kbps, PLR =  0.00%( 0.00%), CE =  3.15%( 2.69%)[ 0.0%,  0.0%, 97.3%,  2.7%], RTT = 0.040s, Queue delay = 0.000s, MTU = 1200
 summary  16.0  Transmit rate = 30545kbps, PLR =  0.00%( 0.00%), CE =  3.54%( 2.67%)[ 0.0%,  0.0%, 97.3%,  2.7%], RTT = 0.040s, Queue delay = 0.000s, MTU = 1200
 summary  18.0  Transmit rate = 30654kbps, PLR =  0.00%( 0.00%), CE =  3.34%( 2.68%)[ 0.0%,  0.0%, 97.3%,  2.7%], RTT = 0.040s, Queue delay = 0.000s, MTU = 1200
 summary  20.0  Transmit rate = 30516kbps, PLR =  0.00%( 0.00%), CE =  3.65%( 2.64%)[ 0.0%,  0.0%, 97.3%,  2.7%], RTT = 0.040s, Queue delay = 0.000s, MTU = 1200
 summary  22.0  Transmit rate = 30571kbps, PLR =  0.00%( 0.00%), CE =  3.40%( 2.63%)[ 0.0%,  0.0%, 97.3%,  2.7%], RTT = 0.040s, Queue delay = 0.000s, MTU = 1200
 summary  24.0  Transmit rate = 30622kbps, PLR =  0.00%( 0.00%), CE =  3.51%( 2.61%)[ 0.0%,  0.0%, 97.3%,  2.7%], RTT = 0.040s, Queue delay = 0.000s, MTU = 1200
 summary  26.0  Transmit rate = 30807kbps, PLR =  0.00%( 0.00%), CE =  3.39%( 2.62%)[ 0.0%,  0.0%, 97.3%,  2.7%], RTT = 0.040s, Queue delay = 0.000s, MTU = 1200
 summary  28.0  Transmit rate = 30911kbps, PLR =  0.00%( 0.00%), CE =  3.73%( 2.63%)[ 0.0%,  0.0%, 97.3%,  2.7%], RTT = 0.040s, Queue delay = 0.000s, MTU = 1200
 summary  30.1  Transmit rate = 30851kbps, PLR =  0.00%( 0.00%), CE =  3.53%( 2.62%)[ 0.0%,  0.0%, 97.3%,  2.7%], RTT = 0.040s, Queue delay = 0.000s, MTU = 1200
 summary  32.1  Transmit rate = 30449kbps, PLR =  0.00%( 0.00%), CE =  3.82%( 2.62%)[ 0.0%,  0.0%, 97.3%,  2.7%], RTT = 0.040s, Queue delay = 0.000s, MTU = 1200
 summary  34.1  Transmit rate = 30556kbps, PLR =  0.00%( 0.00%), CE =  3.01%( 2.55%)[ 0.0%,  0.0%, 97.4%,  2.6%], RTT = 0.040s, Queue delay = 0.000s, MTU = 1200

======================== Summary ==========================
 Bitrate min/max/avg [kbps]          : 24673/37175/28791
 RTT     min/max/avg [s]             : 0.040/0.050/0.040
 Queue delay max/avg [s]             : 0.002/0.000
 Packet loss avg [%]                 : 0.000
 ECN/L4S NotECT/ECT(0)/ECT(1)/CE [%] :  0.0/ 0.0/97.3/ 2.7
===========================================================
