Listen on port 8081 to receive RTCP from decoder 
Scream sender started! 
 summary   2.0  Transmit rate =  4420kbps, PLR =  0.00%( 0.00%), CE =  0.00%( 0.00%)[ 0.0%,  0.0%, 100.0%,  0.0%], RTT = 0.046s, Queue delay = 0.000s, MTU = 1200
 summary   4.0  Transmit rate = 13750kbps, PLR =  0.00%( 0.00%), CE =  0.00%( 0.63%)[ 0.0%,  0.0%, 99.3%,  0.7%], RTT = 0.043s, Queue delay = 0.000s, MTU = 1200
 summary   6.0  Transmit rate = 19029kbps, PLR =  0.00%( 0.00%), CE =  0.43%( 0.35%)[ 0.0%,  0.0%, 99.6%,  0.4%], RTT = 0.041s, Queue delay = 0.000s, MTU = 1200
 summary   8.0  Transmit rate = 23530kbps, PLR =  0.00%( 0.00%), CE =  0.45%( 0.24%)[ 0.0%,  0.0%, 99.8%,  0.2%], RTT = 0.041s, Queue delay = 0.000s, MTU = 1200
 summary  10.0  Transmit rate = 25794kbps, PLR =  0.00%( 0.00%), CE =  0.03%( 0.19%)[ 0.0%,  0.0%, 99.8%,  0.2%], RTT = 0.040s, Queue delay = 0.000s, MTU = 1200
 summary  12.0  Transmit rate = 26452kbps, PLR =  0.00%( 0.00%), CE =  0.04%( 0.15%)[ 0.0%,  0.0%, 99.8%,  0.2%], RTT = 0.040s, Queue delay = 0.000s, MTU = 1200
 summary  14.0  Transmit rate = 23645kbps, PLR =  0.00%( 0.00%), CE =  0.50%( 0.22%)[ 0.0%,  0.0%, 99.8%,  0.2%], RTT = 0.040s, Queue delay = 0.000s, MTU = 1200
 summary  16.0  Transmit rate = 26363kbps, PLR =  0.00%( 0.00%), CE =  0.47%( 0.30%)[ 0.0%,  0.0%, 99.7%,  0.3%], RTT = 0.040s, Queue delay = 0.000s, MTU = 1200
 summary  18.0  Transmit rate = 23822kbps, PLR =  0.00%( 0.00%), CE =  0.66%( 0.27%)[ 0.0%,  0.0%, 99.7%,  0.3%], RTT = 0.040s, Queue delay = 0.000s, MTU = 1200
 summary  20.0  Transmit rate = 26135kbps, PLR =  0.00%( 0.00%), CE =  0.66%( 0.36%)[ 0.0%,  0.0%, 99.6%,  0.4%], RTT = 0.040s, Queue delay = 0.000s, MTU = 1200
 summary  22.0  Transmit rate = 24202kbps, PLR =  0.00%( 0.00%), CE =  0.81%( 0.32%)[ 0.0%,  0.0%, 99.7%,  0.3%], RTT = 0.040s, Queue delay = 0.000s, MTU = 1200
 summary  24.0  Transmit rate = 25880kbps, PLR =  0.00%( 0.00%), CE =  0.81%( 0.39%)[ 0.0%,  0.0%, 99.6%,  0.4%], RTT = 0.040s, Queue delay = 0.000s, MTU = 1200
 summary  26.0  Transmit rate = 24545kbps, PLR =  0.00%( 0.00%), CE =  0.78%( 0.36%)[ 0.0%,  0.0%, 99.6%,  0.4%], RTT = 0.040s, Queue delay = 0.000s, MTU = 1200
 summary  28.0  Transmit rate = 25959kbps, PLR =  0.00%( 0.00%), CE =  1.52%( 0.44%)[ 0.0%,  0.0%, 99.6%,  0.4%], RTT = 0.040s, Queue delay = 0.000s, MTU = 1200

======================== Summary ==========================
 Bitrate min/max/avg [kbps]          : 13069/36407/23312
 RTT     min/max/avg [s]             : 0.040/0.050/0.040
 Queue delay max/avg [s]             : 0.002/0.000
 Packet loss avg [%]                 : 0.000
 ECN/L4S NotECT/ECT(0)/ECT(1)/CE [%] :  0.0/ 0.0/99.6/ 0.4
===========================================================
