Listen on port 5329 to receive RTCP from decoder 
Scream sender started! 
 summary   2.0  Transmit rate =  1168kbps, PLR =  0.00%( 0.00%), CE =  1.03%( 2.75%)[ 0.0%,  0.0%, 97.9%,  2.1%], RTT = 0.067s, Queue delay = 0.001s, MTU = 1200
 summary   4.0  Transmit rate =  1688kbps, PLR =  0.00%( 0.00%), CE =  1.04%( 0.92%)[ 0.0%,  0.0%, 99.2%,  0.8%], RTT = 0.086s, Queue delay = 0.001s, MTU = 1200
 summary   6.0  Transmit rate =  2804kbps, PLR =  0.00%( 0.00%), CE =  0.12%( 0.42%)[ 0.0%,  0.0%, 99.6%,  0.4%], RTT = 0.095s, Queue delay = 0.001s, MTU = 1200
 summary   8.0  Transmit rate =  4228kbps, PLR =  0.00%( 0.00%), CE =  0.05%( 0.27%)[ 0.0%,  0.0%, 99.7%,  0.3%], RTT = 0.099s, Queue delay = 0.001s, MTU = 1200
 summary  10.0  Transmit rate =  4268kbps, PLR =  0.00%( 0.00%), CE =  0.11%( 0.23%)[ 0.0%,  0.0%, 99.8%,  0.2%], RTT = 0.101s, Queue delay = 0.001s, MTU = 1200
 summary  12.0  Transmit rate =  5034kbps, PLR =  0.00%( 0.00%), CE =  0.11%( 0.17%)[ 0.0%,  0.0%, 99.8%,  0.2%], RTT = 0.101s, Queue delay = 0.001s, MTU = 1200
 summary  14.0  Transmit rate =  5206kbps, PLR =  0.00%( 0.00%), CE =  0.16%( 0.19%)[ 0.0%,  0.0%, 99.8%,  0.2%], RTT = 0.102s, Queue delay = 0.001s, MTU = 1200
 summary  16.0  Transmit rate =  4673kbps, PLR =  0.00%( 0.00%), CE =  0.17%( 0.16%)[ 0.0%,  0.0%, 99.8%,  0.2%], RTT = 0.102s, Queue delay = 0.001s, MTU = 1200
 summary  18.0  Transmit rate =  4963kbps, PLR =  0.00%( 0.00%), CE =  0.29%( 0.17%)[ 0.0%,  0.0%, 99.8%,  0.2%], RTT = 0.102s, Queue delay = 0.001s, MTU = 1200
 summary  20.0  Transmit rate =  3899kbps, PLR =  0.00%( 0.00%), CE =  0.14%( 0.16%)[ 0.0%,  0.0%, 99.8%,  0.2%], RTT = 0.102s, Queue delay = 0.001s, MTU = 1200
 summary  22.0  Transmit rate =  3941kbps, PLR =  0.00%( 0.00%), CE =  0.14%( 0.14%)[ 0.0%,  0.0%, 99.9%,  0.1%], RTT = 0.102s, Queue delay = 0.001s, MTU = 1200
 summary  24.0  Transmit rate =  3593kbps, PLR =  0.00%( 0.00%), CE =  0.14%( 0.15%)[ 0.0%,  0.0%, 99.8%,  0.2%], RTT = 0.102s, Queue delay = 0.001s, MTU = 1200
 summary  26.0  Transmit rate =  2659kbps, PLR =  0.00%( 0.00%), CE =  0.27%( 0.16%)[ 0.0%,  0.0%, 99.8%,  0.2%], RTT = 0.102s, Queue delay = 0.001s, MTU = 1200
 summary  28.0  Transmit rate =  2166kbps, PLR =  0.00%( 0.00%), CE =  0.63%( 0.17%)[ 0.0%,  0.0%, 99.8%,  0.2%], RTT = 0.102s, Queue delay = 0.001s, MTU = 1200

======================== Summary ==========================
 Bitrate min/max/avg [kbps]          :  1096/ 7358/ 3514
 RTT     min/max/avg [s]             : 0.050/0.103/0.101
 Queue delay max/avg [s]             : 0.002/0.001
 Packet loss avg [%]                 : 0.000
 ECN/L4S NotECT/ECT(0)/ECT(1)/CE [%] :  0.0/ 0.0/99.8/ 0.2
===========================================================
