Listen on port 5311 to receive RTCP from decoder 
Scream sender started! 
 refresh 0.101089 RTP queue 1 packets discarded for SSRC 100
 summary   2.0  Transmit rate =  1077kbps, PLR =  0.00%( 0.00%), CE =  0.87%( 2.31%)[ 0.0%,  0.0%, 98.2%,  1.8%], RTT = 0.067s, Queue delay = 0.000s, MTU = 1200
 summary   4.0  Transmit rate =  1486kbps, PLR =  0.00%( 0.00%), CE =  0.98%( 1.01%)[ 0.0%,  0.0%, 99.1%,  0.9%], RTT = 0.086s, Queue delay = 0.001s, MTU = 1200
 summary   6.0  Transmit rate =  2182kbps, PLR =  0.00%( 0.00%), CE =  0.21%( 0.52%)[ 0.0%,  0.0%, 99.5%,  0.5%], RTT = 0.095s, Queue delay = 0.001s, MTU = 1200
 summary   8.0  Transmit rate =  3394kbps, PLR =  0.00%( 0.00%), CE =  0.11%( 0.29%)[ 0.0%,  0.0%, 99.7%,  0.3%], RTT = 0.099s, Queue delay = 0.001s, MTU = 1200
 summary  10.0  Transmit rate =  4160kbps, PLR =  0.00%( 0.00%), CE =  0.09%( 0.25%)[ 0.0%,  0.0%, 99.8%,  0.2%], RTT = 0.101s, Queue delay = 0.001s, MTU = 1200
 summary  12.0  Transmit rate =  4382kbps, PLR =  0.00%( 0.00%), CE =  0.10%( 0.19%)[ 0.0%,  0.0%, 99.8%,  0.2%], RTT = 0.102s, Queue delay = 0.001s, MTU = 1200
 summary  14.0  Transmit rate =  5238kbps, PLR =  0.00%( 0.00%), CE =  0.10%( 0.15%)[ 0.0%,  0.0%, 99.9%,  0.1%], RTT = 0.102s, Queue delay = 0.001s, MTU = 1200
 summary  16.0  Transmit rate =  5257kbps, PLR =  0.00%( 0.00%), CE =  0.05%( 0.14%)[ 0.0%,  0.0%, 99.9%,  0.1%], RTT = 0.102s, Queue delay = 0.001s, MTU = 1200
 summary  18.0  Transmit rate =  4968kbps, PLR =  0.00%( 0.00%), CE =  0.10%( 0.13%)[ 0.0%,  0.0%, 99.9%,  0.1%], RTT = 0.102s, Queue delay = 0.001s, MTU = 1200
 summary  20.0  Transmit rate =  4219kbps, PLR =  0.00%( 0.00%), CE =  0.21%( 0.14%)[ 0.0%,  0.0%, 99.9%,  0.1%], RTT = 0.102s, Queue delay = 0.001s, MTU = 1200
 summary  22.0  Transmit rate =  3641kbps, PLR =  0.00%( 0.00%), CE =  0.30%( 0.16%)[ 0.0%,  0.0%, 99.8%,  0.2%], RTT = 0.102s, Queue delay = 0.001s, MTU = 1200
 summary  24.0  Transmit rate =  2592kbps, PLR =  0.00%( 0.00%), CE =  0.75%( 0.19%)[ 0.0%,  0.0%, 99.8%,  0.2%], RTT = 0.102s, Queue delay = 0.001s, MTU = 1200
 summary  26.0  Transmit rate =  1796kbps, PLR =  0.00%( 0.00%), CE =  0.82%( 0.20%)[ 0.0%,  0.0%, 99.8%,  0.2%], RTT = 0.103s, Queue delay = 0.001s, MTU = 1200
 summary  28.0  Transmit rate =  1396kbps, PLR =  0.00%( 0.00%), CE =  1.43%( 0.23%)[ 0.0%,  0.0%, 99.8%,  0.2%], RTT = 0.103s, Queue delay = 0.001s, MTU = 1200

======================== Summary ==========================
 Bitrate min/max/avg [kbps]          :   948/ 7293/ 3177
 RTT     min/max/avg [s]             : 0.050/0.103/0.101
 Queue delay max/avg [s]             : 0.002/0.001
 Packet loss avg [%]                 : 0.000
 ECN/L4S NotECT/ECT(0)/ECT(1)/CE [%] :  0.0/ 0.0/99.7/ 0.3
===========================================================
