Listen on port 5317 to receive RTCP from decoder 
Scream sender started! 
 summary   2.0  Transmit rate =  1169kbps, PLR =  0.00%( 0.00%), CE =  1.04%( 2.75%)[ 0.0%,  0.0%, 97.9%,  2.1%], RTT = 0.067s, Queue delay = 0.000s, MTU = 1200
 summary   4.0  Transmit rate =  1691kbps, PLR =  0.00%( 0.00%), CE =  1.04%( 0.92%)[ 0.0%,  0.0%, 99.2%,  0.8%], RTT = 0.086s, Queue delay = 0.001s, MTU = 1200
 summary   6.0  Transmit rate =  2813kbps, PLR =  0.00%( 0.00%), CE =  0.12%( 0.42%)[ 0.0%,  0.0%, 99.6%,  0.4%], RTT = 0.095s, Queue delay = 0.001s, MTU = 1200
 summary   8.0  Transmit rate =  4428kbps, PLR =  0.00%( 0.00%), CE =  0.00%( 0.27%)[ 0.0%,  0.0%, 99.7%,  0.3%], RTT = 0.099s, Queue delay = 0.001s, MTU = 1200
 summary  10.0  Transmit rate =  5196kbps, PLR =  0.00%( 0.00%), CE =  0.04%( 0.18%)[ 0.0%,  0.0%, 99.8%,  0.2%], RTT = 0.101s, Queue delay = 0.001s, MTU = 1200
 summary  12.0  Transmit rate =  4607kbps, PLR =  0.00%( 0.00%), CE =  0.17%( 0.19%)[ 0.0%,  0.0%, 99.8%,  0.2%], RTT = 0.102s, Queue delay = 0.001s, MTU = 1200
 summary  14.0  Transmit rate =  5129kbps, PLR =  0.00%( 0.00%), CE =  0.13%( 0.15%)[ 0.0%,  0.0%, 99.9%,  0.1%], RTT = 0.102s, Queue delay = 0.001s, MTU = 1200
 summary  16.0  Transmit rate =  5244kbps, PLR =  0.00%( 0.00%), CE =  0.09%( 0.16%)[ 0.0%,  0.0%, 99.8%,  0.2%], RTT = 0.102s, Queue delay = 0.001s, MTU = 1200
 summary  18.0  Transmit rate =  5300kbps, PLR =  0.00%( 0.00%), CE =  0.14%( 0.15%)[ 0.0%,  0.0%, 99.9%,  0.1%], RTT = 0.102s, Queue delay = 0.001s, MTU = 1200
 summary  20.0  Transmit rate =  3996kbps, PLR =  0.00%( 0.00%), CE =  0.50%( 0.18%)[ 0.0%,  0.0%, 99.8%,  0.2%], RTT = 0.102s, Queue delay = 0.001s, MTU = 1200
 summary  22.0  Transmit rate =  3728kbps, PLR =  0.00%( 0.00%), CE =  0.49%( 0.17%)[ 0.0%,  0.0%, 99.8%,  0.2%], RTT = 0.102s, Queue delay = 0.001s, MTU = 1200
 summary  24.0  Transmit rate =  4089kbps, PLR =  0.00%( 0.00%), CE =  0.16%( 0.17%)[ 0.0%,  0.0%, 99.8%,  0.2%], RTT = 0.102s, Queue delay = 0.001s, MTU = 1200
 summary  26.0  Transmit rate =  3065kbps, PLR =  0.00%( 0.00%), CE =  0.36%( 0.19%)[ 0.0%,  0.0%, 99.8%,  0.2%], RTT = 0.102s, Queue delay = 0.001s, MTU = 1200
 summary  28.0  Transmit rate =  2684kbps, PLR =  0.00%( 0.00%), CE =  0.41%( 0.18%)[ 0.0%,  0.0%, 99.8%,  0.2%], RTT = 0.102s, Queue delay = 0.001s, MTU = 1200

======================== Summary ==========================
 Bitrate min/max/avg [kbps]          :  1435/ 7638/ 3769
 RTT     min/max/avg [s]             : 0.050/0.103/0.101
 Queue delay max/avg [s]             : 0.002/0.001
 Packet loss avg [%]                 : 0.000
 ECN/L4S NotECT/ECT(0)/ECT(1)/CE [%] :  0.0/ 0.0/99.8/ 0.2
===========================================================
