Listen on port 5309 to receive RTCP from decoder 
Scream sender started! 
 summary   2.0  Transmit rate =  1167kbps, PLR =  0.00%( 0.00%), CE =  1.04%( 2.76%)[ 0.0%,  0.0%, 97.9%,  2.1%], RTT = 0.067s, Queue delay = 0.001s, MTU = 1200
 summary   4.0  Transmit rate =  1673kbps, PLR =  0.00%( 0.00%), CE =  1.04%( 0.93%)[ 0.0%,  0.0%, 99.2%,  0.8%], RTT = 0.086s, Queue delay = 0.001s, MTU = 1200
 summary   6.0  Transmit rate =  2780kbps, PLR =  0.00%( 0.00%), CE =  0.12%( 0.42%)[ 0.0%,  0.0%, 99.6%,  0.4%], RTT = 0.095s, Queue delay = 0.001s, MTU = 1200
 summary   8.0  Transmit rate =  4488kbps, PLR =  0.00%( 0.00%), CE =  0.00%( 0.23%)[ 0.0%,  0.0%, 99.8%,  0.2%], RTT = 0.099s, Queue delay = 0.001s, MTU = 1200
 summary  10.0  Transmit rate =  5285kbps, PLR =  0.00%( 0.00%), CE =  0.08%( 0.23%)[ 0.0%,  0.0%, 99.8%,  0.2%], RTT = 0.101s, Queue delay = 0.001s, MTU = 1200
 summary  12.0  Transmit rate =  4690kbps, PLR =  0.00%( 0.00%), CE =  0.18%( 0.21%)[ 0.0%,  0.0%, 99.8%,  0.2%], RTT = 0.101s, Queue delay = 0.001s, MTU = 1200
 summary  14.0  Transmit rate =  5076kbps, PLR =  0.00%( 0.00%), CE =  0.10%( 0.17%)[ 0.0%,  0.0%, 99.8%,  0.2%], RTT = 0.102s, Queue delay = 0.001s, MTU = 1200
 summary  16.0  Transmit rate =  4922kbps, PLR =  0.00%( 0.00%), CE =  0.05%( 0.16%)[ 0.0%,  0.0%, 99.8%,  0.2%], RTT = 0.102s, Queue delay = 0.001s, MTU = 1200
 summary  18.0  Transmit rate =  4158kbps, PLR =  0.00%( 0.00%), CE =  0.12%( 0.16%)[ 0.0%,  0.0%, 99.8%,  0.2%], RTT = 0.102s, Queue delay = 0.001s, MTU = 1200
 summary  20.0  Transmit rate =  3282kbps, PLR =  0.00%( 0.00%), CE =  0.26%( 0.17%)[ 0.0%,  0.0%, 99.8%,  0.2%], RTT = 0.102s, Queue delay = 0.001s, MTU = 1200
 summary  22.0  Transmit rate =  2608kbps, PLR =  0.00%( 0.00%), CE =  0.39%( 0.19%)[ 0.0%,  0.0%, 99.8%,  0.2%], RTT = 0.102s, Queue delay = 0.001s, MTU = 1200
 summary  24.0  Transmit rate =  2135kbps, PLR =  0.00%( 0.00%), CE =  0.62%( 0.21%)[ 0.0%,  0.0%, 99.8%,  0.2%], RTT = 0.102s, Queue delay = 0.001s, MTU = 1200
 summary  26.0  Transmit rate =  1901kbps, PLR =  0.00%( 0.00%), CE =  0.53%( 0.22%)[ 0.0%,  0.0%, 99.8%,  0.2%], RTT = 0.102s, Queue delay = 0.001s, MTU = 1200
 summary  28.0  Transmit rate =  1752kbps, PLR =  0.00%( 0.00%), CE =  0.56%( 0.22%)[ 0.0%,  0.0%, 99.8%,  0.2%], RTT = 0.102s, Queue delay = 0.001s, MTU = 1200

======================== Summary ==========================
 Bitrate min/max/avg [kbps]          :  1115/ 7540/ 3218
 RTT     min/max/avg [s]             : 0.050/0.103/0.101
 Queue delay max/avg [s]             : 0.003/0.001
 Packet loss avg [%]                 : 0.000
 ECN/L4S NotECT/ECT(0)/ECT(1)/CE [%] :  0.0/ 0.0/99.8/ 0.2
===========================================================
