Listen on port 5305 to receive RTCP from decoder 
Scream sender started! 
 summary   2.0  Transmit rate =  1166kbps, PLR =  0.00%( 0.00%), CE =  1.04%( 2.76%)[ 0.0%,  0.0%, 97.9%,  2.1%], RTT = 0.067s, Queue delay = 0.001s, MTU = 1200
 summary   4.0  Transmit rate =  1693kbps, PLR =  0.00%( 0.00%), CE =  1.04%( 0.92%)[ 0.0%,  0.0%, 99.2%,  0.8%], RTT = 0.085s, Queue delay = 0.001s, MTU = 1200
 summary   6.0  Transmit rate =  2735kbps, PLR =  0.00%( 0.00%), CE =  0.12%( 0.50%)[ 0.0%,  0.0%, 99.5%,  0.5%], RTT = 0.095s, Queue delay = 0.001s, MTU = 1200
 summary   8.0  Transmit rate =  3378kbps, PLR =  0.00%( 0.00%), CE =  0.06%( 0.32%)[ 0.0%,  0.0%, 99.7%,  0.3%], RTT = 0.099s, Queue delay = 0.001s, MTU = 1200
 summary  10.0  Transmit rate =  4588kbps, PLR =  0.00%( 0.00%), CE =  0.06%( 0.21%)[ 0.0%,  0.0%, 99.8%,  0.2%], RTT = 0.101s, Queue delay = 0.001s, MTU = 1200
 summary  12.0  Transmit rate =  3973kbps, PLR =  0.00%( 0.00%), CE =  0.23%( 0.25%)[ 0.0%,  0.0%, 99.7%,  0.3%], RTT = 0.102s, Queue delay = 0.001s, MTU = 1200
 summary  14.0  Transmit rate =  4121kbps, PLR =  0.00%( 0.00%), CE =  0.23%( 0.21%)[ 0.0%,  0.0%, 99.8%,  0.2%], RTT = 0.102s, Queue delay = 0.001s, MTU = 1200
 summary  16.0  Transmit rate =  5082kbps, PLR =  0.00%( 0.00%), CE =  0.00%( 0.17%)[ 0.0%,  0.0%, 99.8%,  0.2%], RTT = 0.102s, Queue delay = 0.001s, MTU = 1200
 summary  18.0  Transmit rate =  4912kbps, PLR =  0.00%( 0.00%), CE =  0.08%( 0.17%)[ 0.0%,  0.0%, 99.8%,  0.2%], RTT = 0.102s, Queue delay = 0.001s, MTU = 1200
 summary  20.0  Transmit rate =  3443kbps, PLR =  0.00%( 0.00%), CE =  0.58%( 0.23%)[ 0.0%,  0.0%, 99.8%,  0.2%], RTT = 0.102s, Queue delay = 0.001s, MTU = 1200
 summary  22.0  Transmit rate =  2694kbps, PLR =  0.00%( 0.00%), CE =  0.67%( 0.23%)[ 0.0%,  0.0%, 99.8%,  0.2%], RTT = 0.102s, Queue delay = 0.001s, MTU = 1200
 summary  24.0  Transmit rate =  2067kbps, PLR =  0.00%( 0.00%), CE =  0.74%( 0.25%)[ 0.0%,  0.0%, 99.8%,  0.2%], RTT = 0.102s, Queue delay = 0.001s, MTU = 1200
 summary  26.0  Transmit rate =  1601kbps, PLR =  0.00%( 0.00%), CE =  1.19%( 0.29%)[ 0.0%,  0.0%, 99.7%,  0.3%], RTT = 0.102s, Queue delay = 0.001s, MTU = 1200
 summary  28.0  Transmit rate =  1474kbps, PLR =  0.00%( 0.00%), CE =  1.00%( 0.28%)[ 0.0%,  0.0%, 99.7%,  0.3%], RTT = 0.102s, Queue delay = 0.001s, MTU = 1200

======================== Summary ==========================
 Bitrate min/max/avg [kbps]          :   829/ 7350/ 2989
 RTT     min/max/avg [s]             : 0.050/0.103/0.101
 Queue delay max/avg [s]             : 0.002/0.001
 Packet loss avg [%]                 : 0.000
 ECN/L4S NotECT/ECT(0)/ECT(1)/CE [%] :  0.0/ 0.0/99.7/ 0.3
===========================================================
