Listen on port 8081 to receive RTCP from decoder 
Scream sender started! 
 summary   2.0  Transmit rate =  4447kbps, PLR =  0.00%( 0.00%), CE =  0.00%( 0.00%)[ 0.0%,  0.0%, 100.0%,  0.0%], RTT = 0.046s, Queue delay = 0.000s, MTU = 1200
 summary   4.0  Transmit rate = 11966kbps, PLR =  0.00%( 0.00%), CE =  0.17%( 0.41%)[ 0.0%,  0.0%, 99.6%,  0.4%], RTT = 0.043s, Queue delay = 0.000s, MTU = 1200
 summary   6.0  Transmit rate = 16529kbps, PLR =  0.00%( 0.00%), CE =  0.51%( 0.65%)[ 0.0%,  0.0%, 99.3%,  0.7%], RTT = 0.041s, Queue delay = 0.000s, MTU = 1200
 summary   8.0  Transmit rate = 18844kbps, PLR =  0.00%( 0.00%), CE =  1.19%( 0.89%)[ 0.0%,  0.0%, 99.1%,  0.9%], RTT = 0.041s, Queue delay = 0.000s, MTU = 1200
 summary  10.0  Transmit rate = 19825kbps, PLR =  0.00%( 0.00%), CE =  1.59%( 1.05%)[ 0.0%,  0.0%, 98.9%,  1.1%], RTT = 0.040s, Queue delay = 0.000s, MTU = 1200
 summary  12.0  Transmit rate = 20500kbps, PLR =  0.00%( 0.00%), CE =  1.62%( 1.07%)[ 0.0%,  0.0%, 98.9%,  1.1%], RTT = 0.040s, Queue delay = 0.000s, MTU = 1200
 summary  14.0  Transmit rate = 20853kbps, PLR =  0.00%( 0.00%), CE =  1.47%( 1.14%)[ 0.0%,  0.0%, 98.9%,  1.1%], RTT = 0.040s, Queue delay = 0.000s, MTU = 1200
 summary  16.0  Transmit rate = 21111kbps, PLR =  0.00%( 0.00%), CE =  1.46%( 1.17%)[ 0.0%,  0.0%, 98.8%,  1.2%], RTT = 0.040s, Queue delay = 0.000s, MTU = 1200
 summary  18.0  Transmit rate = 21132kbps, PLR =  0.00%( 0.00%), CE =  1.53%( 1.22%)[ 0.0%,  0.0%, 98.8%,  1.2%], RTT = 0.040s, Queue delay = 0.000s, MTU = 1200
 summary  20.0  Transmit rate = 21064kbps, PLR =  0.00%( 0.00%), CE =  1.76%( 1.26%)[ 0.0%,  0.0%, 98.7%,  1.3%], RTT = 0.040s, Queue delay = 0.000s, MTU = 1200
 summary  22.0  Transmit rate = 20633kbps, PLR =  0.00%( 0.00%), CE =  2.37%( 1.39%)[ 0.0%,  0.0%, 98.6%,  1.4%], RTT = 0.040s, Queue delay = 0.000s, MTU = 1200
 summary  24.0  Transmit rate = 20626kbps, PLR =  0.00%( 0.00%), CE =  1.97%( 1.35%)[ 0.0%,  0.0%, 98.6%,  1.4%], RTT = 0.040s, Queue delay = 0.000s, MTU = 1200
 summary  26.0  Transmit rate = 20920kbps, PLR =  0.00%( 0.00%), CE =  1.30%( 1.33%)[ 0.0%,  0.0%, 98.7%,  1.3%], RTT = 0.040s, Queue delay = 0.000s, MTU = 1200
 summary  28.0  Transmit rate = 21167kbps, PLR =  0.00%( 0.00%), CE =  1.22%( 1.30%)[ 0.0%,  0.0%, 98.7%,  1.3%], RTT = 0.040s, Queue delay = 0.000s, MTU = 1200
 summary  30.0  Transmit rate = 21737kbps, PLR =  0.00%( 0.00%), CE =  1.02%( 1.26%)[ 0.0%,  0.0%, 98.7%,  1.3%], RTT = 0.040s, Queue delay = 0.000s, MTU = 1200
 summary  32.0  Transmit rate = 22182kbps, PLR =  0.00%( 0.00%), CE =  1.15%( 1.28%)[ 0.0%,  0.0%, 98.7%,  1.3%], RTT = 0.040s, Queue delay = 0.000s, MTU = 1200
 summary  34.0  Transmit rate = 22423kbps, PLR =  0.00%( 0.00%), CE =  1.42%( 1.28%)[ 0.0%,  0.0%, 98.7%,  1.3%], RTT = 0.040s, Queue delay = 0.000s, MTU = 1200

======================== Summary ==========================
 Bitrate min/max/avg [kbps]          : 17038/26596/20141
 RTT     min/max/avg [s]             : 0.040/0.050/0.040
 Queue delay max/avg [s]             : 0.001/0.000
 Packet loss avg [%]                 : 0.000
 ECN/L4S NotECT/ECT(0)/ECT(1)/CE [%] :  0.0/ 0.0/98.7/ 1.3
===========================================================
