Listen on port 8081 to receive RTCP from decoder 
Scream sender started! 
 summary   2.0  Transmit rate =  4433kbps, PLR =  0.00%( 0.00%), CE =  0.00%( 0.00%)[ 0.0%,  0.0%, 100.0%,  0.0%], RTT = 0.045s, Queue delay = 0.000s, MTU = 1200
 summary   4.0  Transmit rate = 12022kbps, PLR =  0.00%( 0.00%), CE =  0.21%( 0.66%)[ 0.0%,  0.0%, 99.3%,  0.7%], RTT = 0.043s, Queue delay = 0.000s, MTU = 1200
 summary   6.0  Transmit rate = 15410kbps, PLR =  0.00%( 0.00%), CE =  1.70%( 2.48%)[ 0.0%,  0.0%, 97.5%,  2.5%], RTT = 0.041s, Queue delay = 0.000s, MTU = 1200
 summary   8.0  Transmit rate = 15514kbps, PLR =  0.00%( 0.00%), CE =  2.97%( 2.18%)[ 0.0%,  0.0%, 97.8%,  2.2%], RTT = 0.041s, Queue delay = 0.000s, MTU = 1200
 summary  10.0  Transmit rate = 15601kbps, PLR =  0.00%( 0.00%), CE =  3.00%( 2.07%)[ 0.0%,  0.0%, 97.9%,  2.1%], RTT = 0.041s, Queue delay = 0.000s, MTU = 1200
 summary  12.0  Transmit rate = 15764kbps, PLR =  0.00%( 0.00%), CE =  1.46%( 1.91%)[ 0.0%,  0.0%, 98.1%,  1.9%], RTT = 0.040s, Queue delay = 0.000s, MTU = 1200
 summary  14.0  Transmit rate = 15924kbps, PLR =  0.00%( 0.00%), CE =  1.83%( 1.94%)[ 0.0%,  0.0%, 98.1%,  1.9%], RTT = 0.040s, Queue delay = 0.000s, MTU = 1200
 summary  16.0  Transmit rate = 15653kbps, PLR =  0.00%( 0.00%), CE =  2.14%( 1.95%)[ 0.0%,  0.0%, 98.1%,  1.9%], RTT = 0.040s, Queue delay = 0.000s, MTU = 1200
 summary  18.0  Transmit rate = 15148kbps, PLR =  0.00%( 0.00%), CE =  2.29%( 1.96%)[ 0.0%,  0.0%, 98.0%,  2.0%], RTT = 0.040s, Queue delay = 0.000s, MTU = 1200
 summary  20.0  Transmit rate = 14643kbps, PLR =  0.00%( 0.00%), CE =  2.35%( 1.98%)[ 0.0%,  0.0%, 98.0%,  2.0%], RTT = 0.040s, Queue delay = 0.000s, MTU = 1200
 summary  22.0  Transmit rate = 14127kbps, PLR =  0.00%( 0.00%), CE =  2.14%( 1.95%)[ 0.0%,  0.0%, 98.1%,  1.9%], RTT = 0.040s, Queue delay = 0.000s, MTU = 1200
 summary  24.0  Transmit rate = 14040kbps, PLR =  0.00%( 0.00%), CE =  1.96%( 1.92%)[ 0.0%,  0.0%, 98.1%,  1.9%], RTT = 0.040s, Queue delay = 0.000s, MTU = 1200
 summary  26.0  Transmit rate = 14182kbps, PLR =  0.00%( 0.00%), CE =  1.69%( 1.86%)[ 0.0%,  0.0%, 98.2%,  1.8%], RTT = 0.040s, Queue delay = 0.000s, MTU = 1200
 summary  28.0  Transmit rate = 14736kbps, PLR =  0.00%( 0.00%), CE =  1.63%( 1.81%)[ 0.0%,  0.0%, 98.2%,  1.8%], RTT = 0.040s, Queue delay = 0.000s, MTU = 1200
 summary  30.1  Transmit rate = 15631kbps, PLR =  0.00%( 0.00%), CE =  1.16%( 1.74%)[ 0.0%,  0.0%, 98.3%,  1.7%], RTT = 0.040s, Queue delay = 0.000s, MTU = 1200
 summary  32.1  Transmit rate = 16606kbps, PLR =  0.00%( 0.00%), CE =  1.21%( 1.72%)[ 0.0%,  0.0%, 98.3%,  1.7%], RTT = 0.040s, Queue delay = 0.000s, MTU = 1200
 summary  34.1  Transmit rate = 17123kbps, PLR =  0.00%( 0.00%), CE =  1.52%( 1.70%)[ 0.0%,  0.0%, 98.3%,  1.7%], RTT = 0.040s, Queue delay = 0.000s, MTU = 1200

======================== Summary ==========================
 Bitrate min/max/avg [kbps]          : 11504/21442/15244
 RTT     min/max/avg [s]             : 0.040/0.050/0.040
 Queue delay max/avg [s]             : 0.001/0.000
 Packet loss avg [%]                 : 0.000
 ECN/L4S NotECT/ECT(0)/ECT(1)/CE [%] :  0.0/ 0.0/98.3/ 1.7
===========================================================
