Listen on port 8081 to receive RTCP from decoder 
Scream sender started! 
 summary   2.0  Transmit rate =  4454kbps, PLR =  0.00%( 0.00%), CE =  0.00%( 0.00%)[ 0.0%,  0.0%, 100.0%,  0.0%], RTT = 0.046s, Queue delay = 0.000s, MTU = 1200
 summary   4.0  Transmit rate = 12584kbps, PLR =  0.00%( 0.00%), CE =  0.27%( 0.71%)[ 0.0%,  0.0%, 99.2%,  0.8%], RTT = 0.043s, Queue delay = 0.000s, MTU = 1200
 summary   6.0  Transmit rate = 16189kbps, PLR =  0.00%( 0.00%), CE =  1.76%( 2.31%)[ 0.0%,  0.0%, 97.7%,  2.3%], RTT = 0.041s, Queue delay = 0.000s, MTU = 1200
 summary   8.0  Transmit rate = 17038kbps, PLR =  0.00%( 0.00%), CE =  2.50%( 1.83%)[ 0.0%,  0.0%, 98.2%,  1.8%], RTT = 0.041s, Queue delay = 0.000s, MTU = 1200
 summary  10.0  Transmit rate = 17739kbps, PLR =  0.00%( 0.00%), CE =  2.21%( 1.72%)[ 0.0%,  0.0%, 98.3%,  1.7%], RTT = 0.041s, Queue delay = 0.000s, MTU = 1200
 summary  12.0  Transmit rate = 18115kbps, PLR =  0.00%( 0.00%), CE =  1.42%( 1.74%)[ 0.0%,  0.0%, 98.2%,  1.8%], RTT = 0.040s, Queue delay = 0.000s, MTU = 1200
 summary  14.0  Transmit rate = 18021kbps, PLR =  0.00%( 0.00%), CE =  1.88%( 1.77%)[ 0.0%,  0.0%, 98.2%,  1.8%], RTT = 0.040s, Queue delay = 0.000s, MTU = 1200
 summary  16.0  Transmit rate = 18136kbps, PLR =  0.00%( 0.00%), CE =  1.80%( 1.64%)[ 0.0%,  0.0%, 98.4%,  1.6%], RTT = 0.040s, Queue delay = 0.000s, MTU = 1200
 summary  18.0  Transmit rate = 18485kbps, PLR =  0.00%( 0.00%), CE =  1.50%( 1.64%)[ 0.0%,  0.0%, 98.4%,  1.6%], RTT = 0.040s, Queue delay = 0.000s, MTU = 1200
 summary  20.0  Transmit rate = 18402kbps, PLR =  0.00%( 0.00%), CE =  1.50%( 1.64%)[ 0.0%,  0.0%, 98.4%,  1.6%], RTT = 0.040s, Queue delay = 0.000s, MTU = 1200
 summary  22.0  Transmit rate = 17938kbps, PLR =  0.00%( 0.00%), CE =  2.14%( 1.66%)[ 0.0%,  0.0%, 98.3%,  1.7%], RTT = 0.040s, Queue delay = 0.000s, MTU = 1200
 summary  24.0  Transmit rate = 17370kbps, PLR =  0.00%( 0.00%), CE =  2.12%( 1.70%)[ 0.0%,  0.0%, 98.3%,  1.7%], RTT = 0.040s, Queue delay = 0.000s, MTU = 1200
 summary  26.0  Transmit rate = 16533kbps, PLR =  0.00%( 0.00%), CE =  2.41%( 1.74%)[ 0.0%,  0.0%, 98.3%,  1.7%], RTT = 0.040s, Queue delay = 0.000s, MTU = 1200
 summary  28.0  Transmit rate = 15686kbps, PLR =  0.00%( 0.00%), CE =  2.36%( 1.75%)[ 0.0%,  0.0%, 98.3%,  1.7%], RTT = 0.040s, Queue delay = 0.000s, MTU = 1200
 summary  30.0  Transmit rate = 15460kbps, PLR =  0.00%( 0.00%), CE =  2.24%( 1.74%)[ 0.0%,  0.0%, 98.3%,  1.7%], RTT = 0.040s, Queue delay = 0.000s, MTU = 1200
 summary  32.0  Transmit rate = 15885kbps, PLR =  0.00%( 0.00%), CE =  1.80%( 1.71%)[ 0.0%,  0.0%, 98.3%,  1.7%], RTT = 0.040s, Queue delay = 0.000s, MTU = 1200
 summary  34.1  Transmit rate = 16479kbps, PLR =  0.00%( 0.00%), CE =  1.42%( 1.68%)[ 0.0%,  0.0%, 98.3%,  1.7%], RTT = 0.040s, Queue delay = 0.000s, MTU = 1200

======================== Summary ==========================
 Bitrate min/max/avg [kbps]          : 12853/21719/16787
 RTT     min/max/avg [s]             : 0.040/0.050/0.040
 Queue delay max/avg [s]             : 0.001/0.000
 Packet loss avg [%]                 : 0.000
 ECN/L4S NotECT/ECT(0)/ECT(1)/CE [%] :  0.0/ 0.0/98.3/ 1.7
===========================================================
