Listen on port 8080 to receive RTCP from decoder 
Scream sender started! 
 summary   2.0  Transmit rate =  4403kbps, PLR =  0.00%( 0.00%), CE =  0.00%( 0.00%)[100.0%,  0.0%,  0.0%,  0.0%], RTT = 0.045s, Queue delay = 0.000s, MTU = 1200
 summary   4.0  Transmit rate = 13186kbps, PLR =  0.00%( 0.02%), CE =  0.00%( 0.00%)[100.0%,  0.0%,  0.0%,  0.0%], RTT = 0.044s, Queue delay = 0.002s, MTU = 1200
 summary   6.0  Transmit rate = 18673kbps, PLR =  0.01%( 0.01%), CE =  0.00%( 0.00%)[100.0%,  0.0%,  0.0%,  0.0%], RTT = 0.044s, Queue delay = 0.004s, MTU = 1200
 summary   8.0  Transmit rate = 22438kbps, PLR =  0.01%( 0.01%), CE =  0.00%( 0.00%)[100.0%,  0.0%,  0.0%,  0.0%], RTT = 0.045s, Queue delay = 0.005s, MTU = 1200
 summary  10.0  Transmit rate = 24928kbps, PLR =  0.00%( 0.00%), CE =  0.00%( 0.00%)[100.0%,  0.0%,  0.0%,  0.0%], RTT = 0.045s, Queue delay = 0.005s, MTU = 1200
 summary  12.0  Transmit rate = 20185kbps, PLR =  0.05%( 0.02%), CE =  0.00%( 0.00%)[100.0%,  0.0%,  0.0%,  0.0%], RTT = 0.044s, Queue delay = 0.004s, MTU = 1200
 summary  14.0  Transmit rate = 21011kbps, PLR =  0.05%( 0.01%), CE =  0.00%( 0.00%)[100.0%,  0.0%,  0.0%,  0.0%], RTT = 0.044s, Queue delay = 0.004s, MTU = 1200
 summary  16.0  Transmit rate = 21371kbps, PLR =  0.03%( 0.02%), CE =  0.00%( 0.00%)[100.0%,  0.0%,  0.0%,  0.0%], RTT = 0.045s, Queue delay = 0.005s, MTU = 1200
 summary  18.0  Transmit rate = 22483kbps, PLR =  0.01%( 0.01%), CE =  0.00%( 0.00%)[100.0%,  0.0%,  0.0%,  0.0%], RTT = 0.045s, Queue delay = 0.006s, MTU = 1200
 summary  20.0  Transmit rate = 22032kbps, PLR =  0.02%( 0.01%), CE =  0.00%( 0.00%)[100.0%,  0.0%,  0.0%,  0.0%], RTT = 0.045s, Queue delay = 0.005s, MTU = 1200
 summary  22.0  Transmit rate = 21055kbps, PLR =  0.03%( 0.02%), CE =  0.00%( 0.00%)[100.0%,  0.0%,  0.0%,  0.0%], RTT = 0.044s, Queue delay = 0.005s, MTU = 1200
 summary  24.0  Transmit rate = 22572kbps, PLR =  0.03%( 0.01%), CE =  0.00%( 0.00%)[100.0%,  0.0%,  0.0%,  0.0%], RTT = 0.045s, Queue delay = 0.006s, MTU = 1200
 summary  26.0  Transmit rate = 21871kbps, PLR =  0.01%( 0.01%), CE =  0.00%( 0.00%)[100.0%,  0.0%,  0.0%,  0.0%], RTT = 0.045s, Queue delay = 0.005s, MTU = 1200
 summary  28.0  Transmit rate = 20728kbps, PLR =  0.02%( 0.01%), CE =  0.00%( 0.00%)[100.0%,  0.0%,  0.0%,  0.0%], RTT = 0.045s, Queue delay = 0.005s, MTU = 1200
 summary  30.0  Transmit rate = 21430kbps, PLR =  0.02%( 0.01%), CE =  0.00%( 0.00%)[100.0%,  0.0%,  0.0%,  0.0%], RTT = 0.045s, Queue delay = 0.005s, MTU = 1200
 summary  32.0  Transmit rate = 22474kbps, PLR =  0.00%( 0.01%), CE =  0.00%( 0.00%)[100.0%,  0.0%,  0.0%,  0.0%], RTT = 0.045s, Queue delay = 0.005s, MTU = 1200
 summary  34.1  Transmit rate = 22290kbps, PLR =  0.09%( 0.02%), CE =  0.00%( 0.00%)[100.0%,  0.0%,  0.0%,  0.0%], RTT = 0.047s, Queue delay = 0.007s, MTU = 1200

======================== Summary ==========================
 Bitrate min/max/avg [kbps]          :  5732/35240/20936
 RTT     min/max/avg [s]             : 0.040/0.056/0.045
 Queue delay max/avg [s]             : 0.026/0.005
 Packet loss avg [%]                 : 0.017
 ECN/L4S NotECT/ECT(0)/ECT(1)/CE [%] : 100.0/ 0.0/ 0.0/ 0.0
===========================================================
