Listen on port 8081 to receive RTCP from decoder 
Scream sender started! 
 summary   2.0  Transmit rate =  4473kbps, PLR =  0.00%( 0.00%), CE =  0.00%( 0.00%)[ 0.0%,  0.0%, 100.0%,  0.0%], RTT = 0.045s, Queue delay = 0.000s, MTU = 1200
 summary   4.0  Transmit rate = 11746kbps, PLR =  0.00%( 0.00%), CE =  0.13%( 0.37%)[ 0.0%,  0.0%, 99.6%,  0.4%], RTT = 0.043s, Queue delay = 0.000s, MTU = 1200
 summary   6.0  Transmit rate = 15150kbps, PLR =  0.00%( 0.00%), CE =  1.37%( 1.54%)[ 0.0%,  0.0%, 98.5%,  1.5%], RTT = 0.041s, Queue delay = 0.000s, MTU = 1200
 summary   8.0  Transmit rate = 15969kbps, PLR =  0.00%( 0.00%), CE =  2.05%( 1.57%)[ 0.0%,  0.0%, 98.4%,  1.6%], RTT = 0.041s, Queue delay = 0.000s, MTU = 1200
 summary  10.0  Transmit rate = 16162kbps, PLR =  0.00%( 0.00%), CE =  2.32%( 1.60%)[ 0.0%,  0.0%, 98.4%,  1.6%], RTT = 0.041s, Queue delay = 0.000s, MTU = 1200
 summary  12.0  Transmit rate = 16150kbps, PLR =  0.00%( 0.00%), CE =  1.97%( 1.65%)[ 0.0%,  0.0%, 98.4%,  1.6%], RTT = 0.040s, Queue delay = 0.000s, MTU = 1200
 summary  14.0  Transmit rate = 16052kbps, PLR =  0.00%( 0.00%), CE =  2.22%( 1.74%)[ 0.0%,  0.0%, 98.3%,  1.7%], RTT = 0.040s, Queue delay = 0.000s, MTU = 1200
 summary  16.0  Transmit rate = 15891kbps, PLR =  0.00%( 0.00%), CE =  2.09%( 1.68%)[ 0.0%,  0.0%, 98.3%,  1.7%], RTT = 0.040s, Queue delay = 0.000s, MTU = 1200
 summary  18.0  Transmit rate = 16098kbps, PLR =  0.00%( 0.00%), CE =  2.01%( 1.69%)[ 0.0%,  0.0%, 98.3%,  1.7%], RTT = 0.040s, Queue delay = 0.000s, MTU = 1200
 summary  20.0  Transmit rate = 16290kbps, PLR =  0.00%( 0.00%), CE =  1.67%( 1.66%)[ 0.0%,  0.0%, 98.4%,  1.6%], RTT = 0.040s, Queue delay = 0.000s, MTU = 1200
 summary  22.0  Transmit rate = 16337kbps, PLR =  0.00%( 0.00%), CE =  1.92%( 1.70%)[ 0.0%,  0.0%, 98.3%,  1.7%], RTT = 0.040s, Queue delay = 0.000s, MTU = 1200
 summary  24.0  Transmit rate = 16337kbps, PLR =  0.00%( 0.00%), CE =  1.94%( 1.69%)[ 0.0%,  0.0%, 98.3%,  1.7%], RTT = 0.040s, Queue delay = 0.000s, MTU = 1200
 summary  26.0  Transmit rate = 16490kbps, PLR =  0.00%( 0.00%), CE =  1.83%( 1.70%)[ 0.0%,  0.0%, 98.3%,  1.7%], RTT = 0.040s, Queue delay = 0.000s, MTU = 1200
 summary  28.0  Transmit rate = 16228kbps, PLR =  0.00%( 0.00%), CE =  1.98%( 1.74%)[ 0.0%,  0.0%, 98.3%,  1.7%], RTT = 0.040s, Queue delay = 0.000s, MTU = 1200
 summary  30.1  Transmit rate = 15849kbps, PLR =  0.00%( 0.00%), CE =  2.21%( 1.72%)[ 0.0%,  0.0%, 98.3%,  1.7%], RTT = 0.040s, Queue delay = 0.000s, MTU = 1200
 summary  32.1  Transmit rate = 15700kbps, PLR =  0.00%( 0.00%), CE =  1.99%( 1.72%)[ 0.0%,  0.0%, 98.3%,  1.7%], RTT = 0.040s, Queue delay = 0.000s, MTU = 1200
 summary  34.1  Transmit rate = 15741kbps, PLR =  0.00%( 0.00%), CE =  1.76%( 1.71%)[ 0.0%,  0.0%, 98.3%,  1.7%], RTT = 0.040s, Queue delay = 0.000s, MTU = 1200

======================== Summary ==========================
 Bitrate min/max/avg [kbps]          : 13095/20538/15716
 RTT     min/max/avg [s]             : 0.040/0.050/0.040
 Queue delay max/avg [s]             : 0.001/0.000
 Packet loss avg [%]                 : 0.000
 ECN/L4S NotECT/ECT(0)/ECT(1)/CE [%] :  0.0/ 0.0/98.3/ 1.7
===========================================================
