socket set to IP_RECVTOS
socket SO_RCVBUF set to 20971520
Listen on port 8080 to receive RTP from sender 
.
.
Packet(s) lost or reordered :  4448 was received, previous rcvd is  4446 
Packet(s) lost or reordered : 21693 was received, previous rcvd is 21691 
Packet(s) lost or reordered : 22203 was received, previous rcvd is 22201 
Packet(s) lost or reordered : 33832 was received, previous rcvd is 33830 
Packet(s) lost or reordered : 43055 was received, previous rcvd is 43053 
Packet(s) lost or reordered : 43200 was received, previous rcvd is 43198 
Packet(s) lost or reordered : 43332 was received, previous rcvd is 43330 
Packet(s) lost or reordered : 43430 was received, previous rcvd is 43428 
Packet(s) lost or reordered : 43581 was received, previous rcvd is 43579 
Packet(s) lost or reordered : 43686 was received, previous rcvd is 43684 
Packet(s) lost or reordered : 55637 was received, previous rcvd is 55635 
Packet(s) lost or reordered : 57235 was received, previous rcvd is 57233 
Packet(s) lost or reordered : 62986 was received, previous rcvd is 62984 
Packet(s) lost or reordered :    73 was received, previous rcvd is    71 
Packet(s) lost or reordered : 11746 was received, previous rcvd is 11744 
Packet(s) lost or reordered : 12598 was received, previous rcvd is 12596 
