Listen on port 8081 to receive RTCP from decoder 
Scream sender started! 
 summary   2.0  Transmit rate =  4448kbps, PLR =  0.00%( 0.00%), CE =  0.00%( 0.00%)[ 0.0%,  0.0%, 100.0%,  0.0%], RTT = 0.046s, Queue delay = 0.000s, MTU = 1200
 summary   4.0  Transmit rate = 12019kbps, PLR =  0.00%( 0.00%), CE =  0.09%( 0.51%)[ 0.0%,  0.0%, 99.5%,  0.5%], RTT = 0.043s, Queue delay = 0.000s, MTU = 1200
 summary   6.0  Transmit rate = 15392kbps, PLR =  0.00%( 0.00%), CE =  1.64%( 2.35%)[ 0.0%,  0.0%, 97.6%,  2.4%], RTT = 0.041s, Queue delay = 0.000s, MTU = 1200
 summary   8.0  Transmit rate = 15694kbps, PLR =  0.00%( 0.00%), CE =  2.90%( 2.19%)[ 0.0%,  0.0%, 97.8%,  2.2%], RTT = 0.041s, Queue delay = 0.000s, MTU = 1200
 summary  10.0  Transmit rate = 15554kbps, PLR =  0.00%( 0.00%), CE =  3.06%( 2.13%)[ 0.0%,  0.0%, 97.9%,  2.1%], RTT = 0.041s, Queue delay = 0.000s, MTU = 1200
 summary  12.0  Transmit rate = 15111kbps, PLR =  0.00%( 0.00%), CE =  2.42%( 2.16%)[ 0.0%,  0.0%, 97.8%,  2.2%], RTT = 0.040s, Queue delay = 0.000s, MTU = 1200
 summary  14.0  Transmit rate = 14837kbps, PLR =  0.00%( 0.00%), CE =  2.06%( 2.03%)[ 0.0%,  0.0%, 98.0%,  2.0%], RTT = 0.040s, Queue delay = 0.000s, MTU = 1200
 summary  16.0  Transmit rate = 14752kbps, PLR =  0.00%( 0.00%), CE =  1.89%( 2.02%)[ 0.0%,  0.0%, 98.0%,  2.0%], RTT = 0.040s, Queue delay = 0.000s, MTU = 1200
 summary  18.0  Transmit rate = 14841kbps, PLR =  0.00%( 0.00%), CE =  1.74%( 1.93%)[ 0.0%,  0.0%, 98.1%,  1.9%], RTT = 0.040s, Queue delay = 0.000s, MTU = 1200
 summary  20.0  Transmit rate = 15221kbps, PLR =  0.00%( 0.00%), CE =  1.69%( 1.91%)[ 0.0%,  0.0%, 98.1%,  1.9%], RTT = 0.040s, Queue delay = 0.000s, MTU = 1200
 summary  22.0  Transmit rate = 15471kbps, PLR =  0.00%( 0.00%), CE =  1.72%( 1.89%)[ 0.0%,  0.0%, 98.1%,  1.9%], RTT = 0.040s, Queue delay = 0.000s, MTU = 1200
 summary  24.0  Transmit rate = 16057kbps, PLR =  0.00%( 0.00%), CE =  1.41%( 1.77%)[ 0.0%,  0.0%, 98.2%,  1.8%], RTT = 0.040s, Queue delay = 0.000s, MTU = 1200
 summary  26.0  Transmit rate = 16911kbps, PLR =  0.00%( 0.00%), CE =  1.30%( 1.73%)[ 0.0%,  0.0%, 98.3%,  1.7%], RTT = 0.040s, Queue delay = 0.000s, MTU = 1200
 summary  28.0  Transmit rate = 17501kbps, PLR =  0.00%( 0.00%), CE =  1.20%( 1.68%)[ 0.0%,  0.0%, 98.3%,  1.7%], RTT = 0.040s, Queue delay = 0.000s, MTU = 1200
 summary  30.0  Transmit rate = 18092kbps, PLR =  0.00%( 0.00%), CE =  1.44%( 1.66%)[ 0.0%,  0.0%, 98.3%,  1.7%], RTT = 0.040s, Queue delay = 0.000s, MTU = 1200
 summary  32.0  Transmit rate = 18348kbps, PLR =  0.00%( 0.00%), CE =  1.49%( 1.66%)[ 0.0%,  0.0%, 98.3%,  1.7%], RTT = 0.040s, Queue delay = 0.000s, MTU = 1200
 summary  34.0  Transmit rate = 18328kbps, PLR =  0.00%( 0.00%), CE =  1.76%( 1.67%)[ 0.0%,  0.0%, 98.3%,  1.7%], RTT = 0.040s, Queue delay = 0.000s, MTU = 1200

======================== Summary ==========================
 Bitrate min/max/avg [kbps]          : 12226/21605/15969
 RTT     min/max/avg [s]             : 0.040/0.050/0.040
 Queue delay max/avg [s]             : 0.001/0.000
 Packet loss avg [%]                 : 0.000
 ECN/L4S NotECT/ECT(0)/ECT(1)/CE [%] :  0.0/ 0.0/98.3/ 1.7
===========================================================
