socket set to IP_RECVTOS
socket SO_RCVBUF set to 20971520
Listen on port 8080 to receive RTP from sender 
.
.
Packet(s) lost or reordered :  4093 was received, previous rcvd is  4091 
Packet(s) lost or reordered :  4497 was received, previous rcvd is  4495 
Packet(s) lost or reordered : 13128 was received, previous rcvd is 13126 
Packet(s) lost or reordered : 21797 was received, previous rcvd is 21795 
Packet(s) lost or reordered : 22238 was received, previous rcvd is 22236 
Packet(s) lost or reordered : 28163 was received, previous rcvd is 28161 
Packet(s) lost or reordered : 32973 was received, previous rcvd is 32971 
Packet(s) lost or reordered : 41098 was received, previous rcvd is 41096 
Packet(s) lost or reordered : 48880 was received, previous rcvd is 48878 
Packet(s) lost or reordered : 50748 was received, previous rcvd is 50746 
Packet(s) lost or reordered : 50758 was received, previous rcvd is 50756 
Packet(s) lost or reordered : 50960 was received, previous rcvd is 50958 
Packet(s) lost or reordered : 51334 was received, previous rcvd is 51332 
Packet(s) lost or reordered : 51363 was received, previous rcvd is 51361 
Packet(s) lost or reordered : 64963 was received, previous rcvd is 64961 
