Listen on port 8081 to receive RTCP from decoder 
Scream sender started! 
 summary   2.0  Transmit rate =  4464kbps, PLR =  0.00%( 0.00%), CE =  0.00%( 0.00%)[ 0.0%,  0.0%, 100.0%,  0.0%], RTT = 0.046s, Queue delay = 0.000s, MTU = 1200
 summary   4.0  Transmit rate = 12049kbps, PLR =  0.00%( 0.00%), CE =  0.17%( 0.62%)[ 0.0%,  0.0%, 99.3%,  0.7%], RTT = 0.043s, Queue delay = 0.000s, MTU = 1200
 summary   6.0  Transmit rate = 15442kbps, PLR =  0.00%( 0.00%), CE =  1.60%( 1.74%)[ 0.0%,  0.0%, 98.2%,  1.8%], RTT = 0.041s, Queue delay = 0.000s, MTU = 1200
 summary   8.0  Transmit rate = 16824kbps, PLR =  0.00%( 0.00%), CE =  2.03%( 1.51%)[ 0.0%,  0.0%, 98.5%,  1.5%], RTT = 0.041s, Queue delay = 0.000s, MTU = 1200
 summary  10.0  Transmit rate = 17518kbps, PLR =  0.00%( 0.00%), CE =  2.04%( 1.65%)[ 0.0%,  0.0%, 98.3%,  1.7%], RTT = 0.041s, Queue delay = 0.000s, MTU = 1200
 summary  12.0  Transmit rate = 17385kbps, PLR =  0.00%( 0.00%), CE =  1.99%( 1.66%)[ 0.0%,  0.0%, 98.3%,  1.7%], RTT = 0.040s, Queue delay = 0.000s, MTU = 1200
 summary  14.0  Transmit rate = 17384kbps, PLR =  0.00%( 0.00%), CE =  2.12%( 1.62%)[ 0.0%,  0.0%, 98.4%,  1.6%], RTT = 0.040s, Queue delay = 0.000s, MTU = 1200
 summary  16.0  Transmit rate = 17554kbps, PLR =  0.00%( 0.00%), CE =  1.65%( 1.63%)[ 0.0%,  0.0%, 98.4%,  1.6%], RTT = 0.040s, Queue delay = 0.000s, MTU = 1200
 summary  18.0  Transmit rate = 17690kbps, PLR =  0.00%( 0.00%), CE =  1.65%( 1.61%)[ 0.0%,  0.0%, 98.4%,  1.6%], RTT = 0.040s, Queue delay = 0.000s, MTU = 1200
 summary  20.0  Transmit rate = 17537kbps, PLR =  0.00%( 0.00%), CE =  1.82%( 1.62%)[ 0.0%,  0.0%, 98.4%,  1.6%], RTT = 0.040s, Queue delay = 0.000s, MTU = 1200
 summary  22.0  Transmit rate = 17372kbps, PLR =  0.00%( 0.00%), CE =  1.81%( 1.63%)[ 0.0%,  0.0%, 98.4%,  1.6%], RTT = 0.040s, Queue delay = 0.000s, MTU = 1200
 summary  24.0  Transmit rate = 17176kbps, PLR =  0.00%( 0.00%), CE =  1.70%( 1.59%)[ 0.0%,  0.0%, 98.4%,  1.6%], RTT = 0.040s, Queue delay = 0.000s, MTU = 1200
 summary  26.0  Transmit rate = 17054kbps, PLR =  0.00%( 0.00%), CE =  1.85%( 1.62%)[ 0.0%,  0.0%, 98.4%,  1.6%], RTT = 0.040s, Queue delay = 0.000s, MTU = 1200
 summary  28.0  Transmit rate = 16826kbps, PLR =  0.00%( 0.00%), CE =  1.90%( 1.64%)[ 0.0%,  0.0%, 98.4%,  1.6%], RTT = 0.040s, Queue delay = 0.000s, MTU = 1200
 summary  30.0  Transmit rate = 16440kbps, PLR =  0.00%( 0.00%), CE =  2.22%( 1.68%)[ 0.0%,  0.0%, 98.3%,  1.7%], RTT = 0.040s, Queue delay = 0.000s, MTU = 1200
 summary  32.0  Transmit rate = 16343kbps, PLR =  0.00%( 0.00%), CE =  1.99%( 1.66%)[ 0.0%,  0.0%, 98.3%,  1.7%], RTT = 0.040s, Queue delay = 0.000s, MTU = 1200
 summary  34.1  Transmit rate = 16433kbps, PLR =  0.00%( 0.00%), CE =  1.86%( 1.64%)[ 0.0%,  0.0%, 98.4%,  1.6%], RTT = 0.040s, Queue delay = 0.000s, MTU = 1200

======================== Summary ==========================
 Bitrate min/max/avg [kbps]          : 13266/21136/16619
 RTT     min/max/avg [s]             : 0.040/0.050/0.040
 Queue delay max/avg [s]             : 0.001/0.000
 Packet loss avg [%]                 : 0.000
 ECN/L4S NotECT/ECT(0)/ECT(1)/CE [%] :  0.0/ 0.0/98.4/ 1.6
===========================================================
