socket set to IP_RECVTOS
socket SO_RCVBUF set to 20971520
Listen on port 8080 to receive RTP from sender 
.
.
Packet(s) lost or reordered :  4306 was received, previous rcvd is  4304 
Packet(s) lost or reordered : 22599 was received, previous rcvd is 22597 
Packet(s) lost or reordered : 22990 was received, previous rcvd is 22988 
Packet(s) lost or reordered : 26905 was received, previous rcvd is 26903 
Packet(s) lost or reordered : 30428 was received, previous rcvd is 30426 
Packet(s) lost or reordered : 40378 was received, previous rcvd is 40376 
Packet(s) lost or reordered : 40399 was received, previous rcvd is 40397 
Packet(s) lost or reordered : 40528 was received, previous rcvd is 40526 
Packet(s) lost or reordered : 40684 was received, previous rcvd is 40682 
Packet(s) lost or reordered : 40826 was received, previous rcvd is 40824 
Packet(s) lost or reordered : 50184 was received, previous rcvd is 50182 
Packet(s) lost or reordered : 57163 was received, previous rcvd is 57161 
Packet(s) lost or reordered :   215 was received, previous rcvd is   213 
Packet(s) lost or reordered : 20711 was received, previous rcvd is 20709 
.
