Listen on port 8081 to receive RTCP from decoder 
Scream sender started! 
 summary   2.0  Transmit rate =  4459kbps, PLR =  0.00%( 0.00%), CE =  0.00%( 0.00%)[ 0.0%,  0.0%, 100.0%,  0.0%], RTT = 0.045s, Queue delay = 0.000s, MTU = 1200
 summary   4.0  Transmit rate = 12854kbps, PLR =  0.00%( 0.00%), CE =  0.22%( 0.56%)[ 0.0%,  0.0%, 99.4%,  0.6%], RTT = 0.043s, Queue delay = 0.000s, MTU = 1200
 summary   6.0  Transmit rate = 17261kbps, PLR =  0.00%( 0.00%), CE =  1.42%( 1.52%)[ 0.0%,  0.0%, 98.5%,  1.5%], RTT = 0.041s, Queue delay = 0.000s, MTU = 1200
 summary   8.0  Transmit rate = 18578kbps, PLR =  0.00%( 0.00%), CE =  2.27%( 1.73%)[ 0.0%,  0.0%, 98.3%,  1.7%], RTT = 0.041s, Queue delay = 0.000s, MTU = 1200
 summary  10.0  Transmit rate = 18396kbps, PLR =  0.00%( 0.00%), CE =  2.41%( 1.73%)[ 0.0%,  0.0%, 98.3%,  1.7%], RTT = 0.040s, Queue delay = 0.000s, MTU = 1200
 summary  12.0  Transmit rate = 18393kbps, PLR =  0.00%( 0.00%), CE =  1.90%( 1.63%)[ 0.0%,  0.0%, 98.4%,  1.6%], RTT = 0.040s, Queue delay = 0.000s, MTU = 1200
 summary  14.0  Transmit rate = 18314kbps, PLR =  0.00%( 0.00%), CE =  1.69%( 1.68%)[ 0.0%,  0.0%, 98.3%,  1.7%], RTT = 0.040s, Queue delay = 0.000s, MTU = 1200
 summary  16.0  Transmit rate = 17875kbps, PLR =  0.00%( 0.00%), CE =  1.84%( 1.64%)[ 0.0%,  0.0%, 98.4%,  1.6%], RTT = 0.040s, Queue delay = 0.000s, MTU = 1200
 summary  18.0  Transmit rate = 17558kbps, PLR =  0.00%( 0.00%), CE =  1.75%( 1.62%)[ 0.0%,  0.0%, 98.4%,  1.6%], RTT = 0.040s, Queue delay = 0.000s, MTU = 1200
 summary  20.0  Transmit rate = 17229kbps, PLR =  0.00%( 0.00%), CE =  1.63%( 1.63%)[ 0.0%,  0.0%, 98.4%,  1.6%], RTT = 0.040s, Queue delay = 0.000s, MTU = 1200
 summary  22.0  Transmit rate = 16950kbps, PLR =  0.00%( 0.00%), CE =  1.93%( 1.66%)[ 0.0%,  0.0%, 98.3%,  1.7%], RTT = 0.040s, Queue delay = 0.000s, MTU = 1200
 summary  24.0  Transmit rate = 16467kbps, PLR =  0.00%( 0.00%), CE =  2.61%( 1.75%)[ 0.0%,  0.0%, 98.3%,  1.7%], RTT = 0.040s, Queue delay = 0.000s, MTU = 1200
 summary  26.0  Transmit rate = 16201kbps, PLR =  0.00%( 0.00%), CE =  2.20%( 1.70%)[ 0.0%,  0.0%, 98.3%,  1.7%], RTT = 0.040s, Queue delay = 0.000s, MTU = 1200
 summary  28.0  Transmit rate = 16331kbps, PLR =  0.00%( 0.00%), CE =  1.95%( 1.69%)[ 0.0%,  0.0%, 98.3%,  1.7%], RTT = 0.040s, Queue delay = 0.000s, MTU = 1200
 summary  30.0  Transmit rate = 16488kbps, PLR =  0.00%( 0.00%), CE =  1.63%( 1.68%)[ 0.0%,  0.0%, 98.3%,  1.7%], RTT = 0.040s, Queue delay = 0.000s, MTU = 1200
 summary  32.0  Transmit rate = 16663kbps, PLR =  0.00%( 0.00%), CE =  1.57%( 1.64%)[ 0.0%,  0.0%, 98.4%,  1.6%], RTT = 0.040s, Queue delay = 0.000s, MTU = 1200
 summary  34.0  Transmit rate = 17236kbps, PLR =  0.00%( 0.00%), CE =  1.25%( 1.60%)[ 0.0%,  0.0%, 98.4%,  1.6%], RTT = 0.040s, Queue delay = 0.000s, MTU = 1200

======================== Summary ==========================
 Bitrate min/max/avg [kbps]          : 13426/23755/16998
 RTT     min/max/avg [s]             : 0.040/0.050/0.040
 Queue delay max/avg [s]             : 0.001/0.000
 Packet loss avg [%]                 : 0.000
 ECN/L4S NotECT/ECT(0)/ECT(1)/CE [%] :  0.0/ 0.0/98.4/ 1.6
===========================================================
