Listen on port 8081 to receive RTCP from decoder 
Scream sender started! 
 summary   2.0  Transmit rate =  4423kbps, PLR =  0.00%( 0.00%), CE =  0.00%( 0.00%)[ 0.0%,  0.0%, 100.0%,  0.0%], RTT = 0.045s, Queue delay = 0.000s, MTU = 1200
 summary   4.0  Transmit rate = 12557kbps, PLR =  0.00%( 0.00%), CE =  0.24%( 0.73%)[ 0.0%,  0.0%, 99.2%,  0.8%], RTT = 0.043s, Queue delay = 0.000s, MTU = 1200
 summary   6.0  Transmit rate = 16811kbps, PLR =  0.00%( 0.00%), CE =  1.17%( 1.31%)[ 0.0%,  0.0%, 98.7%,  1.3%], RTT = 0.041s, Queue delay = 0.000s, MTU = 1200
 summary   8.0  Transmit rate = 18466kbps, PLR =  0.00%( 0.00%), CE =  1.91%( 1.41%)[ 0.0%,  0.0%, 98.6%,  1.4%], RTT = 0.041s, Queue delay = 0.000s, MTU = 1200
 summary  10.0  Transmit rate = 18657kbps, PLR =  0.00%( 0.00%), CE =  1.86%( 1.44%)[ 0.0%,  0.0%, 98.5%,  1.5%], RTT = 0.040s, Queue delay = 0.000s, MTU = 1200
 summary  12.0  Transmit rate = 18681kbps, PLR =  0.00%( 0.00%), CE =  1.78%( 1.42%)[ 0.0%,  0.0%, 98.6%,  1.4%], RTT = 0.040s, Queue delay = 0.000s, MTU = 1200
 summary  14.0  Transmit rate = 18586kbps, PLR =  0.00%( 0.00%), CE =  1.49%( 1.40%)[ 0.0%,  0.0%, 98.6%,  1.4%], RTT = 0.040s, Queue delay = 0.000s, MTU = 1200
 summary  16.0  Transmit rate = 18218kbps, PLR =  0.00%( 0.00%), CE =  1.75%( 1.46%)[ 0.0%,  0.0%, 98.5%,  1.5%], RTT = 0.040s, Queue delay = 0.000s, MTU = 1200
 summary  18.0  Transmit rate = 17421kbps, PLR =  0.00%( 0.00%), CE =  2.03%( 1.58%)[ 0.0%,  0.0%, 98.4%,  1.6%], RTT = 0.040s, Queue delay = 0.000s, MTU = 1200
 summary  20.0  Transmit rate = 16869kbps, PLR =  0.00%( 0.00%), CE =  2.05%( 1.52%)[ 0.0%,  0.0%, 98.5%,  1.5%], RTT = 0.040s, Queue delay = 0.000s, MTU = 1200
 summary  22.0  Transmit rate = 17190kbps, PLR =  0.00%( 0.00%), CE =  1.56%( 1.50%)[ 0.0%,  0.0%, 98.5%,  1.5%], RTT = 0.040s, Queue delay = 0.000s, MTU = 1200
 summary  24.0  Transmit rate = 17324kbps, PLR =  0.00%( 0.00%), CE =  1.39%( 1.48%)[ 0.0%,  0.0%, 98.5%,  1.5%], RTT = 0.040s, Queue delay = 0.000s, MTU = 1200
 summary  26.0  Transmit rate = 17260kbps, PLR =  0.00%( 0.00%), CE =  1.44%( 1.47%)[ 0.0%,  0.0%, 98.5%,  1.5%], RTT = 0.040s, Queue delay = 0.000s, MTU = 1200
 summary  28.0  Transmit rate = 17113kbps, PLR =  0.00%( 0.00%), CE =  1.68%( 1.51%)[ 0.0%,  0.0%, 98.5%,  1.5%], RTT = 0.040s, Queue delay = 0.000s, MTU = 1200
 summary  30.0  Transmit rate = 16815kbps, PLR =  0.00%( 0.00%), CE =  1.77%( 1.51%)[ 0.0%,  0.0%, 98.5%,  1.5%], RTT = 0.040s, Queue delay = 0.000s, MTU = 1200
 summary  32.0  Transmit rate = 17186kbps, PLR =  0.00%( 0.00%), CE =  1.56%( 1.48%)[ 0.0%,  0.0%, 98.5%,  1.5%], RTT = 0.040s, Queue delay = 0.000s, MTU = 1200
 summary  34.0  Transmit rate = 17464kbps, PLR =  0.00%( 0.00%), CE =  1.19%( 1.47%)[ 0.0%,  0.0%, 98.5%,  1.5%], RTT = 0.040s, Queue delay = 0.000s, MTU = 1200

======================== Summary ==========================
 Bitrate min/max/avg [kbps]          : 13864/23195/17225
 RTT     min/max/avg [s]             : 0.040/0.050/0.040
 Queue delay max/avg [s]             : 0.001/0.000
 Packet loss avg [%]                 : 0.000
 ECN/L4S NotECT/ECT(0)/ECT(1)/CE [%] :  0.0/ 0.0/98.5/ 1.5
===========================================================
