Listen on port 8081 to receive RTCP from decoder 
Scream sender started! 
 summary   2.0  Transmit rate =  5474kbps, PLR =  0.00%( 0.00%), CE =  1.87%( 5.80%)[ 0.0%,  0.0%, 92.9%,  7.1%], RTT = 0.035s, Queue delay = 0.001s, MTU = 1200
 summary   4.0  Transmit rate =  7367kbps, PLR =  0.00%( 0.00%), CE =  3.91%( 4.94%)[ 0.0%,  0.0%, 93.2%,  6.8%], RTT = 0.027s, Queue delay = 0.001s, MTU = 1200
 summary   6.0  Transmit rate =  8226kbps, PLR =  0.00%( 0.00%), CE =  5.02%( 4.50%)[ 0.0%,  0.0%, 93.5%,  6.5%], RTT = 0.024s, Queue delay = 0.001s, MTU = 1200
 summary   8.0  Transmit rate =  8588kbps, PLR =  0.00%( 0.00%), CE =  4.41%( 4.30%)[ 0.0%,  0.0%, 93.7%,  6.3%], RTT = 0.022s, Queue delay = 0.001s, MTU = 1200
 summary  10.0  Transmit rate =  8773kbps, PLR =  0.00%( 0.00%), CE =  4.27%( 4.48%)[ 0.0%,  0.0%, 93.4%,  6.6%], RTT = 0.022s, Queue delay = 0.001s, MTU = 1200
 summary  12.0  Transmit rate =  8827kbps, PLR =  0.00%( 0.00%), CE =  4.10%( 4.21%)[ 0.0%,  0.0%, 93.7%,  6.3%], RTT = 0.021s, Queue delay = 0.001s, MTU = 1200
 summary  14.0  Transmit rate =  8868kbps, PLR =  0.00%( 0.00%), CE =  4.59%( 4.23%)[ 0.0%,  0.0%, 93.7%,  6.3%], RTT = 0.021s, Queue delay = 0.001s, MTU = 1200
 summary  16.0  Transmit rate =  8874kbps, PLR =  0.00%( 0.00%), CE =  4.65%( 4.19%)[ 0.0%,  0.0%, 93.7%,  6.3%], RTT = 0.021s, Queue delay = 0.001s, MTU = 1200
 summary  18.0  Transmit rate =  8872kbps, PLR =  0.00%( 0.00%), CE =  5.13%( 4.09%)[ 0.0%,  0.0%, 93.8%,  6.2%], RTT = 0.021s, Queue delay = 0.001s, MTU = 1200
 summary  20.0  Transmit rate =  8866kbps, PLR =  0.00%( 0.00%), CE =  4.09%( 4.01%)[ 0.0%,  0.0%, 93.8%,  6.2%], RTT = 0.021s, Queue delay = 0.001s, MTU = 1200
 summary  22.0  Transmit rate =  8875kbps, PLR =  0.00%( 0.00%), CE =  3.37%( 4.08%)[ 0.0%,  0.0%, 93.7%,  6.3%], RTT = 0.021s, Queue delay = 0.001s, MTU = 1200
 summary  24.0  Transmit rate =  8872kbps, PLR =  0.00%( 0.00%), CE =  4.05%( 3.99%)[ 0.0%,  0.0%, 93.8%,  6.2%], RTT = 0.021s, Queue delay = 0.001s, MTU = 1200
 summary  26.0  Transmit rate =  8876kbps, PLR =  0.00%( 0.00%), CE =  3.83%( 3.91%)[ 0.0%,  0.0%, 93.9%,  6.1%], RTT = 0.021s, Queue delay = 0.001s, MTU = 1200
 summary  28.0  Transmit rate =  8867kbps, PLR =  0.00%( 0.00%), CE =  4.01%( 3.88%)[ 0.0%,  0.0%, 93.9%,  6.1%], RTT = 0.021s, Queue delay = 0.001s, MTU = 1200
 summary  30.0  Transmit rate =  8902kbps, PLR =  0.00%( 0.00%), CE =  3.99%( 3.88%)[ 0.0%,  0.0%, 93.9%,  6.1%], RTT = 0.021s, Queue delay = 0.001s, MTU = 1200
 summary  32.0  Transmit rate =  8877kbps, PLR =  0.00%( 0.00%), CE =  4.24%( 3.95%)[ 0.0%,  0.0%, 93.8%,  6.2%], RTT = 0.021s, Queue delay = 0.001s, MTU = 1200
 summary  34.0  Transmit rate =  8888kbps, PLR =  0.00%( 0.00%), CE =  4.57%( 3.92%)[ 0.0%,  0.0%, 93.9%,  6.1%], RTT = 0.021s, Queue delay = 0.001s, MTU = 1200

======================== Summary ==========================
 Bitrate min/max/avg [kbps]          :  7324/10471/ 8821
 RTT     min/max/avg [s]             : 0.021/0.049/0.021
 Queue delay max/avg [s]             : 0.003/0.001
 Packet loss avg [%]                 : 0.000
 ECN/L4S NotECT/ECT(0)/ECT(1)/CE [%] :  0.0/ 0.0/93.8/ 6.2
===========================================================
