Listen on port 8081 to receive RTCP from decoder 
Scream sender started! 
 summary   2.0  Transmit rate =  5467kbps, PLR =  0.00%( 0.00%), CE =  1.82%( 5.74%)[ 0.0%,  0.0%, 92.5%,  7.5%], RTT = 0.035s, Queue delay = 0.000s, MTU = 1200
 summary   4.0  Transmit rate =  7352kbps, PLR =  0.00%( 0.00%), CE =  3.34%( 4.26%)[ 0.0%,  0.0%, 93.7%,  6.3%], RTT = 0.027s, Queue delay = 0.001s, MTU = 1200
 summary   6.0  Transmit rate =  8207kbps, PLR =  0.00%( 0.00%), CE =  4.40%( 4.07%)[ 0.0%,  0.0%, 93.8%,  6.2%], RTT = 0.024s, Queue delay = 0.001s, MTU = 1200
 summary   8.0  Transmit rate =  8583kbps, PLR =  0.00%( 0.00%), CE =  4.14%( 3.88%)[ 0.0%,  0.0%, 93.9%,  6.1%], RTT = 0.022s, Queue delay = 0.001s, MTU = 1200
 summary  10.0  Transmit rate =  8778kbps, PLR =  0.00%( 0.00%), CE =  4.12%( 3.86%)[ 0.0%,  0.0%, 93.9%,  6.1%], RTT = 0.022s, Queue delay = 0.001s, MTU = 1200
 summary  12.0  Transmit rate =  8847kbps, PLR =  0.00%( 0.00%), CE =  3.98%( 4.05%)[ 0.0%,  0.0%, 93.7%,  6.3%], RTT = 0.021s, Queue delay = 0.001s, MTU = 1200
 summary  14.0  Transmit rate =  8856kbps, PLR =  0.00%( 0.00%), CE =  4.59%( 3.98%)[ 0.0%,  0.0%, 93.8%,  6.2%], RTT = 0.021s, Queue delay = 0.001s, MTU = 1200
 summary  16.0  Transmit rate =  8880kbps, PLR =  0.00%( 0.00%), CE =  4.51%( 4.01%)[ 0.0%,  0.0%, 93.8%,  6.2%], RTT = 0.021s, Queue delay = 0.001s, MTU = 1200
 summary  18.0  Transmit rate =  8876kbps, PLR =  0.00%( 0.00%), CE =  4.51%( 3.89%)[ 0.0%,  0.0%, 93.8%,  6.2%], RTT = 0.021s, Queue delay = 0.001s, MTU = 1200
 summary  20.0  Transmit rate =  8879kbps, PLR =  0.00%( 0.00%), CE =  3.91%( 3.83%)[ 0.0%,  0.0%, 93.9%,  6.1%], RTT = 0.021s, Queue delay = 0.001s, MTU = 1200
 summary  22.0  Transmit rate =  8879kbps, PLR =  0.00%( 0.00%), CE =  3.92%( 3.92%)[ 0.0%,  0.0%, 93.8%,  6.2%], RTT = 0.021s, Queue delay = 0.001s, MTU = 1200
 summary  24.0  Transmit rate =  8885kbps, PLR =  0.00%( 0.00%), CE =  4.14%( 3.84%)[ 0.0%,  0.0%, 93.9%,  6.1%], RTT = 0.021s, Queue delay = 0.001s, MTU = 1200
 summary  26.0  Transmit rate =  8893kbps, PLR =  0.00%( 0.00%), CE =  3.77%( 3.81%)[ 0.0%,  0.0%, 94.0%,  6.0%], RTT = 0.021s, Queue delay = 0.001s, MTU = 1200
 summary  28.0  Transmit rate =  8885kbps, PLR =  0.00%( 0.00%), CE =  4.46%( 3.82%)[ 0.0%,  0.0%, 94.0%,  6.0%], RTT = 0.021s, Queue delay = 0.001s, MTU = 1200
 summary  30.0  Transmit rate =  8913kbps, PLR =  0.00%( 0.00%), CE =  4.51%( 3.82%)[ 0.0%,  0.0%, 94.0%,  6.0%], RTT = 0.021s, Queue delay = 0.001s, MTU = 1200
 summary  32.0  Transmit rate =  8888kbps, PLR =  0.00%( 0.00%), CE =  4.18%( 3.80%)[ 0.0%,  0.0%, 94.0%,  6.0%], RTT = 0.021s, Queue delay = 0.001s, MTU = 1200
 summary  34.0  Transmit rate =  8873kbps, PLR =  0.00%( 0.00%), CE =  3.68%( 3.85%)[ 0.0%,  0.0%, 93.9%,  6.1%], RTT = 0.021s, Queue delay = 0.001s, MTU = 1200

======================== Summary ==========================
 Bitrate min/max/avg [kbps]          :  7458/10457/ 8824
 RTT     min/max/avg [s]             : 0.021/0.049/0.021
 Queue delay max/avg [s]             : 0.003/0.001
 Packet loss avg [%]                 : 0.000
 ECN/L4S NotECT/ECT(0)/ECT(1)/CE [%] :  0.0/ 0.0/94.0/ 6.0
===========================================================
