Listen on port 8081 to receive RTCP from decoder 
Scream sender started! 
 summary   2.0  Transmit rate =  5465kbps, PLR =  0.00%( 0.00%), CE =  1.73%( 5.61%)[ 0.0%,  0.0%, 92.5%,  7.5%], RTT = 0.035s, Queue delay = 0.001s, MTU = 1200
 summary   4.0  Transmit rate =  7369kbps, PLR =  0.00%( 0.00%), CE =  3.92%( 4.88%)[ 0.0%,  0.0%, 92.9%,  7.1%], RTT = 0.027s, Queue delay = 0.001s, MTU = 1200
 summary   6.0  Transmit rate =  8209kbps, PLR =  0.00%( 0.00%), CE =  4.82%( 4.26%)[ 0.0%,  0.0%, 93.5%,  6.5%], RTT = 0.024s, Queue delay = 0.001s, MTU = 1200
 summary   8.0  Transmit rate =  8572kbps, PLR =  0.00%( 0.00%), CE =  4.65%( 4.11%)[ 0.0%,  0.0%, 93.7%,  6.3%], RTT = 0.022s, Queue delay = 0.001s, MTU = 1200
 summary  10.0  Transmit rate =  8785kbps, PLR =  0.00%( 0.00%), CE =  4.53%( 4.16%)[ 0.0%,  0.0%, 93.6%,  6.4%], RTT = 0.022s, Queue delay = 0.001s, MTU = 1200
 summary  12.0  Transmit rate =  8840kbps, PLR =  0.00%( 0.00%), CE =  3.90%( 4.33%)[ 0.0%,  0.0%, 93.4%,  6.6%], RTT = 0.021s, Queue delay = 0.001s, MTU = 1200
 summary  14.0  Transmit rate =  8849kbps, PLR =  0.00%( 0.00%), CE =  4.88%( 4.17%)[ 0.0%,  0.0%, 93.6%,  6.4%], RTT = 0.021s, Queue delay = 0.001s, MTU = 1200
 summary  16.0  Transmit rate =  8881kbps, PLR =  0.00%( 0.00%), CE =  4.14%( 4.07%)[ 0.0%,  0.0%, 93.7%,  6.3%], RTT = 0.021s, Queue delay = 0.001s, MTU = 1200
 summary  18.0  Transmit rate =  8894kbps, PLR =  0.00%( 0.00%), CE =  4.61%( 4.05%)[ 0.0%,  0.0%, 93.7%,  6.3%], RTT = 0.021s, Queue delay = 0.001s, MTU = 1200
 summary  20.0  Transmit rate =  8901kbps, PLR =  0.00%( 0.00%), CE =  4.30%( 4.04%)[ 0.0%,  0.0%, 93.8%,  6.2%], RTT = 0.021s, Queue delay = 0.001s, MTU = 1200
 summary  22.0  Transmit rate =  8897kbps, PLR =  0.00%( 0.00%), CE =  5.07%( 4.10%)[ 0.0%,  0.0%, 93.8%,  6.2%], RTT = 0.021s, Queue delay = 0.001s, MTU = 1200
 summary  24.0  Transmit rate =  8904kbps, PLR =  0.00%( 0.00%), CE =  4.70%( 4.13%)[ 0.0%,  0.0%, 93.7%,  6.3%], RTT = 0.021s, Queue delay = 0.001s, MTU = 1200
 summary  26.0  Transmit rate =  8869kbps, PLR =  0.00%( 0.00%), CE =  3.76%( 4.04%)[ 0.0%,  0.0%, 93.8%,  6.2%], RTT = 0.021s, Queue delay = 0.001s, MTU = 1200
 summary  28.0  Transmit rate =  8873kbps, PLR =  0.00%( 0.00%), CE =  4.02%( 3.99%)[ 0.0%,  0.0%, 93.8%,  6.2%], RTT = 0.021s, Queue delay = 0.001s, MTU = 1200
 summary  30.0  Transmit rate =  8896kbps, PLR =  0.00%( 0.00%), CE =  3.88%( 3.96%)[ 0.0%,  0.0%, 93.8%,  6.2%], RTT = 0.021s, Queue delay = 0.001s, MTU = 1200
 summary  32.0  Transmit rate =  8865kbps, PLR =  0.00%( 0.00%), CE =  4.09%( 4.00%)[ 0.0%,  0.0%, 93.8%,  6.2%], RTT = 0.021s, Queue delay = 0.001s, MTU = 1200
 summary  34.0  Transmit rate =  8869kbps, PLR =  0.00%( 0.00%), CE =  4.40%( 3.97%)[ 0.0%,  0.0%, 93.8%,  6.2%], RTT = 0.021s, Queue delay = 0.001s, MTU = 1200

======================== Summary ==========================
 Bitrate min/max/avg [kbps]          :  7403/10523/ 8824
 RTT     min/max/avg [s]             : 0.021/0.049/0.021
 Queue delay max/avg [s]             : 0.003/0.001
 Packet loss avg [%]                 : 0.000
 ECN/L4S NotECT/ECT(0)/ECT(1)/CE [%] :  0.0/ 0.0/93.9/ 6.1
===========================================================
