Listen on port 8081 to receive RTCP from decoder 
Scream sender started! 
 summary   2.0  Transmit rate =  5460kbps, PLR =  0.00%( 0.00%), CE =  1.91%( 6.02%)[ 0.0%,  0.0%, 92.4%,  7.6%], RTT = 0.035s, Queue delay = 0.001s, MTU = 1200
 summary   4.0  Transmit rate =  7356kbps, PLR =  0.00%( 0.00%), CE =  3.66%( 4.71%)[ 0.0%,  0.0%, 93.3%,  6.7%], RTT = 0.027s, Queue delay = 0.001s, MTU = 1200
 summary   6.0  Transmit rate =  8223kbps, PLR =  0.00%( 0.00%), CE =  4.76%( 4.57%)[ 0.0%,  0.0%, 93.3%,  6.7%], RTT = 0.024s, Queue delay = 0.001s, MTU = 1200
 summary   8.0  Transmit rate =  8582kbps, PLR =  0.00%( 0.00%), CE =  4.79%( 4.67%)[ 0.0%,  0.0%, 93.2%,  6.8%], RTT = 0.022s, Queue delay = 0.001s, MTU = 1200
 summary  10.0  Transmit rate =  8761kbps, PLR =  0.00%( 0.00%), CE =  4.59%( 4.64%)[ 0.0%,  0.0%, 93.2%,  6.8%], RTT = 0.022s, Queue delay = 0.001s, MTU = 1200
 summary  12.0  Transmit rate =  8850kbps, PLR =  0.00%( 0.00%), CE =  4.27%( 4.60%)[ 0.0%,  0.0%, 93.3%,  6.7%], RTT = 0.021s, Queue delay = 0.001s, MTU = 1200
 summary  14.0  Transmit rate =  8861kbps, PLR =  0.00%( 0.00%), CE =  4.74%( 4.44%)[ 0.0%,  0.0%, 93.4%,  6.6%], RTT = 0.021s, Queue delay = 0.001s, MTU = 1200
 summary  16.0  Transmit rate =  8872kbps, PLR =  0.00%( 0.00%), CE =  4.40%( 4.27%)[ 0.0%,  0.0%, 93.5%,  6.5%], RTT = 0.021s, Queue delay = 0.001s, MTU = 1200
 summary  18.0  Transmit rate =  8879kbps, PLR =  0.00%( 0.00%), CE =  4.23%( 4.18%)[ 0.0%,  0.0%, 93.6%,  6.4%], RTT = 0.021s, Queue delay = 0.001s, MTU = 1200
 summary  20.0  Transmit rate =  8877kbps, PLR =  0.00%( 0.00%), CE =  3.92%( 4.08%)[ 0.0%,  0.0%, 93.7%,  6.3%], RTT = 0.021s, Queue delay = 0.001s, MTU = 1200
 summary  22.0  Transmit rate =  8893kbps, PLR =  0.00%( 0.00%), CE =  4.21%( 4.06%)[ 0.0%,  0.0%, 93.7%,  6.3%], RTT = 0.021s, Queue delay = 0.001s, MTU = 1200
 summary  24.0  Transmit rate =  8887kbps, PLR =  0.00%( 0.00%), CE =  4.34%( 4.10%)[ 0.0%,  0.0%, 93.7%,  6.3%], RTT = 0.021s, Queue delay = 0.001s, MTU = 1200
 summary  26.0  Transmit rate =  8892kbps, PLR =  0.00%( 0.00%), CE =  4.18%( 4.13%)[ 0.0%,  0.0%, 93.6%,  6.4%], RTT = 0.021s, Queue delay = 0.001s, MTU = 1200
 summary  28.1  Transmit rate =  8912kbps, PLR =  0.00%( 0.00%), CE =  4.83%( 4.22%)[ 0.0%,  0.0%, 93.6%,  6.4%], RTT = 0.021s, Queue delay = 0.001s, MTU = 1200
 summary  30.1  Transmit rate =  8886kbps, PLR =  0.00%( 0.00%), CE =  4.88%( 4.20%)[ 0.0%,  0.0%, 93.6%,  6.4%], RTT = 0.021s, Queue delay = 0.001s, MTU = 1200
 summary  32.1  Transmit rate =  8903kbps, PLR =  0.00%( 0.00%), CE =  5.34%( 4.22%)[ 0.0%,  0.0%, 93.6%,  6.4%], RTT = 0.021s, Queue delay = 0.001s, MTU = 1200
 summary  34.1  Transmit rate =  8890kbps, PLR =  0.00%( 0.00%), CE =  5.29%( 4.24%)[ 0.0%,  0.0%, 93.5%,  6.5%], RTT = 0.021s, Queue delay = 0.001s, MTU = 1200

======================== Summary ==========================
 Bitrate min/max/avg [kbps]          :  7436/10471/ 8827
 RTT     min/max/avg [s]             : 0.021/0.049/0.021
 Queue delay max/avg [s]             : 0.003/0.001
 Packet loss avg [%]                 : 0.000
 ECN/L4S NotECT/ECT(0)/ECT(1)/CE [%] :  0.0/ 0.0/93.5/ 6.5
===========================================================
