Listen on port 8081 to receive RTCP from decoder 
Scream sender started! 
 summary   2.0  Transmit rate =  5471kbps, PLR =  0.00%( 0.00%), CE =  2.05%( 6.56%)[ 0.0%,  0.0%, 92.0%,  8.0%], RTT = 0.035s, Queue delay = 0.001s, MTU = 1200
 summary   4.0  Transmit rate =  7356kbps, PLR =  0.00%( 0.00%), CE =  4.08%( 5.08%)[ 0.0%,  0.0%, 93.0%,  7.0%], RTT = 0.027s, Queue delay = 0.001s, MTU = 1200
 summary   6.0  Transmit rate =  8216kbps, PLR =  0.00%( 0.00%), CE =  5.05%( 4.53%)[ 0.0%,  0.0%, 93.5%,  6.5%], RTT = 0.024s, Queue delay = 0.001s, MTU = 1200
 summary   8.0  Transmit rate =  8594kbps, PLR =  0.00%( 0.00%), CE =  4.54%( 4.52%)[ 0.0%,  0.0%, 93.4%,  6.6%], RTT = 0.022s, Queue delay = 0.001s, MTU = 1200
 summary  10.0  Transmit rate =  8780kbps, PLR =  0.00%( 0.00%), CE =  4.72%( 4.52%)[ 0.0%,  0.0%, 93.4%,  6.6%], RTT = 0.022s, Queue delay = 0.001s, MTU = 1200
 summary  12.0  Transmit rate =  8835kbps, PLR =  0.00%( 0.00%), CE =  4.47%( 4.41%)[ 0.0%,  0.0%, 93.4%,  6.6%], RTT = 0.021s, Queue delay = 0.001s, MTU = 1200
 summary  14.0  Transmit rate =  8871kbps, PLR =  0.00%( 0.00%), CE =  4.29%( 4.43%)[ 0.0%,  0.0%, 93.4%,  6.6%], RTT = 0.021s, Queue delay = 0.001s, MTU = 1200
 summary  16.0  Transmit rate =  8913kbps, PLR =  0.00%( 0.00%), CE =  4.15%( 4.42%)[ 0.0%,  0.0%, 93.3%,  6.7%], RTT = 0.021s, Queue delay = 0.001s, MTU = 1200
 summary  18.0  Transmit rate =  8888kbps, PLR =  0.00%( 0.00%), CE =  4.45%( 4.50%)[ 0.0%,  0.0%, 93.3%,  6.7%], RTT = 0.021s, Queue delay = 0.001s, MTU = 1200
 summary  20.0  Transmit rate =  8902kbps, PLR =  0.00%( 0.00%), CE =  4.49%( 4.46%)[ 0.0%,  0.0%, 93.3%,  6.7%], RTT = 0.021s, Queue delay = 0.001s, MTU = 1200
 summary  22.0  Transmit rate =  8874kbps, PLR =  0.00%( 0.00%), CE =  4.62%( 4.34%)[ 0.0%,  0.0%, 93.4%,  6.6%], RTT = 0.021s, Queue delay = 0.001s, MTU = 1200
 summary  24.0  Transmit rate =  8878kbps, PLR =  0.00%( 0.00%), CE =  4.02%( 4.25%)[ 0.0%,  0.0%, 93.5%,  6.5%], RTT = 0.021s, Queue delay = 0.001s, MTU = 1200
 summary  26.0  Transmit rate =  8876kbps, PLR =  0.00%( 0.00%), CE =  4.41%( 4.21%)[ 0.0%,  0.0%, 93.6%,  6.4%], RTT = 0.021s, Queue delay = 0.001s, MTU = 1200
 summary  28.0  Transmit rate =  8884kbps, PLR =  0.00%( 0.00%), CE =  4.58%( 4.21%)[ 0.0%,  0.0%, 93.6%,  6.4%], RTT = 0.021s, Queue delay = 0.001s, MTU = 1200
 summary  30.0  Transmit rate =  8887kbps, PLR =  0.00%( 0.00%), CE =  5.03%( 4.21%)[ 0.0%,  0.0%, 93.6%,  6.4%], RTT = 0.021s, Queue delay = 0.001s, MTU = 1200
 summary  32.0  Transmit rate =  8880kbps, PLR =  0.00%( 0.00%), CE =  4.71%( 4.19%)[ 0.0%,  0.0%, 93.6%,  6.4%], RTT = 0.021s, Queue delay = 0.001s, MTU = 1200
 summary  34.1  Transmit rate =  8890kbps, PLR =  0.00%( 0.00%), CE =  4.72%( 4.22%)[ 0.0%,  0.0%, 93.6%,  6.4%], RTT = 0.021s, Queue delay = 0.001s, MTU = 1200

======================== Summary ==========================
 Bitrate min/max/avg [kbps]          :  7308/10511/ 8829
 RTT     min/max/avg [s]             : 0.021/0.049/0.021
 Queue delay max/avg [s]             : 0.003/0.001
 Packet loss avg [%]                 : 0.000
 ECN/L4S NotECT/ECT(0)/ECT(1)/CE [%] :  0.0/ 0.0/93.5/ 6.5
===========================================================
