Listen on port 8081 to receive RTCP from decoder 
Scream sender started! 
 summary   2.0  Transmit rate =  5468kbps, PLR =  0.00%( 0.00%), CE =  2.04%( 6.54%)[ 0.0%,  0.0%, 91.8%,  8.2%], RTT = 0.035s, Queue delay = 0.001s, MTU = 1200
 summary   4.0  Transmit rate =  7346kbps, PLR =  0.00%( 0.00%), CE =  4.25%( 5.29%)[ 0.0%,  0.0%, 92.8%,  7.2%], RTT = 0.027s, Queue delay = 0.001s, MTU = 1200
 summary   6.0  Transmit rate =  8197kbps, PLR =  0.00%( 0.00%), CE =  5.14%( 4.65%)[ 0.0%,  0.0%, 93.3%,  6.7%], RTT = 0.024s, Queue delay = 0.001s, MTU = 1200
 summary   8.0  Transmit rate =  8565kbps, PLR =  0.00%( 0.00%), CE =  4.72%( 4.39%)[ 0.0%,  0.0%, 93.4%,  6.6%], RTT = 0.022s, Queue delay = 0.001s, MTU = 1200
 summary  10.0  Transmit rate =  8776kbps, PLR =  0.00%( 0.00%), CE =  4.91%( 4.49%)[ 0.0%,  0.0%, 93.3%,  6.7%], RTT = 0.022s, Queue delay = 0.001s, MTU = 1200
 summary  12.0  Transmit rate =  8848kbps, PLR =  0.00%( 0.00%), CE =  4.15%( 4.63%)[ 0.0%,  0.0%, 93.2%,  6.8%], RTT = 0.021s, Queue delay = 0.001s, MTU = 1200
 summary  14.0  Transmit rate =  8855kbps, PLR =  0.00%( 0.00%), CE =  4.88%( 4.46%)[ 0.0%,  0.0%, 93.4%,  6.6%], RTT = 0.021s, Queue delay = 0.001s, MTU = 1200
 summary  16.0  Transmit rate =  8883kbps, PLR =  0.00%( 0.00%), CE =  4.52%( 4.44%)[ 0.0%,  0.0%, 93.4%,  6.6%], RTT = 0.021s, Queue delay = 0.001s, MTU = 1200
 summary  18.0  Transmit rate =  8888kbps, PLR =  0.00%( 0.00%), CE =  4.82%( 4.32%)[ 0.0%,  0.0%, 93.5%,  6.5%], RTT = 0.021s, Queue delay = 0.001s, MTU = 1200
 summary  20.0  Transmit rate =  8865kbps, PLR =  0.00%( 0.00%), CE =  4.62%( 4.23%)[ 0.0%,  0.0%, 93.6%,  6.4%], RTT = 0.021s, Queue delay = 0.001s, MTU = 1200
 summary  22.0  Transmit rate =  8864kbps, PLR =  0.00%( 0.00%), CE =  4.39%( 4.20%)[ 0.0%,  0.0%, 93.6%,  6.4%], RTT = 0.021s, Queue delay = 0.001s, MTU = 1200
 summary  24.0  Transmit rate =  8906kbps, PLR =  0.00%( 0.00%), CE =  4.11%( 4.25%)[ 0.0%,  0.0%, 93.5%,  6.5%], RTT = 0.021s, Queue delay = 0.001s, MTU = 1200
 summary  26.0  Transmit rate =  8893kbps, PLR =  0.00%( 0.00%), CE =  4.13%( 4.31%)[ 0.0%,  0.0%, 93.5%,  6.5%], RTT = 0.021s, Queue delay = 0.001s, MTU = 1200
 summary  28.0  Transmit rate =  8880kbps, PLR =  0.00%( 0.00%), CE =  4.98%( 4.23%)[ 0.0%,  0.0%, 93.6%,  6.4%], RTT = 0.021s, Queue delay = 0.001s, MTU = 1200
 summary  30.0  Transmit rate =  8868kbps, PLR =  0.00%( 0.00%), CE =  4.57%( 4.22%)[ 0.0%,  0.0%, 93.6%,  6.4%], RTT = 0.021s, Queue delay = 0.001s, MTU = 1200
 summary  32.0  Transmit rate =  8894kbps, PLR =  0.00%( 0.00%), CE =  4.93%( 4.22%)[ 0.0%,  0.0%, 93.6%,  6.4%], RTT = 0.021s, Queue delay = 0.001s, MTU = 1200
 summary  34.0  Transmit rate =  8900kbps, PLR =  0.00%( 0.00%), CE =  4.99%( 4.22%)[ 0.0%,  0.0%, 93.6%,  6.4%], RTT = 0.021s, Queue delay = 0.001s, MTU = 1200

======================== Summary ==========================
 Bitrate min/max/avg [kbps]          :  7370/10472/ 8818
 RTT     min/max/avg [s]             : 0.021/0.049/0.021
 Queue delay max/avg [s]             : 0.003/0.001
 Packet loss avg [%]                 : 0.000
 ECN/L4S NotECT/ECT(0)/ECT(1)/CE [%] :  0.0/ 0.0/93.6/ 6.4
===========================================================
