Listen on port 8081 to receive RTCP from decoder 
Scream sender started! 
 summary   2.0  Transmit rate =  5468kbps, PLR =  0.00%( 0.00%), CE =  2.23%( 6.98%)[ 0.0%,  0.0%, 91.5%,  8.5%], RTT = 0.035s, Queue delay = 0.001s, MTU = 1200
 summary   4.0  Transmit rate =  7361kbps, PLR =  0.00%( 0.00%), CE =  4.05%( 5.14%)[ 0.0%,  0.0%, 93.1%,  6.9%], RTT = 0.027s, Queue delay = 0.001s, MTU = 1200
 summary   6.0  Transmit rate =  8216kbps, PLR =  0.00%( 0.00%), CE =  5.13%( 4.74%)[ 0.0%,  0.0%, 93.3%,  6.7%], RTT = 0.024s, Queue delay = 0.001s, MTU = 1200
 summary   8.0  Transmit rate =  8588kbps, PLR =  0.00%( 0.00%), CE =  4.81%( 4.46%)[ 0.0%,  0.0%, 93.5%,  6.5%], RTT = 0.022s, Queue delay = 0.001s, MTU = 1200
 summary  10.0  Transmit rate =  8779kbps, PLR =  0.00%( 0.00%), CE =  4.77%( 4.57%)[ 0.0%,  0.0%, 93.4%,  6.6%], RTT = 0.022s, Queue delay = 0.001s, MTU = 1200
 summary  12.0  Transmit rate =  8869kbps, PLR =  0.00%( 0.00%), CE =  4.79%( 4.58%)[ 0.0%,  0.0%, 93.4%,  6.6%], RTT = 0.021s, Queue delay = 0.001s, MTU = 1200
 summary  14.0  Transmit rate =  8858kbps, PLR =  0.00%( 0.00%), CE =  4.40%( 4.60%)[ 0.0%,  0.0%, 93.3%,  6.7%], RTT = 0.021s, Queue delay = 0.001s, MTU = 1200
 summary  16.0  Transmit rate =  8890kbps, PLR =  0.00%( 0.00%), CE =  4.35%( 4.52%)[ 0.0%,  0.0%, 93.4%,  6.6%], RTT = 0.021s, Queue delay = 0.001s, MTU = 1200
 summary  18.0  Transmit rate =  8889kbps, PLR =  0.00%( 0.00%), CE =  4.60%( 4.48%)[ 0.0%,  0.0%, 93.4%,  6.6%], RTT = 0.021s, Queue delay = 0.001s, MTU = 1200
 summary  20.0  Transmit rate =  8888kbps, PLR =  0.00%( 0.00%), CE =  5.06%( 4.45%)[ 0.0%,  0.0%, 93.4%,  6.6%], RTT = 0.021s, Queue delay = 0.001s, MTU = 1200
 summary  22.0  Transmit rate =  8889kbps, PLR =  0.00%( 0.00%), CE =  4.82%( 4.35%)[ 0.0%,  0.0%, 93.5%,  6.5%], RTT = 0.021s, Queue delay = 0.001s, MTU = 1200
 summary  24.0  Transmit rate =  8884kbps, PLR =  0.00%( 0.00%), CE =  4.70%( 4.38%)[ 0.0%,  0.0%, 93.5%,  6.5%], RTT = 0.021s, Queue delay = 0.001s, MTU = 1200
 summary  26.0  Transmit rate =  8871kbps, PLR =  0.00%( 0.00%), CE =  4.73%( 4.30%)[ 0.0%,  0.0%, 93.5%,  6.5%], RTT = 0.021s, Queue delay = 0.001s, MTU = 1200
 summary  28.0  Transmit rate =  8906kbps, PLR =  0.00%( 0.00%), CE =  4.63%( 4.35%)[ 0.0%,  0.0%, 93.4%,  6.6%], RTT = 0.021s, Queue delay = 0.001s, MTU = 1200
 summary  30.0  Transmit rate =  8897kbps, PLR =  0.00%( 0.00%), CE =  5.35%( 4.54%)[ 0.0%,  0.0%, 93.3%,  6.7%], RTT = 0.021s, Queue delay = 0.001s, MTU = 1200
 summary  32.1  Transmit rate =  8899kbps, PLR =  0.00%( 0.00%), CE =  6.05%( 4.50%)[ 0.0%,  0.0%, 93.3%,  6.7%], RTT = 0.021s, Queue delay = 0.001s, MTU = 1200
 summary  34.1  Transmit rate =  8886kbps, PLR =  0.00%( 0.00%), CE =  5.09%( 4.47%)[ 0.0%,  0.0%, 93.3%,  6.7%], RTT = 0.021s, Queue delay = 0.001s, MTU = 1200

======================== Summary ==========================
 Bitrate min/max/avg [kbps]          :  7487/10484/ 8829
 RTT     min/max/avg [s]             : 0.021/0.049/0.021
 Queue delay max/avg [s]             : 0.003/0.001
 Packet loss avg [%]                 : 0.000
 ECN/L4S NotECT/ECT(0)/ECT(1)/CE [%] :  0.0/ 0.0/93.4/ 6.6
===========================================================
