Listen on port 8081 to receive RTCP from decoder 
Scream sender started! 
 summary   2.0  Transmit rate =  5466kbps, PLR =  0.00%( 0.00%), CE =  1.94%( 5.99%)[ 0.0%,  0.0%, 92.4%,  7.6%], RTT = 0.035s, Queue delay = 0.001s, MTU = 1200
 summary   4.0  Transmit rate =  7369kbps, PLR =  0.00%( 0.00%), CE =  3.79%( 4.83%)[ 0.0%,  0.0%, 93.2%,  6.8%], RTT = 0.027s, Queue delay = 0.001s, MTU = 1200
 summary   6.0  Transmit rate =  8204kbps, PLR =  0.00%( 0.00%), CE =  4.97%( 4.59%)[ 0.0%,  0.0%, 93.2%,  6.8%], RTT = 0.024s, Queue delay = 0.001s, MTU = 1200
 summary   8.0  Transmit rate =  8584kbps, PLR =  0.00%( 0.00%), CE =  4.91%( 4.33%)[ 0.0%,  0.0%, 93.5%,  6.5%], RTT = 0.022s, Queue delay = 0.001s, MTU = 1200
 summary  10.0  Transmit rate =  8752kbps, PLR =  0.00%( 0.00%), CE =  4.42%( 4.11%)[ 0.0%,  0.0%, 93.6%,  6.4%], RTT = 0.022s, Queue delay = 0.001s, MTU = 1200
 summary  12.0  Transmit rate =  8824kbps, PLR =  0.00%( 0.00%), CE =  4.46%( 4.05%)[ 0.0%,  0.0%, 93.7%,  6.3%], RTT = 0.021s, Queue delay = 0.001s, MTU = 1200
 summary  14.0  Transmit rate =  8852kbps, PLR =  0.00%( 0.00%), CE =  3.95%( 4.00%)[ 0.0%,  0.0%, 93.7%,  6.3%], RTT = 0.021s, Queue delay = 0.001s, MTU = 1200
 summary  16.0  Transmit rate =  8920kbps, PLR =  0.00%( 0.00%), CE =  3.86%( 4.14%)[ 0.0%,  0.0%, 93.5%,  6.5%], RTT = 0.021s, Queue delay = 0.001s, MTU = 1200
 summary  18.0  Transmit rate =  8890kbps, PLR =  0.00%( 0.00%), CE =  4.71%( 4.13%)[ 0.0%,  0.0%, 93.6%,  6.4%], RTT = 0.021s, Queue delay = 0.001s, MTU = 1200
 summary  20.0  Transmit rate =  8880kbps, PLR =  0.00%( 0.00%), CE =  4.39%( 3.99%)[ 0.0%,  0.0%, 93.7%,  6.3%], RTT = 0.021s, Queue delay = 0.001s, MTU = 1200
 summary  22.0  Transmit rate =  8877kbps, PLR =  0.00%( 0.00%), CE =  4.13%( 3.90%)[ 0.0%,  0.0%, 93.8%,  6.2%], RTT = 0.021s, Queue delay = 0.001s, MTU = 1200
 summary  24.0  Transmit rate =  8877kbps, PLR =  0.00%( 0.00%), CE =  3.98%( 3.91%)[ 0.0%,  0.0%, 93.8%,  6.2%], RTT = 0.021s, Queue delay = 0.001s, MTU = 1200
 summary  26.0  Transmit rate =  8889kbps, PLR =  0.00%( 0.00%), CE =  4.68%( 3.93%)[ 0.0%,  0.0%, 93.8%,  6.2%], RTT = 0.021s, Queue delay = 0.001s, MTU = 1200
 summary  28.0  Transmit rate =  8904kbps, PLR =  0.00%( 0.00%), CE =  4.57%( 3.89%)[ 0.0%,  0.0%, 93.8%,  6.2%], RTT = 0.021s, Queue delay = 0.001s, MTU = 1200
 summary  30.1  Transmit rate =  8904kbps, PLR =  0.00%( 0.00%), CE =  3.85%( 3.92%)[ 0.0%,  0.0%, 93.8%,  6.2%], RTT = 0.021s, Queue delay = 0.001s, MTU = 1200
 summary  32.1  Transmit rate =  8948kbps, PLR =  0.00%( 0.00%), CE =  4.37%( 4.03%)[ 0.0%,  0.0%, 93.7%,  6.3%], RTT = 0.021s, Queue delay = 0.001s, MTU = 1200
 summary  34.1  Transmit rate =  8901kbps, PLR =  0.00%( 0.00%), CE =  4.70%( 4.03%)[ 0.0%,  0.0%, 93.7%,  6.3%], RTT = 0.021s, Queue delay = 0.001s, MTU = 1200

======================== Summary ==========================
 Bitrate min/max/avg [kbps]          :  7438/10485/ 8830
 RTT     min/max/avg [s]             : 0.021/0.049/0.021
 Queue delay max/avg [s]             : 0.002/0.001
 Packet loss avg [%]                 : 0.000
 ECN/L4S NotECT/ECT(0)/ECT(1)/CE [%] :  0.0/ 0.0/93.8/ 6.2
===========================================================
