Listen on port 8081 to receive RTCP from decoder 
Scream sender started! 
 summary   2.0  Transmit rate =  5457kbps, PLR =  0.00%( 0.00%), CE =  2.14%( 6.48%)[ 0.0%,  0.0%, 92.2%,  7.8%], RTT = 0.035s, Queue delay = 0.001s, MTU = 1200
 summary   4.0  Transmit rate =  7338kbps, PLR =  0.00%( 0.00%), CE =  3.56%( 4.75%)[ 0.0%,  0.0%, 93.5%,  6.5%], RTT = 0.027s, Queue delay = 0.001s, MTU = 1200
 summary   6.0  Transmit rate =  8205kbps, PLR =  0.00%( 0.00%), CE =  4.53%( 4.20%)[ 0.0%,  0.0%, 93.9%,  6.1%], RTT = 0.024s, Queue delay = 0.001s, MTU = 1200
 summary   8.0  Transmit rate =  8582kbps, PLR =  0.00%( 0.00%), CE =  4.35%( 4.43%)[ 0.0%,  0.0%, 93.6%,  6.4%], RTT = 0.022s, Queue delay = 0.001s, MTU = 1200
 summary  10.0  Transmit rate =  8760kbps, PLR =  0.00%( 0.00%), CE =  3.90%( 4.37%)[ 0.0%,  0.0%, 93.6%,  6.4%], RTT = 0.022s, Queue delay = 0.001s, MTU = 1200
 summary  12.0  Transmit rate =  8852kbps, PLR =  0.00%( 0.00%), CE =  4.62%( 4.50%)[ 0.0%,  0.0%, 93.5%,  6.5%], RTT = 0.021s, Queue delay = 0.001s, MTU = 1200
 summary  14.0  Transmit rate =  8867kbps, PLR =  0.00%( 0.00%), CE =  5.17%( 4.44%)[ 0.0%,  0.0%, 93.5%,  6.5%], RTT = 0.021s, Queue delay = 0.001s, MTU = 1200
 summary  16.0  Transmit rate =  8873kbps, PLR =  0.00%( 0.00%), CE =  5.00%( 4.39%)[ 0.0%,  0.0%, 93.5%,  6.5%], RTT = 0.021s, Queue delay = 0.001s, MTU = 1200
 summary  18.0  Transmit rate =  8882kbps, PLR =  0.00%( 0.00%), CE =  4.92%( 4.32%)[ 0.0%,  0.0%, 93.6%,  6.4%], RTT = 0.021s, Queue delay = 0.001s, MTU = 1200
 summary  20.0  Transmit rate =  8882kbps, PLR =  0.00%( 0.00%), CE =  4.75%( 4.32%)[ 0.0%,  0.0%, 93.6%,  6.4%], RTT = 0.021s, Queue delay = 0.001s, MTU = 1200
 summary  22.0  Transmit rate =  8903kbps, PLR =  0.00%( 0.00%), CE =  5.11%( 4.29%)[ 0.0%,  0.0%, 93.6%,  6.4%], RTT = 0.021s, Queue delay = 0.001s, MTU = 1200
 summary  24.0  Transmit rate =  8891kbps, PLR =  0.00%( 0.00%), CE =  4.70%( 4.27%)[ 0.0%,  0.0%, 93.6%,  6.4%], RTT = 0.021s, Queue delay = 0.001s, MTU = 1200
 summary  26.0  Transmit rate =  8888kbps, PLR =  0.00%( 0.00%), CE =  4.07%( 4.39%)[ 0.0%,  0.0%, 93.5%,  6.5%], RTT = 0.021s, Queue delay = 0.001s, MTU = 1200
 summary  28.1  Transmit rate =  8905kbps, PLR =  0.00%( 0.00%), CE =  5.07%( 4.34%)[ 0.0%,  0.0%, 93.5%,  6.5%], RTT = 0.021s, Queue delay = 0.001s, MTU = 1200
 summary  30.1  Transmit rate =  8889kbps, PLR =  0.00%( 0.00%), CE =  4.59%( 4.28%)[ 0.0%,  0.0%, 93.6%,  6.4%], RTT = 0.021s, Queue delay = 0.001s, MTU = 1200
 summary  32.1  Transmit rate =  8886kbps, PLR =  0.00%( 0.00%), CE =  4.66%( 4.25%)[ 0.0%,  0.0%, 93.6%,  6.4%], RTT = 0.021s, Queue delay = 0.001s, MTU = 1200
 summary  34.1  Transmit rate =  8898kbps, PLR =  0.00%( 0.00%), CE =  4.36%( 4.22%)[ 0.0%,  0.0%, 93.6%,  6.4%], RTT = 0.021s, Queue delay = 0.001s, MTU = 1200

======================== Summary ==========================
 Bitrate min/max/avg [kbps]          :  7443/10455/ 8823
 RTT     min/max/avg [s]             : 0.021/0.049/0.021
 Queue delay max/avg [s]             : 0.003/0.001
 Packet loss avg [%]                 : 0.000
 ECN/L4S NotECT/ECT(0)/ECT(1)/CE [%] :  0.0/ 0.0/93.6/ 6.4
===========================================================
