Listen on port 8081 to receive RTCP from decoder 
Scream sender started! 
 summary   2.0  Transmit rate =  5478kbps, PLR =  0.00%( 0.00%), CE =  1.80%( 5.84%)[ 0.0%,  0.0%, 92.3%,  7.7%], RTT = 0.035s, Queue delay = 0.001s, MTU = 1200
 summary   4.0  Transmit rate =  7392kbps, PLR =  0.00%( 0.00%), CE =  3.74%( 4.74%)[ 0.0%,  0.0%, 93.4%,  6.6%], RTT = 0.027s, Queue delay = 0.001s, MTU = 1200
 summary   6.0  Transmit rate =  8238kbps, PLR =  0.00%( 0.00%), CE =  4.84%( 4.34%)[ 0.0%,  0.0%, 93.7%,  6.3%], RTT = 0.024s, Queue delay = 0.001s, MTU = 1200
 summary   8.0  Transmit rate =  8611kbps, PLR =  0.00%( 0.00%), CE =  5.09%( 4.45%)[ 0.0%,  0.0%, 93.5%,  6.5%], RTT = 0.022s, Queue delay = 0.001s, MTU = 1200
 summary  10.0  Transmit rate =  8784kbps, PLR =  0.00%( 0.00%), CE =  4.88%( 4.32%)[ 0.0%,  0.0%, 93.6%,  6.4%], RTT = 0.022s, Queue delay = 0.001s, MTU = 1200
 summary  12.0  Transmit rate =  8856kbps, PLR =  0.00%( 0.00%), CE =  4.31%( 4.44%)[ 0.0%,  0.0%, 93.5%,  6.5%], RTT = 0.021s, Queue delay = 0.001s, MTU = 1200
 summary  14.0  Transmit rate =  8853kbps, PLR =  0.00%( 0.00%), CE =  4.64%( 4.33%)[ 0.0%,  0.0%, 93.6%,  6.4%], RTT = 0.021s, Queue delay = 0.001s, MTU = 1200
 summary  16.0  Transmit rate =  8871kbps, PLR =  0.00%( 0.00%), CE =  4.59%( 4.30%)[ 0.0%,  0.0%, 93.6%,  6.4%], RTT = 0.021s, Queue delay = 0.001s, MTU = 1200
 summary  18.0  Transmit rate =  8893kbps, PLR =  0.00%( 0.00%), CE =  4.82%( 4.24%)[ 0.0%,  0.0%, 93.7%,  6.3%], RTT = 0.021s, Queue delay = 0.001s, MTU = 1200
 summary  20.0  Transmit rate =  8879kbps, PLR =  0.00%( 0.00%), CE =  4.36%( 4.23%)[ 0.0%,  0.0%, 93.7%,  6.3%], RTT = 0.021s, Queue delay = 0.001s, MTU = 1200
 summary  22.0  Transmit rate =  8889kbps, PLR =  0.00%( 0.00%), CE =  3.80%( 4.20%)[ 0.0%,  0.0%, 93.7%,  6.3%], RTT = 0.021s, Queue delay = 0.001s, MTU = 1200
 summary  24.0  Transmit rate =  8874kbps, PLR =  0.00%( 0.00%), CE =  4.06%( 4.09%)[ 0.0%,  0.0%, 93.8%,  6.2%], RTT = 0.021s, Queue delay = 0.001s, MTU = 1200
 summary  26.0  Transmit rate =  8893kbps, PLR =  0.00%( 0.00%), CE =  4.53%( 4.22%)[ 0.0%,  0.0%, 93.6%,  6.4%], RTT = 0.021s, Queue delay = 0.001s, MTU = 1200
 summary  28.0  Transmit rate =  8889kbps, PLR =  0.00%( 0.00%), CE =  4.81%( 4.13%)[ 0.0%,  0.0%, 93.7%,  6.3%], RTT = 0.021s, Queue delay = 0.001s, MTU = 1200
 summary  30.1  Transmit rate =  8882kbps, PLR =  0.00%( 0.00%), CE =  4.48%( 4.08%)[ 0.0%,  0.0%, 93.7%,  6.3%], RTT = 0.021s, Queue delay = 0.001s, MTU = 1200
 summary  32.1  Transmit rate =  8881kbps, PLR =  0.00%( 0.00%), CE =  4.68%( 4.10%)[ 0.0%,  0.0%, 93.7%,  6.3%], RTT = 0.021s, Queue delay = 0.001s, MTU = 1200
 summary  34.1  Transmit rate =  8903kbps, PLR =  0.00%( 0.00%), CE =  4.67%( 4.06%)[ 0.0%,  0.0%, 93.8%,  6.2%], RTT = 0.021s, Queue delay = 0.001s, MTU = 1200

======================== Summary ==========================
 Bitrate min/max/avg [kbps]          :  7442/10453/ 8830
 RTT     min/max/avg [s]             : 0.021/0.049/0.021
 Queue delay max/avg [s]             : 0.003/0.001
 Packet loss avg [%]                 : 0.000
 ECN/L4S NotECT/ECT(0)/ECT(1)/CE [%] :  0.0/ 0.0/93.7/ 6.3
===========================================================
