Listen on port 8081 to receive RTCP from decoder 
Scream sender started! 
 summary   2.0  Transmit rate =  5470kbps, PLR =  0.00%( 0.00%), CE =  1.97%( 6.12%)[ 0.0%,  0.0%, 92.2%,  7.8%], RTT = 0.035s, Queue delay = 0.001s, MTU = 1200
 summary   4.0  Transmit rate =  7359kbps, PLR =  0.00%( 0.00%), CE =  3.55%( 4.57%)[ 0.0%,  0.0%, 93.4%,  6.6%], RTT = 0.027s, Queue delay = 0.001s, MTU = 1200
 summary   6.0  Transmit rate =  8219kbps, PLR =  0.00%( 0.00%), CE =  4.40%( 4.34%)[ 0.0%,  0.0%, 93.4%,  6.6%], RTT = 0.024s, Queue delay = 0.001s, MTU = 1200
 summary   8.0  Transmit rate =  8579kbps, PLR =  0.00%( 0.00%), CE =  3.88%( 4.28%)[ 0.0%,  0.0%, 93.5%,  6.5%], RTT = 0.022s, Queue delay = 0.001s, MTU = 1200
 summary  10.0  Transmit rate =  8740kbps, PLR =  0.00%( 0.00%), CE =  4.52%( 4.27%)[ 0.0%,  0.0%, 93.6%,  6.4%], RTT = 0.022s, Queue delay = 0.001s, MTU = 1200
 summary  12.0  Transmit rate =  8831kbps, PLR =  0.00%( 0.00%), CE =  4.47%( 4.14%)[ 0.0%,  0.0%, 93.7%,  6.3%], RTT = 0.021s, Queue delay = 0.001s, MTU = 1200
 summary  14.0  Transmit rate =  8854kbps, PLR =  0.00%( 0.00%), CE =  4.67%( 3.99%)[ 0.0%,  0.0%, 93.8%,  6.2%], RTT = 0.021s, Queue delay = 0.001s, MTU = 1200
 summary  16.0  Transmit rate =  8874kbps, PLR =  0.00%( 0.00%), CE =  4.20%( 3.95%)[ 0.0%,  0.0%, 93.8%,  6.2%], RTT = 0.021s, Queue delay = 0.001s, MTU = 1200
 summary  18.0  Transmit rate =  8905kbps, PLR =  0.00%( 0.00%), CE =  4.22%( 3.95%)[ 0.0%,  0.0%, 93.9%,  6.1%], RTT = 0.021s, Queue delay = 0.001s, MTU = 1200
 summary  20.0  Transmit rate =  8885kbps, PLR =  0.00%( 0.00%), CE =  4.37%( 4.11%)[ 0.0%,  0.0%, 93.7%,  6.3%], RTT = 0.021s, Queue delay = 0.001s, MTU = 1200
 summary  22.0  Transmit rate =  8881kbps, PLR =  0.00%( 0.00%), CE =  4.35%( 4.05%)[ 0.0%,  0.0%, 93.8%,  6.2%], RTT = 0.021s, Queue delay = 0.001s, MTU = 1200
 summary  24.0  Transmit rate =  8885kbps, PLR =  0.00%( 0.00%), CE =  4.28%( 3.96%)[ 0.0%,  0.0%, 93.8%,  6.2%], RTT = 0.021s, Queue delay = 0.001s, MTU = 1200
 summary  26.0  Transmit rate =  8893kbps, PLR =  0.00%( 0.00%), CE =  4.20%( 3.98%)[ 0.0%,  0.0%, 93.8%,  6.2%], RTT = 0.021s, Queue delay = 0.001s, MTU = 1200
 summary  28.0  Transmit rate =  8904kbps, PLR =  0.00%( 0.00%), CE =  5.45%( 4.08%)[ 0.0%,  0.0%, 93.7%,  6.3%], RTT = 0.021s, Queue delay = 0.001s, MTU = 1200
 summary  30.0  Transmit rate =  8904kbps, PLR =  0.00%( 0.00%), CE =  5.35%( 4.06%)[ 0.0%,  0.0%, 93.8%,  6.2%], RTT = 0.021s, Queue delay = 0.001s, MTU = 1200
 summary  32.0  Transmit rate =  8892kbps, PLR =  0.00%( 0.00%), CE =  4.79%( 4.07%)[ 0.0%,  0.0%, 93.7%,  6.3%], RTT = 0.021s, Queue delay = 0.001s, MTU = 1200
 summary  34.0  Transmit rate =  8892kbps, PLR =  0.00%( 0.00%), CE =  4.64%( 4.15%)[ 0.0%,  0.0%, 93.7%,  6.3%], RTT = 0.021s, Queue delay = 0.001s, MTU = 1200

======================== Summary ==========================
 Bitrate min/max/avg [kbps]          :  7303/10454/ 8829
 RTT     min/max/avg [s]             : 0.021/0.049/0.021
 Queue delay max/avg [s]             : 0.003/0.001
 Packet loss avg [%]                 : 0.000
 ECN/L4S NotECT/ECT(0)/ECT(1)/CE [%] :  0.0/ 0.0/93.8/ 6.2
===========================================================
