Listen on port 8081 to receive RTCP from decoder 
Scream sender started! 
 summary   2.0  Transmit rate =  5477kbps, PLR =  0.00%( 0.00%), CE =  2.21%( 7.02%)[ 0.0%,  0.0%, 91.7%,  8.3%], RTT = 0.035s, Queue delay = 0.000s, MTU = 1200
 summary   4.0  Transmit rate =  7373kbps, PLR =  0.00%( 0.00%), CE =  4.55%( 5.73%)[ 0.0%,  0.0%, 92.6%,  7.4%], RTT = 0.027s, Queue delay = 0.001s, MTU = 1200
 summary   6.0  Transmit rate =  8214kbps, PLR =  0.00%( 0.00%), CE =  5.44%( 4.93%)[ 0.0%,  0.0%, 93.2%,  6.8%], RTT = 0.024s, Queue delay = 0.001s, MTU = 1200
 summary   8.0  Transmit rate =  8591kbps, PLR =  0.00%( 0.00%), CE =  5.65%( 4.99%)[ 0.0%,  0.0%, 93.1%,  6.9%], RTT = 0.022s, Queue delay = 0.001s, MTU = 1200
 summary  10.0  Transmit rate =  8767kbps, PLR =  0.00%( 0.00%), CE =  4.94%( 4.67%)[ 0.0%,  0.0%, 93.4%,  6.6%], RTT = 0.022s, Queue delay = 0.001s, MTU = 1200
 summary  12.0  Transmit rate =  8845kbps, PLR =  0.00%( 0.00%), CE =  5.16%( 4.68%)[ 0.0%,  0.0%, 93.2%,  6.8%], RTT = 0.021s, Queue delay = 0.001s, MTU = 1200
 summary  14.0  Transmit rate =  8841kbps, PLR =  0.00%( 0.00%), CE =  4.96%( 4.54%)[ 0.0%,  0.0%, 93.4%,  6.6%], RTT = 0.021s, Queue delay = 0.001s, MTU = 1200
 summary  16.0  Transmit rate =  8859kbps, PLR =  0.00%( 0.00%), CE =  3.93%( 4.39%)[ 0.0%,  0.0%, 93.5%,  6.5%], RTT = 0.021s, Queue delay = 0.001s, MTU = 1200
 summary  18.0  Transmit rate =  8882kbps, PLR =  0.00%( 0.00%), CE =  4.05%( 4.26%)[ 0.0%,  0.0%, 93.6%,  6.4%], RTT = 0.021s, Queue delay = 0.001s, MTU = 1200
 summary  20.0  Transmit rate =  8868kbps, PLR =  0.00%( 0.00%), CE =  3.92%( 4.32%)[ 0.0%,  0.0%, 93.5%,  6.5%], RTT = 0.021s, Queue delay = 0.001s, MTU = 1200
 summary  22.0  Transmit rate =  8896kbps, PLR =  0.00%( 0.00%), CE =  3.85%( 4.29%)[ 0.0%,  0.0%, 93.5%,  6.5%], RTT = 0.021s, Queue delay = 0.001s, MTU = 1200
 summary  24.0  Transmit rate =  8885kbps, PLR =  0.00%( 0.00%), CE =  4.61%( 4.24%)[ 0.0%,  0.0%, 93.6%,  6.4%], RTT = 0.021s, Queue delay = 0.001s, MTU = 1200
 summary  26.0  Transmit rate =  8891kbps, PLR =  0.00%( 0.00%), CE =  4.52%( 4.20%)[ 0.0%,  0.0%, 93.6%,  6.4%], RTT = 0.021s, Queue delay = 0.001s, MTU = 1200
 summary  28.0  Transmit rate =  8880kbps, PLR =  0.00%( 0.00%), CE =  4.57%( 4.20%)[ 0.0%,  0.0%, 93.6%,  6.4%], RTT = 0.021s, Queue delay = 0.001s, MTU = 1200
 summary  30.1  Transmit rate =  8893kbps, PLR =  0.00%( 0.00%), CE =  4.79%( 4.21%)[ 0.0%,  0.0%, 93.6%,  6.4%], RTT = 0.021s, Queue delay = 0.001s, MTU = 1200
 summary  32.1  Transmit rate =  8899kbps, PLR =  0.00%( 0.00%), CE =  4.32%( 4.30%)[ 0.0%,  0.0%, 93.5%,  6.5%], RTT = 0.021s, Queue delay = 0.001s, MTU = 1200
 summary  34.1  Transmit rate =  8891kbps, PLR =  0.00%( 0.00%), CE =  5.46%( 4.25%)[ 0.0%,  0.0%, 93.6%,  6.4%], RTT = 0.021s, Queue delay = 0.001s, MTU = 1200

======================== Summary ==========================
 Bitrate min/max/avg [kbps]          :  7384/10469/ 8822
 RTT     min/max/avg [s]             : 0.021/0.049/0.021
 Queue delay max/avg [s]             : 0.003/0.001
 Packet loss avg [%]                 : 0.000
 ECN/L4S NotECT/ECT(0)/ECT(1)/CE [%] :  0.0/ 0.0/93.6/ 6.4
===========================================================
