Listen on port 8081 to receive RTCP from decoder 
Scream sender started! 
 summary   2.0  Transmit rate =  5467kbps, PLR =  0.00%( 0.00%), CE =  2.03%( 6.25%)[ 0.0%,  0.0%, 92.2%,  7.8%], RTT = 0.035s, Queue delay = 0.001s, MTU = 1200
 summary   4.0  Transmit rate =  7357kbps, PLR =  0.00%( 0.00%), CE =  3.62%( 4.67%)[ 0.0%,  0.0%, 93.3%,  6.7%], RTT = 0.027s, Queue delay = 0.001s, MTU = 1200
 summary   6.0  Transmit rate =  8209kbps, PLR =  0.00%( 0.00%), CE =  4.56%( 4.23%)[ 0.0%,  0.0%, 93.6%,  6.4%], RTT = 0.024s, Queue delay = 0.001s, MTU = 1200
 summary   8.0  Transmit rate =  8572kbps, PLR =  0.00%( 0.00%), CE =  4.43%( 4.10%)[ 0.0%,  0.0%, 93.7%,  6.3%], RTT = 0.022s, Queue delay = 0.001s, MTU = 1200
 summary  10.0  Transmit rate =  8764kbps, PLR =  0.00%( 0.00%), CE =  4.66%( 4.41%)[ 0.0%,  0.0%, 93.4%,  6.6%], RTT = 0.022s, Queue delay = 0.001s, MTU = 1200
 summary  12.0  Transmit rate =  8839kbps, PLR =  0.00%( 0.00%), CE =  4.01%( 4.20%)[ 0.0%,  0.0%, 93.6%,  6.4%], RTT = 0.021s, Queue delay = 0.001s, MTU = 1200
 summary  14.0  Transmit rate =  8875kbps, PLR =  0.00%( 0.00%), CE =  4.58%( 4.14%)[ 0.0%,  0.0%, 93.7%,  6.3%], RTT = 0.021s, Queue delay = 0.001s, MTU = 1200
 summary  16.0  Transmit rate =  8902kbps, PLR =  0.00%( 0.00%), CE =  4.34%( 4.11%)[ 0.0%,  0.0%, 93.8%,  6.2%], RTT = 0.021s, Queue delay = 0.001s, MTU = 1200
 summary  18.0  Transmit rate =  8907kbps, PLR =  0.00%( 0.00%), CE =  4.91%( 4.11%)[ 0.0%,  0.0%, 93.8%,  6.2%], RTT = 0.021s, Queue delay = 0.001s, MTU = 1200
 summary  20.0  Transmit rate =  8895kbps, PLR =  0.00%( 0.00%), CE =  4.42%( 4.04%)[ 0.0%,  0.0%, 93.8%,  6.2%], RTT = 0.021s, Queue delay = 0.001s, MTU = 1200
 summary  22.0  Transmit rate =  8916kbps, PLR =  0.00%( 0.00%), CE =  4.53%( 4.12%)[ 0.0%,  0.0%, 93.7%,  6.3%], RTT = 0.021s, Queue delay = 0.001s, MTU = 1200
 summary  24.0  Transmit rate =  8904kbps, PLR =  0.00%( 0.00%), CE =  3.80%( 4.11%)[ 0.0%,  0.0%, 93.7%,  6.3%], RTT = 0.021s, Queue delay = 0.001s, MTU = 1200
 summary  26.0  Transmit rate =  8911kbps, PLR =  0.00%( 0.00%), CE =  4.14%( 4.21%)[ 0.0%,  0.0%, 93.7%,  6.3%], RTT = 0.021s, Queue delay = 0.001s, MTU = 1200
 summary  28.1  Transmit rate =  8907kbps, PLR =  0.00%( 0.00%), CE =  5.15%( 4.15%)[ 0.0%,  0.0%, 93.7%,  6.3%], RTT = 0.021s, Queue delay = 0.001s, MTU = 1200
 summary  30.1  Transmit rate =  8874kbps, PLR =  0.00%( 0.00%), CE =  4.74%( 4.08%)[ 0.0%,  0.0%, 93.8%,  6.2%], RTT = 0.021s, Queue delay = 0.001s, MTU = 1200
 summary  32.1  Transmit rate =  8894kbps, PLR =  0.00%( 0.00%), CE =  4.46%( 4.08%)[ 0.0%,  0.0%, 93.8%,  6.2%], RTT = 0.021s, Queue delay = 0.001s, MTU = 1200
 summary  34.1  Transmit rate =  8901kbps, PLR =  0.00%( 0.00%), CE =  4.79%( 4.11%)[ 0.0%,  0.0%, 93.8%,  6.2%], RTT = 0.021s, Queue delay = 0.001s, MTU = 1200

======================== Summary ==========================
 Bitrate min/max/avg [kbps]          :  7345/10461/ 8831
 RTT     min/max/avg [s]             : 0.021/0.049/0.021
 Queue delay max/avg [s]             : 0.003/0.001
 Packet loss avg [%]                 : 0.000
 ECN/L4S NotECT/ECT(0)/ECT(1)/CE [%] :  0.0/ 0.0/93.7/ 6.3
===========================================================
