Listen on port 8081 to receive RTCP from decoder 
Scream sender started! 
 summary   2.0  Transmit rate =  5473kbps, PLR =  0.00%( 0.00%), CE =  1.91%( 6.06%)[ 0.0%,  0.0%, 92.6%,  7.4%], RTT = 0.035s, Queue delay = 0.001s, MTU = 1200
 summary   4.0  Transmit rate =  7373kbps, PLR =  0.00%( 0.00%), CE =  4.59%( 5.57%)[ 0.0%,  0.0%, 92.7%,  7.3%], RTT = 0.027s, Queue delay = 0.001s, MTU = 1200
 summary   6.0  Transmit rate =  8230kbps, PLR =  0.00%( 0.00%), CE =  5.76%( 5.07%)[ 0.0%,  0.0%, 93.1%,  6.9%], RTT = 0.024s, Queue delay = 0.001s, MTU = 1200
 summary   8.0  Transmit rate =  8578kbps, PLR =  0.00%( 0.00%), CE =  5.07%( 4.68%)[ 0.0%,  0.0%, 93.3%,  6.7%], RTT = 0.022s, Queue delay = 0.001s, MTU = 1200
 summary  10.0  Transmit rate =  8772kbps, PLR =  0.00%( 0.00%), CE =  4.63%( 4.93%)[ 0.0%,  0.0%, 93.0%,  7.0%], RTT = 0.022s, Queue delay = 0.001s, MTU = 1200
 summary  12.0  Transmit rate =  8837kbps, PLR =  0.00%( 0.00%), CE =  4.20%( 4.67%)[ 0.0%,  0.0%, 93.3%,  6.7%], RTT = 0.021s, Queue delay = 0.001s, MTU = 1200
 summary  14.0  Transmit rate =  8853kbps, PLR =  0.00%( 0.00%), CE =  4.88%( 4.52%)[ 0.0%,  0.0%, 93.4%,  6.6%], RTT = 0.021s, Queue delay = 0.001s, MTU = 1200
 summary  16.0  Transmit rate =  8854kbps, PLR =  0.00%( 0.00%), CE =  3.96%( 4.30%)[ 0.0%,  0.0%, 93.6%,  6.4%], RTT = 0.021s, Queue delay = 0.001s, MTU = 1200
 summary  18.0  Transmit rate =  8881kbps, PLR =  0.00%( 0.00%), CE =  4.36%( 4.25%)[ 0.0%,  0.0%, 93.6%,  6.4%], RTT = 0.021s, Queue delay = 0.001s, MTU = 1200
 summary  20.0  Transmit rate =  8879kbps, PLR =  0.00%( 0.00%), CE =  4.22%( 4.26%)[ 0.0%,  0.0%, 93.6%,  6.4%], RTT = 0.021s, Queue delay = 0.001s, MTU = 1200
 summary  22.0  Transmit rate =  8918kbps, PLR =  0.00%( 0.00%), CE =  4.47%( 4.22%)[ 0.0%,  0.0%, 93.6%,  6.4%], RTT = 0.021s, Queue delay = 0.001s, MTU = 1200
 summary  24.0  Transmit rate =  8905kbps, PLR =  0.00%( 0.00%), CE =  3.76%( 4.21%)[ 0.0%,  0.0%, 93.6%,  6.4%], RTT = 0.021s, Queue delay = 0.001s, MTU = 1200
 summary  26.0  Transmit rate =  8911kbps, PLR =  0.00%( 0.00%), CE =  4.38%( 4.24%)[ 0.0%,  0.0%, 93.6%,  6.4%], RTT = 0.021s, Queue delay = 0.001s, MTU = 1200
 summary  28.0  Transmit rate =  8906kbps, PLR =  0.00%( 0.00%), CE =  5.23%( 4.22%)[ 0.0%,  0.0%, 93.6%,  6.4%], RTT = 0.021s, Queue delay = 0.001s, MTU = 1200
 summary  30.1  Transmit rate =  8908kbps, PLR =  0.00%( 0.00%), CE =  4.62%( 4.22%)[ 0.0%,  0.0%, 93.6%,  6.4%], RTT = 0.021s, Queue delay = 0.001s, MTU = 1200
 summary  32.1  Transmit rate =  8888kbps, PLR =  0.00%( 0.00%), CE =  4.87%( 4.20%)[ 0.0%,  0.0%, 93.7%,  6.3%], RTT = 0.021s, Queue delay = 0.001s, MTU = 1200
 summary  34.1  Transmit rate =  8897kbps, PLR =  0.00%( 0.00%), CE =  4.77%( 4.17%)[ 0.0%,  0.0%, 93.7%,  6.3%], RTT = 0.021s, Queue delay = 0.001s, MTU = 1200

======================== Summary ==========================
 Bitrate min/max/avg [kbps]          :  7440/10487/ 8829
 RTT     min/max/avg [s]             : 0.021/0.049/0.021
 Queue delay max/avg [s]             : 0.003/0.001
 Packet loss avg [%]                 : 0.000
 ECN/L4S NotECT/ECT(0)/ECT(1)/CE [%] :  0.0/ 0.0/93.6/ 6.4
===========================================================
