Listen on port 8081 to receive RTCP from decoder 
Scream sender started! 
 summary   2.0  Transmit rate =  4419kbps, PLR =  0.00%( 0.00%), CE =  0.00%( 0.00%)[ 0.0%,  0.0%, 100.0%,  0.0%], RTT = 0.046s, Queue delay = 0.000s, MTU = 1200
 summary   4.0  Transmit rate = 15067kbps, PLR =  0.00%( 0.00%), CE =  0.00%( 2.71%)[ 0.0%,  0.0%, 97.0%,  3.0%], RTT = 0.043s, Queue delay = 0.000s, MTU = 1200
 summary   6.0  Transmit rate = 23476kbps, PLR =  0.00%( 0.00%), CE =  2.31%( 2.86%)[ 0.0%,  0.0%, 97.1%,  2.9%], RTT = 0.041s, Queue delay = 0.000s, MTU = 1200
 summary   8.0  Transmit rate = 27524kbps, PLR =  0.00%( 0.00%), CE =  3.50%( 2.70%)[ 0.0%,  0.0%, 97.2%,  2.8%], RTT = 0.041s, Queue delay = 0.000s, MTU = 1200
 summary  10.0  Transmit rate = 29396kbps, PLR =  0.00%( 0.00%), CE =  2.99%( 2.65%)[ 0.0%,  0.0%, 97.3%,  2.7%], RTT = 0.040s, Queue delay = 0.000s, MTU = 1200
 summary  12.0  Transmit rate = 30069kbps, PLR =  0.00%( 0.00%), CE =  3.38%( 2.58%)[ 0.0%,  0.0%, 97.4%,  2.6%], RTT = 0.040s, Queue delay = 0.000s, MTU = 1200
 summary  14.0  Transmit rate = 30059kbps, PLR =  0.00%( 0.00%), CE =  2.75%( 2.38%)[ 0.0%,  0.0%, 97.6%,  2.4%], RTT = 0.040s, Queue delay = 0.000s, MTU = 1200
 summary  16.0  Transmit rate = 30319kbps, PLR =  0.00%( 0.00%), CE =  2.56%( 2.26%)[ 0.0%,  0.0%, 97.7%,  2.3%], RTT = 0.040s, Queue delay = 0.000s, MTU = 1200
 summary  18.0  Transmit rate = 30542kbps, PLR =  0.00%( 0.00%), CE =  2.39%( 2.30%)[ 0.0%,  0.0%, 97.7%,  2.3%], RTT = 0.040s, Queue delay = 0.000s, MTU = 1200
 summary  20.0  Transmit rate = 30813kbps, PLR =  0.00%( 0.00%), CE =  2.47%( 2.34%)[ 0.0%,  0.0%, 97.6%,  2.4%], RTT = 0.040s, Queue delay = 0.000s, MTU = 1200
 summary  22.0  Transmit rate = 30655kbps, PLR =  0.00%( 0.00%), CE =  2.15%( 2.28%)[ 0.0%,  0.0%, 97.7%,  2.3%], RTT = 0.040s, Queue delay = 0.000s, MTU = 1200
 summary  24.0  Transmit rate = 30837kbps, PLR =  0.00%( 0.00%), CE =  2.14%( 2.31%)[ 0.0%,  0.0%, 97.7%,  2.3%], RTT = 0.040s, Queue delay = 0.000s, MTU = 1200
 summary  26.0  Transmit rate = 30729kbps, PLR =  0.00%( 0.00%), CE =  2.79%( 2.28%)[ 0.0%,  0.0%, 97.7%,  2.3%], RTT = 0.040s, Queue delay = 0.000s, MTU = 1200
 summary  28.0  Transmit rate = 30678kbps, PLR =  0.00%( 0.00%), CE =  3.46%( 2.31%)[ 0.0%,  0.0%, 97.6%,  2.4%], RTT = 0.040s, Queue delay = 0.000s, MTU = 1200
 summary  30.0  Transmit rate = 30648kbps, PLR =  0.00%( 0.00%), CE =  3.28%( 2.35%)[ 0.0%,  0.0%, 97.6%,  2.4%], RTT = 0.040s, Queue delay = 0.000s, MTU = 1200
 summary  32.0  Transmit rate = 30530kbps, PLR =  0.00%( 0.00%), CE =  3.67%( 2.35%)[ 0.0%,  0.0%, 97.6%,  2.4%], RTT = 0.040s, Queue delay = 0.000s, MTU = 1200
 summary  34.0  Transmit rate = 30566kbps, PLR =  0.00%( 0.00%), CE =  3.32%( 2.35%)[ 0.0%,  0.0%, 97.6%,  2.4%], RTT = 0.040s, Queue delay = 0.000s, MTU = 1200

======================== Summary ==========================
 Bitrate min/max/avg [kbps]          : 24436/37156/28749
 RTT     min/max/avg [s]             : 0.040/0.050/0.040
 Queue delay max/avg [s]             : 0.002/0.000
 Packet loss avg [%]                 : 0.000
 ECN/L4S NotECT/ECT(0)/ECT(1)/CE [%] :  0.0/ 0.0/97.5/ 2.5
===========================================================
