Listen on port 8081 to receive RTCP from decoder 
Scream sender started! 
 summary   2.0  Transmit rate =  4452kbps, PLR =  0.00%( 0.00%), CE =  0.00%( 0.00%)[ 0.0%,  0.0%, 100.0%,  0.0%], RTT = 0.046s, Queue delay = 0.000s, MTU = 1200
 summary   4.0  Transmit rate = 15052kbps, PLR =  0.00%( 0.00%), CE =  0.00%( 2.51%)[ 0.0%,  0.0%, 97.0%,  3.0%], RTT = 0.043s, Queue delay = 0.000s, MTU = 1200
 summary   6.0  Transmit rate = 23679kbps, PLR =  0.00%( 0.00%), CE =  1.54%( 2.98%)[ 0.0%,  0.0%, 96.9%,  3.1%], RTT = 0.041s, Queue delay = 0.000s, MTU = 1200
 summary   8.0  Transmit rate = 27489kbps, PLR =  0.00%( 0.00%), CE =  3.12%( 2.73%)[ 0.0%,  0.0%, 97.2%,  2.8%], RTT = 0.041s, Queue delay = 0.000s, MTU = 1200
 summary  10.0  Transmit rate = 28872kbps, PLR =  0.00%( 0.00%), CE =  2.75%( 2.43%)[ 0.0%,  0.0%, 97.5%,  2.5%], RTT = 0.040s, Queue delay = 0.000s, MTU = 1200
 summary  12.0  Transmit rate = 29670kbps, PLR =  0.00%( 0.00%), CE =  2.78%( 2.32%)[ 0.0%,  0.0%, 97.6%,  2.4%], RTT = 0.040s, Queue delay = 0.000s, MTU = 1200
 summary  14.0  Transmit rate = 30366kbps, PLR =  0.00%( 0.00%), CE =  2.58%( 2.38%)[ 0.0%,  0.0%, 97.6%,  2.4%], RTT = 0.040s, Queue delay = 0.000s, MTU = 1200
 summary  16.0  Transmit rate = 30552kbps, PLR =  0.00%( 0.00%), CE =  3.23%( 2.38%)[ 0.0%,  0.0%, 97.6%,  2.4%], RTT = 0.040s, Queue delay = 0.000s, MTU = 1200
 summary  18.0  Transmit rate = 30478kbps, PLR =  0.00%( 0.00%), CE =  3.25%( 2.38%)[ 0.0%,  0.0%, 97.6%,  2.4%], RTT = 0.040s, Queue delay = 0.000s, MTU = 1200
 summary  20.0  Transmit rate = 30444kbps, PLR =  0.00%( 0.00%), CE =  3.41%( 2.38%)[ 0.0%,  0.0%, 97.6%,  2.4%], RTT = 0.040s, Queue delay = 0.000s, MTU = 1200
 summary  22.0  Transmit rate = 30569kbps, PLR =  0.00%( 0.00%), CE =  3.15%( 2.38%)[ 0.0%,  0.0%, 97.6%,  2.4%], RTT = 0.040s, Queue delay = 0.000s, MTU = 1200
 summary  24.0  Transmit rate = 30684kbps, PLR =  0.00%( 0.00%), CE =  3.45%( 2.39%)[ 0.0%,  0.0%, 97.6%,  2.4%], RTT = 0.040s, Queue delay = 0.000s, MTU = 1200
 summary  26.0  Transmit rate = 30795kbps, PLR =  0.00%( 0.00%), CE =  3.26%( 2.41%)[ 0.0%,  0.0%, 97.5%,  2.5%], RTT = 0.040s, Queue delay = 0.000s, MTU = 1200
 summary  28.0  Transmit rate = 30742kbps, PLR =  0.00%( 0.00%), CE =  3.09%( 2.42%)[ 0.0%,  0.0%, 97.5%,  2.5%], RTT = 0.040s, Queue delay = 0.000s, MTU = 1200
 summary  30.0  Transmit rate = 30625kbps, PLR =  0.00%( 0.00%), CE =  3.01%( 2.45%)[ 0.0%,  0.0%, 97.5%,  2.5%], RTT = 0.040s, Queue delay = 0.000s, MTU = 1200
 summary  32.0  Transmit rate = 30503kbps, PLR =  0.00%( 0.00%), CE =  2.35%( 2.43%)[ 0.0%,  0.0%, 97.5%,  2.5%], RTT = 0.040s, Queue delay = 0.000s, MTU = 1200
 summary  34.0  Transmit rate = 30706kbps, PLR =  0.00%( 0.00%), CE =  2.07%( 2.40%)[ 0.0%,  0.0%, 97.6%,  2.4%], RTT = 0.040s, Queue delay = 0.000s, MTU = 1200

======================== Summary ==========================
 Bitrate min/max/avg [kbps]          :     0/37141/28299
 RTT     min/max/avg [s]             : 0.040/0.050/0.040
 Queue delay max/avg [s]             : 0.002/0.000
 Packet loss avg [%]                 : 0.000
 ECN/L4S NotECT/ECT(0)/ECT(1)/CE [%] :  0.0/ 0.0/97.5/ 2.5
===========================================================
