Listen on port 8081 to receive RTCP from decoder 
Scream sender started! 
 summary   2.0  Transmit rate =  4401kbps, PLR =  0.00%( 0.00%), CE =  0.00%( 0.00%)[ 0.0%,  0.0%, 100.0%,  0.0%], RTT = 0.046s, Queue delay = 0.000s, MTU = 1200
 summary   4.0  Transmit rate = 14963kbps, PLR =  0.00%( 0.00%), CE =  0.00%( 2.38%)[ 0.0%,  0.0%, 97.4%,  2.6%], RTT = 0.043s, Queue delay = 0.000s, MTU = 1200
 summary   6.0  Transmit rate = 23739kbps, PLR =  0.00%( 0.00%), CE =  2.27%( 2.85%)[ 0.0%,  0.0%, 97.1%,  2.9%], RTT = 0.041s, Queue delay = 0.000s, MTU = 1200
 summary   8.0  Transmit rate = 27642kbps, PLR =  0.00%( 0.00%), CE =  3.72%( 2.75%)[ 0.0%,  0.0%, 97.2%,  2.8%], RTT = 0.041s, Queue delay = 0.000s, MTU = 1200
 summary  10.0  Transmit rate = 29346kbps, PLR =  0.00%( 0.00%), CE =  3.51%( 2.73%)[ 0.0%,  0.0%, 97.2%,  2.8%], RTT = 0.040s, Queue delay = 0.000s, MTU = 1200
 summary  12.0  Transmit rate = 30128kbps, PLR =  0.00%( 0.00%), CE =  3.76%( 2.70%)[ 0.0%,  0.0%, 97.2%,  2.8%], RTT = 0.040s, Queue delay = 0.000s, MTU = 1200
 summary  14.0  Transmit rate = 30442kbps, PLR =  0.00%( 0.00%), CE =  3.43%( 2.67%)[ 0.0%,  0.0%, 97.3%,  2.7%], RTT = 0.040s, Queue delay = 0.000s, MTU = 1200
 summary  16.0  Transmit rate = 30402kbps, PLR =  0.00%( 0.00%), CE =  3.67%( 2.65%)[ 0.0%,  0.0%, 97.3%,  2.7%], RTT = 0.040s, Queue delay = 0.000s, MTU = 1200
 summary  18.0  Transmit rate = 30361kbps, PLR =  0.00%( 0.00%), CE =  3.07%( 2.54%)[ 0.0%,  0.0%, 97.4%,  2.6%], RTT = 0.040s, Queue delay = 0.000s, MTU = 1200
 summary  20.0  Transmit rate = 30709kbps, PLR =  0.00%( 0.00%), CE =  2.14%( 2.53%)[ 0.0%,  0.0%, 97.4%,  2.6%], RTT = 0.040s, Queue delay = 0.000s, MTU = 1200
 summary  22.0  Transmit rate = 30419kbps, PLR =  0.00%( 0.00%), CE =  2.41%( 2.72%)[ 0.0%,  0.0%, 97.2%,  2.8%], RTT = 0.040s, Queue delay = 0.000s, MTU = 1200
 summary  24.0  Transmit rate = 30343kbps, PLR =  0.00%( 0.00%), CE =  2.06%( 2.66%)[ 0.0%,  0.0%, 97.3%,  2.7%], RTT = 0.040s, Queue delay = 0.000s, MTU = 1200
 summary  26.0  Transmit rate = 30648kbps, PLR =  0.00%( 0.00%), CE =  1.82%( 2.57%)[ 0.0%,  0.0%, 97.3%,  2.7%], RTT = 0.040s, Queue delay = 0.000s, MTU = 1200
 summary  28.0  Transmit rate = 30830kbps, PLR =  0.00%( 0.00%), CE =  2.22%( 2.67%)[ 0.0%,  0.0%, 97.3%,  2.7%], RTT = 0.040s, Queue delay = 0.000s, MTU = 1200
 summary  30.0  Transmit rate = 30776kbps, PLR =  0.00%( 0.00%), CE =  2.50%( 2.66%)[ 0.0%,  0.0%, 97.3%,  2.7%], RTT = 0.040s, Queue delay = 0.000s, MTU = 1200
 summary  32.0  Transmit rate = 30730kbps, PLR =  0.00%( 0.00%), CE =  2.41%( 2.65%)[ 0.0%,  0.0%, 97.3%,  2.7%], RTT = 0.040s, Queue delay = 0.000s, MTU = 1200
 summary  34.0  Transmit rate = 30871kbps, PLR =  0.00%( 0.00%), CE =  2.82%( 2.64%)[ 0.0%,  0.0%, 97.3%,  2.7%], RTT = 0.040s, Queue delay = 0.000s, MTU = 1200

======================== Summary ==========================
 Bitrate min/max/avg [kbps]          :     0/37150/28328
 RTT     min/max/avg [s]             : 0.040/0.050/0.040
 Queue delay max/avg [s]             : 0.002/0.000
 Packet loss avg [%]                 : 0.000
 ECN/L4S NotECT/ECT(0)/ECT(1)/CE [%] :  0.0/ 0.0/97.4/ 2.6
===========================================================
