Listen on port 8081 to receive RTCP from decoder 
Scream sender started! 
 summary   2.0  Transmit rate =  4455kbps, PLR =  0.00%( 0.00%), CE =  0.00%( 0.00%)[ 0.0%,  0.0%, 100.0%,  0.0%], RTT = 0.046s, Queue delay = 0.000s, MTU = 1200
 summary   4.0  Transmit rate = 15046kbps, PLR =  0.00%( 0.00%), CE =  0.00%( 0.40%)[ 0.0%,  0.0%, 99.5%,  0.5%], RTT = 0.043s, Queue delay = 0.000s, MTU = 1200
 summary   6.0  Transmit rate = 24251kbps, PLR =  0.00%( 0.00%), CE =  0.46%( 1.98%)[ 0.0%,  0.0%, 97.8%,  2.2%], RTT = 0.041s, Queue delay = 0.001s, MTU = 1200
 summary   8.0  Transmit rate = 28126kbps, PLR =  0.00%( 0.00%), CE =  1.68%( 2.09%)[ 0.0%,  0.0%, 97.8%,  2.2%], RTT = 0.041s, Queue delay = 0.001s, MTU = 1200
 summary  10.0  Transmit rate = 29314kbps, PLR =  0.00%( 0.00%), CE =  2.88%( 2.14%)[ 0.0%,  0.0%, 97.8%,  2.2%], RTT = 0.041s, Queue delay = 0.000s, MTU = 1200
 summary  12.0  Transmit rate = 29881kbps, PLR =  0.00%( 0.00%), CE =  2.98%( 2.10%)[ 0.0%,  0.0%, 97.8%,  2.2%], RTT = 0.040s, Queue delay = 0.000s, MTU = 1200
 summary  14.0  Transmit rate = 30323kbps, PLR =  0.00%( 0.00%), CE =  2.78%( 2.13%)[ 0.0%,  0.0%, 97.8%,  2.2%], RTT = 0.040s, Queue delay = 0.000s, MTU = 1200
 summary  16.0  Transmit rate = 30628kbps, PLR =  0.00%( 0.00%), CE =  3.01%( 2.15%)[ 0.0%,  0.0%, 97.8%,  2.2%], RTT = 0.040s, Queue delay = 0.000s, MTU = 1200
 summary  18.0  Transmit rate = 30677kbps, PLR =  0.00%( 0.00%), CE =  3.00%( 2.20%)[ 0.0%,  0.0%, 97.7%,  2.3%], RTT = 0.040s, Queue delay = 0.000s, MTU = 1200
 summary  20.0  Transmit rate = 30783kbps, PLR =  0.00%( 0.00%), CE =  3.51%( 2.26%)[ 0.0%,  0.0%, 97.7%,  2.3%], RTT = 0.040s, Queue delay = 0.000s, MTU = 1200
 summary  22.0  Transmit rate = 30735kbps, PLR =  0.00%( 0.00%), CE =  3.45%( 2.30%)[ 0.0%,  0.0%, 97.6%,  2.4%], RTT = 0.040s, Queue delay = 0.000s, MTU = 1200
 summary  24.0  Transmit rate = 30364kbps, PLR =  0.00%( 0.00%), CE =  3.25%( 2.23%)[ 0.0%,  0.0%, 97.7%,  2.3%], RTT = 0.040s, Queue delay = 0.000s, MTU = 1200
 summary  26.0  Transmit rate = 30253kbps, PLR =  0.00%( 0.00%), CE =  2.50%( 2.18%)[ 0.0%,  0.0%, 97.8%,  2.2%], RTT = 0.040s, Queue delay = 0.000s, MTU = 1200
 summary  28.0  Transmit rate = 30410kbps, PLR =  0.00%( 0.00%), CE =  2.62%( 2.19%)[ 0.0%,  0.0%, 97.8%,  2.2%], RTT = 0.040s, Queue delay = 0.000s, MTU = 1200
 summary  30.0  Transmit rate = 30609kbps, PLR =  0.00%( 0.00%), CE =  2.81%( 2.21%)[ 0.0%,  0.0%, 97.7%,  2.3%], RTT = 0.040s, Queue delay = 0.000s, MTU = 1200
 summary  32.0  Transmit rate = 30751kbps, PLR =  0.00%( 0.00%), CE =  3.39%( 2.23%)[ 0.0%,  0.0%, 97.7%,  2.3%], RTT = 0.040s, Queue delay = 0.000s, MTU = 1200
 summary  34.1  Transmit rate = 30615kbps, PLR =  0.00%( 0.00%), CE =  3.32%( 2.26%)[ 0.0%,  0.0%, 97.7%,  2.3%], RTT = 0.040s, Queue delay = 0.000s, MTU = 1200

======================== Summary ==========================
 Bitrate min/max/avg [kbps]          : 24759/37373/28775
 RTT     min/max/avg [s]             : 0.040/0.050/0.040
 Queue delay max/avg [s]             : 0.002/0.000
 Packet loss avg [%]                 : 0.000
 ECN/L4S NotECT/ECT(0)/ECT(1)/CE [%] :  0.0/ 0.0/97.6/ 2.4
===========================================================
