Listen on port 8081 to receive RTCP from decoder 
Scream sender started! 
 summary   2.0  Transmit rate =  4436kbps, PLR =  0.00%( 0.00%), CE =  0.00%( 0.00%)[ 0.0%,  0.0%, 100.0%,  0.0%], RTT = 0.045s, Queue delay = 0.000s, MTU = 1200
 summary   4.0  Transmit rate = 15051kbps, PLR =  0.00%( 0.00%), CE =  0.00%( 1.16%)[ 0.0%,  0.0%, 98.7%,  1.3%], RTT = 0.043s, Queue delay = 0.000s, MTU = 1200
 summary   6.0  Transmit rate = 24129kbps, PLR =  0.00%( 0.00%), CE =  0.62%( 2.09%)[ 0.0%,  0.0%, 97.9%,  2.1%], RTT = 0.041s, Queue delay = 0.000s, MTU = 1200
 summary   8.0  Transmit rate = 27885kbps, PLR =  0.00%( 0.00%), CE =  2.57%( 2.49%)[ 0.0%,  0.0%, 97.5%,  2.5%], RTT = 0.041s, Queue delay = 0.000s, MTU = 1200
 summary  10.0  Transmit rate = 28991kbps, PLR =  0.00%( 0.00%), CE =  3.42%( 2.24%)[ 0.0%,  0.0%, 97.7%,  2.3%], RTT = 0.040s, Queue delay = 0.000s, MTU = 1200
 summary  12.0  Transmit rate = 29665kbps, PLR =  0.00%( 0.00%), CE =  3.16%( 2.11%)[ 0.0%,  0.0%, 97.8%,  2.2%], RTT = 0.040s, Queue delay = 0.000s, MTU = 1200
 summary  14.0  Transmit rate = 30323kbps, PLR =  0.00%( 0.00%), CE =  2.42%( 2.19%)[ 0.0%,  0.0%, 97.8%,  2.2%], RTT = 0.040s, Queue delay = 0.000s, MTU = 1200
 summary  16.0  Transmit rate = 30667kbps, PLR =  0.00%( 0.00%), CE =  3.05%( 2.24%)[ 0.0%,  0.0%, 97.7%,  2.3%], RTT = 0.040s, Queue delay = 0.000s, MTU = 1200
 summary  18.0  Transmit rate = 30616kbps, PLR =  0.00%( 0.00%), CE =  3.31%( 2.28%)[ 0.0%,  0.0%, 97.7%,  2.3%], RTT = 0.040s, Queue delay = 0.000s, MTU = 1200
 summary  20.0  Transmit rate = 30509kbps, PLR =  0.00%( 0.00%), CE =  3.30%( 2.24%)[ 0.0%,  0.0%, 97.7%,  2.3%], RTT = 0.040s, Queue delay = 0.000s, MTU = 1200
 summary  22.0  Transmit rate = 30560kbps, PLR =  0.00%( 0.00%), CE =  2.92%( 2.23%)[ 0.0%,  0.0%, 97.7%,  2.3%], RTT = 0.040s, Queue delay = 0.000s, MTU = 1200
 summary  24.0  Transmit rate = 30492kbps, PLR =  0.00%( 0.00%), CE =  3.14%( 2.26%)[ 0.0%,  0.0%, 97.7%,  2.3%], RTT = 0.040s, Queue delay = 0.000s, MTU = 1200
 summary  26.0  Transmit rate = 30426kbps, PLR =  0.00%( 0.00%), CE =  2.89%( 2.22%)[ 0.0%,  0.0%, 97.7%,  2.3%], RTT = 0.040s, Queue delay = 0.000s, MTU = 1200
 summary  28.0  Transmit rate = 30603kbps, PLR =  0.00%( 0.00%), CE =  2.67%( 2.23%)[ 0.0%,  0.0%, 97.7%,  2.3%], RTT = 0.040s, Queue delay = 0.000s, MTU = 1200
 summary  30.1  Transmit rate = 30567kbps, PLR =  0.00%( 0.00%), CE =  2.29%( 2.25%)[ 0.0%,  0.0%, 97.7%,  2.3%], RTT = 0.040s, Queue delay = 0.000s, MTU = 1200
 summary  32.1  Transmit rate = 30400kbps, PLR =  0.00%( 0.00%), CE =  2.13%( 2.38%)[ 0.0%,  0.0%, 97.6%,  2.4%], RTT = 0.040s, Queue delay = 0.000s, MTU = 1200
 summary  34.1  Transmit rate = 30482kbps, PLR =  0.00%( 0.00%), CE =  2.57%( 2.37%)[ 0.0%,  0.0%, 97.6%,  2.4%], RTT = 0.040s, Queue delay = 0.000s, MTU = 1200

======================== Summary ==========================
 Bitrate min/max/avg [kbps]          : 24541/37775/28680
 RTT     min/max/avg [s]             : 0.040/0.050/0.040
 Queue delay max/avg [s]             : 0.003/0.000
 Packet loss avg [%]                 : 0.000
 ECN/L4S NotECT/ECT(0)/ECT(1)/CE [%] :  0.0/ 0.0/97.7/ 2.3
===========================================================
