Listen on port 8081 to receive RTCP from decoder 
Scream sender started! 
 summary   2.0  Transmit rate =  4453kbps, PLR =  0.00%( 0.00%), CE =  0.00%( 0.00%)[ 0.0%,  0.0%, 100.0%,  0.0%], RTT = 0.045s, Queue delay = 0.000s, MTU = 1200
 summary   4.0  Transmit rate = 14994kbps, PLR =  0.00%( 0.00%), CE =  0.00%( 2.60%)[ 0.0%,  0.0%, 97.1%,  2.9%], RTT = 0.043s, Queue delay = 0.000s, MTU = 1200
 summary   6.0  Transmit rate = 23474kbps, PLR =  0.00%( 0.00%), CE =  2.43%( 2.95%)[ 0.0%,  0.0%, 97.0%,  3.0%], RTT = 0.041s, Queue delay = 0.000s, MTU = 1200
 summary   8.0  Transmit rate = 27557kbps, PLR =  0.00%( 0.00%), CE =  3.59%( 2.74%)[ 0.0%,  0.0%, 97.2%,  2.8%], RTT = 0.041s, Queue delay = 0.000s, MTU = 1200
 summary  10.0  Transmit rate = 29249kbps, PLR =  0.00%( 0.00%), CE =  3.05%( 2.73%)[ 0.0%,  0.0%, 97.2%,  2.8%], RTT = 0.040s, Queue delay = 0.000s, MTU = 1200
 summary  12.0  Transmit rate = 29961kbps, PLR =  0.00%( 0.00%), CE =  3.46%( 2.67%)[ 0.0%,  0.0%, 97.3%,  2.7%], RTT = 0.040s, Queue delay = 0.000s, MTU = 1200
 summary  14.0  Transmit rate = 30199kbps, PLR =  0.00%( 0.00%), CE =  3.27%( 2.62%)[ 0.0%,  0.0%, 97.3%,  2.7%], RTT = 0.040s, Queue delay = 0.000s, MTU = 1200
 summary  16.0  Transmit rate = 30463kbps, PLR =  0.00%( 0.00%), CE =  3.33%( 2.59%)[ 0.0%,  0.0%, 97.4%,  2.6%], RTT = 0.040s, Queue delay = 0.000s, MTU = 1200
 summary  18.0  Transmit rate = 30523kbps, PLR =  0.00%( 0.00%), CE =  3.19%( 2.58%)[ 0.0%,  0.0%, 97.4%,  2.6%], RTT = 0.040s, Queue delay = 0.000s, MTU = 1200
 summary  20.0  Transmit rate = 30694kbps, PLR =  0.00%( 0.00%), CE =  3.57%( 2.57%)[ 0.0%,  0.0%, 97.4%,  2.6%], RTT = 0.040s, Queue delay = 0.000s, MTU = 1200
 summary  22.0  Transmit rate = 30673kbps, PLR =  0.00%( 0.00%), CE =  2.41%( 2.55%)[ 0.0%,  0.0%, 97.4%,  2.6%], RTT = 0.040s, Queue delay = 0.000s, MTU = 1200
 summary  24.0  Transmit rate = 30860kbps, PLR =  0.00%( 0.00%), CE =  2.39%( 2.66%)[ 0.0%,  0.0%, 97.3%,  2.7%], RTT = 0.040s, Queue delay = 0.000s, MTU = 1200
 summary  26.0  Transmit rate = 30832kbps, PLR =  0.00%( 0.00%), CE =  2.37%( 2.76%)[ 0.0%,  0.0%, 97.2%,  2.8%], RTT = 0.040s, Queue delay = 0.000s, MTU = 1200
 summary  28.0  Transmit rate = 30359kbps, PLR =  0.00%( 0.00%), CE =  2.93%( 2.67%)[ 0.0%,  0.0%, 97.3%,  2.7%], RTT = 0.040s, Queue delay = 0.000s, MTU = 1200
 summary  30.0  Transmit rate = 30302kbps, PLR =  0.00%( 0.00%), CE =  2.93%( 2.61%)[ 0.0%,  0.0%, 97.3%,  2.7%], RTT = 0.040s, Queue delay = 0.000s, MTU = 1200
 summary  32.0  Transmit rate = 30423kbps, PLR =  0.00%( 0.00%), CE =  2.48%( 2.58%)[ 0.0%,  0.0%, 97.4%,  2.6%], RTT = 0.040s, Queue delay = 0.000s, MTU = 1200
 summary  34.0  Transmit rate = 30733kbps, PLR =  0.00%( 0.00%), CE =  3.19%( 2.58%)[ 0.0%,  0.0%, 97.4%,  2.6%], RTT = 0.040s, Queue delay = 0.000s, MTU = 1200

======================== Summary ==========================
 Bitrate min/max/avg [kbps]          : 24721/37112/28711
 RTT     min/max/avg [s]             : 0.040/0.050/0.040
 Queue delay max/avg [s]             : 0.002/0.000
 Packet loss avg [%]                 : 0.000
 ECN/L4S NotECT/ECT(0)/ECT(1)/CE [%] :  0.0/ 0.0/97.4/ 2.6
===========================================================
