Listen on port 8081 to receive RTCP from decoder 
Scream sender started! 
 summary   2.0  Transmit rate =  4407kbps, PLR =  0.00%( 0.00%), CE =  2.94%( 9.30%)[ 0.0%,  0.0%, 90.5%,  9.5%], RTT = 0.035s, Queue delay = 0.000s, MTU = 1200
 summary   4.0  Transmit rate =  5664kbps, PLR =  0.00%( 0.00%), CE =  6.15%( 7.90%)[ 0.0%,  0.0%, 91.7%,  8.3%], RTT = 0.027s, Queue delay = 0.001s, MTU = 1200
 summary   6.0  Transmit rate =  6281kbps, PLR =  0.00%( 0.00%), CE =  8.28%( 7.45%)[ 0.0%,  0.0%, 92.2%,  7.8%], RTT = 0.024s, Queue delay = 0.001s, MTU = 1200
 summary   8.0  Transmit rate =  6548kbps, PLR =  0.00%( 0.00%), CE =  7.22%( 7.17%)[ 0.0%,  0.0%, 92.6%,  7.4%], RTT = 0.022s, Queue delay = 0.001s, MTU = 1200
 summary  10.0  Transmit rate =  6608kbps, PLR =  0.00%( 0.00%), CE =  8.38%( 7.22%)[ 0.0%,  0.0%, 92.5%,  7.5%], RTT = 0.022s, Queue delay = 0.001s, MTU = 1200
 summary  12.0  Transmit rate =  6537kbps, PLR =  0.00%( 0.00%), CE =  8.43%( 7.22%)[ 0.0%,  0.0%, 92.5%,  7.5%], RTT = 0.021s, Queue delay = 0.001s, MTU = 1200
 summary  14.0  Transmit rate =  6685kbps, PLR =  0.00%( 0.00%), CE =  7.96%( 6.98%)[ 0.0%,  0.0%, 92.8%,  7.2%], RTT = 0.021s, Queue delay = 0.001s, MTU = 1200
 summary  16.0  Transmit rate =  6725kbps, PLR =  0.00%( 0.00%), CE =  8.42%( 7.13%)[ 0.0%,  0.0%, 92.6%,  7.4%], RTT = 0.021s, Queue delay = 0.001s, MTU = 1200
 summary  18.0  Transmit rate =  6729kbps, PLR =  0.00%( 0.00%), CE =  8.15%( 7.19%)[ 0.0%,  0.0%, 92.6%,  7.4%], RTT = 0.021s, Queue delay = 0.001s, MTU = 1200
 summary  20.0  Transmit rate =  6678kbps, PLR =  0.00%( 0.00%), CE =  8.19%( 7.25%)[ 0.0%,  0.0%, 92.5%,  7.5%], RTT = 0.021s, Queue delay = 0.001s, MTU = 1200
 summary  22.0  Transmit rate =  6691kbps, PLR =  0.00%( 0.00%), CE =  8.99%( 7.21%)[ 0.0%,  0.0%, 92.6%,  7.4%], RTT = 0.021s, Queue delay = 0.001s, MTU = 1200
 summary  24.0  Transmit rate =  6898kbps, PLR =  0.00%( 0.00%), CE =  7.35%( 7.12%)[ 0.0%,  0.0%, 92.7%,  7.3%], RTT = 0.021s, Queue delay = 0.001s, MTU = 1200
 summary  26.0  Transmit rate =  6862kbps, PLR =  0.00%( 0.00%), CE =  7.47%( 7.27%)[ 0.0%,  0.0%, 92.5%,  7.5%], RTT = 0.021s, Queue delay = 0.001s, MTU = 1200
 summary  28.0  Transmit rate =  7085kbps, PLR =  0.00%( 0.00%), CE =  8.22%( 7.14%)[ 0.0%,  0.0%, 92.6%,  7.4%], RTT = 0.021s, Queue delay = 0.001s, MTU = 1200
 summary  30.1  Transmit rate =  7002kbps, PLR =  0.00%( 0.00%), CE =  7.63%( 7.08%)[ 0.0%,  0.0%, 92.6%,  7.4%], RTT = 0.021s, Queue delay = 0.001s, MTU = 1200
 summary  32.1  Transmit rate =  6899kbps, PLR =  0.00%( 0.00%), CE =  7.62%( 7.10%)[ 0.0%,  0.0%, 92.6%,  7.4%], RTT = 0.021s, Queue delay = 0.001s, MTU = 1200
 summary  34.1  Transmit rate =  6996kbps, PLR =  0.00%( 0.00%), CE =  7.65%( 7.11%)[ 0.0%,  0.0%, 92.6%,  7.4%], RTT = 0.021s, Queue delay = 0.001s, MTU = 1200

======================== Summary ==========================
 Bitrate min/max/avg [kbps]          :  5338/ 8693/ 6768
 RTT     min/max/avg [s]             : 0.021/0.049/0.021
 Queue delay max/avg [s]             : 0.003/0.001
 Packet loss avg [%]                 : 0.000
 ECN/L4S NotECT/ECT(0)/ECT(1)/CE [%] :  0.0/ 0.0/92.5/ 7.5
===========================================================
