Listen on port 8081 to receive RTCP from decoder 
Scream sender started! 
 summary   2.0  Transmit rate =  4439kbps, PLR =  0.00%( 0.00%), CE =  2.91%(10.45%)[ 0.0%,  0.0%, 89.4%, 10.6%], RTT = 0.035s, Queue delay = 0.000s, MTU = 1200
 summary   4.0  Transmit rate =  5986kbps, PLR =  0.00%( 0.00%), CE =  7.32%( 8.57%)[ 0.0%,  0.0%, 91.2%,  8.8%], RTT = 0.027s, Queue delay = 0.001s, MTU = 1200
 summary   6.0  Transmit rate =  6519kbps, PLR =  0.00%( 0.00%), CE =  9.11%( 8.21%)[ 0.0%,  0.0%, 91.4%,  8.6%], RTT = 0.024s, Queue delay = 0.001s, MTU = 1200
 summary   8.0  Transmit rate =  6921kbps, PLR =  0.00%( 0.00%), CE =  6.68%( 7.23%)[ 0.0%,  0.0%, 92.3%,  7.7%], RTT = 0.022s, Queue delay = 0.001s, MTU = 1200
 summary  10.0  Transmit rate =  7141kbps, PLR =  0.00%( 0.00%), CE =  7.68%( 7.54%)[ 0.0%,  0.0%, 91.8%,  8.2%], RTT = 0.022s, Queue delay = 0.001s, MTU = 1200
 summary  12.0  Transmit rate =  6954kbps, PLR =  0.00%( 0.00%), CE =  7.75%( 7.67%)[ 0.0%,  0.0%, 91.8%,  8.2%], RTT = 0.021s, Queue delay = 0.001s, MTU = 1200
 summary  14.0  Transmit rate =  7011kbps, PLR =  0.00%( 0.00%), CE =  8.83%( 7.75%)[ 0.0%,  0.0%, 91.7%,  8.3%], RTT = 0.021s, Queue delay = 0.001s, MTU = 1200
 summary  16.0  Transmit rate =  7207kbps, PLR =  0.00%( 0.00%), CE =  8.73%( 7.71%)[ 0.0%,  0.0%, 91.7%,  8.3%], RTT = 0.021s, Queue delay = 0.001s, MTU = 1200
 summary  18.0  Transmit rate =  7144kbps, PLR =  0.00%( 0.00%), CE =  8.22%( 7.61%)[ 0.0%,  0.0%, 91.8%,  8.2%], RTT = 0.021s, Queue delay = 0.001s, MTU = 1200
 summary  20.0  Transmit rate =  6946kbps, PLR =  0.00%( 0.00%), CE =  8.02%( 7.47%)[ 0.0%,  0.0%, 92.0%,  8.0%], RTT = 0.021s, Queue delay = 0.001s, MTU = 1200
 summary  22.0  Transmit rate =  7107kbps, PLR =  0.00%( 0.00%), CE =  7.63%( 7.52%)[ 0.0%,  0.0%, 91.8%,  8.2%], RTT = 0.021s, Queue delay = 0.001s, MTU = 1200
 summary  24.0  Transmit rate =  7033kbps, PLR =  0.00%( 0.00%), CE =  7.99%( 7.53%)[ 0.0%,  0.0%, 91.9%,  8.1%], RTT = 0.021s, Queue delay = 0.001s, MTU = 1200
 summary  26.0  Transmit rate =  6930kbps, PLR =  0.00%( 0.00%), CE =  8.50%( 7.47%)[ 0.0%,  0.0%, 92.0%,  8.0%], RTT = 0.021s, Queue delay = 0.001s, MTU = 1200
 summary  28.0  Transmit rate =  7028kbps, PLR =  0.00%( 0.00%), CE =  7.46%( 7.37%)[ 0.0%,  0.0%, 92.1%,  7.9%], RTT = 0.021s, Queue delay = 0.001s, MTU = 1200
 summary  30.1  Transmit rate =  7072kbps, PLR =  0.00%( 0.00%), CE =  7.59%( 7.36%)[ 0.0%,  0.0%, 92.1%,  7.9%], RTT = 0.021s, Queue delay = 0.001s, MTU = 1200
 summary  32.1  Transmit rate =  7113kbps, PLR =  0.00%( 0.00%), CE =  7.09%( 7.35%)[ 0.0%,  0.0%, 92.1%,  7.9%], RTT = 0.021s, Queue delay = 0.001s, MTU = 1200
 summary  34.1  Transmit rate =  7080kbps, PLR =  0.00%( 0.00%), CE =  7.95%( 7.41%)[ 0.0%,  0.0%, 92.0%,  8.0%], RTT = 0.021s, Queue delay = 0.001s, MTU = 1200

======================== Summary ==========================
 Bitrate min/max/avg [kbps]          :  5476/ 9109/ 7002
 RTT     min/max/avg [s]             : 0.021/0.049/0.021
 Queue delay max/avg [s]             : 0.003/0.001
 Packet loss avg [%]                 : 0.000
 ECN/L4S NotECT/ECT(0)/ECT(1)/CE [%] :  0.0/ 0.0/92.1/ 7.9
===========================================================
