Listen on port 8081 to receive RTCP from decoder 
Scream sender started! 
 summary   2.0  Transmit rate =  4103kbps, PLR =  0.00%( 0.00%), CE =  3.36%(10.41%)[ 0.0%,  0.0%, 89.6%, 10.4%], RTT = 0.035s, Queue delay = 0.000s, MTU = 1200
 summary   4.0  Transmit rate =  5617kbps, PLR =  0.00%( 0.00%), CE =  6.54%( 8.62%)[ 0.0%,  0.0%, 91.2%,  8.8%], RTT = 0.027s, Queue delay = 0.001s, MTU = 1200
 summary   6.0  Transmit rate =  6253kbps, PLR =  0.00%( 0.00%), CE =  8.56%( 8.06%)[ 0.0%,  0.0%, 91.7%,  8.3%], RTT = 0.024s, Queue delay = 0.001s, MTU = 1200
 summary   8.0  Transmit rate =  6859kbps, PLR =  0.00%( 0.00%), CE =  7.28%( 7.64%)[ 0.0%,  0.0%, 92.0%,  8.0%], RTT = 0.022s, Queue delay = 0.001s, MTU = 1200
 summary  10.0  Transmit rate =  6754kbps, PLR =  0.00%( 0.00%), CE =  7.65%( 7.57%)[ 0.0%,  0.0%, 92.1%,  7.9%], RTT = 0.022s, Queue delay = 0.001s, MTU = 1200
 summary  12.0  Transmit rate =  6699kbps, PLR =  0.00%( 0.00%), CE =  8.09%( 7.65%)[ 0.0%,  0.0%, 92.0%,  8.0%], RTT = 0.021s, Queue delay = 0.001s, MTU = 1200
 summary  14.0  Transmit rate =  6972kbps, PLR =  0.00%( 0.00%), CE =  7.59%( 7.48%)[ 0.0%,  0.0%, 92.2%,  7.8%], RTT = 0.021s, Queue delay = 0.001s, MTU = 1200
 summary  16.0  Transmit rate =  7157kbps, PLR =  0.00%( 0.00%), CE =  7.77%( 7.50%)[ 0.0%,  0.0%, 92.0%,  8.0%], RTT = 0.021s, Queue delay = 0.001s, MTU = 1200
 summary  18.0  Transmit rate =  7124kbps, PLR =  0.00%( 0.00%), CE =  8.22%( 7.52%)[ 0.0%,  0.0%, 92.0%,  8.0%], RTT = 0.021s, Queue delay = 0.001s, MTU = 1200
 summary  20.0  Transmit rate =  6995kbps, PLR =  0.00%( 0.00%), CE =  8.50%( 7.42%)[ 0.0%,  0.0%, 92.1%,  7.9%], RTT = 0.021s, Queue delay = 0.001s, MTU = 1200
 summary  22.0  Transmit rate =  7130kbps, PLR =  0.00%( 0.00%), CE =  7.36%( 7.32%)[ 0.0%,  0.0%, 92.2%,  7.8%], RTT = 0.021s, Queue delay = 0.001s, MTU = 1200
 summary  24.0  Transmit rate =  7134kbps, PLR =  0.00%( 0.00%), CE =  7.93%( 7.30%)[ 0.0%,  0.0%, 92.2%,  7.8%], RTT = 0.021s, Queue delay = 0.001s, MTU = 1200
 summary  26.0  Transmit rate =  7096kbps, PLR =  0.00%( 0.00%), CE =  8.76%( 7.27%)[ 0.0%,  0.0%, 92.2%,  7.8%], RTT = 0.021s, Queue delay = 0.001s, MTU = 1200
 summary  28.0  Transmit rate =  7092kbps, PLR =  0.00%( 0.00%), CE =  7.42%( 7.17%)[ 0.0%,  0.0%, 92.3%,  7.7%], RTT = 0.021s, Queue delay = 0.001s, MTU = 1200
 summary  30.0  Transmit rate =  7033kbps, PLR =  0.00%( 0.00%), CE =  8.13%( 7.09%)[ 0.0%,  0.0%, 92.4%,  7.6%], RTT = 0.021s, Queue delay = 0.001s, MTU = 1200
 summary  32.0  Transmit rate =  7028kbps, PLR =  0.00%( 0.00%), CE =  7.09%( 7.06%)[ 0.0%,  0.0%, 92.5%,  7.5%], RTT = 0.021s, Queue delay = 0.001s, MTU = 1200
 summary  34.0  Transmit rate =  7068kbps, PLR =  0.00%( 0.00%), CE =  8.22%( 7.19%)[ 0.0%,  0.0%, 92.3%,  7.7%], RTT = 0.021s, Queue delay = 0.001s, MTU = 1200

======================== Summary ==========================
 Bitrate min/max/avg [kbps]          :  5335/ 8669/ 6937
 RTT     min/max/avg [s]             : 0.021/0.049/0.021
 Queue delay max/avg [s]             : 0.004/0.001
 Packet loss avg [%]                 : 0.000
 ECN/L4S NotECT/ECT(0)/ECT(1)/CE [%] :  0.0/ 0.0/92.5/ 7.5
===========================================================
