Listen on port 8080 to receive RTCP from decoder 
Scream sender started! 
 summary   2.0  Transmit rate =  3086kbps, PLR =  0.00%( 0.51%), CE =  0.00%( 0.00%)[100.0%,  0.0%,  0.0%,  0.0%], RTT = 0.039s, Queue delay = 0.005s, MTU = 1200
 summary   4.0  Transmit rate =  3858kbps, PLR =  0.27%( 0.24%), CE =  0.00%( 0.00%)[100.0%,  0.0%,  0.0%,  0.0%], RTT = 0.033s, Queue delay = 0.008s, MTU = 1200
 summary   6.0  Transmit rate =  4065kbps, PLR =  0.32%( 0.20%), CE =  0.00%( 0.00%)[100.0%,  0.0%,  0.0%,  0.0%], RTT = 0.031s, Queue delay = 0.007s, MTU = 1200
 summary   8.0  Transmit rate =  4359kbps, PLR =  0.05%( 0.14%), CE =  0.00%( 0.00%)[100.0%,  0.0%,  0.0%,  0.0%], RTT = 0.031s, Queue delay = 0.009s, MTU = 1200
 summary  10.0  Transmit rate =  4264kbps, PLR =  0.01%( 0.12%), CE =  0.00%( 0.00%)[100.0%,  0.0%,  0.0%,  0.0%], RTT = 0.030s, Queue delay = 0.008s, MTU = 1200
 summary  12.0  Transmit rate =  4208kbps, PLR =  0.06%( 0.12%), CE =  0.00%( 0.00%)[100.0%,  0.0%,  0.0%,  0.0%], RTT = 0.029s, Queue delay = 0.007s, MTU = 1200
 summary  14.0  Transmit rate =  4461kbps, PLR =  0.06%( 0.10%), CE =  0.00%( 0.00%)[100.0%,  0.0%,  0.0%,  0.0%], RTT = 0.028s, Queue delay = 0.007s, MTU = 1200
 summary  16.0  Transmit rate =  4288kbps, PLR =  0.12%( 0.10%), CE =  0.00%( 0.00%)[100.0%,  0.0%,  0.0%,  0.0%], RTT = 0.028s, Queue delay = 0.007s, MTU = 1200
 summary  18.0  Transmit rate =  4430kbps, PLR =  0.06%( 0.09%), CE =  0.00%( 0.00%)[100.0%,  0.0%,  0.0%,  0.0%], RTT = 0.029s, Queue delay = 0.008s, MTU = 1200
 summary  20.0  Transmit rate =  3981kbps, PLR =  0.14%( 0.11%), CE =  0.00%( 0.00%)[100.0%,  0.0%,  0.0%,  0.0%], RTT = 0.029s, Queue delay = 0.007s, MTU = 1200
 summary  22.0  Transmit rate =  4143kbps, PLR =  0.21%( 0.11%), CE =  0.00%( 0.00%)[100.0%,  0.0%,  0.0%,  0.0%], RTT = 0.028s, Queue delay = 0.006s, MTU = 1200
 summary  24.0  Transmit rate =  4355kbps, PLR =  0.21%( 0.10%), CE =  0.00%( 0.00%)[100.0%,  0.0%,  0.0%,  0.0%], RTT = 0.030s, Queue delay = 0.009s, MTU = 1200
 summary  26.0  Transmit rate =  4638kbps, PLR =  0.00%( 0.09%), CE =  0.00%( 0.00%)[100.0%,  0.0%,  0.0%,  0.0%], RTT = 0.031s, Queue delay = 0.011s, MTU = 1200
 summary  28.0  Transmit rate =  4011kbps, PLR =  0.17%( 0.11%), CE =  0.00%( 0.00%)[100.0%,  0.0%,  0.0%,  0.0%], RTT = 0.030s, Queue delay = 0.008s, MTU = 1200
 summary  30.1  Transmit rate =  3901kbps, PLR =  0.24%( 0.11%), CE =  0.00%( 0.00%)[100.0%,  0.0%,  0.0%,  0.0%], RTT = 0.027s, Queue delay = 0.007s, MTU = 1200
 summary  32.1  Transmit rate =  4191kbps, PLR =  0.20%( 0.10%), CE =  0.00%( 0.00%)[100.0%,  0.0%,  0.0%,  0.0%], RTT = 0.029s, Queue delay = 0.008s, MTU = 1200
 summary  34.1  Transmit rate =  4448kbps, PLR =  0.00%( 0.09%), CE =  0.00%( 0.00%)[100.0%,  0.0%,  0.0%,  0.0%], RTT = 0.031s, Queue delay = 0.010s, MTU = 1200

======================== Summary ==========================
 Bitrate min/max/avg [kbps]          :  1667/ 6367/ 4277
 RTT     min/max/avg [s]             : 0.023/0.049/0.029
 Queue delay max/avg [s]             : 0.066/0.008
 Packet loss avg [%]                 : 0.091
 ECN/L4S NotECT/ECT(0)/ECT(1)/CE [%] : 100.0/ 0.0/ 0.0/ 0.0
===========================================================
