Listen on port 8081 to receive RTCP from decoder 
Scream sender started! 
 summary   2.0  Transmit rate =  4352kbps, PLR =  0.00%( 0.00%), CE =  2.52%( 7.81%)[ 0.0%,  0.0%, 91.7%,  8.3%], RTT = 0.035s, Queue delay = 0.000s, MTU = 1200
 summary   4.0  Transmit rate =  5870kbps, PLR =  0.00%( 0.00%), CE =  5.93%( 7.63%)[ 0.0%,  0.0%, 91.8%,  8.2%], RTT = 0.027s, Queue delay = 0.001s, MTU = 1200
 summary   6.0  Transmit rate =  6289kbps, PLR =  0.00%( 0.00%), CE =  8.41%( 7.39%)[ 0.0%,  0.0%, 92.1%,  7.9%], RTT = 0.024s, Queue delay = 0.001s, MTU = 1200
 summary   8.0  Transmit rate =  6573kbps, PLR =  0.00%( 0.00%), CE =  8.10%( 7.45%)[ 0.0%,  0.0%, 92.2%,  7.8%], RTT = 0.022s, Queue delay = 0.001s, MTU = 1200
 summary  10.0  Transmit rate =  6821kbps, PLR =  0.00%( 0.00%), CE =  7.99%( 7.03%)[ 0.0%,  0.0%, 92.5%,  7.5%], RTT = 0.022s, Queue delay = 0.001s, MTU = 1200
 summary  12.0  Transmit rate =  6930kbps, PLR =  0.00%( 0.00%), CE =  7.08%( 6.89%)[ 0.0%,  0.0%, 92.7%,  7.3%], RTT = 0.021s, Queue delay = 0.001s, MTU = 1200
 summary  14.0  Transmit rate =  6917kbps, PLR =  0.00%( 0.00%), CE =  7.71%( 6.96%)[ 0.0%,  0.0%, 92.6%,  7.4%], RTT = 0.021s, Queue delay = 0.001s, MTU = 1200
 summary  16.0  Transmit rate =  6943kbps, PLR =  0.00%( 0.00%), CE =  7.36%( 7.09%)[ 0.0%,  0.0%, 92.5%,  7.5%], RTT = 0.021s, Queue delay = 0.001s, MTU = 1200
 summary  18.0  Transmit rate =  6931kbps, PLR =  0.00%( 0.00%), CE =  7.97%( 6.99%)[ 0.0%,  0.0%, 92.6%,  7.4%], RTT = 0.021s, Queue delay = 0.001s, MTU = 1200
 summary  20.0  Transmit rate =  6870kbps, PLR =  0.00%( 0.00%), CE =  7.37%( 7.06%)[ 0.0%,  0.0%, 92.6%,  7.4%], RTT = 0.021s, Queue delay = 0.001s, MTU = 1200
 summary  22.0  Transmit rate =  7055kbps, PLR =  0.00%( 0.00%), CE =  7.60%( 6.99%)[ 0.0%,  0.0%, 92.6%,  7.4%], RTT = 0.021s, Queue delay = 0.001s, MTU = 1200
 summary  24.0  Transmit rate =  6888kbps, PLR =  0.00%( 0.00%), CE =  7.55%( 6.93%)[ 0.0%,  0.0%, 92.7%,  7.3%], RTT = 0.021s, Queue delay = 0.001s, MTU = 1200
 summary  26.0  Transmit rate =  6885kbps, PLR =  0.00%( 0.00%), CE =  7.46%( 6.95%)[ 0.0%,  0.0%, 92.7%,  7.3%], RTT = 0.021s, Queue delay = 0.001s, MTU = 1200
 summary  28.0  Transmit rate =  6934kbps, PLR =  0.00%( 0.00%), CE =  6.50%( 6.90%)[ 0.0%,  0.0%, 92.7%,  7.3%], RTT = 0.021s, Queue delay = 0.001s, MTU = 1200
 summary  30.1  Transmit rate =  7129kbps, PLR =  0.00%( 0.00%), CE =  8.46%( 7.14%)[ 0.0%,  0.0%, 92.4%,  7.6%], RTT = 0.021s, Queue delay = 0.001s, MTU = 1200
 summary  32.1  Transmit rate =  6945kbps, PLR =  0.00%( 0.00%), CE =  8.47%( 6.98%)[ 0.0%,  0.0%, 92.6%,  7.4%], RTT = 0.021s, Queue delay = 0.001s, MTU = 1200
 summary  34.1  Transmit rate =  7051kbps, PLR =  0.00%( 0.00%), CE =  7.79%( 6.93%)[ 0.0%,  0.0%, 92.6%,  7.4%], RTT = 0.021s, Queue delay = 0.001s, MTU = 1200

======================== Summary ==========================
 Bitrate min/max/avg [kbps]          :  5285/ 8671/ 6893
 RTT     min/max/avg [s]             : 0.021/0.049/0.021
 Queue delay max/avg [s]             : 0.003/0.001
 Packet loss avg [%]                 : 0.000
 ECN/L4S NotECT/ECT(0)/ECT(1)/CE [%] :  0.0/ 0.0/92.5/ 7.5
===========================================================
