Listen on port 8081 to receive RTCP from decoder 
Scream sender started! 
 summary   2.0  Transmit rate =  4070kbps, PLR =  0.00%( 0.00%), CE =  3.79%(11.68%)[ 0.0%,  0.0%, 88.6%, 11.4%], RTT = 0.035s, Queue delay = 0.000s, MTU = 1200
 summary   4.0  Transmit rate =  5856kbps, PLR =  0.00%( 0.00%), CE =  6.33%( 8.21%)[ 0.0%,  0.0%, 91.4%,  8.6%], RTT = 0.027s, Queue delay = 0.001s, MTU = 1200
 summary   6.0  Transmit rate =  6404kbps, PLR =  0.00%( 0.00%), CE =  9.57%( 8.30%)[ 0.0%,  0.0%, 91.2%,  8.8%], RTT = 0.024s, Queue delay = 0.001s, MTU = 1200
 summary   8.0  Transmit rate =  6650kbps, PLR =  0.00%( 0.00%), CE =  7.97%( 7.75%)[ 0.0%,  0.0%, 91.9%,  8.1%], RTT = 0.022s, Queue delay = 0.001s, MTU = 1200
 summary  10.0  Transmit rate =  6975kbps, PLR =  0.00%( 0.00%), CE =  7.44%( 7.31%)[ 0.0%,  0.0%, 92.1%,  7.9%], RTT = 0.022s, Queue delay = 0.001s, MTU = 1200
 summary  12.0  Transmit rate =  6952kbps, PLR =  0.00%( 0.00%), CE =  7.04%( 7.28%)[ 0.0%,  0.0%, 92.2%,  7.8%], RTT = 0.021s, Queue delay = 0.001s, MTU = 1200
 summary  14.0  Transmit rate =  6944kbps, PLR =  0.00%( 0.00%), CE =  7.85%( 7.30%)[ 0.0%,  0.0%, 92.2%,  7.8%], RTT = 0.021s, Queue delay = 0.001s, MTU = 1200
 summary  16.0  Transmit rate =  7091kbps, PLR =  0.00%( 0.00%), CE =  7.83%( 7.21%)[ 0.0%,  0.0%, 92.3%,  7.7%], RTT = 0.021s, Queue delay = 0.001s, MTU = 1200
 summary  18.0  Transmit rate =  6945kbps, PLR =  0.00%( 0.00%), CE =  8.16%( 7.19%)[ 0.0%,  0.0%, 92.3%,  7.7%], RTT = 0.021s, Queue delay = 0.001s, MTU = 1200
 summary  20.0  Transmit rate =  6987kbps, PLR =  0.00%( 0.00%), CE =  7.14%( 6.94%)[ 0.0%,  0.0%, 92.6%,  7.4%], RTT = 0.021s, Queue delay = 0.001s, MTU = 1200
 summary  22.0  Transmit rate =  6972kbps, PLR =  0.00%( 0.00%), CE =  7.39%( 6.98%)[ 0.0%,  0.0%, 92.5%,  7.5%], RTT = 0.021s, Queue delay = 0.001s, MTU = 1200
 summary  24.0  Transmit rate =  6855kbps, PLR =  0.00%( 0.00%), CE =  8.05%( 6.98%)[ 0.0%,  0.0%, 92.6%,  7.4%], RTT = 0.021s, Queue delay = 0.001s, MTU = 1200
 summary  26.0  Transmit rate =  6826kbps, PLR =  0.00%( 0.00%), CE =  8.24%( 7.00%)[ 0.0%,  0.0%, 92.6%,  7.4%], RTT = 0.021s, Queue delay = 0.001s, MTU = 1200
 summary  28.0  Transmit rate =  6891kbps, PLR =  0.00%( 0.00%), CE =  8.01%( 7.00%)[ 0.0%,  0.0%, 92.6%,  7.4%], RTT = 0.021s, Queue delay = 0.001s, MTU = 1200
 summary  30.0  Transmit rate =  6942kbps, PLR =  0.00%( 0.00%), CE =  7.60%( 6.90%)[ 0.0%,  0.0%, 92.7%,  7.3%], RTT = 0.021s, Queue delay = 0.001s, MTU = 1200
 summary  32.0  Transmit rate =  7033kbps, PLR =  0.00%( 0.00%), CE =  6.18%( 6.89%)[ 0.0%,  0.0%, 92.7%,  7.3%], RTT = 0.021s, Queue delay = 0.001s, MTU = 1200
 summary  34.0  Transmit rate =  7070kbps, PLR =  0.00%( 0.00%), CE =  7.15%( 6.87%)[ 0.0%,  0.0%, 92.7%,  7.3%], RTT = 0.021s, Queue delay = 0.001s, MTU = 1200

======================== Summary ==========================
 Bitrate min/max/avg [kbps]          :  4882/ 8615/ 6906
 RTT     min/max/avg [s]             : 0.021/0.049/0.021
 Queue delay max/avg [s]             : 0.004/0.001
 Packet loss avg [%]                 : 0.000
 ECN/L4S NotECT/ECT(0)/ECT(1)/CE [%] :  0.0/ 0.0/92.7/ 7.3
===========================================================
