Listen on port 8081 to receive RTCP from decoder 
Scream sender started! 
 summary   2.0  Transmit rate =  4177kbps, PLR =  0.00%( 0.00%), CE =  2.92%( 9.64%)[ 0.0%,  0.0%, 90.3%,  9.7%], RTT = 0.035s, Queue delay = 0.000s, MTU = 1200
 summary   4.0  Transmit rate =  5550kbps, PLR =  0.00%( 0.00%), CE =  6.03%( 7.72%)[ 0.0%,  0.0%, 92.1%,  7.9%], RTT = 0.027s, Queue delay = 0.001s, MTU = 1200
 summary   6.0  Transmit rate =  6399kbps, PLR =  0.00%( 0.00%), CE =  7.36%( 6.90%)[ 0.0%,  0.0%, 92.8%,  7.2%], RTT = 0.024s, Queue delay = 0.001s, MTU = 1200
 summary   8.0  Transmit rate =  6763kbps, PLR =  0.00%( 0.00%), CE =  8.07%( 7.22%)[ 0.0%,  0.0%, 92.3%,  7.7%], RTT = 0.022s, Queue delay = 0.001s, MTU = 1200
 summary  10.0  Transmit rate =  6873kbps, PLR =  0.00%( 0.00%), CE =  7.71%( 7.05%)[ 0.0%,  0.0%, 92.5%,  7.5%], RTT = 0.022s, Queue delay = 0.001s, MTU = 1200
 summary  12.0  Transmit rate =  6955kbps, PLR =  0.00%( 0.00%), CE =  7.13%( 6.84%)[ 0.0%,  0.0%, 92.6%,  7.4%], RTT = 0.021s, Queue delay = 0.001s, MTU = 1200
 summary  14.0  Transmit rate =  7090kbps, PLR =  0.00%( 0.00%), CE =  7.28%( 6.84%)[ 0.0%,  0.0%, 92.5%,  7.5%], RTT = 0.021s, Queue delay = 0.001s, MTU = 1200
 summary  16.0  Transmit rate =  6949kbps, PLR =  0.00%( 0.00%), CE =  8.29%( 6.92%)[ 0.0%,  0.0%, 92.6%,  7.4%], RTT = 0.021s, Queue delay = 0.001s, MTU = 1200
 summary  18.0  Transmit rate =  6892kbps, PLR =  0.00%( 0.00%), CE =  8.36%( 6.95%)[ 0.0%,  0.0%, 92.6%,  7.4%], RTT = 0.021s, Queue delay = 0.001s, MTU = 1200
 summary  20.0  Transmit rate =  6957kbps, PLR =  0.00%( 0.00%), CE =  7.80%( 6.86%)[ 0.0%,  0.0%, 92.7%,  7.3%], RTT = 0.021s, Queue delay = 0.001s, MTU = 1200
 summary  22.0  Transmit rate =  7026kbps, PLR =  0.00%( 0.00%), CE =  7.85%( 7.01%)[ 0.0%,  0.0%, 92.5%,  7.5%], RTT = 0.021s, Queue delay = 0.001s, MTU = 1200
 summary  24.0  Transmit rate =  7034kbps, PLR =  0.00%( 0.00%), CE =  6.85%( 6.82%)[ 0.0%,  0.0%, 92.7%,  7.3%], RTT = 0.021s, Queue delay = 0.001s, MTU = 1200
 summary  26.0  Transmit rate =  7109kbps, PLR =  0.00%( 0.00%), CE =  7.73%( 6.86%)[ 0.0%,  0.0%, 92.7%,  7.3%], RTT = 0.021s, Queue delay = 0.001s, MTU = 1200
 summary  28.0  Transmit rate =  7026kbps, PLR =  0.00%( 0.00%), CE =  7.11%( 6.83%)[ 0.0%,  0.0%, 92.7%,  7.3%], RTT = 0.021s, Queue delay = 0.001s, MTU = 1200
 summary  30.1  Transmit rate =  6952kbps, PLR =  0.00%( 0.00%), CE =  7.94%( 6.81%)[ 0.0%,  0.0%, 92.7%,  7.3%], RTT = 0.021s, Queue delay = 0.001s, MTU = 1200
 summary  32.1  Transmit rate =  7029kbps, PLR =  0.00%( 0.00%), CE =  7.22%( 6.80%)[ 0.0%,  0.0%, 92.7%,  7.3%], RTT = 0.021s, Queue delay = 0.001s, MTU = 1200
 summary  34.1  Transmit rate =  6992kbps, PLR =  0.00%( 0.00%), CE =  7.70%( 6.82%)[ 0.0%,  0.0%, 92.7%,  7.3%], RTT = 0.021s, Queue delay = 0.001s, MTU = 1200

======================== Summary ==========================
 Bitrate min/max/avg [kbps]          :  5455/ 8654/ 6915
 RTT     min/max/avg [s]             : 0.021/0.049/0.021
 Queue delay max/avg [s]             : 0.003/0.001
 Packet loss avg [%]                 : 0.000
 ECN/L4S NotECT/ECT(0)/ECT(1)/CE [%] :  0.0/ 0.0/92.7/ 7.3
===========================================================
