Listen on port 8081 to receive RTCP from decoder 
Scream sender started! 
 summary   2.0  Transmit rate =  4206kbps, PLR =  0.00%( 0.00%), CE =  2.79%( 7.98%)[ 0.0%,  0.0%, 91.9%,  8.1%], RTT = 0.035s, Queue delay = 0.000s, MTU = 1200
 summary   4.0  Transmit rate =  5637kbps, PLR =  0.00%( 0.00%), CE =  5.21%( 7.09%)[ 0.0%,  0.0%, 92.8%,  7.2%], RTT = 0.027s, Queue delay = 0.001s, MTU = 1200
 summary   6.0  Transmit rate =  6173kbps, PLR =  0.00%( 0.00%), CE =  7.79%( 7.36%)[ 0.0%,  0.0%, 92.5%,  7.5%], RTT = 0.024s, Queue delay = 0.001s, MTU = 1200
 summary   8.0  Transmit rate =  6671kbps, PLR =  0.00%( 0.00%), CE =  7.51%( 7.40%)[ 0.0%,  0.0%, 92.3%,  7.7%], RTT = 0.022s, Queue delay = 0.001s, MTU = 1200
 summary  10.0  Transmit rate =  6816kbps, PLR =  0.00%( 0.00%), CE =  8.26%( 7.20%)[ 0.0%,  0.0%, 92.5%,  7.5%], RTT = 0.022s, Queue delay = 0.001s, MTU = 1200
 summary  12.0  Transmit rate =  6967kbps, PLR =  0.00%( 0.00%), CE =  7.80%( 6.91%)[ 0.0%,  0.0%, 92.7%,  7.3%], RTT = 0.021s, Queue delay = 0.001s, MTU = 1200
 summary  14.0  Transmit rate =  6868kbps, PLR =  0.00%( 0.00%), CE =  7.65%( 6.89%)[ 0.0%,  0.0%, 92.8%,  7.2%], RTT = 0.021s, Queue delay = 0.001s, MTU = 1200
 summary  16.0  Transmit rate =  6992kbps, PLR =  0.00%( 0.00%), CE =  7.10%( 6.84%)[ 0.0%,  0.0%, 92.8%,  7.2%], RTT = 0.021s, Queue delay = 0.001s, MTU = 1200
 summary  18.0  Transmit rate =  7025kbps, PLR =  0.00%( 0.00%), CE =  7.13%( 6.94%)[ 0.0%,  0.0%, 92.7%,  7.3%], RTT = 0.021s, Queue delay = 0.001s, MTU = 1200
 summary  20.0  Transmit rate =  7109kbps, PLR =  0.00%( 0.00%), CE =  8.17%( 6.94%)[ 0.0%,  0.0%, 92.6%,  7.4%], RTT = 0.021s, Queue delay = 0.001s, MTU = 1200
 summary  22.0  Transmit rate =  7121kbps, PLR =  0.00%( 0.00%), CE =  8.18%( 6.94%)[ 0.0%,  0.0%, 92.6%,  7.4%], RTT = 0.021s, Queue delay = 0.001s, MTU = 1200
 summary  24.0  Transmit rate =  6994kbps, PLR =  0.00%( 0.00%), CE =  7.82%( 6.92%)[ 0.0%,  0.0%, 92.7%,  7.3%], RTT = 0.021s, Queue delay = 0.001s, MTU = 1200
 summary  26.0  Transmit rate =  6967kbps, PLR =  0.00%( 0.00%), CE =  7.62%( 6.85%)[ 0.0%,  0.0%, 92.7%,  7.3%], RTT = 0.021s, Queue delay = 0.001s, MTU = 1200
 summary  28.0  Transmit rate =  6963kbps, PLR =  0.00%( 0.00%), CE =  6.57%( 6.76%)[ 0.0%,  0.0%, 92.8%,  7.2%], RTT = 0.021s, Queue delay = 0.001s, MTU = 1200
 summary  30.1  Transmit rate =  7035kbps, PLR =  0.00%( 0.00%), CE =  7.82%( 6.85%)[ 0.0%,  0.0%, 92.7%,  7.3%], RTT = 0.021s, Queue delay = 0.001s, MTU = 1200
 summary  32.1  Transmit rate =  7088kbps, PLR =  0.00%( 0.00%), CE =  7.70%( 6.85%)[ 0.0%,  0.0%, 92.7%,  7.3%], RTT = 0.021s, Queue delay = 0.001s, MTU = 1200
 summary  34.1  Transmit rate =  7052kbps, PLR =  0.00%( 0.00%), CE =  6.94%( 6.79%)[ 0.0%,  0.0%, 92.8%,  7.2%], RTT = 0.021s, Queue delay = 0.001s, MTU = 1200

======================== Summary ==========================
 Bitrate min/max/avg [kbps]          :  5511/ 8829/ 6924
 RTT     min/max/avg [s]             : 0.021/0.049/0.021
 Queue delay max/avg [s]             : 0.003/0.001
 Packet loss avg [%]                 : 0.000
 ECN/L4S NotECT/ECT(0)/ECT(1)/CE [%] :  0.0/ 0.0/92.8/ 7.2
===========================================================
