Listen on port 8081 to receive RTCP from decoder 
Scream sender started! 
 summary   2.0  Transmit rate =  4282kbps, PLR =  0.00%( 0.00%), CE =  3.49%(11.14%)[ 0.0%,  0.0%, 88.7%, 11.3%], RTT = 0.035s, Queue delay = 0.000s, MTU = 1200
 summary   4.0  Transmit rate =  5507kbps, PLR =  0.00%( 0.00%), CE =  7.09%( 8.96%)[ 0.0%,  0.0%, 90.9%,  9.1%], RTT = 0.027s, Queue delay = 0.001s, MTU = 1200
 summary   6.0  Transmit rate =  6249kbps, PLR =  0.00%( 0.00%), CE =  8.14%( 8.36%)[ 0.0%,  0.0%, 91.5%,  8.5%], RTT = 0.024s, Queue delay = 0.001s, MTU = 1200
 summary   8.0  Transmit rate =  6809kbps, PLR =  0.00%( 0.00%), CE =  7.40%( 8.10%)[ 0.0%,  0.0%, 91.6%,  8.4%], RTT = 0.022s, Queue delay = 0.001s, MTU = 1200
 summary  10.0  Transmit rate =  6875kbps, PLR =  0.00%( 0.00%), CE =  8.23%( 7.73%)[ 0.0%,  0.0%, 92.0%,  8.0%], RTT = 0.022s, Queue delay = 0.001s, MTU = 1200
 summary  12.0  Transmit rate =  6849kbps, PLR =  0.00%( 0.00%), CE =  8.12%( 7.75%)[ 0.0%,  0.0%, 91.9%,  8.1%], RTT = 0.021s, Queue delay = 0.001s, MTU = 1200
 summary  14.0  Transmit rate =  6862kbps, PLR =  0.00%( 0.00%), CE =  7.23%( 7.47%)[ 0.0%,  0.0%, 92.3%,  7.7%], RTT = 0.021s, Queue delay = 0.001s, MTU = 1200
 summary  16.0  Transmit rate =  6855kbps, PLR =  0.00%( 0.00%), CE =  7.06%( 7.27%)[ 0.0%,  0.0%, 92.5%,  7.5%], RTT = 0.021s, Queue delay = 0.001s, MTU = 1200
 summary  18.0  Transmit rate =  6888kbps, PLR =  0.00%( 0.00%), CE =  6.39%( 7.26%)[ 0.0%,  0.0%, 92.5%,  7.5%], RTT = 0.021s, Queue delay = 0.001s, MTU = 1200
 summary  20.0  Transmit rate =  6931kbps, PLR =  0.00%( 0.00%), CE =  7.39%( 7.15%)[ 0.0%,  0.0%, 92.6%,  7.4%], RTT = 0.021s, Queue delay = 0.001s, MTU = 1200
 summary  22.0  Transmit rate =  7051kbps, PLR =  0.00%( 0.00%), CE =  7.26%( 7.00%)[ 0.0%,  0.0%, 92.7%,  7.3%], RTT = 0.021s, Queue delay = 0.001s, MTU = 1200
 summary  24.0  Transmit rate =  7157kbps, PLR =  0.00%( 0.00%), CE =  6.21%( 6.94%)[ 0.0%,  0.0%, 92.7%,  7.3%], RTT = 0.021s, Queue delay = 0.001s, MTU = 1200
 summary  26.0  Transmit rate =  7025kbps, PLR =  0.00%( 0.00%), CE =  7.29%( 6.80%)[ 0.0%,  0.0%, 92.8%,  7.2%], RTT = 0.021s, Queue delay = 0.001s, MTU = 1200
 summary  28.0  Transmit rate =  7063kbps, PLR =  0.00%( 0.00%), CE =  7.24%( 6.88%)[ 0.0%,  0.0%, 92.7%,  7.3%], RTT = 0.021s, Queue delay = 0.001s, MTU = 1200
 summary  30.0  Transmit rate =  7004kbps, PLR =  0.00%( 0.00%), CE =  7.40%( 6.85%)[ 0.0%,  0.0%, 92.8%,  7.2%], RTT = 0.021s, Queue delay = 0.001s, MTU = 1200
 summary  32.0  Transmit rate =  6965kbps, PLR =  0.00%( 0.00%), CE =  7.48%( 6.82%)[ 0.0%,  0.0%, 92.8%,  7.2%], RTT = 0.021s, Queue delay = 0.001s, MTU = 1200
 summary  34.0  Transmit rate =  7013kbps, PLR =  0.00%( 0.00%), CE =  6.94%( 6.77%)[ 0.0%,  0.0%, 92.8%,  7.2%], RTT = 0.021s, Queue delay = 0.001s, MTU = 1200

======================== Summary ==========================
 Bitrate min/max/avg [kbps]          :  5404/ 8674/ 6884
 RTT     min/max/avg [s]             : 0.021/0.049/0.021
 Queue delay max/avg [s]             : 0.003/0.001
 Packet loss avg [%]                 : 0.000
 ECN/L4S NotECT/ECT(0)/ECT(1)/CE [%] :  0.0/ 0.0/92.8/ 7.2
===========================================================
