Listen on port 8081 to receive RTCP from decoder 
Scream sender started! 
 summary   2.0  Transmit rate =  4316kbps, PLR =  0.00%( 0.00%), CE =  2.88%( 8.58%)[ 0.0%,  0.0%, 91.4%,  8.6%], RTT = 0.035s, Queue delay = 0.000s, MTU = 1200
 summary   4.0  Transmit rate =  5796kbps, PLR =  0.00%( 0.00%), CE =  6.88%( 8.70%)[ 0.0%,  0.0%, 90.8%,  9.2%], RTT = 0.027s, Queue delay = 0.001s, MTU = 1200
 summary   6.0  Transmit rate =  6294kbps, PLR =  0.00%( 0.00%), CE =  8.62%( 8.56%)[ 0.0%,  0.0%, 91.1%,  8.9%], RTT = 0.024s, Queue delay = 0.001s, MTU = 1200
 summary   8.0  Transmit rate =  6676kbps, PLR =  0.00%( 0.00%), CE =  8.23%( 7.38%)[ 0.0%,  0.0%, 92.3%,  7.7%], RTT = 0.022s, Queue delay = 0.001s, MTU = 1200
 summary  10.0  Transmit rate =  6865kbps, PLR =  0.00%( 0.00%), CE =  6.95%( 6.95%)[ 0.0%,  0.0%, 92.6%,  7.4%], RTT = 0.022s, Queue delay = 0.001s, MTU = 1200
 summary  12.0  Transmit rate =  6925kbps, PLR =  0.00%( 0.00%), CE =  6.22%( 7.01%)[ 0.0%,  0.0%, 92.6%,  7.4%], RTT = 0.022s, Queue delay = 0.001s, MTU = 1200
 summary  14.0  Transmit rate =  7059kbps, PLR =  0.00%( 0.00%), CE =  7.30%( 7.02%)[ 0.0%,  0.0%, 92.4%,  7.6%], RTT = 0.021s, Queue delay = 0.001s, MTU = 1200
 summary  16.0  Transmit rate =  6990kbps, PLR =  0.00%( 0.00%), CE =  7.60%( 7.04%)[ 0.0%,  0.0%, 92.5%,  7.5%], RTT = 0.021s, Queue delay = 0.001s, MTU = 1200
 summary  18.0  Transmit rate =  6965kbps, PLR =  0.00%( 0.00%), CE =  8.20%( 7.05%)[ 0.0%,  0.0%, 92.5%,  7.5%], RTT = 0.021s, Queue delay = 0.001s, MTU = 1200
 summary  20.0  Transmit rate =  7174kbps, PLR =  0.00%( 0.00%), CE =  8.53%( 7.19%)[ 0.0%,  0.0%, 92.3%,  7.7%], RTT = 0.021s, Queue delay = 0.001s, MTU = 1200
 summary  22.0  Transmit rate =  7157kbps, PLR =  0.00%( 0.00%), CE =  8.81%( 7.31%)[ 0.0%,  0.0%, 92.1%,  7.9%], RTT = 0.021s, Queue delay = 0.001s, MTU = 1200
 summary  24.0  Transmit rate =  6942kbps, PLR =  0.00%( 0.00%), CE =  8.23%( 7.20%)[ 0.0%,  0.0%, 92.3%,  7.7%], RTT = 0.021s, Queue delay = 0.001s, MTU = 1200
 summary  26.0  Transmit rate =  7040kbps, PLR =  0.00%( 0.00%), CE =  7.63%( 7.17%)[ 0.0%,  0.0%, 92.3%,  7.7%], RTT = 0.021s, Queue delay = 0.001s, MTU = 1200
 summary  28.0  Transmit rate =  7025kbps, PLR =  0.00%( 0.00%), CE =  7.31%( 7.20%)[ 0.0%,  0.0%, 92.3%,  7.7%], RTT = 0.021s, Queue delay = 0.001s, MTU = 1200
 summary  30.1  Transmit rate =  7050kbps, PLR =  0.00%( 0.00%), CE =  8.15%( 7.20%)[ 0.0%,  0.0%, 92.3%,  7.7%], RTT = 0.021s, Queue delay = 0.001s, MTU = 1200
 summary  32.1  Transmit rate =  7034kbps, PLR =  0.00%( 0.00%), CE =  8.27%( 7.15%)[ 0.0%,  0.0%, 92.3%,  7.7%], RTT = 0.021s, Queue delay = 0.001s, MTU = 1200
 summary  34.1  Transmit rate =  7050kbps, PLR =  0.00%( 0.00%), CE =  8.62%( 7.14%)[ 0.0%,  0.0%, 92.4%,  7.6%], RTT = 0.021s, Queue delay = 0.001s, MTU = 1200

======================== Summary ==========================
 Bitrate min/max/avg [kbps]          :  4028/ 8700/ 6944
 RTT     min/max/avg [s]             : 0.021/0.049/0.021
 Queue delay max/avg [s]             : 0.003/0.001
 Packet loss avg [%]                 : 0.000
 ECN/L4S NotECT/ECT(0)/ECT(1)/CE [%] :  0.0/ 0.0/92.4/ 7.6
===========================================================
