socket set to IP_RECVTOS
socket SO_RCVBUF set to 20971520
Listen on port 8080 to receive RTP from sender 
.
.
Packet(s) lost or reordered :   172 was received, previous rcvd is   170 
Packet(s) lost or reordered :   186 was received, previous rcvd is   184 
Packet(s) lost or reordered :   235 was received, previous rcvd is   233 
Packet(s) lost or reordered :   245 was received, previous rcvd is   243 
Packet(s) lost or reordered :   250 was received, previous rcvd is   248 
Packet(s) lost or reordered :   268 was received, previous rcvd is   266 
Packet(s) lost or reordered :   293 was received, previous rcvd is   291 
Packet(s) lost or reordered :   302 was received, previous rcvd is   300 
Packet(s) lost or reordered :   307 was received, previous rcvd is   305 
Packet(s) lost or reordered :  1164 was received, previous rcvd is  1162 
Packet(s) lost or reordered :  1176 was received, previous rcvd is  1174 
Packet(s) lost or reordered :  2431 was received, previous rcvd is  2429 
Packet(s) lost or reordered :  3085 was received, previous rcvd is  3083 
Packet(s) lost or reordered :  5527 was received, previous rcvd is  5525 
Packet(s) lost or reordered :  5813 was received, previous rcvd is  5811 
Packet(s) lost or reordered :  8528 was received, previous rcvd is  8526 
Packet(s) lost or reordered : 10140 was received, previous rcvd is 10138 
Packet(s) lost or reordered : 11493 was received, previous rcvd is 11491 
Packet(s) lost or reordered : 13231 was received, previous rcvd is 13229 
Packet(s) lost or reordered : 13326 was received, previous rcvd is 13324 
Packet(s) lost or reordered : 14839 was received, previous rcvd is 14836 
Packet(s) lost or reordered : 14973 was received, previous rcvd is 14971 
Packet(s) lost or reordered : 14986 was received, previous rcvd is 14984 
Packet(s) lost or reordered : 16616 was received, previous rcvd is 16614 
Packet(s) lost or reordered : 16719 was received, previous rcvd is 16717 
.
