Listen on port 8081 to receive RTCP from decoder 
Scream sender started! 
 summary   2.0  Transmit rate =  4414kbps, PLR =  0.00%( 0.00%), CE =  2.96%( 8.93%)[ 0.0%,  0.0%, 89.9%, 10.1%], RTT = 0.035s, Queue delay = 0.000s, MTU = 1200
 summary   4.0  Transmit rate =  5714kbps, PLR =  0.00%( 0.00%), CE =  6.02%( 7.74%)[ 0.0%,  0.0%, 92.1%,  7.9%], RTT = 0.027s, Queue delay = 0.001s, MTU = 1200
 summary   6.0  Transmit rate =  6529kbps, PLR =  0.00%( 0.00%), CE =  8.52%( 7.50%)[ 0.0%,  0.0%, 92.2%,  7.8%], RTT = 0.024s, Queue delay = 0.001s, MTU = 1200
 summary   8.0  Transmit rate =  6954kbps, PLR =  0.00%( 0.00%), CE =  7.49%( 7.66%)[ 0.0%,  0.0%, 91.9%,  8.1%], RTT = 0.022s, Queue delay = 0.001s, MTU = 1200
 summary  10.0  Transmit rate =  6927kbps, PLR =  0.00%( 0.00%), CE =  8.47%( 7.47%)[ 0.0%,  0.0%, 92.1%,  7.9%], RTT = 0.022s, Queue delay = 0.001s, MTU = 1200
 summary  12.0  Transmit rate =  6866kbps, PLR =  0.00%( 0.00%), CE =  7.35%( 7.19%)[ 0.0%,  0.0%, 92.5%,  7.5%], RTT = 0.021s, Queue delay = 0.001s, MTU = 1200
 summary  14.0  Transmit rate =  7001kbps, PLR =  0.00%( 0.00%), CE =  7.24%( 7.37%)[ 0.0%,  0.0%, 92.2%,  7.8%], RTT = 0.021s, Queue delay = 0.001s, MTU = 1200
 summary  16.0  Transmit rate =  7055kbps, PLR =  0.00%( 0.00%), CE =  9.06%( 7.31%)[ 0.0%,  0.0%, 92.3%,  7.7%], RTT = 0.021s, Queue delay = 0.001s, MTU = 1200
 summary  18.0  Transmit rate =  6988kbps, PLR =  0.00%( 0.00%), CE =  8.11%( 7.16%)[ 0.0%,  0.0%, 92.4%,  7.6%], RTT = 0.021s, Queue delay = 0.001s, MTU = 1200
 summary  20.0  Transmit rate =  7088kbps, PLR =  0.00%( 0.00%), CE =  7.08%( 7.06%)[ 0.0%,  0.0%, 92.5%,  7.5%], RTT = 0.021s, Queue delay = 0.001s, MTU = 1200
 summary  22.0  Transmit rate =  7062kbps, PLR =  0.00%( 0.00%), CE =  7.17%( 6.95%)[ 0.0%,  0.0%, 92.6%,  7.4%], RTT = 0.021s, Queue delay = 0.001s, MTU = 1200
 summary  24.0  Transmit rate =  7031kbps, PLR =  0.00%( 0.00%), CE =  8.39%( 7.14%)[ 0.0%,  0.0%, 92.4%,  7.6%], RTT = 0.021s, Queue delay = 0.001s, MTU = 1200
 summary  26.0  Transmit rate =  6919kbps, PLR =  0.00%( 0.00%), CE =  8.42%( 7.07%)[ 0.0%,  0.0%, 92.5%,  7.5%], RTT = 0.021s, Queue delay = 0.001s, MTU = 1200
 summary  28.0  Transmit rate =  7006kbps, PLR =  0.00%( 0.00%), CE =  7.54%( 7.19%)[ 0.0%,  0.0%, 92.4%,  7.6%], RTT = 0.021s, Queue delay = 0.001s, MTU = 1200
 summary  30.0  Transmit rate =  6930kbps, PLR =  0.00%( 0.00%), CE =  7.12%( 7.05%)[ 0.0%,  0.0%, 92.5%,  7.5%], RTT = 0.021s, Queue delay = 0.001s, MTU = 1200
 summary  32.0  Transmit rate =  6919kbps, PLR =  0.00%( 0.00%), CE =  8.35%( 7.04%)[ 0.0%,  0.0%, 92.5%,  7.5%], RTT = 0.021s, Queue delay = 0.001s, MTU = 1200
 summary  34.1  Transmit rate =  7113kbps, PLR =  0.00%( 0.00%), CE =  7.79%( 7.12%)[ 0.0%,  0.0%, 92.5%,  7.5%], RTT = 0.021s, Queue delay = 0.001s, MTU = 1200

======================== Summary ==========================
 Bitrate min/max/avg [kbps]          :  5352/ 8699/ 6965
 RTT     min/max/avg [s]             : 0.021/0.049/0.021
 Queue delay max/avg [s]             : 0.003/0.001
 Packet loss avg [%]                 : 0.000
 ECN/L4S NotECT/ECT(0)/ECT(1)/CE [%] :  0.0/ 0.0/92.3/ 7.7
===========================================================
