Listen on port 8081 to receive RTCP from decoder 
Scream sender started! 
 summary   2.0  Transmit rate =  4334kbps, PLR =  0.00%( 0.00%), CE =  2.87%( 8.06%)[ 0.0%,  0.0%, 91.0%,  9.0%], RTT = 0.035s, Queue delay = 0.000s, MTU = 1200
 summary   4.0  Transmit rate =  5770kbps, PLR =  0.00%( 0.00%), CE =  5.85%( 7.92%)[ 0.0%,  0.0%, 91.9%,  8.1%], RTT = 0.027s, Queue delay = 0.001s, MTU = 1200
 summary   6.0  Transmit rate =  6403kbps, PLR =  0.00%( 0.00%), CE =  7.92%( 7.64%)[ 0.0%,  0.0%, 92.1%,  7.9%], RTT = 0.024s, Queue delay = 0.001s, MTU = 1200
 summary   8.0  Transmit rate =  6597kbps, PLR =  0.00%( 0.00%), CE =  7.82%( 7.80%)[ 0.0%,  0.0%, 91.9%,  8.1%], RTT = 0.022s, Queue delay = 0.001s, MTU = 1200
 summary  10.0  Transmit rate =  6815kbps, PLR =  0.00%( 0.00%), CE =  8.30%( 7.47%)[ 0.0%,  0.0%, 92.2%,  7.8%], RTT = 0.022s, Queue delay = 0.001s, MTU = 1200
 summary  12.0  Transmit rate =  6838kbps, PLR =  0.00%( 0.00%), CE =  7.71%( 7.26%)[ 0.0%,  0.0%, 92.5%,  7.5%], RTT = 0.021s, Queue delay = 0.001s, MTU = 1200
 summary  14.0  Transmit rate =  7001kbps, PLR =  0.00%( 0.00%), CE =  7.58%( 7.15%)[ 0.0%,  0.0%, 92.5%,  7.5%], RTT = 0.021s, Queue delay = 0.001s, MTU = 1200
 summary  16.0  Transmit rate =  7057kbps, PLR =  0.00%( 0.00%), CE =  7.50%( 7.07%)[ 0.0%,  0.0%, 92.5%,  7.5%], RTT = 0.021s, Queue delay = 0.001s, MTU = 1200
 summary  18.0  Transmit rate =  6963kbps, PLR =  0.00%( 0.00%), CE =  6.60%( 6.99%)[ 0.0%,  0.0%, 92.6%,  7.4%], RTT = 0.021s, Queue delay = 0.001s, MTU = 1200
 summary  20.0  Transmit rate =  6894kbps, PLR =  0.00%( 0.00%), CE =  7.19%( 6.99%)[ 0.0%,  0.0%, 92.7%,  7.3%], RTT = 0.021s, Queue delay = 0.001s, MTU = 1200
 summary  22.0  Transmit rate =  6927kbps, PLR =  0.00%( 0.00%), CE =  8.41%( 7.01%)[ 0.0%,  0.0%, 92.6%,  7.4%], RTT = 0.021s, Queue delay = 0.001s, MTU = 1200
 summary  24.0  Transmit rate =  6936kbps, PLR =  0.00%( 0.00%), CE =  7.67%( 6.92%)[ 0.0%,  0.0%, 92.7%,  7.3%], RTT = 0.021s, Queue delay = 0.001s, MTU = 1200
 summary  26.0  Transmit rate =  7055kbps, PLR =  0.00%( 0.00%), CE =  7.66%( 6.83%)[ 0.0%,  0.0%, 92.8%,  7.2%], RTT = 0.021s, Queue delay = 0.001s, MTU = 1200
 summary  28.0  Transmit rate =  7060kbps, PLR =  0.00%( 0.00%), CE =  6.47%( 6.77%)[ 0.0%,  0.0%, 92.9%,  7.1%], RTT = 0.021s, Queue delay = 0.001s, MTU = 1200
 summary  30.1  Transmit rate =  6925kbps, PLR =  0.00%( 0.00%), CE =  7.52%( 6.82%)[ 0.0%,  0.0%, 92.8%,  7.2%], RTT = 0.021s, Queue delay = 0.001s, MTU = 1200
 summary  32.1  Transmit rate =  6965kbps, PLR =  0.00%( 0.00%), CE =  7.88%( 6.80%)[ 0.0%,  0.0%, 92.8%,  7.2%], RTT = 0.021s, Queue delay = 0.001s, MTU = 1200
 summary  34.1  Transmit rate =  7001kbps, PLR =  0.00%( 0.00%), CE =  6.96%( 6.73%)[ 0.0%,  0.0%, 92.9%,  7.1%], RTT = 0.021s, Queue delay = 0.001s, MTU = 1200

======================== Summary ==========================
 Bitrate min/max/avg [kbps]          :  5591/ 8639/ 6898
 RTT     min/max/avg [s]             : 0.021/0.049/0.021
 Queue delay max/avg [s]             : 0.003/0.001
 Packet loss avg [%]                 : 0.000
 ECN/L4S NotECT/ECT(0)/ECT(1)/CE [%] :  0.0/ 0.0/92.9/ 7.1
===========================================================
