Listen on port 8081 to receive RTCP from decoder 
Scream sender started! 
 summary   2.0  Transmit rate =  4347kbps, PLR =  0.00%( 0.00%), CE =  2.65%( 9.08%)[ 0.0%,  0.0%, 90.2%,  9.8%], RTT = 0.035s, Queue delay = 0.000s, MTU = 1200
 summary   4.0  Transmit rate =  5677kbps, PLR =  0.00%( 0.00%), CE =  5.53%( 7.11%)[ 0.0%,  0.0%, 92.6%,  7.4%], RTT = 0.027s, Queue delay = 0.001s, MTU = 1200
 summary   6.0  Transmit rate =  6294kbps, PLR =  0.00%( 0.00%), CE =  7.55%( 6.85%)[ 0.0%,  0.0%, 92.9%,  7.1%], RTT = 0.024s, Queue delay = 0.001s, MTU = 1200
 summary   8.0  Transmit rate =  6670kbps, PLR =  0.00%( 0.00%), CE =  7.14%( 6.90%)[ 0.0%,  0.0%, 92.7%,  7.3%], RTT = 0.022s, Queue delay = 0.001s, MTU = 1200
 summary  10.0  Transmit rate =  6687kbps, PLR =  0.00%( 0.00%), CE =  8.45%( 7.00%)[ 0.0%,  0.0%, 92.6%,  7.4%], RTT = 0.022s, Queue delay = 0.001s, MTU = 1200
 summary  12.0  Transmit rate =  6838kbps, PLR =  0.00%( 0.00%), CE =  7.98%( 6.94%)[ 0.0%,  0.0%, 92.7%,  7.3%], RTT = 0.021s, Queue delay = 0.001s, MTU = 1200
 summary  14.0  Transmit rate =  6945kbps, PLR =  0.00%( 0.00%), CE =  7.55%( 6.83%)[ 0.0%,  0.0%, 92.7%,  7.3%], RTT = 0.021s, Queue delay = 0.001s, MTU = 1200
 summary  16.0  Transmit rate =  7107kbps, PLR =  0.00%( 0.00%), CE =  7.05%( 6.65%)[ 0.0%,  0.0%, 92.9%,  7.1%], RTT = 0.021s, Queue delay = 0.001s, MTU = 1200
 summary  18.0  Transmit rate =  7033kbps, PLR =  0.00%( 0.00%), CE =  7.37%( 6.85%)[ 0.0%,  0.0%, 92.7%,  7.3%], RTT = 0.021s, Queue delay = 0.001s, MTU = 1200
 summary  20.0  Transmit rate =  6903kbps, PLR =  0.00%( 0.00%), CE =  7.60%( 6.79%)[ 0.0%,  0.0%, 92.8%,  7.2%], RTT = 0.021s, Queue delay = 0.001s, MTU = 1200
 summary  22.0  Transmit rate =  6828kbps, PLR =  0.00%( 0.00%), CE =  8.00%( 6.80%)[ 0.0%,  0.0%, 92.8%,  7.2%], RTT = 0.021s, Queue delay = 0.001s, MTU = 1200
 summary  24.0  Transmit rate =  6893kbps, PLR =  0.00%( 0.00%), CE =  7.49%( 6.72%)[ 0.0%,  0.0%, 92.8%,  7.2%], RTT = 0.021s, Queue delay = 0.001s, MTU = 1200
 summary  26.0  Transmit rate =  6860kbps, PLR =  0.00%( 0.00%), CE =  7.36%( 6.76%)[ 0.0%,  0.0%, 92.8%,  7.2%], RTT = 0.021s, Queue delay = 0.001s, MTU = 1200
 summary  28.0  Transmit rate =  7020kbps, PLR =  0.00%( 0.00%), CE =  7.19%( 6.75%)[ 0.0%,  0.0%, 92.8%,  7.2%], RTT = 0.021s, Queue delay = 0.001s, MTU = 1200
 summary  30.0  Transmit rate =  6995kbps, PLR =  0.00%( 0.00%), CE =  7.14%( 6.71%)[ 0.0%,  0.0%, 92.9%,  7.1%], RTT = 0.021s, Queue delay = 0.001s, MTU = 1200
 summary  32.1  Transmit rate =  6910kbps, PLR =  0.00%( 0.00%), CE =  6.90%( 6.72%)[ 0.0%,  0.0%, 92.9%,  7.1%], RTT = 0.021s, Queue delay = 0.001s, MTU = 1200
 summary  34.1  Transmit rate =  7059kbps, PLR =  0.00%( 0.00%), CE =  7.67%( 6.76%)[ 0.0%,  0.0%, 92.8%,  7.2%], RTT = 0.021s, Queue delay = 0.001s, MTU = 1200

======================== Summary ==========================
 Bitrate min/max/avg [kbps]          :  5304/ 8659/ 6874
 RTT     min/max/avg [s]             : 0.021/0.049/0.021
 Queue delay max/avg [s]             : 0.003/0.001
 Packet loss avg [%]                 : 0.000
 ECN/L4S NotECT/ECT(0)/ECT(1)/CE [%] :  0.0/ 0.0/92.8/ 7.2
===========================================================
