Listen on port 8081 to receive RTCP from decoder 
Scream sender started! 
 summary   2.0  Transmit rate =  4295kbps, PLR =  0.00%( 0.00%), CE =  2.78%( 8.11%)[ 0.0%,  0.0%, 91.7%,  8.3%], RTT = 0.035s, Queue delay = 0.000s, MTU = 1200
 summary   4.0  Transmit rate =  5620kbps, PLR =  0.00%( 0.00%), CE =  5.78%( 7.34%)[ 0.0%,  0.0%, 92.5%,  7.5%], RTT = 0.027s, Queue delay = 0.001s, MTU = 1200
 summary   6.0  Transmit rate =  6321kbps, PLR =  0.00%( 0.00%), CE =  7.55%( 7.40%)[ 0.0%,  0.0%, 92.4%,  7.6%], RTT = 0.024s, Queue delay = 0.001s, MTU = 1200
 summary   8.0  Transmit rate =  6577kbps, PLR =  0.00%( 0.00%), CE =  7.66%( 7.03%)[ 0.0%,  0.0%, 92.8%,  7.2%], RTT = 0.022s, Queue delay = 0.001s, MTU = 1200
 summary  10.0  Transmit rate =  6846kbps, PLR =  0.00%( 0.00%), CE =  7.26%( 6.88%)[ 0.0%,  0.0%, 92.9%,  7.1%], RTT = 0.022s, Queue delay = 0.001s, MTU = 1200
 summary  12.0  Transmit rate =  6896kbps, PLR =  0.00%( 0.00%), CE =  7.37%( 6.99%)[ 0.0%,  0.0%, 92.7%,  7.3%], RTT = 0.021s, Queue delay = 0.001s, MTU = 1200
 summary  14.0  Transmit rate =  6964kbps, PLR =  0.00%( 0.00%), CE =  7.77%( 6.92%)[ 0.0%,  0.0%, 92.8%,  7.2%], RTT = 0.021s, Queue delay = 0.001s, MTU = 1200
 summary  16.0  Transmit rate =  7041kbps, PLR =  0.00%( 0.00%), CE =  6.91%( 6.76%)[ 0.0%,  0.0%, 92.9%,  7.1%], RTT = 0.021s, Queue delay = 0.001s, MTU = 1200
 summary  18.0  Transmit rate =  6978kbps, PLR =  0.00%( 0.00%), CE =  7.17%( 6.78%)[ 0.0%,  0.0%, 92.9%,  7.1%], RTT = 0.021s, Queue delay = 0.001s, MTU = 1200
 summary  20.0  Transmit rate =  6898kbps, PLR =  0.00%( 0.00%), CE =  7.86%( 6.89%)[ 0.0%,  0.0%, 92.8%,  7.2%], RTT = 0.021s, Queue delay = 0.001s, MTU = 1200
 summary  22.0  Transmit rate =  7139kbps, PLR =  0.00%( 0.00%), CE =  7.20%( 6.74%)[ 0.0%,  0.0%, 92.9%,  7.1%], RTT = 0.021s, Queue delay = 0.001s, MTU = 1200
 summary  24.0  Transmit rate =  7132kbps, PLR =  0.00%( 0.00%), CE =  7.86%( 6.80%)[ 0.0%,  0.0%, 92.8%,  7.2%], RTT = 0.021s, Queue delay = 0.001s, MTU = 1200
 summary  26.0  Transmit rate =  7221kbps, PLR =  0.00%( 0.00%), CE =  7.71%( 6.74%)[ 0.0%,  0.0%, 92.8%,  7.2%], RTT = 0.021s, Queue delay = 0.001s, MTU = 1200
 summary  28.0  Transmit rate =  7039kbps, PLR =  0.00%( 0.00%), CE =  7.26%( 6.66%)[ 0.0%,  0.0%, 92.9%,  7.1%], RTT = 0.021s, Queue delay = 0.001s, MTU = 1200
 summary  30.0  Transmit rate =  7112kbps, PLR =  0.00%( 0.00%), CE =  7.41%( 6.64%)[ 0.0%,  0.0%, 92.9%,  7.1%], RTT = 0.021s, Queue delay = 0.001s, MTU = 1200
 summary  32.0  Transmit rate =  7137kbps, PLR =  0.00%( 0.00%), CE =  6.91%( 6.72%)[ 0.0%,  0.0%, 92.8%,  7.2%], RTT = 0.021s, Queue delay = 0.001s, MTU = 1200
 summary  34.0  Transmit rate =  7208kbps, PLR =  0.00%( 0.00%), CE =  7.90%( 6.75%)[ 0.0%,  0.0%, 92.8%,  7.2%], RTT = 0.021s, Queue delay = 0.001s, MTU = 1200

======================== Summary ==========================
 Bitrate min/max/avg [kbps]          :  5558/ 8706/ 6967
 RTT     min/max/avg [s]             : 0.021/0.049/0.021
 Queue delay max/avg [s]             : 0.004/0.001
 Packet loss avg [%]                 : 0.000
 ECN/L4S NotECT/ECT(0)/ECT(1)/CE [%] :  0.0/ 0.0/92.8/ 7.2
===========================================================
