socket set to IP_RECVTOS
socket SO_RCVBUF set to 20971520
Listen on port 8080 to receive RTP from sender 
.
.
Packet(s) lost or reordered :   264 was received, previous rcvd is   262 
Packet(s) lost or reordered :   268 was received, previous rcvd is   266 
Packet(s) lost or reordered :   280 was received, previous rcvd is   277 
Packet(s) lost or reordered :   288 was received, previous rcvd is   286 
Packet(s) lost or reordered :   301 was received, previous rcvd is   299 
Packet(s) lost or reordered :   440 was received, previous rcvd is   438 
Packet(s) lost or reordered :  2605 was received, previous rcvd is  2603 
Packet(s) lost or reordered :  2787 was received, previous rcvd is  2785 
Packet(s) lost or reordered :  3234 was received, previous rcvd is  3232 
Packet(s) lost or reordered :  4907 was received, previous rcvd is  4905 
Packet(s) lost or reordered :  5232 was received, previous rcvd is  5230 
Packet(s) lost or reordered :  5626 was received, previous rcvd is  5624 
Packet(s) lost or reordered :  7714 was received, previous rcvd is  7712 
Packet(s) lost or reordered : 10112 was received, previous rcvd is 10110 
Packet(s) lost or reordered : 10284 was received, previous rcvd is 10282 
Packet(s) lost or reordered : 12006 was received, previous rcvd is 12004 
Packet(s) lost or reordered : 12459 was received, previous rcvd is 12457 
Packet(s) lost or reordered : 12475 was received, previous rcvd is 12473 
Packet(s) lost or reordered : 13252 was received, previous rcvd is 13250 
Packet(s) lost or reordered : 14062 was received, previous rcvd is 14060 
Packet(s) lost or reordered : 14819 was received, previous rcvd is 14817 
.
