socket set to IP_RECVTOS
socket SO_RCVBUF set to 20971520
Listen on port 8080 to receive RTP from sender 
.
.
Packet(s) lost or reordered :   217 was received, previous rcvd is   215 
Packet(s) lost or reordered :   241 was received, previous rcvd is   239 
Packet(s) lost or reordered :   284 was received, previous rcvd is   282 
Packet(s) lost or reordered :   478 was received, previous rcvd is   476 
Packet(s) lost or reordered :   728 was received, previous rcvd is   726 
Packet(s) lost or reordered :  3094 was received, previous rcvd is  3092 
Packet(s) lost or reordered :  3994 was received, previous rcvd is  3992 
Packet(s) lost or reordered :  4367 was received, previous rcvd is  4365 
Packet(s) lost or reordered :  4500 was received, previous rcvd is  4498 
Packet(s) lost or reordered :  8102 was received, previous rcvd is  8100 
Packet(s) lost or reordered :  8198 was received, previous rcvd is  8196 
Packet(s) lost or reordered :  8560 was received, previous rcvd is  8558 
Packet(s) lost or reordered :  8585 was received, previous rcvd is  8583 
Packet(s) lost or reordered :  8624 was received, previous rcvd is  8622 
Packet(s) lost or reordered : 10130 was received, previous rcvd is 10128 
Packet(s) lost or reordered : 10998 was received, previous rcvd is 10996 
Packet(s) lost or reordered : 12509 was received, previous rcvd is 12507 
Packet(s) lost or reordered : 14442 was received, previous rcvd is 14440 
Packet(s) lost or reordered : 15431 was received, previous rcvd is 15429 
Packet(s) lost or reordered : 15956 was received, previous rcvd is 15954 
.
