socket set to IP_RECVTOS
socket SO_RCVBUF set to 20971520
Listen on port 8080 to receive RTP from sender 
.
.
Packet(s) lost or reordered :   254 was received, previous rcvd is   252 
Packet(s) lost or reordered :   263 was received, previous rcvd is   261 
Packet(s) lost or reordered :   286 was received, previous rcvd is   283 
Packet(s) lost or reordered :   474 was received, previous rcvd is   472 
Packet(s) lost or reordered :  1974 was received, previous rcvd is  1972 
Packet(s) lost or reordered :  2348 was received, previous rcvd is  2346 
Packet(s) lost or reordered :  2622 was received, previous rcvd is  2620 
Packet(s) lost or reordered :  5223 was received, previous rcvd is  5221 
Packet(s) lost or reordered :  6541 was received, previous rcvd is  6539 
Packet(s) lost or reordered :  6946 was received, previous rcvd is  6943 
Packet(s) lost or reordered :  8569 was received, previous rcvd is  8567 
Packet(s) lost or reordered :  8876 was received, previous rcvd is  8874 
Packet(s) lost or reordered : 12293 was received, previous rcvd is 12291 
Packet(s) lost or reordered : 13311 was received, previous rcvd is 13309 
Packet(s) lost or reordered : 14683 was received, previous rcvd is 14681 
Packet(s) lost or reordered : 16831 was received, previous rcvd is 16829 
.
