socket set to IP_RECVTOS
socket SO_RCVBUF set to 20971520
Listen on port 8080 to receive RTP from sender 
.
.
Packet(s) lost or reordered :   240 was received, previous rcvd is   238 
Packet(s) lost or reordered :   297 was received, previous rcvd is   295 
Packet(s) lost or reordered :   663 was received, previous rcvd is   661 
Packet(s) lost or reordered :   680 was received, previous rcvd is   678 
Packet(s) lost or reordered :  1389 was received, previous rcvd is  1387 
Packet(s) lost or reordered :  1625 was received, previous rcvd is  1623 
Packet(s) lost or reordered :  1800 was received, previous rcvd is  1798 
Packet(s) lost or reordered :  1844 was received, previous rcvd is  1842 
Packet(s) lost or reordered :  3978 was received, previous rcvd is  3976 
Packet(s) lost or reordered :  5827 was received, previous rcvd is  5825 
Packet(s) lost or reordered :  6685 was received, previous rcvd is  6683 
Packet(s) lost or reordered :  7095 was received, previous rcvd is  7093 
Packet(s) lost or reordered :  8819 was received, previous rcvd is  8817 
Packet(s) lost or reordered : 10228 was received, previous rcvd is 10226 
Packet(s) lost or reordered : 10852 was received, previous rcvd is 10850 
Packet(s) lost or reordered : 11431 was received, previous rcvd is 11429 
Packet(s) lost or reordered : 14871 was received, previous rcvd is 14869 
.
