socket set to IP_RECVTOS
socket SO_RCVBUF set to 20971520
Listen on port 8080 to receive RTP from sender 
.
.
Packet(s) lost or reordered :   577 was received, previous rcvd is   575 
Packet(s) lost or reordered :   598 was received, previous rcvd is   596 
Packet(s) lost or reordered :   610 was received, previous rcvd is   608 
Packet(s) lost or reordered :   618 was received, previous rcvd is   616 
Packet(s) lost or reordered :   629 was received, previous rcvd is   627 
Packet(s) lost or reordered :   775 was received, previous rcvd is   773 
Packet(s) lost or reordered :   798 was received, previous rcvd is   796 
Packet(s) lost or reordered :   845 was received, previous rcvd is   843 
Packet(s) lost or reordered :  1064 was received, previous rcvd is  1062 
Packet(s) lost or reordered :  2208 was received, previous rcvd is  2206 
Packet(s) lost or reordered :  3352 was received, previous rcvd is  3350 
Packet(s) lost or reordered :  3704 was received, previous rcvd is  3702 
Packet(s) lost or reordered :  5881 was received, previous rcvd is  5879 
Packet(s) lost or reordered :  5900 was received, previous rcvd is  5898 
Packet(s) lost or reordered :  7306 was received, previous rcvd is  7304 
Packet(s) lost or reordered :  7756 was received, previous rcvd is  7754 
Packet(s) lost or reordered :  7919 was received, previous rcvd is  7917 
Packet(s) lost or reordered :  9790 was received, previous rcvd is  9788 
Packet(s) lost or reordered : 11364 was received, previous rcvd is 11362 
Packet(s) lost or reordered : 11772 was received, previous rcvd is 11770 
Packet(s) lost or reordered : 14201 was received, previous rcvd is 14199 
Packet(s) lost or reordered : 14357 was received, previous rcvd is 14355 
.
