socket set to IP_RECVTOS
socket SO_RCVBUF set to 20971520
Listen on port 8080 to receive RTP from sender 
.
.
Packet(s) lost or reordered :   215 was received, previous rcvd is   213 
Packet(s) lost or reordered :   241 was received, previous rcvd is   239 
Packet(s) lost or reordered :   246 was received, previous rcvd is   244 
Packet(s) lost or reordered :   279 was received, previous rcvd is   277 
Packet(s) lost or reordered :  1541 was received, previous rcvd is  1539 
Packet(s) lost or reordered :  3316 was received, previous rcvd is  3314 
Packet(s) lost or reordered :  4839 was received, previous rcvd is  4837 
Packet(s) lost or reordered :  5439 was received, previous rcvd is  5437 
Packet(s) lost or reordered :  5665 was received, previous rcvd is  5663 
Packet(s) lost or reordered :  7481 was received, previous rcvd is  7479 
Packet(s) lost or reordered :  8430 was received, previous rcvd is  8428 
Packet(s) lost or reordered :  8617 was received, previous rcvd is  8615 
Packet(s) lost or reordered : 11826 was received, previous rcvd is 11824 
Packet(s) lost or reordered : 13249 was received, previous rcvd is 13247 
Packet(s) lost or reordered : 14198 was received, previous rcvd is 14196 
Packet(s) lost or reordered : 15200 was received, previous rcvd is 15198 
Packet(s) lost or reordered : 16635 was received, previous rcvd is 16633 
