Listen on port 8081 to receive RTCP from decoder 
Scream sender started! 
 summary   2.0  Transmit rate =  4252kbps, PLR =  0.00%( 0.00%), CE =  2.89%( 8.37%)[ 0.0%,  0.0%, 91.7%,  8.3%], RTT = 0.035s, Queue delay = 0.000s, MTU = 1200
 summary   4.0  Transmit rate =  5711kbps, PLR =  0.00%( 0.00%), CE =  6.65%( 8.18%)[ 0.0%,  0.0%, 91.4%,  8.6%], RTT = 0.027s, Queue delay = 0.001s, MTU = 1200
 summary   6.0  Transmit rate =  6248kbps, PLR =  0.00%( 0.00%), CE =  8.32%( 7.40%)[ 0.0%,  0.0%, 92.3%,  7.7%], RTT = 0.024s, Queue delay = 0.001s, MTU = 1200
 summary   8.0  Transmit rate =  6925kbps, PLR =  0.00%( 0.00%), CE =  7.23%( 6.97%)[ 0.0%,  0.0%, 92.7%,  7.3%], RTT = 0.022s, Queue delay = 0.001s, MTU = 1200
 summary  10.0  Transmit rate =  7039kbps, PLR =  0.00%( 0.00%), CE =  8.69%( 7.78%)[ 0.0%,  0.0%, 91.7%,  8.3%], RTT = 0.022s, Queue delay = 0.001s, MTU = 1200
 summary  12.0  Transmit rate =  6471kbps, PLR =  0.00%( 0.00%), CE =  8.47%( 7.53%)[ 0.0%,  0.0%, 92.1%,  7.9%], RTT = 0.021s, Queue delay = 0.001s, MTU = 1200
 summary  14.0  Transmit rate =  6427kbps, PLR =  0.00%( 0.00%), CE =  8.15%( 7.42%)[ 0.0%,  0.0%, 92.2%,  7.8%], RTT = 0.021s, Queue delay = 0.001s, MTU = 1200
 summary  16.0  Transmit rate =  6885kbps, PLR =  0.00%( 0.00%), CE =  7.99%( 7.41%)[ 0.0%,  0.0%, 92.2%,  7.8%], RTT = 0.021s, Queue delay = 0.001s, MTU = 1200
 summary  18.0  Transmit rate =  6931kbps, PLR =  0.00%( 0.00%), CE =  7.63%( 7.54%)[ 0.0%,  0.0%, 92.0%,  8.0%], RTT = 0.021s, Queue delay = 0.001s, MTU = 1200
 summary  20.0  Transmit rate =  6965kbps, PLR =  0.00%( 0.00%), CE =  9.10%( 7.55%)[ 0.0%,  0.0%, 92.0%,  8.0%], RTT = 0.021s, Queue delay = 0.001s, MTU = 1200
 summary  22.0  Transmit rate =  7117kbps, PLR =  0.00%( 0.00%), CE =  8.39%( 7.40%)[ 0.0%,  0.0%, 92.2%,  7.8%], RTT = 0.021s, Queue delay = 0.001s, MTU = 1200
 summary  24.0  Transmit rate =  7064kbps, PLR =  0.00%( 0.00%), CE =  8.40%( 7.47%)[ 0.0%,  0.0%, 92.1%,  7.9%], RTT = 0.021s, Queue delay = 0.001s, MTU = 1200
 summary  26.0  Transmit rate =  6900kbps, PLR =  0.00%( 0.00%), CE =  8.20%( 7.35%)[ 0.0%,  0.0%, 92.2%,  7.8%], RTT = 0.021s, Queue delay = 0.001s, MTU = 1200
 summary  28.0  Transmit rate =  7033kbps, PLR =  0.00%( 0.00%), CE =  7.40%( 7.30%)[ 0.0%,  0.0%, 92.3%,  7.7%], RTT = 0.021s, Queue delay = 0.001s, MTU = 1200
 summary  30.0  Transmit rate =  6946kbps, PLR =  0.00%( 0.00%), CE =  7.98%( 7.27%)[ 0.0%,  0.0%, 92.3%,  7.7%], RTT = 0.021s, Queue delay = 0.001s, MTU = 1200
 summary  32.0  Transmit rate =  6934kbps, PLR =  0.00%( 0.00%), CE =  8.14%( 7.24%)[ 0.0%,  0.0%, 92.3%,  7.7%], RTT = 0.021s, Queue delay = 0.001s, MTU = 1200
 summary  34.1  Transmit rate =  6867kbps, PLR =  0.00%( 0.00%), CE =  7.51%( 7.22%)[ 0.0%,  0.0%, 92.4%,  7.6%], RTT = 0.021s, Queue delay = 0.001s, MTU = 1200

======================== Summary ==========================
 Bitrate min/max/avg [kbps]          :  4981/ 9099/ 6859
 RTT     min/max/avg [s]             : 0.021/0.049/0.021
 Queue delay max/avg [s]             : 0.003/0.001
 Packet loss avg [%]                 : 0.000
 ECN/L4S NotECT/ECT(0)/ECT(1)/CE [%] :  0.0/ 0.0/92.4/ 7.6
===========================================================
