Listen on port 8081 to receive RTCP from decoder 
Scream sender started! 
 summary   2.0  Transmit rate =  4276kbps, PLR =  0.00%( 0.00%), CE =  2.97%( 8.89%)[ 0.0%,  0.0%, 90.7%,  9.3%], RTT = 0.035s, Queue delay = 0.000s, MTU = 1200
 summary   4.0  Transmit rate =  5622kbps, PLR =  0.00%( 0.00%), CE =  6.53%( 8.44%)[ 0.0%,  0.0%, 91.5%,  8.5%], RTT = 0.027s, Queue delay = 0.001s, MTU = 1200
 summary   6.0  Transmit rate =  6408kbps, PLR =  0.00%( 0.00%), CE =  8.52%( 7.95%)[ 0.0%,  0.0%, 91.8%,  8.2%], RTT = 0.024s, Queue delay = 0.001s, MTU = 1200
 summary   8.0  Transmit rate =  6776kbps, PLR =  0.00%( 0.00%), CE =  7.70%( 7.63%)[ 0.0%,  0.0%, 92.0%,  8.0%], RTT = 0.022s, Queue delay = 0.001s, MTU = 1200
 summary  10.0  Transmit rate =  6800kbps, PLR =  0.00%( 0.00%), CE =  8.29%( 7.65%)[ 0.0%,  0.0%, 92.0%,  8.0%], RTT = 0.022s, Queue delay = 0.001s, MTU = 1200
 summary  12.0  Transmit rate =  6958kbps, PLR =  0.00%( 0.00%), CE =  9.20%( 7.71%)[ 0.0%,  0.0%, 91.9%,  8.1%], RTT = 0.021s, Queue delay = 0.001s, MTU = 1200
 summary  14.0  Transmit rate =  7080kbps, PLR =  0.00%( 0.00%), CE =  8.63%( 7.46%)[ 0.0%,  0.0%, 92.1%,  7.9%], RTT = 0.021s, Queue delay = 0.001s, MTU = 1200
 summary  16.0  Transmit rate =  7132kbps, PLR =  0.00%( 0.00%), CE =  9.38%( 7.51%)[ 0.0%,  0.0%, 92.0%,  8.0%], RTT = 0.021s, Queue delay = 0.001s, MTU = 1200
 summary  18.0  Transmit rate =  7086kbps, PLR =  0.00%( 0.00%), CE =  7.87%( 7.31%)[ 0.0%,  0.0%, 92.2%,  7.8%], RTT = 0.021s, Queue delay = 0.001s, MTU = 1200
 summary  20.0  Transmit rate =  7160kbps, PLR =  0.00%( 0.00%), CE =  7.70%( 7.19%)[ 0.0%,  0.0%, 92.3%,  7.7%], RTT = 0.021s, Queue delay = 0.001s, MTU = 1200
 summary  22.0  Transmit rate =  7096kbps, PLR =  0.00%( 0.00%), CE =  8.06%( 7.27%)[ 0.0%,  0.0%, 92.3%,  7.7%], RTT = 0.021s, Queue delay = 0.001s, MTU = 1200
 summary  24.0  Transmit rate =  6985kbps, PLR =  0.00%( 0.00%), CE =  6.97%( 7.08%)[ 0.0%,  0.0%, 92.5%,  7.5%], RTT = 0.021s, Queue delay = 0.001s, MTU = 1200
 summary  26.0  Transmit rate =  6748kbps, PLR =  0.00%( 0.00%), CE =  8.47%( 7.20%)[ 0.0%,  0.0%, 92.4%,  7.6%], RTT = 0.021s, Queue delay = 0.001s, MTU = 1200
 summary  28.0  Transmit rate =  6364kbps, PLR =  0.00%( 0.00%), CE =  9.93%( 7.26%)[ 0.0%,  0.0%, 92.3%,  7.7%], RTT = 0.021s, Queue delay = 0.001s, MTU = 1200
 summary  30.0  Transmit rate =  6588kbps, PLR =  0.00%( 0.00%), CE =  7.15%( 7.05%)[ 0.0%,  0.0%, 92.5%,  7.5%], RTT = 0.021s, Queue delay = 0.001s, MTU = 1200
 summary  32.0  Transmit rate =  6868kbps, PLR =  0.00%( 0.00%), CE =  7.64%( 7.07%)[ 0.0%,  0.0%, 92.5%,  7.5%], RTT = 0.021s, Queue delay = 0.001s, MTU = 1200
 summary  34.1  Transmit rate =  6919kbps, PLR =  0.00%( 0.00%), CE =  7.67%( 7.06%)[ 0.0%,  0.0%, 92.5%,  7.5%], RTT = 0.021s, Queue delay = 0.001s, MTU = 1200

======================== Summary ==========================
 Bitrate min/max/avg [kbps]          :  4874/ 8585/ 6869
 RTT     min/max/avg [s]             : 0.021/0.049/0.021
 Queue delay max/avg [s]             : 0.003/0.001
 Packet loss avg [%]                 : 0.000
 ECN/L4S NotECT/ECT(0)/ECT(1)/CE [%] :  0.0/ 0.0/92.5/ 7.5
===========================================================
