Listen on port 8081 to receive RTCP from decoder 
Scream sender started! 
 summary   2.0  Transmit rate =  4278kbps, PLR =  0.00%( 0.00%), CE =  2.71%( 7.48%)[ 0.0%,  0.0%, 92.3%,  7.7%], RTT = 0.035s, Queue delay = 0.000s, MTU = 1200
 summary   4.0  Transmit rate =  5793kbps, PLR =  0.00%( 0.00%), CE =  5.44%( 7.69%)[ 0.0%,  0.0%, 91.9%,  8.1%], RTT = 0.027s, Queue delay = 0.001s, MTU = 1200
 summary   6.0  Transmit rate =  6543kbps, PLR =  0.00%( 0.00%), CE =  7.72%( 7.60%)[ 0.0%,  0.0%, 91.7%,  8.3%], RTT = 0.024s, Queue delay = 0.001s, MTU = 1200
 summary   8.0  Transmit rate =  6922kbps, PLR =  0.00%( 0.00%), CE =  8.09%( 7.58%)[ 0.0%,  0.0%, 91.8%,  8.2%], RTT = 0.022s, Queue delay = 0.001s, MTU = 1200
 summary  10.0  Transmit rate =  6996kbps, PLR =  0.00%( 0.00%), CE =  9.16%( 7.46%)[ 0.0%,  0.0%, 91.9%,  8.1%], RTT = 0.022s, Queue delay = 0.001s, MTU = 1200
 summary  12.0  Transmit rate =  6930kbps, PLR =  0.00%( 0.00%), CE =  8.33%( 7.28%)[ 0.0%,  0.0%, 92.1%,  7.9%], RTT = 0.021s, Queue delay = 0.001s, MTU = 1200
 summary  14.0  Transmit rate =  7025kbps, PLR =  0.00%( 0.00%), CE =  7.78%( 7.26%)[ 0.0%,  0.0%, 92.1%,  7.9%], RTT = 0.021s, Queue delay = 0.001s, MTU = 1200
 summary  16.0  Transmit rate =  6920kbps, PLR =  0.00%( 0.00%), CE =  8.05%( 7.23%)[ 0.0%,  0.0%, 92.2%,  7.8%], RTT = 0.021s, Queue delay = 0.001s, MTU = 1200
 summary  18.0  Transmit rate =  6874kbps, PLR =  0.00%( 0.00%), CE =  7.15%( 7.13%)[ 0.0%,  0.0%, 92.3%,  7.7%], RTT = 0.021s, Queue delay = 0.001s, MTU = 1200
 summary  20.0  Transmit rate =  6966kbps, PLR =  0.00%( 0.00%), CE =  6.96%( 7.03%)[ 0.0%,  0.0%, 92.4%,  7.6%], RTT = 0.021s, Queue delay = 0.001s, MTU = 1200
 summary  22.0  Transmit rate =  7050kbps, PLR =  0.00%( 0.00%), CE =  6.83%( 7.01%)[ 0.0%,  0.0%, 92.5%,  7.5%], RTT = 0.021s, Queue delay = 0.001s, MTU = 1200
 summary  24.0  Transmit rate =  7058kbps, PLR =  0.00%( 0.00%), CE =  7.30%( 7.07%)[ 0.0%,  0.0%, 92.4%,  7.6%], RTT = 0.021s, Queue delay = 0.001s, MTU = 1200
 summary  26.0  Transmit rate =  6979kbps, PLR =  0.00%( 0.00%), CE =  8.27%( 7.02%)[ 0.0%,  0.0%, 92.5%,  7.5%], RTT = 0.021s, Queue delay = 0.001s, MTU = 1200
 summary  28.0  Transmit rate =  6935kbps, PLR =  0.00%( 0.00%), CE =  7.54%( 6.98%)[ 0.0%,  0.0%, 92.5%,  7.5%], RTT = 0.021s, Queue delay = 0.001s, MTU = 1200
 summary  30.1  Transmit rate =  7001kbps, PLR =  0.00%( 0.00%), CE =  8.01%( 6.98%)[ 0.0%,  0.0%, 92.5%,  7.5%], RTT = 0.021s, Queue delay = 0.001s, MTU = 1200
 summary  32.1  Transmit rate =  6945kbps, PLR =  0.00%( 0.00%), CE =  8.22%( 7.00%)[ 0.0%,  0.0%, 92.5%,  7.5%], RTT = 0.021s, Queue delay = 0.001s, MTU = 1200
 summary  34.1  Transmit rate =  6882kbps, PLR =  0.00%( 0.00%), CE =  8.10%( 7.00%)[ 0.0%,  0.0%, 92.5%,  7.5%], RTT = 0.021s, Queue delay = 0.001s, MTU = 1200

======================== Summary ==========================
 Bitrate min/max/avg [kbps]          :  5508/ 8513/ 6924
 RTT     min/max/avg [s]             : 0.021/0.049/0.021
 Queue delay max/avg [s]             : 0.003/0.001
 Packet loss avg [%]                 : 0.000
 ECN/L4S NotECT/ECT(0)/ECT(1)/CE [%] :  0.0/ 0.0/92.5/ 7.5
===========================================================
