socket set to IP_RECVTOS
socket SO_RCVBUF set to 20971520
Listen on port 8080 to receive RTP from sender 
.
.
Packet(s) lost or reordered :   179 was received, previous rcvd is   177 
Packet(s) lost or reordered :   228 was received, previous rcvd is   226 
Packet(s) lost or reordered :   241 was received, previous rcvd is   239 
Packet(s) lost or reordered :   446 was received, previous rcvd is   444 
Packet(s) lost or reordered :  1330 was received, previous rcvd is  1328 
Packet(s) lost or reordered :  1653 was received, previous rcvd is  1651 
Packet(s) lost or reordered :  2121 was received, previous rcvd is  2119 
Packet(s) lost or reordered :  2157 was received, previous rcvd is  2155 
Packet(s) lost or reordered :  2325 was received, previous rcvd is  2323 
Packet(s) lost or reordered :  4927 was received, previous rcvd is  4925 
Packet(s) lost or reordered :  5345 was received, previous rcvd is  5343 
Packet(s) lost or reordered :  5435 was received, previous rcvd is  5433 
Packet(s) lost or reordered :  8061 was received, previous rcvd is  8059 
Packet(s) lost or reordered :  8070 was received, previous rcvd is  8068 
Packet(s) lost or reordered :  8087 was received, previous rcvd is  8085 
Packet(s) lost or reordered :  8341 was received, previous rcvd is  8339 
Packet(s) lost or reordered :  8355 was received, previous rcvd is  8353 
Packet(s) lost or reordered :  8358 was received, previous rcvd is  8356 
Packet(s) lost or reordered :  8587 was received, previous rcvd is  8585 
Packet(s) lost or reordered : 10243 was received, previous rcvd is 10241 
Packet(s) lost or reordered : 10434 was received, previous rcvd is 10432 
Packet(s) lost or reordered : 10934 was received, previous rcvd is 10932 
Packet(s) lost or reordered : 12188 was received, previous rcvd is 12186 
Packet(s) lost or reordered : 13127 was received, previous rcvd is 13125 
Packet(s) lost or reordered : 13580 was received, previous rcvd is 13578 
Packet(s) lost or reordered : 14241 was received, previous rcvd is 14239 
Packet(s) lost or reordered : 14679 was received, previous rcvd is 14677 
Packet(s) lost or reordered : 14708 was received, previous rcvd is 14706 
.
