socket set to IP_RECVTOS
socket SO_RCVBUF set to 20971520
Listen on port 5384 to receive RTP from sender 
.
.
Packet(s) lost or reordered : 10500 was received, previous rcvd is 10498 
Packet(s) lost or reordered : 10605 was received, previous rcvd is 10603 
Packet(s) lost or reordered : 10874 was received, previous rcvd is 10872 
Packet(s) lost or reordered : 19381 was received, previous rcvd is 19379 
Packet(s) lost or reordered : 28188 was received, previous rcvd is 28186 
Packet(s) lost or reordered : 31501 was received, previous rcvd is 31499 
Packet(s) lost or reordered : 39850 was received, previous rcvd is 39848 
Packet(s) lost or reordered : 45862 was received, previous rcvd is 45860 
Packet(s) lost or reordered : 53529 was received, previous rcvd is 53527 
Packet(s) lost or reordered : 61903 was received, previous rcvd is 61901 
Packet(s) lost or reordered :  3130 was received, previous rcvd is  3128 
Packet(s) lost or reordered : 13344 was received, previous rcvd is 13342 
Packet(s) lost or reordered : 17993 was received, previous rcvd is 17991 
Packet(s) lost or reordered : 18315 was received, previous rcvd is 18313 
Packet(s) lost or reordered : 18618 was received, previous rcvd is 18616 
Packet(s) lost or reordered : 18732 was received, previous rcvd is 18730 
Packet(s) lost or reordered : 18798 was received, previous rcvd is 18796 
Packet(s) lost or reordered : 18860 was received, previous rcvd is 18858 
Packet(s) lost or reordered : 18876 was received, previous rcvd is 18874 
Packet(s) lost or reordered : 18989 was received, previous rcvd is 18987 
Packet(s) lost or reordered : 19036 was received, previous rcvd is 19034 
Packet(s) lost or reordered : 19097 was received, previous rcvd is 19095 
Packet(s) lost or reordered : 19355 was received, previous rcvd is 19353 
Packet(s) lost or reordered : 19495 was received, previous rcvd is 19493 
Packet(s) lost or reordered : 19517 was received, previous rcvd is 19515 
.
