Listen on port 5407 to receive RTCP from decoder 
Scream sender started! 
 summary   2.0  Transmit rate =  3422kbps, PLR =  0.00%( 0.00%), CE =  0.00%( 0.22%)[ 0.0%,  0.0%, 99.7%,  0.3%], RTT = 0.047s, Queue delay = 0.000s, MTU = 1200
 summary   4.0  Transmit rate =  7870kbps, PLR =  0.00%( 0.00%), CE =  1.39%( 2.78%)[ 0.0%,  0.0%, 97.2%,  2.8%], RTT = 0.044s, Queue delay = 0.001s, MTU = 1200
 summary   6.0  Transmit rate =  9666kbps, PLR =  0.00%( 0.00%), CE =  3.59%( 3.91%)[ 0.0%,  0.0%, 96.1%,  3.9%], RTT = 0.043s, Queue delay = 0.001s, MTU = 1200
 summary   8.0  Transmit rate = 10170kbps, PLR =  0.00%( 0.00%), CE =  4.17%( 3.02%)[ 0.0%,  0.0%, 97.0%,  3.0%], RTT = 0.042s, Queue delay = 0.001s, MTU = 1200
 summary  10.0  Transmit rate = 10870kbps, PLR =  0.00%( 0.00%), CE =  2.97%( 2.77%)[ 0.0%,  0.0%, 97.2%,  2.8%], RTT = 0.042s, Queue delay = 0.001s, MTU = 1200
 summary  12.0  Transmit rate = 11034kbps, PLR =  0.00%( 0.00%), CE =  2.25%( 2.76%)[ 0.0%,  0.0%, 97.3%,  2.7%], RTT = 0.042s, Queue delay = 0.001s, MTU = 1200
 summary  14.0  Transmit rate = 11150kbps, PLR =  0.00%( 0.00%), CE =  2.68%( 2.64%)[ 0.0%,  0.0%, 97.4%,  2.6%], RTT = 0.042s, Queue delay = 0.001s, MTU = 1200
 summary  16.0  Transmit rate = 11347kbps, PLR =  0.00%( 0.00%), CE =  2.32%( 2.57%)[ 0.0%,  0.0%, 97.5%,  2.5%], RTT = 0.042s, Queue delay = 0.001s, MTU = 1200
 summary  18.0  Transmit rate = 11485kbps, PLR =  0.00%( 0.00%), CE =  2.34%( 2.59%)[ 0.0%,  0.0%, 97.4%,  2.6%], RTT = 0.042s, Queue delay = 0.001s, MTU = 1200
 summary  20.0  Transmit rate = 11552kbps, PLR =  0.00%( 0.00%), CE =  2.94%( 2.62%)[ 0.0%,  0.0%, 97.4%,  2.6%], RTT = 0.042s, Queue delay = 0.001s, MTU = 1200
 summary  22.0  Transmit rate = 11552kbps, PLR =  0.00%( 0.00%), CE =  3.60%( 2.72%)[ 0.0%,  0.0%, 97.3%,  2.7%], RTT = 0.042s, Queue delay = 0.001s, MTU = 1200
 summary  24.0  Transmit rate = 11551kbps, PLR =  0.00%( 0.00%), CE =  3.77%( 2.73%)[ 0.0%,  0.0%, 97.3%,  2.7%], RTT = 0.042s, Queue delay = 0.001s, MTU = 1200
 summary  26.0  Transmit rate = 11599kbps, PLR =  0.00%( 0.00%), CE =  3.51%( 2.73%)[ 0.0%,  0.0%, 97.3%,  2.7%], RTT = 0.042s, Queue delay = 0.001s, MTU = 1200
 summary  28.0  Transmit rate = 11571kbps, PLR =  0.00%( 0.00%), CE =  3.36%( 2.76%)[ 0.0%,  0.0%, 97.3%,  2.7%], RTT = 0.042s, Queue delay = 0.001s, MTU = 1200
 summary  30.0  Transmit rate = 11439kbps, PLR =  0.00%( 0.00%), CE =  3.57%( 2.79%)[ 0.0%,  0.0%, 97.3%,  2.7%], RTT = 0.042s, Queue delay = 0.001s, MTU = 1200
 summary  32.1  Transmit rate = 11513kbps, PLR =  0.00%( 0.00%), CE =  3.38%( 2.75%)[ 0.0%,  0.0%, 97.3%,  2.7%], RTT = 0.042s, Queue delay = 0.001s, MTU = 1200
 summary  34.1  Transmit rate = 11549kbps, PLR =  0.00%( 0.00%), CE =  3.09%( 2.79%)[ 0.0%,  0.0%, 97.3%,  2.7%], RTT = 0.042s, Queue delay = 0.001s, MTU = 1200

======================== Summary ==========================
 Bitrate min/max/avg [kbps]          :  8749/13631/11009
 RTT     min/max/avg [s]             : 0.042/0.050/0.042
 Queue delay max/avg [s]             : 0.002/0.001
 Packet loss avg [%]                 : 0.000
 ECN/L4S NotECT/ECT(0)/ECT(1)/CE [%] :  0.0/ 0.0/97.2/ 2.8
===========================================================
