socket set to IP_RECVTOS
socket SO_RCVBUF set to 20971520
Listen on port 5434 to receive RTP from sender 
.
.
Packet(s) lost or reordered : 10104 was received, previous rcvd is 10102 
Packet(s) lost or reordered : 10380 was received, previous rcvd is 10378 
Packet(s) lost or reordered : 10714 was received, previous rcvd is 10712 
Packet(s) lost or reordered : 19491 was received, previous rcvd is 19489 
Packet(s) lost or reordered : 32635 was received, previous rcvd is 32633 
Packet(s) lost or reordered : 38801 was received, previous rcvd is 38799 
Packet(s) lost or reordered :  8210 was received, previous rcvd is  8208 
Packet(s) lost or reordered :  8612 was received, previous rcvd is  8610 
Packet(s) lost or reordered :  8704 was received, previous rcvd is  8702 
Packet(s) lost or reordered :  8736 was received, previous rcvd is  8734 
Packet(s) lost or reordered :  8778 was received, previous rcvd is  8776 
Packet(s) lost or reordered :  8866 was received, previous rcvd is  8864 
Packet(s) lost or reordered :  8907 was received, previous rcvd is  8905 
Packet(s) lost or reordered :  8915 was received, previous rcvd is  8913 
Packet(s) lost or reordered :  9060 was received, previous rcvd is  9058 
Packet(s) lost or reordered : 19539 was received, previous rcvd is 19537 
Packet(s) lost or reordered : 22528 was received, previous rcvd is 22526 
Packet(s) lost or reordered : 32528 was received, previous rcvd is 32526 
.
