Listen on port 5547 to receive RTCP from decoder 
Scream sender started! 
 summary   2.0  Transmit rate =  3428kbps, PLR =  0.00%( 0.00%), CE =  0.00%( 0.32%)[ 0.0%,  0.0%, 99.6%,  0.4%], RTT = 0.047s, Queue delay = 0.000s, MTU = 1200
 summary   4.0  Transmit rate =  7793kbps, PLR =  0.00%( 0.00%), CE =  0.75%( 1.77%)[ 0.0%,  0.0%, 98.2%,  1.8%], RTT = 0.044s, Queue delay = 0.001s, MTU = 1200
 summary   6.0  Transmit rate =  9829kbps, PLR =  0.00%( 0.00%), CE =  2.46%( 2.64%)[ 0.0%,  0.0%, 97.4%,  2.6%], RTT = 0.043s, Queue delay = 0.001s, MTU = 1200
 summary   8.0  Transmit rate = 10409kbps, PLR =  0.00%( 0.00%), CE =  3.60%( 2.45%)[ 0.0%,  0.0%, 97.5%,  2.5%], RTT = 0.042s, Queue delay = 0.001s, MTU = 1200
 summary  10.0  Transmit rate = 11108kbps, PLR =  0.00%( 0.00%), CE =  3.17%( 2.41%)[ 0.0%,  0.0%, 97.6%,  2.4%], RTT = 0.042s, Queue delay = 0.001s, MTU = 1200
 summary  12.0  Transmit rate = 11436kbps, PLR =  0.00%( 0.00%), CE =  2.24%( 2.55%)[ 0.0%,  0.0%, 97.4%,  2.6%], RTT = 0.042s, Queue delay = 0.001s, MTU = 1200
 summary  14.0  Transmit rate = 11494kbps, PLR =  0.00%( 0.00%), CE =  3.10%( 2.54%)[ 0.0%,  0.0%, 97.5%,  2.5%], RTT = 0.042s, Queue delay = 0.001s, MTU = 1200
 summary  16.0  Transmit rate = 11563kbps, PLR =  0.00%( 0.00%), CE =  2.55%( 2.45%)[ 0.0%,  0.0%, 97.6%,  2.4%], RTT = 0.042s, Queue delay = 0.001s, MTU = 1200
 summary  18.0  Transmit rate = 11419kbps, PLR =  0.00%( 0.00%), CE =  2.68%( 2.48%)[ 0.0%,  0.0%, 97.5%,  2.5%], RTT = 0.042s, Queue delay = 0.001s, MTU = 1200
 summary  20.0  Transmit rate = 11449kbps, PLR =  0.00%( 0.00%), CE =  2.39%( 2.47%)[ 0.0%,  0.0%, 97.5%,  2.5%], RTT = 0.042s, Queue delay = 0.001s, MTU = 1200
 summary  22.0  Transmit rate = 11525kbps, PLR =  0.00%( 0.00%), CE =  3.11%( 2.54%)[ 0.0%,  0.0%, 97.5%,  2.5%], RTT = 0.042s, Queue delay = 0.001s, MTU = 1200
 summary  24.0  Transmit rate = 11343kbps, PLR =  0.00%( 0.00%), CE =  3.46%( 2.61%)[ 0.0%,  0.0%, 97.4%,  2.6%], RTT = 0.042s, Queue delay = 0.001s, MTU = 1200
 summary  26.0  Transmit rate = 11348kbps, PLR =  0.00%( 0.00%), CE =  3.14%( 2.53%)[ 0.0%,  0.0%, 97.5%,  2.5%], RTT = 0.042s, Queue delay = 0.001s, MTU = 1200
 summary  28.0  Transmit rate = 11430kbps, PLR =  0.00%( 0.00%), CE =  2.24%( 2.50%)[ 0.0%,  0.0%, 97.5%,  2.5%], RTT = 0.042s, Queue delay = 0.001s, MTU = 1200
 summary  30.0  Transmit rate = 11279kbps, PLR =  0.00%( 0.00%), CE =  3.12%( 2.61%)[ 0.0%,  0.0%, 97.4%,  2.6%], RTT = 0.042s, Queue delay = 0.001s, MTU = 1200
 summary  32.0  Transmit rate = 11230kbps, PLR =  0.00%( 0.00%), CE =  2.54%( 2.52%)[ 0.0%,  0.0%, 97.5%,  2.5%], RTT = 0.042s, Queue delay = 0.001s, MTU = 1200
 summary  34.0  Transmit rate = 11457kbps, PLR =  0.00%( 0.00%), CE =  2.84%( 2.54%)[ 0.0%,  0.0%, 97.5%,  2.5%], RTT = 0.042s, Queue delay = 0.001s, MTU = 1200

======================== Summary ==========================
 Bitrate min/max/avg [kbps]          :     0/13595/10848
 RTT     min/max/avg [s]             : 0.042/0.050/0.042
 Queue delay max/avg [s]             : 0.002/0.001
 Packet loss avg [%]                 : 0.000
 ECN/L4S NotECT/ECT(0)/ECT(1)/CE [%] :  0.0/ 0.0/97.5/ 2.5
===========================================================
