socket set to IP_RECVTOS
socket SO_RCVBUF set to 20971520
Listen on port 5500 to receive RTP from sender 
.
.
Packet(s) lost or reordered :  4848 was received, previous rcvd is  4846 
Packet(s) lost or reordered : 16346 was received, previous rcvd is 16344 
Packet(s) lost or reordered : 21591 was received, previous rcvd is 21589 
Packet(s) lost or reordered : 40392 was received, previous rcvd is 40390 
Packet(s) lost or reordered : 40712 was received, previous rcvd is 40710 
Packet(s) lost or reordered : 40818 was received, previous rcvd is 40816 
Packet(s) lost or reordered : 40908 was received, previous rcvd is 40906 
Packet(s) lost or reordered : 40917 was received, previous rcvd is 40915 
Packet(s) lost or reordered : 41089 was received, previous rcvd is 41087 
Packet(s) lost or reordered : 48252 was received, previous rcvd is 48250 
Packet(s) lost or reordered : 52790 was received, previous rcvd is 52788 
Packet(s) lost or reordered : 62131 was received, previous rcvd is 62129 
Packet(s) lost or reordered :  1752 was received, previous rcvd is  1750 
Packet(s) lost or reordered :  8790 was received, previous rcvd is  8788 
.
