socket set to IP_RECVTOS
socket SO_RCVBUF set to 20971520
Listen on port 5502 to receive RTP from sender 
.
.
Packet(s) lost or reordered : 10028 was received, previous rcvd is 10026 
Packet(s) lost or reordered : 10191 was received, previous rcvd is 10189 
Packet(s) lost or reordered : 10203 was received, previous rcvd is 10201 
Packet(s) lost or reordered : 10497 was received, previous rcvd is 10495 
Packet(s) lost or reordered : 28540 was received, previous rcvd is 28538 
Packet(s) lost or reordered : 34452 was received, previous rcvd is 34450 
Packet(s) lost or reordered : 37336 was received, previous rcvd is 37334 
Packet(s) lost or reordered : 43186 was received, previous rcvd is 43184 
Packet(s) lost or reordered :  2836 was received, previous rcvd is  2834 
Packet(s) lost or reordered :  2873 was received, previous rcvd is  2871 
Packet(s) lost or reordered :  3229 was received, previous rcvd is  3227 
Packet(s) lost or reordered :  3371 was received, previous rcvd is  3369 
Packet(s) lost or reordered :  3664 was received, previous rcvd is  3662 
Packet(s) lost or reordered :  3675 was received, previous rcvd is  3673 
Packet(s) lost or reordered :  3685 was received, previous rcvd is  3683 
Packet(s) lost or reordered :  3715 was received, previous rcvd is  3713 
Packet(s) lost or reordered : 28909 was received, previous rcvd is 28907 
.
