Listen on port 8081 to receive RTCP from decoder 
Scream sender started! 
 summary   2.0  Transmit rate =  5463kbps, PLR =  0.00%( 0.00%), CE =  1.97%( 6.09%)[ 0.0%,  0.0%, 92.0%,  8.0%], RTT = 0.035s, Queue delay = 0.001s, MTU = 1200
 summary   4.0  Transmit rate =  7368kbps, PLR =  0.00%( 0.00%), CE =  4.01%( 4.99%)[ 0.0%,  0.0%, 92.9%,  7.1%], RTT = 0.027s, Queue delay = 0.001s, MTU = 1200
 summary   6.0  Transmit rate =  8225kbps, PLR =  0.00%( 0.00%), CE =  5.19%( 4.58%)[ 0.0%,  0.0%, 93.3%,  6.7%], RTT = 0.024s, Queue delay = 0.001s, MTU = 1200
 summary   8.0  Transmit rate =  8592kbps, PLR =  0.00%( 0.00%), CE =  4.41%( 4.35%)[ 0.0%,  0.0%, 93.5%,  6.5%], RTT = 0.022s, Queue delay = 0.001s, MTU = 1200
 summary  10.0  Transmit rate =  8778kbps, PLR =  0.00%( 0.00%), CE =  4.00%( 4.30%)[ 0.0%,  0.0%, 93.5%,  6.5%], RTT = 0.022s, Queue delay = 0.001s, MTU = 1200
 summary  12.0  Transmit rate =  8855kbps, PLR =  0.00%( 0.00%), CE =  3.93%( 4.48%)[ 0.0%,  0.0%, 93.3%,  6.7%], RTT = 0.021s, Queue delay = 0.001s, MTU = 1200
 summary  14.0  Transmit rate =  8863kbps, PLR =  0.00%( 0.00%), CE =  4.63%( 4.27%)[ 0.0%,  0.0%, 93.6%,  6.4%], RTT = 0.021s, Queue delay = 0.001s, MTU = 1200
 summary  16.0  Transmit rate =  8886kbps, PLR =  0.00%( 0.00%), CE =  4.40%( 4.15%)[ 0.0%,  0.0%, 93.7%,  6.3%], RTT = 0.021s, Queue delay = 0.001s, MTU = 1200
 summary  18.0  Transmit rate =  8892kbps, PLR =  0.00%( 0.00%), CE =  4.44%( 4.10%)[ 0.0%,  0.0%, 93.7%,  6.3%], RTT = 0.021s, Queue delay = 0.001s, MTU = 1200
 summary  20.0  Transmit rate =  8887kbps, PLR =  0.00%( 0.00%), CE =  4.34%( 4.04%)[ 0.0%,  0.0%, 93.8%,  6.2%], RTT = 0.021s, Queue delay = 0.001s, MTU = 1200
 summary  22.0  Transmit rate =  8867kbps, PLR =  0.00%( 0.00%), CE =  4.28%( 4.09%)[ 0.0%,  0.0%, 93.8%,  6.2%], RTT = 0.021s, Queue delay = 0.001s, MTU = 1200
 summary  24.0  Transmit rate =  8900kbps, PLR =  0.00%( 0.00%), CE =  4.47%( 4.07%)[ 0.0%,  0.0%, 93.8%,  6.2%], RTT = 0.021s, Queue delay = 0.001s, MTU = 1200
 summary  26.0  Transmit rate =  8883kbps, PLR =  0.00%( 0.00%), CE =  4.47%( 4.07%)[ 0.0%,  0.0%, 93.8%,  6.2%], RTT = 0.021s, Queue delay = 0.001s, MTU = 1200
 summary  28.0  Transmit rate =  8888kbps, PLR =  0.00%( 0.00%), CE =  4.92%( 4.02%)[ 0.0%,  0.0%, 93.8%,  6.2%], RTT = 0.021s, Queue delay = 0.001s, MTU = 1200
 summary  30.0  Transmit rate =  8887kbps, PLR =  0.00%( 0.00%), CE =  4.43%( 4.01%)[ 0.0%,  0.0%, 93.8%,  6.2%], RTT = 0.021s, Queue delay = 0.001s, MTU = 1200
 summary  32.0  Transmit rate =  8891kbps, PLR =  0.00%( 0.00%), CE =  4.89%( 4.02%)[ 0.0%,  0.0%, 93.8%,  6.2%], RTT = 0.021s, Queue delay = 0.001s, MTU = 1200
 summary  34.0  Transmit rate =  8884kbps, PLR =  0.00%( 0.00%), CE =  4.79%( 4.06%)[ 0.0%,  0.0%, 93.8%,  6.2%], RTT = 0.021s, Queue delay = 0.001s, MTU = 1200

======================== Summary ==========================
 Bitrate min/max/avg [kbps]          :  7434/10479/ 8829
 RTT     min/max/avg [s]             : 0.021/0.049/0.021
 Queue delay max/avg [s]             : 0.003/0.001
 Packet loss avg [%]                 : 0.000
 ECN/L4S NotECT/ECT(0)/ECT(1)/CE [%] :  0.0/ 0.0/93.8/ 6.2
===========================================================
