Listen on port 8081 to receive RTCP from decoder 
Scream sender started! 
 summary   2.0  Transmit rate =  5468kbps, PLR =  0.00%( 0.00%), CE =  2.22%( 7.31%)[ 0.0%,  0.0%, 91.4%,  8.6%], RTT = 0.035s, Queue delay = 0.001s, MTU = 1200
 summary   4.0  Transmit rate =  7365kbps, PLR =  0.00%( 0.00%), CE =  4.02%( 5.24%)[ 0.0%,  0.0%, 93.0%,  7.0%], RTT = 0.027s, Queue delay = 0.001s, MTU = 1200
 summary   6.0  Transmit rate =  8215kbps, PLR =  0.00%( 0.00%), CE =  5.27%( 4.90%)[ 0.0%,  0.0%, 93.2%,  6.8%], RTT = 0.024s, Queue delay = 0.001s, MTU = 1200
 summary   8.0  Transmit rate =  8577kbps, PLR =  0.00%( 0.00%), CE =  4.72%( 4.53%)[ 0.0%,  0.0%, 93.5%,  6.5%], RTT = 0.022s, Queue delay = 0.001s, MTU = 1200
 summary  10.0  Transmit rate =  8754kbps, PLR =  0.00%( 0.00%), CE =  4.81%( 4.45%)[ 0.0%,  0.0%, 93.5%,  6.5%], RTT = 0.022s, Queue delay = 0.001s, MTU = 1200
 summary  12.0  Transmit rate =  8843kbps, PLR =  0.00%( 0.00%), CE =  5.03%( 4.43%)[ 0.0%,  0.0%, 93.5%,  6.5%], RTT = 0.021s, Queue delay = 0.001s, MTU = 1200
 summary  14.0  Transmit rate =  8885kbps, PLR =  0.00%( 0.00%), CE =  4.91%( 4.44%)[ 0.0%,  0.0%, 93.5%,  6.5%], RTT = 0.021s, Queue delay = 0.001s, MTU = 1200
 summary  16.0  Transmit rate =  8893kbps, PLR =  0.00%( 0.00%), CE =  5.04%( 4.40%)[ 0.0%,  0.0%, 93.5%,  6.5%], RTT = 0.021s, Queue delay = 0.001s, MTU = 1200
 summary  18.0  Transmit rate =  8887kbps, PLR =  0.00%( 0.00%), CE =  4.77%( 4.37%)[ 0.0%,  0.0%, 93.5%,  6.5%], RTT = 0.021s, Queue delay = 0.001s, MTU = 1200
 summary  20.0  Transmit rate =  8926kbps, PLR =  0.00%( 0.00%), CE =  4.23%( 4.47%)[ 0.0%,  0.0%, 93.3%,  6.7%], RTT = 0.021s, Queue delay = 0.001s, MTU = 1200
 summary  22.0  Transmit rate =  8890kbps, PLR =  0.00%( 0.00%), CE =  4.71%( 4.46%)[ 0.0%,  0.0%, 93.4%,  6.6%], RTT = 0.021s, Queue delay = 0.001s, MTU = 1200
 summary  24.0  Transmit rate =  8898kbps, PLR =  0.00%( 0.00%), CE =  4.90%( 4.40%)[ 0.0%,  0.0%, 93.4%,  6.6%], RTT = 0.021s, Queue delay = 0.001s, MTU = 1200
 summary  26.0  Transmit rate =  8896kbps, PLR =  0.00%( 0.00%), CE =  5.06%( 4.38%)[ 0.0%,  0.0%, 93.4%,  6.6%], RTT = 0.021s, Queue delay = 0.001s, MTU = 1200
 summary  28.1  Transmit rate =  8881kbps, PLR =  0.00%( 0.00%), CE =  4.46%( 4.28%)[ 0.0%,  0.0%, 93.5%,  6.5%], RTT = 0.021s, Queue delay = 0.001s, MTU = 1200
 summary  30.1  Transmit rate =  8879kbps, PLR =  0.00%( 0.00%), CE =  4.43%( 4.28%)[ 0.0%,  0.0%, 93.5%,  6.5%], RTT = 0.021s, Queue delay = 0.001s, MTU = 1200
 summary  32.1  Transmit rate =  8885kbps, PLR =  0.00%( 0.00%), CE =  4.51%( 4.27%)[ 0.0%,  0.0%, 93.5%,  6.5%], RTT = 0.021s, Queue delay = 0.001s, MTU = 1200
 summary  34.1  Transmit rate =  8882kbps, PLR =  0.00%( 0.00%), CE =  5.18%( 4.28%)[ 0.0%,  0.0%, 93.5%,  6.5%], RTT = 0.021s, Queue delay = 0.001s, MTU = 1200

======================== Summary ==========================
 Bitrate min/max/avg [kbps]          :  7452/10541/ 8831
 RTT     min/max/avg [s]             : 0.021/0.049/0.021
 Queue delay max/avg [s]             : 0.003/0.001
 Packet loss avg [%]                 : 0.000
 ECN/L4S NotECT/ECT(0)/ECT(1)/CE [%] :  0.0/ 0.0/93.5/ 6.5
===========================================================
