Listen on port 8081 to receive RTCP from decoder 
Scream sender started! 
 summary   2.0  Transmit rate =  5467kbps, PLR =  0.00%( 0.00%), CE =  2.19%( 6.75%)[ 0.0%,  0.0%, 91.7%,  8.3%], RTT = 0.035s, Queue delay = 0.001s, MTU = 1200
 summary   4.0  Transmit rate =  7357kbps, PLR =  0.00%( 0.00%), CE =  3.91%( 4.95%)[ 0.0%,  0.0%, 93.1%,  6.9%], RTT = 0.027s, Queue delay = 0.001s, MTU = 1200
 summary   6.0  Transmit rate =  8204kbps, PLR =  0.00%( 0.00%), CE =  4.76%( 4.35%)[ 0.0%,  0.0%, 93.6%,  6.4%], RTT = 0.024s, Queue delay = 0.001s, MTU = 1200
 summary   8.0  Transmit rate =  8575kbps, PLR =  0.00%( 0.00%), CE =  4.18%( 4.07%)[ 0.0%,  0.0%, 93.8%,  6.2%], RTT = 0.022s, Queue delay = 0.001s, MTU = 1200
 summary  10.0  Transmit rate =  8759kbps, PLR =  0.00%( 0.00%), CE =  4.08%( 4.01%)[ 0.0%,  0.0%, 93.9%,  6.1%], RTT = 0.022s, Queue delay = 0.001s, MTU = 1200
 summary  12.0  Transmit rate =  8844kbps, PLR =  0.00%( 0.00%), CE =  4.23%( 4.04%)[ 0.0%,  0.0%, 93.7%,  6.3%], RTT = 0.021s, Queue delay = 0.001s, MTU = 1200
 summary  14.0  Transmit rate =  8850kbps, PLR =  0.00%( 0.00%), CE =  3.87%( 4.19%)[ 0.0%,  0.0%, 93.6%,  6.4%], RTT = 0.021s, Queue delay = 0.001s, MTU = 1200
 summary  16.0  Transmit rate =  8888kbps, PLR =  0.00%( 0.00%), CE =  4.17%( 4.09%)[ 0.0%,  0.0%, 93.7%,  6.3%], RTT = 0.021s, Queue delay = 0.001s, MTU = 1200
 summary  18.0  Transmit rate =  8875kbps, PLR =  0.00%( 0.00%), CE =  4.81%( 4.08%)[ 0.0%,  0.0%, 93.7%,  6.3%], RTT = 0.021s, Queue delay = 0.001s, MTU = 1200
 summary  20.0  Transmit rate =  8873kbps, PLR =  0.00%( 0.00%), CE =  4.44%( 4.05%)[ 0.0%,  0.0%, 93.7%,  6.3%], RTT = 0.021s, Queue delay = 0.001s, MTU = 1200
 summary  22.0  Transmit rate =  8890kbps, PLR =  0.00%( 0.00%), CE =  5.49%( 4.13%)[ 0.0%,  0.0%, 93.7%,  6.3%], RTT = 0.021s, Queue delay = 0.001s, MTU = 1200
 summary  24.0  Transmit rate =  8884kbps, PLR =  0.00%( 0.00%), CE =  5.28%( 4.14%)[ 0.0%,  0.0%, 93.7%,  6.3%], RTT = 0.021s, Queue delay = 0.001s, MTU = 1200
 summary  26.0  Transmit rate =  8885kbps, PLR =  0.00%( 0.00%), CE =  4.88%( 4.13%)[ 0.0%,  0.0%, 93.7%,  6.3%], RTT = 0.021s, Queue delay = 0.001s, MTU = 1200
 summary  28.0  Transmit rate =  8920kbps, PLR =  0.00%( 0.00%), CE =  4.63%( 4.22%)[ 0.0%,  0.0%, 93.6%,  6.4%], RTT = 0.021s, Queue delay = 0.001s, MTU = 1200
 summary  30.0  Transmit rate =  8901kbps, PLR =  0.00%( 0.00%), CE =  4.28%( 4.26%)[ 0.0%,  0.0%, 93.6%,  6.4%], RTT = 0.021s, Queue delay = 0.001s, MTU = 1200
 summary  32.1  Transmit rate =  8915kbps, PLR =  0.00%( 0.00%), CE =  5.02%( 4.27%)[ 0.0%,  0.0%, 93.6%,  6.4%], RTT = 0.021s, Queue delay = 0.001s, MTU = 1200
 summary  34.1  Transmit rate =  8900kbps, PLR =  0.00%( 0.00%), CE =  4.61%( 4.23%)[ 0.0%,  0.0%, 93.6%,  6.4%], RTT = 0.021s, Queue delay = 0.001s, MTU = 1200

======================== Summary ==========================
 Bitrate min/max/avg [kbps]          :  7478/10453/ 8826
 RTT     min/max/avg [s]             : 0.021/0.049/0.021
 Queue delay max/avg [s]             : 0.003/0.001
 Packet loss avg [%]                 : 0.000
 ECN/L4S NotECT/ECT(0)/ECT(1)/CE [%] :  0.0/ 0.0/93.6/ 6.4
===========================================================
