Listen on port 8081 to receive RTCP from decoder 
Scream sender started! 
 summary   2.0  Transmit rate =  5466kbps, PLR =  0.00%( 0.00%), CE =  1.98%( 6.27%)[ 0.0%,  0.0%, 92.2%,  7.8%], RTT = 0.035s, Queue delay = 0.001s, MTU = 1200
 summary   4.0  Transmit rate =  7361kbps, PLR =  0.00%( 0.00%), CE =  3.56%( 4.69%)[ 0.0%,  0.0%, 93.3%,  6.7%], RTT = 0.027s, Queue delay = 0.001s, MTU = 1200
 summary   6.0  Transmit rate =  8202kbps, PLR =  0.00%( 0.00%), CE =  5.01%( 4.54%)[ 0.0%,  0.0%, 93.4%,  6.6%], RTT = 0.024s, Queue delay = 0.001s, MTU = 1200
 summary   8.0  Transmit rate =  8582kbps, PLR =  0.00%( 0.00%), CE =  4.83%( 4.47%)[ 0.0%,  0.0%, 93.5%,  6.5%], RTT = 0.022s, Queue delay = 0.001s, MTU = 1200
 summary  10.0  Transmit rate =  8769kbps, PLR =  0.00%( 0.00%), CE =  4.63%( 4.33%)[ 0.0%,  0.0%, 93.6%,  6.4%], RTT = 0.022s, Queue delay = 0.001s, MTU = 1200
 summary  12.0  Transmit rate =  8822kbps, PLR =  0.00%( 0.00%), CE =  4.28%( 4.44%)[ 0.0%,  0.0%, 93.4%,  6.6%], RTT = 0.021s, Queue delay = 0.001s, MTU = 1200
 summary  14.0  Transmit rate =  8847kbps, PLR =  0.00%( 0.00%), CE =  4.88%( 4.37%)[ 0.0%,  0.0%, 93.4%,  6.6%], RTT = 0.021s, Queue delay = 0.001s, MTU = 1200
 summary  16.0  Transmit rate =  8866kbps, PLR =  0.00%( 0.00%), CE =  4.42%( 4.24%)[ 0.0%,  0.0%, 93.6%,  6.4%], RTT = 0.021s, Queue delay = 0.001s, MTU = 1200
 summary  18.0  Transmit rate =  8873kbps, PLR =  0.00%( 0.00%), CE =  5.02%( 4.25%)[ 0.0%,  0.0%, 93.5%,  6.5%], RTT = 0.021s, Queue delay = 0.001s, MTU = 1200
 summary  20.0  Transmit rate =  8871kbps, PLR =  0.00%( 0.00%), CE =  4.84%( 4.21%)[ 0.0%,  0.0%, 93.6%,  6.4%], RTT = 0.021s, Queue delay = 0.001s, MTU = 1200
 summary  22.0  Transmit rate =  8887kbps, PLR =  0.00%( 0.00%), CE =  4.68%( 4.15%)[ 0.0%,  0.0%, 93.6%,  6.4%], RTT = 0.021s, Queue delay = 0.001s, MTU = 1200
 summary  24.0  Transmit rate =  8906kbps, PLR =  0.00%( 0.00%), CE =  4.17%( 4.13%)[ 0.0%,  0.0%, 93.6%,  6.4%], RTT = 0.021s, Queue delay = 0.001s, MTU = 1200
 summary  26.0  Transmit rate =  8870kbps, PLR =  0.00%( 0.00%), CE =  3.83%( 4.18%)[ 0.0%,  0.0%, 93.6%,  6.4%], RTT = 0.021s, Queue delay = 0.001s, MTU = 1200
 summary  28.0  Transmit rate =  8897kbps, PLR =  0.00%( 0.00%), CE =  4.47%( 4.16%)[ 0.0%,  0.0%, 93.6%,  6.4%], RTT = 0.021s, Queue delay = 0.001s, MTU = 1200
 summary  30.0  Transmit rate =  8881kbps, PLR =  0.00%( 0.00%), CE =  4.53%( 4.14%)[ 0.0%,  0.0%, 93.6%,  6.4%], RTT = 0.021s, Queue delay = 0.001s, MTU = 1200
 summary  32.0  Transmit rate =  8880kbps, PLR =  0.00%( 0.00%), CE =  4.89%( 4.11%)[ 0.0%,  0.0%, 93.6%,  6.4%], RTT = 0.021s, Queue delay = 0.001s, MTU = 1200
 summary  34.0  Transmit rate =  8869kbps, PLR =  0.00%( 0.00%), CE =  4.24%( 4.04%)[ 0.0%,  0.0%, 93.7%,  6.3%], RTT = 0.021s, Queue delay = 0.001s, MTU = 1200

======================== Summary ==========================
 Bitrate min/max/avg [kbps]          :  7455/10434/ 8816
 RTT     min/max/avg [s]             : 0.021/0.049/0.021
 Queue delay max/avg [s]             : 0.003/0.001
 Packet loss avg [%]                 : 0.000
 ECN/L4S NotECT/ECT(0)/ECT(1)/CE [%] :  0.0/ 0.0/93.7/ 6.3
===========================================================
