Listen on port 8081 to receive RTCP from decoder 
Scream sender started! 
 summary   2.0  Transmit rate =  4967kbps, PLR =  0.00%( 0.00%), CE =  0.37%( 1.14%)[ 0.0%,  0.0%, 98.4%,  1.6%], RTT = 0.034s, Queue delay = 0.000s, MTU = 1200
 summary   4.0  Transmit rate =  6569kbps, PLR =  0.00%( 0.00%), CE =  0.56%( 0.74%)[ 0.0%,  0.0%, 98.8%,  1.2%], RTT = 0.027s, Queue delay = 0.000s, MTU = 1200
 summary   6.0  Transmit rate =  7265kbps, PLR =  0.00%( 0.00%), CE =  0.65%( 0.66%)[ 0.0%,  0.0%, 98.8%,  1.2%], RTT = 0.023s, Queue delay = 0.001s, MTU = 1200
 summary   8.0  Transmit rate =  7635kbps, PLR =  0.00%( 0.00%), CE =  0.45%( 0.57%)[ 0.0%,  0.0%, 98.9%,  1.1%], RTT = 0.022s, Queue delay = 0.001s, MTU = 1200
 summary  10.0  Transmit rate =  7754kbps, PLR =  0.00%( 0.00%), CE =  0.39%( 0.53%)[ 0.0%,  0.0%, 99.0%,  1.0%], RTT = 0.021s, Queue delay = 0.001s, MTU = 1200
 summary  12.0  Transmit rate =  7802kbps, PLR =  0.00%( 0.00%), CE =  0.45%( 0.51%)[ 0.0%,  0.0%, 99.0%,  1.0%], RTT = 0.021s, Queue delay = 0.001s, MTU = 1200
 summary  14.0  Transmit rate =  7797kbps, PLR =  0.00%( 0.00%), CE =  0.59%( 0.57%)[ 0.0%,  0.0%, 99.0%,  1.0%], RTT = 0.021s, Queue delay = 0.001s, MTU = 1200
 summary  16.0  Transmit rate =  7876kbps, PLR =  0.00%( 0.00%), CE =  0.66%( 0.53%)[ 0.0%,  0.0%, 99.0%,  1.0%], RTT = 0.021s, Queue delay = 0.001s, MTU = 1200
 summary  18.0  Transmit rate =  7744kbps, PLR =  0.00%( 0.00%), CE =  0.61%( 0.54%)[ 0.0%,  0.0%, 99.0%,  1.0%], RTT = 0.021s, Queue delay = 0.001s, MTU = 1200
 summary  20.0  Transmit rate =  7818kbps, PLR =  0.00%( 0.00%), CE =  0.56%( 0.53%)[ 0.0%,  0.0%, 99.0%,  1.0%], RTT = 0.021s, Queue delay = 0.001s, MTU = 1200
 summary  22.0  Transmit rate =  7613kbps, PLR =  0.00%( 0.00%), CE =  0.47%( 0.54%)[ 0.0%,  0.0%, 99.0%,  1.0%], RTT = 0.021s, Queue delay = 0.001s, MTU = 1200
 summary  24.0  Transmit rate =  7638kbps, PLR =  0.00%( 0.00%), CE =  0.57%( 0.52%)[ 0.0%,  0.0%, 99.0%,  1.0%], RTT = 0.021s, Queue delay = 0.001s, MTU = 1200
 summary  26.0  Transmit rate =  7800kbps, PLR =  0.00%( 0.00%), CE =  0.48%( 0.51%)[ 0.0%,  0.0%, 99.0%,  1.0%], RTT = 0.021s, Queue delay = 0.001s, MTU = 1200
 summary  28.0  Transmit rate =  7666kbps, PLR =  0.00%( 0.00%), CE =  0.62%( 0.52%)[ 0.0%,  0.0%, 99.0%,  1.0%], RTT = 0.021s, Queue delay = 0.001s, MTU = 1200

======================== Summary ==========================
 Bitrate min/max/avg [kbps]          :  4074/ 9809/ 7736
 RTT     min/max/avg [s]             : 0.020/0.049/0.021
 Queue delay max/avg [s]             : 0.002/0.001
 Packet loss avg [%]                 : 0.000
 ECN/L4S NotECT/ECT(0)/ECT(1)/CE [%] :  0.0/ 0.0/99.0/ 1.0
===========================================================
