Listen on port 8081 to receive RTCP from decoder 
Scream sender started! 
 summary   2.0  Transmit rate =  5475kbps, PLR =  0.00%( 0.00%), CE =  2.01%( 6.25%)[ 0.0%,  0.0%, 92.1%,  7.9%], RTT = 0.035s, Queue delay = 0.001s, MTU = 1200
 summary   4.0  Transmit rate =  7378kbps, PLR =  0.00%( 0.00%), CE =  4.05%( 5.27%)[ 0.0%,  0.0%, 92.8%,  7.2%], RTT = 0.027s, Queue delay = 0.001s, MTU = 1200
 summary   6.0  Transmit rate =  8218kbps, PLR =  0.00%( 0.00%), CE =  5.33%( 4.76%)[ 0.0%,  0.0%, 93.2%,  6.8%], RTT = 0.024s, Queue delay = 0.001s, MTU = 1200
 summary   8.0  Transmit rate =  8587kbps, PLR =  0.00%( 0.00%), CE =  5.41%( 4.67%)[ 0.0%,  0.0%, 93.3%,  6.7%], RTT = 0.022s, Queue delay = 0.001s, MTU = 1200
 summary  10.0  Transmit rate =  8764kbps, PLR =  0.00%( 0.00%), CE =  4.67%( 4.37%)[ 0.0%,  0.0%, 93.5%,  6.5%], RTT = 0.022s, Queue delay = 0.001s, MTU = 1200
 summary  12.0  Transmit rate =  8842kbps, PLR =  0.00%( 0.00%), CE =  4.60%( 4.44%)[ 0.0%,  0.0%, 93.3%,  6.7%], RTT = 0.021s, Queue delay = 0.001s, MTU = 1200
 summary  14.0  Transmit rate =  8841kbps, PLR =  0.00%( 0.00%), CE =  4.50%( 4.33%)[ 0.0%,  0.0%, 93.5%,  6.5%], RTT = 0.021s, Queue delay = 0.001s, MTU = 1200
 summary  16.0  Transmit rate =  8886kbps, PLR =  0.00%( 0.00%), CE =  4.50%( 4.38%)[ 0.0%,  0.0%, 93.5%,  6.5%], RTT = 0.021s, Queue delay = 0.001s, MTU = 1200
 summary  18.0  Transmit rate =  8896kbps, PLR =  0.00%( 0.00%), CE =  4.59%( 4.27%)[ 0.0%,  0.0%, 93.6%,  6.4%], RTT = 0.021s, Queue delay = 0.001s, MTU = 1200
 summary  20.0  Transmit rate =  8887kbps, PLR =  0.00%( 0.00%), CE =  4.56%( 4.21%)[ 0.0%,  0.0%, 93.7%,  6.3%], RTT = 0.021s, Queue delay = 0.001s, MTU = 1200
 summary  22.0  Transmit rate =  8922kbps, PLR =  0.00%( 0.00%), CE =  4.52%( 4.28%)[ 0.0%,  0.0%, 93.6%,  6.4%], RTT = 0.021s, Queue delay = 0.001s, MTU = 1200
 summary  24.0  Transmit rate =  8892kbps, PLR =  0.00%( 0.00%), CE =  4.22%( 4.22%)[ 0.0%,  0.0%, 93.6%,  6.4%], RTT = 0.021s, Queue delay = 0.001s, MTU = 1200
 summary  26.0  Transmit rate =  8873kbps, PLR =  0.00%( 0.00%), CE =  4.05%( 4.14%)[ 0.0%,  0.0%, 93.7%,  6.3%], RTT = 0.021s, Queue delay = 0.001s, MTU = 1200
 summary  28.0  Transmit rate =  8888kbps, PLR =  0.00%( 0.00%), CE =  4.05%( 4.08%)[ 0.0%,  0.0%, 93.8%,  6.2%], RTT = 0.021s, Queue delay = 0.001s, MTU = 1200
 summary  30.0  Transmit rate =  8880kbps, PLR =  0.00%( 0.00%), CE =  4.20%( 4.05%)[ 0.0%,  0.0%, 93.8%,  6.2%], RTT = 0.021s, Queue delay = 0.001s, MTU = 1200
 summary  32.1  Transmit rate =  8873kbps, PLR =  0.00%( 0.00%), CE =  4.30%( 4.01%)[ 0.0%,  0.0%, 93.8%,  6.2%], RTT = 0.021s, Queue delay = 0.001s, MTU = 1200
 summary  34.1  Transmit rate =  8888kbps, PLR =  0.00%( 0.00%), CE =  3.94%( 3.96%)[ 0.0%,  0.0%, 93.8%,  6.2%], RTT = 0.021s, Queue delay = 0.001s, MTU = 1200

======================== Summary ==========================
 Bitrate min/max/avg [kbps]          :  7491/10460/ 8825
 RTT     min/max/avg [s]             : 0.021/0.049/0.021
 Queue delay max/avg [s]             : 0.003/0.001
 Packet loss avg [%]                 : 0.000
 ECN/L4S NotECT/ECT(0)/ECT(1)/CE [%] :  0.0/ 0.0/93.8/ 6.2
===========================================================
