Listen on port 8081 to receive RTCP from decoder 
Scream sender started! 
 summary   2.0  Transmit rate =  5464kbps, PLR =  0.00%( 0.00%), CE =  2.09%( 6.48%)[ 0.0%,  0.0%, 92.1%,  7.9%], RTT = 0.035s, Queue delay = 0.001s, MTU = 1200
 summary   4.0  Transmit rate =  7382kbps, PLR =  0.00%( 0.00%), CE =  3.81%( 5.19%)[ 0.0%,  0.0%, 93.1%,  6.9%], RTT = 0.027s, Queue delay = 0.001s, MTU = 1200
 summary   6.0  Transmit rate =  8222kbps, PLR =  0.00%( 0.00%), CE =  5.30%( 4.79%)[ 0.0%,  0.0%, 93.4%,  6.6%], RTT = 0.024s, Queue delay = 0.001s, MTU = 1200
 summary   8.0  Transmit rate =  8599kbps, PLR =  0.00%( 0.00%), CE =  5.28%( 4.59%)[ 0.0%,  0.0%, 93.6%,  6.4%], RTT = 0.022s, Queue delay = 0.001s, MTU = 1200
 summary  10.0  Transmit rate =  8771kbps, PLR =  0.00%( 0.00%), CE =  4.49%( 4.46%)[ 0.0%,  0.0%, 93.6%,  6.4%], RTT = 0.022s, Queue delay = 0.001s, MTU = 1200
 summary  12.0  Transmit rate =  8835kbps, PLR =  0.00%( 0.00%), CE =  5.01%( 4.35%)[ 0.0%,  0.0%, 93.6%,  6.4%], RTT = 0.021s, Queue delay = 0.001s, MTU = 1200
 summary  14.0  Transmit rate =  8847kbps, PLR =  0.00%( 0.00%), CE =  4.54%( 4.24%)[ 0.0%,  0.0%, 93.7%,  6.3%], RTT = 0.021s, Queue delay = 0.001s, MTU = 1200
 summary  16.0  Transmit rate =  8888kbps, PLR =  0.00%( 0.00%), CE =  3.45%( 4.13%)[ 0.0%,  0.0%, 93.7%,  6.3%], RTT = 0.021s, Queue delay = 0.001s, MTU = 1200
 summary  18.0  Transmit rate =  8874kbps, PLR =  0.00%( 0.00%), CE =  4.24%( 4.21%)[ 0.0%,  0.0%, 93.6%,  6.4%], RTT = 0.021s, Queue delay = 0.001s, MTU = 1200
 summary  20.0  Transmit rate =  8891kbps, PLR =  0.00%( 0.00%), CE =  4.23%( 4.14%)[ 0.0%,  0.0%, 93.7%,  6.3%], RTT = 0.021s, Queue delay = 0.001s, MTU = 1200
 summary  22.0  Transmit rate =  8913kbps, PLR =  0.00%( 0.00%), CE =  4.97%( 4.17%)[ 0.0%,  0.0%, 93.7%,  6.3%], RTT = 0.021s, Queue delay = 0.001s, MTU = 1200
 summary  24.0  Transmit rate =  8904kbps, PLR =  0.00%( 0.00%), CE =  4.61%( 4.11%)[ 0.0%,  0.0%, 93.8%,  6.2%], RTT = 0.021s, Queue delay = 0.001s, MTU = 1200
 summary  26.0  Transmit rate =  8888kbps, PLR =  0.00%( 0.00%), CE =  4.37%( 4.07%)[ 0.0%,  0.0%, 93.8%,  6.2%], RTT = 0.021s, Queue delay = 0.001s, MTU = 1200
 summary  28.0  Transmit rate =  8928kbps, PLR =  0.00%( 0.00%), CE =  3.86%( 4.14%)[ 0.0%,  0.0%, 93.7%,  6.3%], RTT = 0.021s, Queue delay = 0.001s, MTU = 1200
 summary  30.0  Transmit rate =  8898kbps, PLR =  0.00%( 0.00%), CE =  4.35%( 4.12%)[ 0.0%,  0.0%, 93.7%,  6.3%], RTT = 0.021s, Queue delay = 0.001s, MTU = 1200
 summary  32.0  Transmit rate =  8888kbps, PLR =  0.00%( 0.00%), CE =  4.65%( 4.07%)[ 0.0%,  0.0%, 93.8%,  6.2%], RTT = 0.021s, Queue delay = 0.001s, MTU = 1200
 summary  34.0  Transmit rate =  8889kbps, PLR =  0.00%( 0.00%), CE =  4.10%( 4.06%)[ 0.0%,  0.0%, 93.8%,  6.2%], RTT = 0.021s, Queue delay = 0.001s, MTU = 1200

======================== Summary ==========================
 Bitrate min/max/avg [kbps]          :  7463/10464/ 8831
 RTT     min/max/avg [s]             : 0.021/0.049/0.021
 Queue delay max/avg [s]             : 0.003/0.001
 Packet loss avg [%]                 : 0.000
 ECN/L4S NotECT/ECT(0)/ECT(1)/CE [%] :  0.0/ 0.0/93.7/ 6.3
===========================================================
