Listen on port 8081 to receive RTCP from decoder 
Scream sender started! 
 summary   2.0  Transmit rate =  4969kbps, PLR =  0.00%( 0.00%), CE =  0.40%( 1.22%)[ 0.0%,  0.0%, 98.3%,  1.7%], RTT = 0.034s, Queue delay = 0.000s, MTU = 1200
 summary   4.0  Transmit rate =  6569kbps, PLR =  0.00%( 0.00%), CE =  0.59%( 0.89%)[ 0.0%,  0.0%, 98.7%,  1.3%], RTT = 0.027s, Queue delay = 0.000s, MTU = 1200
 summary   6.0  Transmit rate =  7251kbps, PLR =  0.00%( 0.00%), CE =  0.73%( 0.74%)[ 0.0%,  0.0%, 98.8%,  1.2%], RTT = 0.023s, Queue delay = 0.001s, MTU = 1200
 summary   8.0  Transmit rate =  7601kbps, PLR =  0.00%( 0.00%), CE =  0.87%( 0.80%)[ 0.0%,  0.0%, 98.7%,  1.3%], RTT = 0.022s, Queue delay = 0.001s, MTU = 1200
 summary  10.0  Transmit rate =  7761kbps, PLR =  0.00%( 0.00%), CE =  0.89%( 0.75%)[ 0.0%,  0.0%, 98.8%,  1.2%], RTT = 0.021s, Queue delay = 0.001s, MTU = 1200
 summary  12.0  Transmit rate =  7686kbps, PLR =  0.00%( 0.00%), CE =  1.08%( 0.76%)[ 0.0%,  0.0%, 98.8%,  1.2%], RTT = 0.021s, Queue delay = 0.001s, MTU = 1200
 summary  14.0  Transmit rate =  7818kbps, PLR =  0.00%( 0.00%), CE =  0.77%( 0.70%)[ 0.0%,  0.0%, 98.8%,  1.2%], RTT = 0.021s, Queue delay = 0.001s, MTU = 1200
 summary  16.0  Transmit rate =  7824kbps, PLR =  0.00%( 0.00%), CE =  0.73%( 0.70%)[ 0.0%,  0.0%, 98.8%,  1.2%], RTT = 0.021s, Queue delay = 0.001s, MTU = 1200
 summary  18.0  Transmit rate =  7818kbps, PLR =  0.00%( 0.00%), CE =  0.59%( 0.66%)[ 0.0%,  0.0%, 98.9%,  1.1%], RTT = 0.021s, Queue delay = 0.001s, MTU = 1200
 summary  20.0  Transmit rate =  7760kbps, PLR =  0.00%( 0.00%), CE =  0.78%( 0.66%)[ 0.0%,  0.0%, 98.9%,  1.1%], RTT = 0.021s, Queue delay = 0.001s, MTU = 1200
 summary  22.0  Transmit rate =  7684kbps, PLR =  0.00%( 0.00%), CE =  0.76%( 0.67%)[ 0.0%,  0.0%, 98.9%,  1.1%], RTT = 0.021s, Queue delay = 0.001s, MTU = 1200
 summary  24.0  Transmit rate =  7666kbps, PLR =  0.00%( 0.00%), CE =  0.69%( 0.68%)[ 0.0%,  0.0%, 98.9%,  1.1%], RTT = 0.021s, Queue delay = 0.001s, MTU = 1200
 summary  26.0  Transmit rate =  7688kbps, PLR =  0.00%( 0.00%), CE =  0.86%( 0.66%)[ 0.0%,  0.0%, 98.9%,  1.1%], RTT = 0.021s, Queue delay = 0.001s, MTU = 1200
 summary  28.0  Transmit rate =  7742kbps, PLR =  0.00%( 0.00%), CE =  0.84%( 0.67%)[ 0.0%,  0.0%, 98.9%,  1.1%], RTT = 0.021s, Queue delay = 0.001s, MTU = 1200

======================== Summary ==========================
 Bitrate min/max/avg [kbps]          :  3925/ 9647/ 7724
 RTT     min/max/avg [s]             : 0.020/0.049/0.021
 Queue delay max/avg [s]             : 0.002/0.001
 Packet loss avg [%]                 : 0.000
 ECN/L4S NotECT/ECT(0)/ECT(1)/CE [%] :  0.0/ 0.0/98.9/ 1.1
===========================================================
