Listen on port 8081 to receive RTCP from decoder 
Scream sender started! 
 summary   2.0  Transmit rate =  5453kbps, PLR =  0.00%( 0.00%), CE =  2.07%( 6.42%)[ 0.0%,  0.0%, 92.3%,  7.7%], RTT = 0.035s, Queue delay = 0.001s, MTU = 1200
 summary   4.0  Transmit rate =  7363kbps, PLR =  0.00%( 0.00%), CE =  3.82%( 5.05%)[ 0.0%,  0.0%, 93.1%,  6.9%], RTT = 0.027s, Queue delay = 0.001s, MTU = 1200
 summary   6.0  Transmit rate =  8197kbps, PLR =  0.00%( 0.00%), CE =  4.82%( 4.44%)[ 0.0%,  0.0%, 93.6%,  6.4%], RTT = 0.024s, Queue delay = 0.001s, MTU = 1200
 summary   8.0  Transmit rate =  8581kbps, PLR =  0.00%( 0.00%), CE =  4.50%( 4.30%)[ 0.0%,  0.0%, 93.7%,  6.3%], RTT = 0.022s, Queue delay = 0.001s, MTU = 1200
 summary  10.0  Transmit rate =  8775kbps, PLR =  0.00%( 0.00%), CE =  4.07%( 4.50%)[ 0.0%,  0.0%, 93.5%,  6.5%], RTT = 0.022s, Queue delay = 0.001s, MTU = 1200
 summary  12.0  Transmit rate =  8828kbps, PLR =  0.00%( 0.00%), CE =  4.27%( 4.24%)[ 0.0%,  0.0%, 93.7%,  6.3%], RTT = 0.021s, Queue delay = 0.001s, MTU = 1200
 summary  14.0  Transmit rate =  8855kbps, PLR =  0.00%( 0.00%), CE =  4.41%( 4.16%)[ 0.0%,  0.0%, 93.8%,  6.2%], RTT = 0.021s, Queue delay = 0.001s, MTU = 1200
 summary  16.0  Transmit rate =  8862kbps, PLR =  0.00%( 0.00%), CE =  4.29%( 4.12%)[ 0.0%,  0.0%, 93.8%,  6.2%], RTT = 0.021s, Queue delay = 0.001s, MTU = 1200
 summary  18.0  Transmit rate =  8883kbps, PLR =  0.00%( 0.00%), CE =  4.82%( 4.07%)[ 0.0%,  0.0%, 93.8%,  6.2%], RTT = 0.021s, Queue delay = 0.001s, MTU = 1200
 summary  20.0  Transmit rate =  8878kbps, PLR =  0.00%( 0.00%), CE =  4.33%( 4.04%)[ 0.0%,  0.0%, 93.8%,  6.2%], RTT = 0.021s, Queue delay = 0.001s, MTU = 1200
 summary  22.0  Transmit rate =  8900kbps, PLR =  0.00%( 0.00%), CE =  3.89%( 4.10%)[ 0.0%,  0.0%, 93.7%,  6.3%], RTT = 0.021s, Queue delay = 0.001s, MTU = 1200
 summary  24.0  Transmit rate =  8886kbps, PLR =  0.00%( 0.00%), CE =  3.93%( 3.99%)[ 0.0%,  0.0%, 93.9%,  6.1%], RTT = 0.021s, Queue delay = 0.001s, MTU = 1200
 summary  26.0  Transmit rate =  8886kbps, PLR =  0.00%( 0.00%), CE =  3.80%( 3.95%)[ 0.0%,  0.0%, 93.9%,  6.1%], RTT = 0.021s, Queue delay = 0.001s, MTU = 1200
 summary  28.0  Transmit rate =  8875kbps, PLR =  0.00%( 0.00%), CE =  3.97%( 3.91%)[ 0.0%,  0.0%, 93.9%,  6.1%], RTT = 0.021s, Queue delay = 0.001s, MTU = 1200
 summary  30.1  Transmit rate =  8888kbps, PLR =  0.00%( 0.00%), CE =  4.03%( 3.87%)[ 0.0%,  0.0%, 94.0%,  6.0%], RTT = 0.021s, Queue delay = 0.001s, MTU = 1200
 summary  32.1  Transmit rate =  8875kbps, PLR =  0.00%( 0.00%), CE =  4.08%( 3.84%)[ 0.0%,  0.0%, 94.0%,  6.0%], RTT = 0.021s, Queue delay = 0.001s, MTU = 1200
 summary  34.1  Transmit rate =  8895kbps, PLR =  0.00%( 0.00%), CE =  4.26%( 3.89%)[ 0.0%,  0.0%, 93.9%,  6.1%], RTT = 0.021s, Queue delay = 0.001s, MTU = 1200

======================== Summary ==========================
 Bitrate min/max/avg [kbps]          :  7418/10460/ 8818
 RTT     min/max/avg [s]             : 0.021/0.049/0.021
 Queue delay max/avg [s]             : 0.003/0.001
 Packet loss avg [%]                 : 0.000
 ECN/L4S NotECT/ECT(0)/ECT(1)/CE [%] :  0.0/ 0.0/94.0/ 6.0
===========================================================
