Listen on port 8081 to receive RTCP from decoder 
Scream sender started! 
 summary   2.0  Transmit rate =  5467kbps, PLR =  0.00%( 0.00%), CE =  1.68%( 5.28%)[ 0.0%,  0.0%, 92.9%,  7.1%], RTT = 0.035s, Queue delay = 0.001s, MTU = 1200
 summary   4.0  Transmit rate =  7365kbps, PLR =  0.00%( 0.00%), CE =  3.28%( 4.27%)[ 0.0%,  0.0%, 93.7%,  6.3%], RTT = 0.027s, Queue delay = 0.001s, MTU = 1200
 summary   6.0  Transmit rate =  8212kbps, PLR =  0.00%( 0.00%), CE =  4.43%( 3.97%)[ 0.0%,  0.0%, 93.9%,  6.1%], RTT = 0.024s, Queue delay = 0.001s, MTU = 1200
 summary   8.0  Transmit rate =  8567kbps, PLR =  0.00%( 0.00%), CE =  4.06%( 3.69%)[ 0.0%,  0.0%, 94.1%,  5.9%], RTT = 0.022s, Queue delay = 0.001s, MTU = 1200
 summary  10.0  Transmit rate =  8760kbps, PLR =  0.00%( 0.00%), CE =  3.98%( 3.73%)[ 0.0%,  0.0%, 94.0%,  6.0%], RTT = 0.022s, Queue delay = 0.001s, MTU = 1200
 summary  12.0  Transmit rate =  8826kbps, PLR =  0.00%( 0.00%), CE =  4.12%( 3.77%)[ 0.0%,  0.0%, 94.0%,  6.0%], RTT = 0.021s, Queue delay = 0.001s, MTU = 1200
 summary  14.0  Transmit rate =  8882kbps, PLR =  0.00%( 0.00%), CE =  4.02%( 3.96%)[ 0.0%,  0.0%, 93.8%,  6.2%], RTT = 0.021s, Queue delay = 0.001s, MTU = 1200
 summary  16.0  Transmit rate =  8900kbps, PLR =  0.00%( 0.00%), CE =  4.97%( 3.99%)[ 0.0%,  0.0%, 93.8%,  6.2%], RTT = 0.021s, Queue delay = 0.001s, MTU = 1200
 summary  18.0  Transmit rate =  8872kbps, PLR =  0.00%( 0.00%), CE =  4.73%( 4.06%)[ 0.0%,  0.0%, 93.7%,  6.3%], RTT = 0.021s, Queue delay = 0.001s, MTU = 1200
 summary  20.0  Transmit rate =  8911kbps, PLR =  0.00%( 0.00%), CE =  3.49%( 4.08%)[ 0.0%,  0.0%, 93.7%,  6.3%], RTT = 0.021s, Queue delay = 0.001s, MTU = 1200
 summary  22.0  Transmit rate =  8884kbps, PLR =  0.00%( 0.00%), CE =  4.28%( 3.97%)[ 0.0%,  0.0%, 93.8%,  6.2%], RTT = 0.021s, Queue delay = 0.001s, MTU = 1200
 summary  24.0  Transmit rate =  8902kbps, PLR =  0.00%( 0.00%), CE =  4.40%( 3.98%)[ 0.0%,  0.0%, 93.8%,  6.2%], RTT = 0.021s, Queue delay = 0.001s, MTU = 1200
 summary  26.0  Transmit rate =  8889kbps, PLR =  0.00%( 0.00%), CE =  4.43%( 3.93%)[ 0.0%,  0.0%, 93.9%,  6.1%], RTT = 0.021s, Queue delay = 0.001s, MTU = 1200
 summary  28.0  Transmit rate =  8894kbps, PLR =  0.00%( 0.00%), CE =  4.71%( 3.97%)[ 0.0%,  0.0%, 93.8%,  6.2%], RTT = 0.021s, Queue delay = 0.001s, MTU = 1200
 summary  30.0  Transmit rate =  8869kbps, PLR =  0.00%( 0.00%), CE =  4.28%( 3.89%)[ 0.0%,  0.0%, 93.9%,  6.1%], RTT = 0.021s, Queue delay = 0.001s, MTU = 1200
 summary  32.0  Transmit rate =  8891kbps, PLR =  0.00%( 0.00%), CE =  4.09%( 3.94%)[ 0.0%,  0.0%, 93.8%,  6.2%], RTT = 0.021s, Queue delay = 0.001s, MTU = 1200
 summary  34.1  Transmit rate =  8874kbps, PLR =  0.00%( 0.00%), CE =  3.74%( 3.89%)[ 0.0%,  0.0%, 93.9%,  6.1%], RTT = 0.021s, Queue delay = 0.001s, MTU = 1200

======================== Summary ==========================
 Bitrate min/max/avg [kbps]          :  7349/10468/ 8823
 RTT     min/max/avg [s]             : 0.021/0.049/0.021
 Queue delay max/avg [s]             : 0.003/0.001
 Packet loss avg [%]                 : 0.000
 ECN/L4S NotECT/ECT(0)/ECT(1)/CE [%] :  0.0/ 0.0/93.9/ 6.1
===========================================================
