Listen on port 8081 to receive RTCP from decoder 
Scream sender started! 
 summary   2.0  Transmit rate =  5463kbps, PLR =  0.00%( 0.00%), CE =  2.08%( 6.32%)[ 0.0%,  0.0%, 92.0%,  8.0%], RTT = 0.035s, Queue delay = 0.001s, MTU = 1200
 summary   4.0  Transmit rate =  7366kbps, PLR =  0.00%( 0.00%), CE =  3.75%( 4.90%)[ 0.0%,  0.0%, 93.0%,  7.0%], RTT = 0.027s, Queue delay = 0.001s, MTU = 1200
 summary   6.0  Transmit rate =  8210kbps, PLR =  0.00%( 0.00%), CE =  5.06%( 4.61%)[ 0.0%,  0.0%, 93.2%,  6.8%], RTT = 0.024s, Queue delay = 0.001s, MTU = 1200
 summary   8.0  Transmit rate =  8574kbps, PLR =  0.00%( 0.00%), CE =  4.50%( 4.19%)[ 0.0%,  0.0%, 93.6%,  6.4%], RTT = 0.022s, Queue delay = 0.001s, MTU = 1200
 summary  10.0  Transmit rate =  8773kbps, PLR =  0.00%( 0.00%), CE =  4.56%( 4.33%)[ 0.0%,  0.0%, 93.4%,  6.6%], RTT = 0.022s, Queue delay = 0.001s, MTU = 1200
 summary  12.0  Transmit rate =  8835kbps, PLR =  0.00%( 0.00%), CE =  5.25%( 4.35%)[ 0.0%,  0.0%, 93.5%,  6.5%], RTT = 0.021s, Queue delay = 0.001s, MTU = 1200
 summary  14.0  Transmit rate =  8858kbps, PLR =  0.00%( 0.00%), CE =  5.25%( 4.29%)[ 0.0%,  0.0%, 93.6%,  6.4%], RTT = 0.021s, Queue delay = 0.001s, MTU = 1200
 summary  16.0  Transmit rate =  8918kbps, PLR =  0.00%( 0.00%), CE =  5.14%( 4.35%)[ 0.0%,  0.0%, 93.5%,  6.5%], RTT = 0.021s, Queue delay = 0.001s, MTU = 1200
 summary  18.0  Transmit rate =  8903kbps, PLR =  0.00%( 0.00%), CE =  4.66%( 4.52%)[ 0.0%,  0.0%, 93.4%,  6.6%], RTT = 0.021s, Queue delay = 0.001s, MTU = 1200
 summary  20.0  Transmit rate =  8913kbps, PLR =  0.00%( 0.00%), CE =  5.17%( 4.45%)[ 0.0%,  0.0%, 93.5%,  6.5%], RTT = 0.021s, Queue delay = 0.001s, MTU = 1200
 summary  22.0  Transmit rate =  8886kbps, PLR =  0.00%( 0.00%), CE =  4.75%( 4.38%)[ 0.0%,  0.0%, 93.5%,  6.5%], RTT = 0.021s, Queue delay = 0.001s, MTU = 1200
 summary  24.0  Transmit rate =  8895kbps, PLR =  0.00%( 0.00%), CE =  4.33%( 4.29%)[ 0.0%,  0.0%, 93.6%,  6.4%], RTT = 0.021s, Queue delay = 0.001s, MTU = 1200
 summary  26.0  Transmit rate =  8896kbps, PLR =  0.00%( 0.00%), CE =  4.39%( 4.23%)[ 0.0%,  0.0%, 93.7%,  6.3%], RTT = 0.021s, Queue delay = 0.001s, MTU = 1200
 summary  28.0  Transmit rate =  8913kbps, PLR =  0.00%( 0.00%), CE =  4.19%( 4.21%)[ 0.0%,  0.0%, 93.7%,  6.3%], RTT = 0.021s, Queue delay = 0.001s, MTU = 1200
 summary  30.1  Transmit rate =  8901kbps, PLR =  0.00%( 0.00%), CE =  4.59%( 4.20%)[ 0.0%,  0.0%, 93.7%,  6.3%], RTT = 0.021s, Queue delay = 0.001s, MTU = 1200
 summary  32.1  Transmit rate =  8930kbps, PLR =  0.00%( 0.00%), CE =  4.22%( 4.24%)[ 0.0%,  0.0%, 93.6%,  6.4%], RTT = 0.021s, Queue delay = 0.001s, MTU = 1200
 summary  34.1  Transmit rate =  8900kbps, PLR =  0.00%( 0.00%), CE =  4.25%( 4.27%)[ 0.0%,  0.0%, 93.6%,  6.4%], RTT = 0.021s, Queue delay = 0.001s, MTU = 1200

======================== Summary ==========================
 Bitrate min/max/avg [kbps]          :  7387/10496/ 8835
 RTT     min/max/avg [s]             : 0.021/0.049/0.021
 Queue delay max/avg [s]             : 0.003/0.001
 Packet loss avg [%]                 : 0.000
 ECN/L4S NotECT/ECT(0)/ECT(1)/CE [%] :  0.0/ 0.0/93.7/ 6.3
===========================================================
