Listen on port 8081 to receive RTCP from decoder 
Scream sender started! 
 summary   2.0  Transmit rate =  4968kbps, PLR =  0.00%( 0.00%), CE =  0.32%( 0.99%)[ 0.0%,  0.0%, 98.5%,  1.5%], RTT = 0.034s, Queue delay = 0.000s, MTU = 1200
 summary   4.0  Transmit rate =  6244kbps, PLR =  0.00%( 0.00%), CE =  0.83%( 0.88%)[ 0.0%,  0.0%, 98.7%,  1.3%], RTT = 0.027s, Queue delay = 0.000s, MTU = 1200
 summary   6.0  Transmit rate =  7034kbps, PLR =  0.00%( 0.00%), CE =  1.08%( 0.87%)[ 0.0%,  0.0%, 98.7%,  1.3%], RTT = 0.023s, Queue delay = 0.001s, MTU = 1200
 summary   8.0  Transmit rate =  7344kbps, PLR =  0.00%( 0.00%), CE =  0.99%( 0.78%)[ 0.0%,  0.0%, 98.8%,  1.2%], RTT = 0.022s, Queue delay = 0.001s, MTU = 1200
 summary  10.0  Transmit rate =  7487kbps, PLR =  0.00%( 0.00%), CE =  0.94%( 0.80%)[ 0.0%,  0.0%, 98.8%,  1.2%], RTT = 0.021s, Queue delay = 0.001s, MTU = 1200
 summary  12.0  Transmit rate =  7684kbps, PLR =  0.00%( 0.00%), CE =  0.77%( 0.72%)[ 0.0%,  0.0%, 98.8%,  1.2%], RTT = 0.021s, Queue delay = 0.001s, MTU = 1200
 summary  14.0  Transmit rate =  7710kbps, PLR =  0.00%( 0.00%), CE =  0.64%( 0.67%)[ 0.0%,  0.0%, 98.9%,  1.1%], RTT = 0.021s, Queue delay = 0.001s, MTU = 1200
 summary  16.0  Transmit rate =  7762kbps, PLR =  0.00%( 0.00%), CE =  0.37%( 0.63%)[ 0.0%,  0.0%, 98.9%,  1.1%], RTT = 0.021s, Queue delay = 0.001s, MTU = 1200
 summary  18.0  Transmit rate =  7830kbps, PLR =  0.00%( 0.00%), CE =  0.48%( 0.61%)[ 0.0%,  0.0%, 98.9%,  1.1%], RTT = 0.021s, Queue delay = 0.001s, MTU = 1200
 summary  20.0  Transmit rate =  7886kbps, PLR =  0.00%( 0.00%), CE =  0.49%( 0.58%)[ 0.0%,  0.0%, 98.9%,  1.1%], RTT = 0.021s, Queue delay = 0.001s, MTU = 1200
 summary  22.0  Transmit rate =  7875kbps, PLR =  0.00%( 0.00%), CE =  0.44%( 0.57%)[ 0.0%,  0.0%, 99.0%,  1.0%], RTT = 0.021s, Queue delay = 0.001s, MTU = 1200
 summary  24.0  Transmit rate =  7737kbps, PLR =  0.00%( 0.00%), CE =  0.74%( 0.62%)[ 0.0%,  0.0%, 98.9%,  1.1%], RTT = 0.021s, Queue delay = 0.001s, MTU = 1200
 summary  26.0  Transmit rate =  7732kbps, PLR =  0.00%( 0.00%), CE =  0.81%( 0.59%)[ 0.0%,  0.0%, 99.0%,  1.0%], RTT = 0.021s, Queue delay = 0.001s, MTU = 1200
 summary  28.0  Transmit rate =  7565kbps, PLR =  0.00%( 0.00%), CE =  0.68%( 0.58%)[ 0.0%,  0.0%, 99.0%,  1.0%], RTT = 0.021s, Queue delay = 0.001s, MTU = 1200

======================== Summary ==========================
 Bitrate min/max/avg [kbps]          :  3920/ 9835/ 7655
 RTT     min/max/avg [s]             : 0.020/0.049/0.021
 Queue delay max/avg [s]             : 0.002/0.001
 Packet loss avg [%]                 : 0.000
 ECN/L4S NotECT/ECT(0)/ECT(1)/CE [%] :  0.0/ 0.0/99.0/ 1.0
===========================================================
