Listen on port 8081 to receive RTCP from decoder 
Scream sender started! 
 summary   2.0  Transmit rate =  5465kbps, PLR =  0.00%( 0.00%), CE =  1.96%( 6.59%)[ 0.0%,  0.0%, 91.9%,  8.1%], RTT = 0.035s, Queue delay = 0.001s, MTU = 1200
 summary   4.0  Transmit rate =  7351kbps, PLR =  0.00%( 0.00%), CE =  3.94%( 4.92%)[ 0.0%,  0.0%, 93.2%,  6.8%], RTT = 0.027s, Queue delay = 0.001s, MTU = 1200
 summary   6.0  Transmit rate =  8204kbps, PLR =  0.00%( 0.00%), CE =  4.76%( 4.36%)[ 0.0%,  0.0%, 93.6%,  6.4%], RTT = 0.024s, Queue delay = 0.001s, MTU = 1200
 summary   8.0  Transmit rate =  8576kbps, PLR =  0.00%( 0.00%), CE =  4.24%( 4.14%)[ 0.0%,  0.0%, 93.7%,  6.3%], RTT = 0.022s, Queue delay = 0.001s, MTU = 1200
 summary  10.0  Transmit rate =  8773kbps, PLR =  0.00%( 0.00%), CE =  3.74%( 4.31%)[ 0.0%,  0.0%, 93.6%,  6.4%], RTT = 0.022s, Queue delay = 0.001s, MTU = 1200
 summary  12.0  Transmit rate =  8850kbps, PLR =  0.00%( 0.00%), CE =  3.67%( 4.21%)[ 0.0%,  0.0%, 93.6%,  6.4%], RTT = 0.021s, Queue delay = 0.001s, MTU = 1200
 summary  14.0  Transmit rate =  8857kbps, PLR =  0.00%( 0.00%), CE =  4.35%( 4.07%)[ 0.0%,  0.0%, 93.8%,  6.2%], RTT = 0.021s, Queue delay = 0.001s, MTU = 1200
 summary  16.0  Transmit rate =  8869kbps, PLR =  0.00%( 0.00%), CE =  4.26%( 4.04%)[ 0.0%,  0.0%, 93.8%,  6.2%], RTT = 0.021s, Queue delay = 0.001s, MTU = 1200
 summary  18.0  Transmit rate =  8889kbps, PLR =  0.00%( 0.00%), CE =  4.54%( 3.98%)[ 0.0%,  0.0%, 93.8%,  6.2%], RTT = 0.021s, Queue delay = 0.001s, MTU = 1200
 summary  20.0  Transmit rate =  8875kbps, PLR =  0.00%( 0.00%), CE =  4.48%( 3.94%)[ 0.0%,  0.0%, 93.9%,  6.1%], RTT = 0.021s, Queue delay = 0.001s, MTU = 1200
 summary  22.0  Transmit rate =  8893kbps, PLR =  0.00%( 0.00%), CE =  3.66%( 3.92%)[ 0.0%,  0.0%, 93.8%,  6.2%], RTT = 0.021s, Queue delay = 0.001s, MTU = 1200
 summary  24.0  Transmit rate =  8912kbps, PLR =  0.00%( 0.00%), CE =  4.08%( 4.02%)[ 0.0%,  0.0%, 93.7%,  6.3%], RTT = 0.021s, Queue delay = 0.001s, MTU = 1200
 summary  26.0  Transmit rate =  8881kbps, PLR =  0.00%( 0.00%), CE =  3.97%( 3.99%)[ 0.0%,  0.0%, 93.7%,  6.3%], RTT = 0.021s, Queue delay = 0.001s, MTU = 1200
 summary  28.1  Transmit rate =  8884kbps, PLR =  0.00%( 0.00%), CE =  4.41%( 3.98%)[ 0.0%,  0.0%, 93.8%,  6.2%], RTT = 0.021s, Queue delay = 0.001s, MTU = 1200
 summary  30.1  Transmit rate =  8884kbps, PLR =  0.00%( 0.00%), CE =  4.12%( 3.95%)[ 0.0%,  0.0%, 93.8%,  6.2%], RTT = 0.021s, Queue delay = 0.001s, MTU = 1200
 summary  32.1  Transmit rate =  8900kbps, PLR =  0.00%( 0.00%), CE =  5.06%( 3.98%)[ 0.0%,  0.0%, 93.8%,  6.2%], RTT = 0.021s, Queue delay = 0.001s, MTU = 1200
 summary  34.1  Transmit rate =  8893kbps, PLR =  0.00%( 0.00%), CE =  4.94%( 3.96%)[ 0.0%,  0.0%, 93.8%,  6.2%], RTT = 0.021s, Queue delay = 0.001s, MTU = 1200

======================== Summary ==========================
 Bitrate min/max/avg [kbps]          :  7422/10469/ 8820
 RTT     min/max/avg [s]             : 0.021/0.049/0.021
 Queue delay max/avg [s]             : 0.003/0.001
 Packet loss avg [%]                 : 0.000
 ECN/L4S NotECT/ECT(0)/ECT(1)/CE [%] :  0.0/ 0.0/93.8/ 6.2
===========================================================
