Listen on port 8081 to receive RTCP from decoder 
Scream sender started! 
 summary   2.0  Transmit rate =  5464kbps, PLR =  0.00%( 0.00%), CE =  2.06%( 6.40%)[ 0.0%,  0.0%, 92.2%,  7.8%], RTT = 0.035s, Queue delay = 0.001s, MTU = 1200
 summary   4.0  Transmit rate =  7360kbps, PLR =  0.00%( 0.00%), CE =  3.61%( 4.55%)[ 0.0%,  0.0%, 93.7%,  6.3%], RTT = 0.027s, Queue delay = 0.001s, MTU = 1200
 summary   6.0  Transmit rate =  8208kbps, PLR =  0.00%( 0.00%), CE =  4.64%( 4.28%)[ 0.0%,  0.0%, 93.8%,  6.2%], RTT = 0.024s, Queue delay = 0.001s, MTU = 1200
 summary   8.0  Transmit rate =  8580kbps, PLR =  0.00%( 0.00%), CE =  4.12%( 3.98%)[ 0.0%,  0.0%, 94.1%,  5.9%], RTT = 0.022s, Queue delay = 0.001s, MTU = 1200
 summary  10.0  Transmit rate =  8757kbps, PLR =  0.00%( 0.00%), CE =  4.05%( 3.84%)[ 0.0%,  0.0%, 94.1%,  5.9%], RTT = 0.022s, Queue delay = 0.001s, MTU = 1200
 summary  12.0  Transmit rate =  8841kbps, PLR =  0.00%( 0.00%), CE =  3.93%( 4.04%)[ 0.0%,  0.0%, 93.9%,  6.1%], RTT = 0.021s, Queue delay = 0.001s, MTU = 1200
 summary  14.0  Transmit rate =  8852kbps, PLR =  0.00%( 0.00%), CE =  4.15%( 3.95%)[ 0.0%,  0.0%, 94.0%,  6.0%], RTT = 0.021s, Queue delay = 0.001s, MTU = 1200
 summary  16.0  Transmit rate =  8880kbps, PLR =  0.00%( 0.00%), CE =  4.50%( 4.00%)[ 0.0%,  0.0%, 93.9%,  6.1%], RTT = 0.021s, Queue delay = 0.001s, MTU = 1200
 summary  18.0  Transmit rate =  8879kbps, PLR =  0.00%( 0.00%), CE =  4.58%( 3.92%)[ 0.0%,  0.0%, 94.0%,  6.0%], RTT = 0.021s, Queue delay = 0.001s, MTU = 1200
 summary  20.0  Transmit rate =  8879kbps, PLR =  0.00%( 0.00%), CE =  4.39%( 3.93%)[ 0.0%,  0.0%, 93.9%,  6.1%], RTT = 0.021s, Queue delay = 0.001s, MTU = 1200
 summary  22.0  Transmit rate =  8868kbps, PLR =  0.00%( 0.00%), CE =  4.21%( 3.84%)[ 0.0%,  0.0%, 94.0%,  6.0%], RTT = 0.021s, Queue delay = 0.001s, MTU = 1200
 summary  24.0  Transmit rate =  8888kbps, PLR =  0.00%( 0.00%), CE =  3.94%( 3.92%)[ 0.0%,  0.0%, 93.9%,  6.1%], RTT = 0.021s, Queue delay = 0.001s, MTU = 1200
 summary  26.0  Transmit rate =  8874kbps, PLR =  0.00%( 0.00%), CE =  4.03%( 3.91%)[ 0.0%,  0.0%, 93.9%,  6.1%], RTT = 0.021s, Queue delay = 0.001s, MTU = 1200
 summary  28.0  Transmit rate =  8878kbps, PLR =  0.00%( 0.00%), CE =  4.37%( 3.87%)[ 0.0%,  0.0%, 93.9%,  6.1%], RTT = 0.021s, Queue delay = 0.001s, MTU = 1200
 summary  30.0  Transmit rate =  8871kbps, PLR =  0.00%( 0.00%), CE =  4.18%( 3.83%)[ 0.0%,  0.0%, 93.9%,  6.1%], RTT = 0.021s, Queue delay = 0.001s, MTU = 1200
 summary  32.0  Transmit rate =  8895kbps, PLR =  0.00%( 0.00%), CE =  4.46%( 3.86%)[ 0.0%,  0.0%, 93.9%,  6.1%], RTT = 0.021s, Queue delay = 0.001s, MTU = 1200
 summary  34.0  Transmit rate =  8897kbps, PLR =  0.00%( 0.00%), CE =  4.59%( 3.87%)[ 0.0%,  0.0%, 93.9%,  6.1%], RTT = 0.021s, Queue delay = 0.001s, MTU = 1200

======================== Summary ==========================
 Bitrate min/max/avg [kbps]          :  7485/10449/ 8822
 RTT     min/max/avg [s]             : 0.021/0.049/0.021
 Queue delay max/avg [s]             : 0.003/0.001
 Packet loss avg [%]                 : 0.000
 ECN/L4S NotECT/ECT(0)/ECT(1)/CE [%] :  0.0/ 0.0/93.9/ 6.1
===========================================================
