Listen on port 8081 to receive RTCP from decoder 
Scream sender started! 
 summary   2.0  Transmit rate =  5463kbps, PLR =  0.00%( 0.00%), CE =  2.08%( 6.62%)[ 0.0%,  0.0%, 91.5%,  8.5%], RTT = 0.035s, Queue delay = 0.001s, MTU = 1200
 summary   4.0  Transmit rate =  7365kbps, PLR =  0.00%( 0.00%), CE =  3.92%( 5.18%)[ 0.0%,  0.0%, 92.6%,  7.4%], RTT = 0.027s, Queue delay = 0.001s, MTU = 1200
 summary   6.0  Transmit rate =  8221kbps, PLR =  0.00%( 0.00%), CE =  5.30%( 4.81%)[ 0.0%,  0.0%, 93.1%,  6.9%], RTT = 0.024s, Queue delay = 0.001s, MTU = 1200
 summary   8.0  Transmit rate =  8582kbps, PLR =  0.00%( 0.00%), CE =  4.84%( 4.85%)[ 0.0%,  0.0%, 93.0%,  7.0%], RTT = 0.022s, Queue delay = 0.001s, MTU = 1200
 summary  10.0  Transmit rate =  8767kbps, PLR =  0.00%( 0.00%), CE =  4.41%( 4.58%)[ 0.0%,  0.0%, 93.2%,  6.8%], RTT = 0.022s, Queue delay = 0.001s, MTU = 1200
 summary  12.0  Transmit rate =  8824kbps, PLR =  0.00%( 0.00%), CE =  3.75%( 4.39%)[ 0.0%,  0.0%, 93.4%,  6.6%], RTT = 0.021s, Queue delay = 0.001s, MTU = 1200
 summary  14.0  Transmit rate =  8843kbps, PLR =  0.00%( 0.00%), CE =  4.22%( 4.57%)[ 0.0%,  0.0%, 93.2%,  6.8%], RTT = 0.021s, Queue delay = 0.001s, MTU = 1200
 summary  16.0  Transmit rate =  8874kbps, PLR =  0.00%( 0.00%), CE =  4.66%( 4.47%)[ 0.0%,  0.0%, 93.3%,  6.7%], RTT = 0.021s, Queue delay = 0.001s, MTU = 1200
 summary  18.0  Transmit rate =  8862kbps, PLR =  0.00%( 0.00%), CE =  4.74%( 4.39%)[ 0.0%,  0.0%, 93.4%,  6.6%], RTT = 0.021s, Queue delay = 0.001s, MTU = 1200
 summary  20.0  Transmit rate =  8881kbps, PLR =  0.00%( 0.00%), CE =  4.64%( 4.38%)[ 0.0%,  0.0%, 93.4%,  6.6%], RTT = 0.021s, Queue delay = 0.001s, MTU = 1200
 summary  22.0  Transmit rate =  8889kbps, PLR =  0.00%( 0.00%), CE =  5.47%( 4.39%)[ 0.0%,  0.0%, 93.4%,  6.6%], RTT = 0.021s, Queue delay = 0.001s, MTU = 1200
 summary  24.0  Transmit rate =  8873kbps, PLR =  0.00%( 0.00%), CE =  5.27%( 4.35%)[ 0.0%,  0.0%, 93.4%,  6.6%], RTT = 0.021s, Queue delay = 0.001s, MTU = 1200
 summary  26.0  Transmit rate =  8856kbps, PLR =  0.00%( 0.00%), CE =  4.80%( 4.24%)[ 0.0%,  0.0%, 93.5%,  6.5%], RTT = 0.021s, Queue delay = 0.001s, MTU = 1200
 summary  28.0  Transmit rate =  8877kbps, PLR =  0.00%( 0.00%), CE =  4.42%( 4.26%)[ 0.0%,  0.0%, 93.5%,  6.5%], RTT = 0.021s, Queue delay = 0.001s, MTU = 1200
 summary  30.1  Transmit rate =  8874kbps, PLR =  0.00%( 0.00%), CE =  4.52%( 4.31%)[ 0.0%,  0.0%, 93.5%,  6.5%], RTT = 0.021s, Queue delay = 0.001s, MTU = 1200
 summary  32.1  Transmit rate =  8891kbps, PLR =  0.00%( 0.00%), CE =  4.31%( 4.25%)[ 0.0%,  0.0%, 93.5%,  6.5%], RTT = 0.021s, Queue delay = 0.001s, MTU = 1200
 summary  34.1  Transmit rate =  8875kbps, PLR =  0.00%( 0.00%), CE =  4.26%( 4.25%)[ 0.0%,  0.0%, 93.5%,  6.5%], RTT = 0.021s, Queue delay = 0.001s, MTU = 1200

======================== Summary ==========================
 Bitrate min/max/avg [kbps]          :  7251/10505/ 8815
 RTT     min/max/avg [s]             : 0.021/0.049/0.021
 Queue delay max/avg [s]             : 0.003/0.001
 Packet loss avg [%]                 : 0.000
 ECN/L4S NotECT/ECT(0)/ECT(1)/CE [%] :  0.0/ 0.0/93.5/ 6.5
===========================================================
