Listen on port 8081 to receive RTCP from decoder 
Scream sender started! 
 summary   2.0  Transmit rate =  5452kbps, PLR =  0.00%( 0.00%), CE =  1.89%( 5.90%)[ 0.0%,  0.0%, 92.7%,  7.3%], RTT = 0.035s, Queue delay = 0.001s, MTU = 1200
 summary   4.0  Transmit rate =  7363kbps, PLR =  0.00%( 0.00%), CE =  3.69%( 4.77%)[ 0.0%,  0.0%, 93.5%,  6.5%], RTT = 0.027s, Queue delay = 0.001s, MTU = 1200
 summary   6.0  Transmit rate =  8214kbps, PLR =  0.00%( 0.00%), CE =  4.94%( 4.56%)[ 0.0%,  0.0%, 93.6%,  6.4%], RTT = 0.024s, Queue delay = 0.001s, MTU = 1200
 summary   8.0  Transmit rate =  8585kbps, PLR =  0.00%( 0.00%), CE =  5.12%( 4.46%)[ 0.0%,  0.0%, 93.6%,  6.4%], RTT = 0.022s, Queue delay = 0.001s, MTU = 1200
 summary  10.0  Transmit rate =  8761kbps, PLR =  0.00%( 0.00%), CE =  4.44%( 4.17%)[ 0.0%,  0.0%, 93.8%,  6.2%], RTT = 0.022s, Queue delay = 0.001s, MTU = 1200
 summary  12.0  Transmit rate =  8855kbps, PLR =  0.00%( 0.00%), CE =  4.62%( 4.33%)[ 0.0%,  0.0%, 93.6%,  6.4%], RTT = 0.021s, Queue delay = 0.001s, MTU = 1200
 summary  14.0  Transmit rate =  8854kbps, PLR =  0.00%( 0.00%), CE =  4.94%( 4.51%)[ 0.0%,  0.0%, 93.5%,  6.5%], RTT = 0.021s, Queue delay = 0.001s, MTU = 1200
 summary  16.0  Transmit rate =  8881kbps, PLR =  0.00%( 0.00%), CE =  4.78%( 4.34%)[ 0.0%,  0.0%, 93.6%,  6.4%], RTT = 0.021s, Queue delay = 0.001s, MTU = 1200
 summary  18.0  Transmit rate =  8872kbps, PLR =  0.00%( 0.00%), CE =  4.34%( 4.25%)[ 0.0%,  0.0%, 93.6%,  6.4%], RTT = 0.021s, Queue delay = 0.001s, MTU = 1200
 summary  20.0  Transmit rate =  8881kbps, PLR =  0.00%( 0.00%), CE =  4.21%( 4.19%)[ 0.0%,  0.0%, 93.7%,  6.3%], RTT = 0.021s, Queue delay = 0.001s, MTU = 1200
 summary  22.0  Transmit rate =  8889kbps, PLR =  0.00%( 0.00%), CE =  4.63%( 4.15%)[ 0.0%,  0.0%, 93.7%,  6.3%], RTT = 0.021s, Queue delay = 0.001s, MTU = 1200
 summary  24.0  Transmit rate =  8907kbps, PLR =  0.00%( 0.00%), CE =  4.45%( 4.20%)[ 0.0%,  0.0%, 93.7%,  6.3%], RTT = 0.021s, Queue delay = 0.001s, MTU = 1200
 summary  26.0  Transmit rate =  8894kbps, PLR =  0.00%( 0.00%), CE =  5.32%( 4.22%)[ 0.0%,  0.0%, 93.6%,  6.4%], RTT = 0.021s, Queue delay = 0.001s, MTU = 1200
 summary  28.0  Transmit rate =  8893kbps, PLR =  0.00%( 0.00%), CE =  5.14%( 4.21%)[ 0.0%,  0.0%, 93.6%,  6.4%], RTT = 0.021s, Queue delay = 0.001s, MTU = 1200
 summary  30.1  Transmit rate =  8883kbps, PLR =  0.00%( 0.00%), CE =  4.86%( 4.17%)[ 0.0%,  0.0%, 93.7%,  6.3%], RTT = 0.021s, Queue delay = 0.001s, MTU = 1200
 summary  32.1  Transmit rate =  8895kbps, PLR =  0.00%( 0.00%), CE =  4.04%( 4.16%)[ 0.0%,  0.0%, 93.7%,  6.3%], RTT = 0.021s, Queue delay = 0.001s, MTU = 1200
 summary  34.1  Transmit rate =  8892kbps, PLR =  0.00%( 0.00%), CE =  4.81%( 4.15%)[ 0.0%,  0.0%, 93.7%,  6.3%], RTT = 0.021s, Queue delay = 0.001s, MTU = 1200

======================== Summary ==========================
 Bitrate min/max/avg [kbps]          :  7361/10497/ 8829
 RTT     min/max/avg [s]             : 0.021/0.049/0.021
 Queue delay max/avg [s]             : 0.003/0.001
 Packet loss avg [%]                 : 0.000
 ECN/L4S NotECT/ECT(0)/ECT(1)/CE [%] :  0.0/ 0.0/93.6/ 6.4
===========================================================
