Listen on port 8081 to receive RTCP from decoder 
Scream sender started! 
 summary   2.0  Transmit rate =  4805kbps, PLR =  0.00%( 0.00%), CE =  0.47%( 1.64%)[ 0.0%,  0.0%, 97.9%,  2.1%], RTT = 0.034s, Queue delay = 0.000s, MTU = 1200
 summary   4.0  Transmit rate =  6388kbps, PLR =  0.00%( 0.00%), CE =  1.05%( 1.19%)[ 0.0%,  0.0%, 98.4%,  1.6%], RTT = 0.027s, Queue delay = 0.000s, MTU = 1200
 summary   6.0  Transmit rate =  7158kbps, PLR =  0.00%( 0.00%), CE =  1.05%( 1.04%)[ 0.0%,  0.0%, 98.5%,  1.5%], RTT = 0.023s, Queue delay = 0.001s, MTU = 1200
 summary   8.0  Transmit rate =  7461kbps, PLR =  0.00%( 0.00%), CE =  1.09%( 0.90%)[ 0.0%,  0.0%, 98.7%,  1.3%], RTT = 0.022s, Queue delay = 0.001s, MTU = 1200
 summary  10.0  Transmit rate =  7641kbps, PLR =  0.00%( 0.00%), CE =  0.66%( 0.85%)[ 0.0%,  0.0%, 98.7%,  1.3%], RTT = 0.021s, Queue delay = 0.001s, MTU = 1200
 summary  12.0  Transmit rate =  7728kbps, PLR =  0.00%( 0.00%), CE =  0.68%( 0.81%)[ 0.0%,  0.0%, 98.8%,  1.2%], RTT = 0.021s, Queue delay = 0.001s, MTU = 1200
 summary  14.0  Transmit rate =  7858kbps, PLR =  0.00%( 0.00%), CE =  0.73%( 0.78%)[ 0.0%,  0.0%, 98.8%,  1.2%], RTT = 0.021s, Queue delay = 0.001s, MTU = 1200
 summary  16.0  Transmit rate =  7651kbps, PLR =  0.00%( 0.00%), CE =  0.77%( 0.78%)[ 0.0%,  0.0%, 98.8%,  1.2%], RTT = 0.021s, Queue delay = 0.001s, MTU = 1200
 summary  18.0  Transmit rate =  7764kbps, PLR =  0.00%( 0.00%), CE =  0.73%( 0.75%)[ 0.0%,  0.0%, 98.8%,  1.2%], RTT = 0.021s, Queue delay = 0.001s, MTU = 1200
 summary  20.0  Transmit rate =  7791kbps, PLR =  0.00%( 0.00%), CE =  0.63%( 0.72%)[ 0.0%,  0.0%, 98.9%,  1.1%], RTT = 0.021s, Queue delay = 0.001s, MTU = 1200
 summary  22.0  Transmit rate =  7823kbps, PLR =  0.00%( 0.00%), CE =  0.64%( 0.71%)[ 0.0%,  0.0%, 98.9%,  1.1%], RTT = 0.021s, Queue delay = 0.001s, MTU = 1200
 summary  24.0  Transmit rate =  7859kbps, PLR =  0.00%( 0.00%), CE =  0.52%( 0.68%)[ 0.0%,  0.0%, 98.9%,  1.1%], RTT = 0.021s, Queue delay = 0.001s, MTU = 1200
 summary  26.0  Transmit rate =  7758kbps, PLR =  0.00%( 0.00%), CE =  0.59%( 0.67%)[ 0.0%,  0.0%, 98.9%,  1.1%], RTT = 0.021s, Queue delay = 0.001s, MTU = 1200
 summary  28.0  Transmit rate =  7830kbps, PLR =  0.00%( 0.00%), CE =  0.64%( 0.66%)[ 0.0%,  0.0%, 98.9%,  1.1%], RTT = 0.021s, Queue delay = 0.001s, MTU = 1200

======================== Summary ==========================
 Bitrate min/max/avg [kbps]          :     0/ 9847/ 7591
 RTT     min/max/avg [s]             : 0.020/0.049/0.021
 Queue delay max/avg [s]             : 0.002/0.001
 Packet loss avg [%]                 : 0.000
 ECN/L4S NotECT/ECT(0)/ECT(1)/CE [%] :  0.0/ 0.0/98.9/ 1.1
===========================================================
