Listen on port 8081 to receive RTCP from decoder 
Scream sender started! 
 summary   2.0  Transmit rate =  4967kbps, PLR =  0.00%( 0.00%), CE =  0.35%( 1.07%)[ 0.0%,  0.0%, 98.5%,  1.5%], RTT = 0.034s, Queue delay = 0.000s, MTU = 1200
 summary   4.0  Transmit rate =  6564kbps, PLR =  0.00%( 0.00%), CE =  0.53%( 0.73%)[ 0.0%,  0.0%, 98.8%,  1.2%], RTT = 0.027s, Queue delay = 0.001s, MTU = 1200
 summary   6.0  Transmit rate =  7259kbps, PLR =  0.00%( 0.00%), CE =  0.58%( 0.65%)[ 0.0%,  0.0%, 98.8%,  1.2%], RTT = 0.023s, Queue delay = 0.001s, MTU = 1200
 summary   8.0  Transmit rate =  7612kbps, PLR =  0.00%( 0.00%), CE =  0.72%( 0.72%)[ 0.0%,  0.0%, 98.8%,  1.2%], RTT = 0.022s, Queue delay = 0.001s, MTU = 1200
 summary  10.0  Transmit rate =  7762kbps, PLR =  0.00%( 0.00%), CE =  0.74%( 0.67%)[ 0.0%,  0.0%, 98.8%,  1.2%], RTT = 0.021s, Queue delay = 0.001s, MTU = 1200
 summary  12.0  Transmit rate =  7665kbps, PLR =  0.00%( 0.00%), CE =  0.90%( 0.68%)[ 0.0%,  0.0%, 98.8%,  1.2%], RTT = 0.021s, Queue delay = 0.001s, MTU = 1200
 summary  14.0  Transmit rate =  7811kbps, PLR =  0.00%( 0.00%), CE =  0.66%( 0.63%)[ 0.0%,  0.0%, 98.9%,  1.1%], RTT = 0.021s, Queue delay = 0.001s, MTU = 1200
 summary  16.0  Transmit rate =  7805kbps, PLR =  0.00%( 0.00%), CE =  0.70%( 0.63%)[ 0.0%,  0.0%, 98.9%,  1.1%], RTT = 0.021s, Queue delay = 0.001s, MTU = 1200
 summary  18.0  Transmit rate =  7824kbps, PLR =  0.00%( 0.00%), CE =  0.57%( 0.60%)[ 0.0%,  0.0%, 98.9%,  1.1%], RTT = 0.021s, Queue delay = 0.001s, MTU = 1200
 summary  20.0  Transmit rate =  7808kbps, PLR =  0.00%( 0.00%), CE =  0.67%( 0.60%)[ 0.0%,  0.0%, 98.9%,  1.1%], RTT = 0.021s, Queue delay = 0.001s, MTU = 1200
 summary  22.0  Transmit rate =  7478kbps, PLR =  0.00%( 0.00%), CE =  0.61%( 0.61%)[ 0.0%,  0.0%, 98.9%,  1.1%], RTT = 0.021s, Queue delay = 0.001s, MTU = 1200
 summary  24.0  Transmit rate =  7607kbps, PLR =  0.00%( 0.00%), CE =  0.82%( 0.61%)[ 0.0%,  0.0%, 98.9%,  1.1%], RTT = 0.021s, Queue delay = 0.001s, MTU = 1200
 summary  26.0  Transmit rate =  7766kbps, PLR =  0.00%( 0.00%), CE =  0.74%( 0.61%)[ 0.0%,  0.0%, 98.9%,  1.1%], RTT = 0.021s, Queue delay = 0.001s, MTU = 1200
 summary  28.1  Transmit rate =  7682kbps, PLR =  0.00%( 0.00%), CE =  0.74%( 0.61%)[ 0.0%,  0.0%, 98.9%,  1.1%], RTT = 0.021s, Queue delay = 0.001s, MTU = 1200

======================== Summary ==========================
 Bitrate min/max/avg [kbps]          :  3447/ 9803/ 7718
 RTT     min/max/avg [s]             : 0.020/0.049/0.021
 Queue delay max/avg [s]             : 0.002/0.001
 Packet loss avg [%]                 : 0.000
 ECN/L4S NotECT/ECT(0)/ECT(1)/CE [%] :  0.0/ 0.0/98.9/ 1.1
===========================================================
