Listen on port 8081 to receive RTCP from decoder 
Scream sender started! 
 summary   2.0  Transmit rate =  5469kbps, PLR =  0.00%( 0.00%), CE =  1.92%( 5.91%)[ 0.0%,  0.0%, 92.3%,  7.7%], RTT = 0.035s, Queue delay = 0.000s, MTU = 1200
 summary   4.0  Transmit rate =  7357kbps, PLR =  0.00%( 0.00%), CE =  3.36%( 4.29%)[ 0.0%,  0.0%, 93.7%,  6.3%], RTT = 0.027s, Queue delay = 0.001s, MTU = 1200
 summary   6.0  Transmit rate =  8213kbps, PLR =  0.00%( 0.00%), CE =  4.55%( 4.15%)[ 0.0%,  0.0%, 93.7%,  6.3%], RTT = 0.024s, Queue delay = 0.001s, MTU = 1200
 summary   8.0  Transmit rate =  8579kbps, PLR =  0.00%( 0.00%), CE =  4.39%( 4.02%)[ 0.0%,  0.0%, 93.8%,  6.2%], RTT = 0.022s, Queue delay = 0.001s, MTU = 1200
 summary  10.0  Transmit rate =  8771kbps, PLR =  0.00%( 0.00%), CE =  4.64%( 4.10%)[ 0.0%,  0.0%, 93.7%,  6.3%], RTT = 0.022s, Queue delay = 0.001s, MTU = 1200
 summary  12.0  Transmit rate =  8861kbps, PLR =  0.00%( 0.00%), CE =  3.95%( 4.10%)[ 0.0%,  0.0%, 93.6%,  6.4%], RTT = 0.021s, Queue delay = 0.001s, MTU = 1200
 summary  14.0  Transmit rate =  8853kbps, PLR =  0.00%( 0.00%), CE =  3.89%( 4.16%)[ 0.0%,  0.0%, 93.7%,  6.3%], RTT = 0.021s, Queue delay = 0.001s, MTU = 1200
 summary  16.0  Transmit rate =  8872kbps, PLR =  0.00%( 0.00%), CE =  4.05%( 4.06%)[ 0.0%,  0.0%, 93.8%,  6.2%], RTT = 0.021s, Queue delay = 0.001s, MTU = 1200
 summary  18.0  Transmit rate =  8883kbps, PLR =  0.00%( 0.00%), CE =  4.65%( 4.11%)[ 0.0%,  0.0%, 93.7%,  6.3%], RTT = 0.021s, Queue delay = 0.001s, MTU = 1200
 summary  20.0  Transmit rate =  8887kbps, PLR =  0.00%( 0.00%), CE =  4.52%( 4.03%)[ 0.0%,  0.0%, 93.8%,  6.2%], RTT = 0.021s, Queue delay = 0.001s, MTU = 1200
 summary  22.0  Transmit rate =  8890kbps, PLR =  0.00%( 0.00%), CE =  5.05%( 4.02%)[ 0.0%,  0.0%, 93.8%,  6.2%], RTT = 0.021s, Queue delay = 0.001s, MTU = 1200
 summary  24.0  Transmit rate =  8887kbps, PLR =  0.00%( 0.00%), CE =  4.22%( 3.97%)[ 0.0%,  0.0%, 93.8%,  6.2%], RTT = 0.021s, Queue delay = 0.001s, MTU = 1200
 summary  26.0  Transmit rate =  8906kbps, PLR =  0.00%( 0.00%), CE =  4.67%( 4.03%)[ 0.0%,  0.0%, 93.8%,  6.2%], RTT = 0.021s, Queue delay = 0.001s, MTU = 1200
 summary  28.0  Transmit rate =  8919kbps, PLR =  0.00%( 0.00%), CE =  4.62%( 4.07%)[ 0.0%,  0.0%, 93.7%,  6.3%], RTT = 0.021s, Queue delay = 0.001s, MTU = 1200
 summary  30.1  Transmit rate =  8891kbps, PLR =  0.00%( 0.00%), CE =  4.77%( 4.12%)[ 0.0%,  0.0%, 93.7%,  6.3%], RTT = 0.021s, Queue delay = 0.001s, MTU = 1200
 summary  32.1  Transmit rate =  8920kbps, PLR =  0.00%( 0.00%), CE =  4.97%( 4.16%)[ 0.0%,  0.0%, 93.7%,  6.3%], RTT = 0.021s, Queue delay = 0.001s, MTU = 1200
 summary  34.1  Transmit rate =  8916kbps, PLR =  0.00%( 0.00%), CE =  4.75%( 4.14%)[ 0.0%,  0.0%, 93.7%,  6.3%], RTT = 0.021s, Queue delay = 0.001s, MTU = 1200

======================== Summary ==========================
 Bitrate min/max/avg [kbps]          :  7498/10487/ 8832
 RTT     min/max/avg [s]             : 0.021/0.049/0.021
 Queue delay max/avg [s]             : 0.003/0.001
 Packet loss avg [%]                 : 0.000
 ECN/L4S NotECT/ECT(0)/ECT(1)/CE [%] :  0.0/ 0.0/93.7/ 6.3
===========================================================
