Listen on port 8081 to receive RTCP from decoder 
Scream sender started! 
 summary   2.0  Transmit rate =  5473kbps, PLR =  0.00%( 0.00%), CE =  2.06%( 6.17%)[ 0.0%,  0.0%, 92.4%,  7.6%], RTT = 0.035s, Queue delay = 0.001s, MTU = 1200
 summary   4.0  Transmit rate =  7363kbps, PLR =  0.00%( 0.00%), CE =  3.54%( 4.66%)[ 0.0%,  0.0%, 93.5%,  6.5%], RTT = 0.027s, Queue delay = 0.001s, MTU = 1200
 summary   6.0  Transmit rate =  8223kbps, PLR =  0.00%( 0.00%), CE =  4.69%( 4.32%)[ 0.0%,  0.0%, 93.6%,  6.4%], RTT = 0.024s, Queue delay = 0.001s, MTU = 1200
 summary   8.0  Transmit rate =  8599kbps, PLR =  0.00%( 0.00%), CE =  4.15%( 4.35%)[ 0.0%,  0.0%, 93.6%,  6.4%], RTT = 0.022s, Queue delay = 0.001s, MTU = 1200
 summary  10.0  Transmit rate =  8789kbps, PLR =  0.00%( 0.00%), CE =  4.43%( 4.67%)[ 0.0%,  0.0%, 93.3%,  6.7%], RTT = 0.022s, Queue delay = 0.001s, MTU = 1200
 summary  12.0  Transmit rate =  8841kbps, PLR =  0.00%( 0.00%), CE =  5.02%( 4.50%)[ 0.0%,  0.0%, 93.4%,  6.6%], RTT = 0.021s, Queue delay = 0.001s, MTU = 1200
 summary  14.0  Transmit rate =  8865kbps, PLR =  0.00%( 0.00%), CE =  4.86%( 4.37%)[ 0.0%,  0.0%, 93.5%,  6.5%], RTT = 0.021s, Queue delay = 0.001s, MTU = 1200
 summary  16.0  Transmit rate =  8866kbps, PLR =  0.00%( 0.00%), CE =  4.23%( 4.24%)[ 0.0%,  0.0%, 93.6%,  6.4%], RTT = 0.021s, Queue delay = 0.001s, MTU = 1200
 summary  18.0  Transmit rate =  8910kbps, PLR =  0.00%( 0.00%), CE =  4.37%( 4.28%)[ 0.0%,  0.0%, 93.5%,  6.5%], RTT = 0.021s, Queue delay = 0.001s, MTU = 1200
 summary  20.0  Transmit rate =  8904kbps, PLR =  0.00%( 0.00%), CE =  3.63%( 4.20%)[ 0.0%,  0.0%, 93.7%,  6.3%], RTT = 0.021s, Queue delay = 0.001s, MTU = 1200
 summary  22.0  Transmit rate =  8894kbps, PLR =  0.00%( 0.00%), CE =  4.68%( 4.31%)[ 0.0%,  0.0%, 93.5%,  6.5%], RTT = 0.021s, Queue delay = 0.001s, MTU = 1200
 summary  24.0  Transmit rate =  8902kbps, PLR =  0.00%( 0.00%), CE =  5.29%( 4.28%)[ 0.0%,  0.0%, 93.6%,  6.4%], RTT = 0.021s, Queue delay = 0.001s, MTU = 1200
 summary  26.0  Transmit rate =  8903kbps, PLR =  0.00%( 0.00%), CE =  4.20%( 4.23%)[ 0.0%,  0.0%, 93.6%,  6.4%], RTT = 0.021s, Queue delay = 0.001s, MTU = 1200
 summary  28.0  Transmit rate =  8892kbps, PLR =  0.00%( 0.00%), CE =  4.27%( 4.16%)[ 0.0%,  0.0%, 93.7%,  6.3%], RTT = 0.021s, Queue delay = 0.001s, MTU = 1200
 summary  30.0  Transmit rate =  8902kbps, PLR =  0.00%( 0.00%), CE =  4.07%( 4.13%)[ 0.0%,  0.0%, 93.7%,  6.3%], RTT = 0.021s, Queue delay = 0.001s, MTU = 1200
 summary  32.0  Transmit rate =  8888kbps, PLR =  0.00%( 0.00%), CE =  4.30%( 4.09%)[ 0.0%,  0.0%, 93.7%,  6.3%], RTT = 0.021s, Queue delay = 0.001s, MTU = 1200
 summary  34.0  Transmit rate =  8888kbps, PLR =  0.00%( 0.00%), CE =  3.91%( 4.10%)[ 0.0%,  0.0%, 93.7%,  6.3%], RTT = 0.021s, Queue delay = 0.001s, MTU = 1200

======================== Summary ==========================
 Bitrate min/max/avg [kbps]          :  7493/10484/ 8832
 RTT     min/max/avg [s]             : 0.021/0.049/0.021
 Queue delay max/avg [s]             : 0.003/0.001
 Packet loss avg [%]                 : 0.000
 ECN/L4S NotECT/ECT(0)/ECT(1)/CE [%] :  0.0/ 0.0/93.8/ 6.2
===========================================================
