iperf3: interrupt - the server has terminated
-----------------------------------------------------------
Server listening on 5306 (test #1)
-----------------------------------------------------------
Accepted connection from 10.0.0.2, port 45280
[  5] local 10.0.0.1 port 5306 connected to 10.0.0.2 port 45294
[ ID] Interval           Transfer     Bitrate
[  5]   0.00-1.00   sec  3.38 MBytes  28.3 Mbits/sec                  
[  5]   1.00-2.00   sec  6.62 MBytes  55.6 Mbits/sec                  
[  5]   2.00-3.00   sec  5.38 MBytes  45.1 Mbits/sec                  
[  5]   3.00-4.00   sec  5.50 MBytes  46.1 Mbits/sec                  
[  5]   4.00-5.00   sec  5.88 MBytes  49.3 Mbits/sec                  
[  5]   5.00-6.00   sec  5.88 MBytes  49.3 Mbits/sec                  
[  5]   6.00-7.00   sec  5.88 MBytes  49.3 Mbits/sec                  
[  5]   7.00-8.00   sec  6.00 MBytes  50.3 Mbits/sec                  
[  5]   8.00-9.00   sec  5.88 MBytes  49.3 Mbits/sec                  
[  5]   9.00-10.00  sec  5.88 MBytes  49.3 Mbits/sec                  
[  5]  10.00-11.00  sec  6.12 MBytes  51.4 Mbits/sec                  
[  5]  11.00-12.00  sec  6.38 MBytes  53.5 Mbits/sec                  
[  5]  12.00-13.00  sec  6.62 MBytes  55.6 Mbits/sec                  
[  5]  13.00-14.00  sec  7.12 MBytes  59.8 Mbits/sec                  
[  5]  14.00-15.00  sec  7.88 MBytes  66.1 Mbits/sec                  
[  5]  15.00-16.00  sec  8.75 MBytes  73.4 Mbits/sec                  
[  5]  16.00-17.00  sec  10.0 MBytes  83.9 Mbits/sec                  
[  5]  17.00-18.00  sec  11.5 MBytes  96.5 Mbits/sec                  
[  5]  18.00-19.00  sec  13.2 MBytes   111 Mbits/sec                  
[  5]  19.00-20.00  sec  15.4 MBytes   129 Mbits/sec                  
[  5]  20.00-21.00  sec  18.0 MBytes   151 Mbits/sec                  
[  5]  21.00-22.00  sec  19.6 MBytes   165 Mbits/sec                  
[  5]  22.00-23.00  sec  17.0 MBytes   143 Mbits/sec                  
[  5]  23.00-24.00  sec  12.6 MBytes   106 Mbits/sec                  
[  5]  24.00-25.00  sec  13.4 MBytes   112 Mbits/sec                  
[  5]  25.00-26.00  sec  13.9 MBytes   116 Mbits/sec                  
[  5]  26.00-27.00  sec  14.0 MBytes   117 Mbits/sec                  
[  5]  27.00-28.00  sec  14.4 MBytes   121 Mbits/sec                  
[  5]  28.00-29.00  sec  14.6 MBytes   123 Mbits/sec                  
[  5]  29.00-30.00  sec  14.4 MBytes   121 Mbits/sec                  
[  5]  30.00-31.00  sec  14.5 MBytes   122 Mbits/sec                  
[  5]  31.00-32.00  sec  14.5 MBytes   122 Mbits/sec                  
[  5]  32.00-33.00  sec  14.5 MBytes   122 Mbits/sec                  
[  5]  33.00-34.00  sec  14.6 MBytes   123 Mbits/sec                  
[  5]  34.00-35.00  sec  14.9 MBytes   125 Mbits/sec                  
[  5]  35.00-35.10  sec  1.50 MBytes   123 Mbits/sec                  
- - - - - - - - - - - - - - - - - - - - - - - - -
[ ID] Interval           Transfer     Bitrate
[  5]   0.00-35.10  sec   376 MBytes  89.8 Mbits/sec                  receiver
