iperf3: interrupt - the server has terminated
-----------------------------------------------------------
Server listening on 5304 (test #1)
-----------------------------------------------------------
Accepted connection from 10.0.0.2, port 51308
[  5] local 10.0.0.1 port 5304 connected to 10.0.0.2 port 51316
[ ID] Interval           Transfer     Bitrate
[  5]   0.00-1.00   sec  4.12 MBytes  34.6 Mbits/sec                  
[  5]   1.00-2.00   sec  8.25 MBytes  69.2 Mbits/sec                  
[  5]   2.00-3.00   sec  5.75 MBytes  48.2 Mbits/sec                  
[  5]   3.00-4.00   sec  6.00 MBytes  50.3 Mbits/sec                  
[  5]   4.00-5.00   sec  6.25 MBytes  52.4 Mbits/sec                  
[  5]   5.00-6.00   sec  6.38 MBytes  53.5 Mbits/sec                  
[  5]   6.00-7.00   sec  6.38 MBytes  53.5 Mbits/sec                  
[  5]   7.00-8.00   sec  6.38 MBytes  53.5 Mbits/sec                  
[  5]   8.00-9.00   sec  6.38 MBytes  53.5 Mbits/sec                  
[  5]   9.00-10.00  sec  6.50 MBytes  54.5 Mbits/sec                  
[  5]  10.00-11.00  sec  6.50 MBytes  54.5 Mbits/sec                  
[  5]  11.00-12.00  sec  6.75 MBytes  56.6 Mbits/sec                  
[  5]  12.00-13.00  sec  7.00 MBytes  58.7 Mbits/sec                  
[  5]  13.00-14.00  sec  7.62 MBytes  64.0 Mbits/sec                  
[  5]  14.00-15.00  sec  8.25 MBytes  69.2 Mbits/sec                  
[  5]  15.00-16.00  sec  9.12 MBytes  76.5 Mbits/sec                  
[  5]  16.00-17.00  sec  10.2 MBytes  86.0 Mbits/sec                  
[  5]  17.00-18.00  sec  11.8 MBytes  98.6 Mbits/sec                  
[  5]  18.00-19.00  sec  13.6 MBytes   114 Mbits/sec                  
[  5]  19.00-20.00  sec  15.6 MBytes   131 Mbits/sec                  
[  5]  20.00-21.00  sec  18.1 MBytes   152 Mbits/sec                  
[  5]  21.00-22.00  sec  19.8 MBytes   166 Mbits/sec                  
[  5]  22.00-23.00  sec  17.4 MBytes   146 Mbits/sec                  
[  5]  23.00-24.00  sec  12.8 MBytes   107 Mbits/sec                  
[  5]  24.00-25.00  sec  13.5 MBytes   113 Mbits/sec                  
[  5]  25.00-26.00  sec  13.9 MBytes   116 Mbits/sec                  
[  5]  26.00-27.00  sec  14.2 MBytes   120 Mbits/sec                  
[  5]  27.00-28.00  sec  14.5 MBytes   122 Mbits/sec                  
[  5]  28.00-29.00  sec  14.6 MBytes   123 Mbits/sec                  
[  5]  29.00-30.00  sec  14.6 MBytes   123 Mbits/sec                  
[  5]  30.00-31.00  sec  14.8 MBytes   124 Mbits/sec                  
[  5]  31.00-32.00  sec  14.6 MBytes   123 Mbits/sec                  
[  5]  32.00-33.00  sec  14.6 MBytes   123 Mbits/sec                  
[  5]  33.00-34.00  sec  14.8 MBytes   124 Mbits/sec                  
[  5]  34.00-35.00  sec  15.0 MBytes   126 Mbits/sec                  
[  5]  35.00-35.10  sec  1.50 MBytes   122 Mbits/sec                  
- - - - - - - - - - - - - - - - - - - - - - - - -
[ ID] Interval           Transfer     Bitrate
[  5]   0.00-35.10  sec   388 MBytes  92.6 Mbits/sec                  receiver
