Listen on port 8081 to receive RTCP from decoder 
Scream sender started! 
 summary   2.0  Transmit rate =  1587kbps, PLR =  0.00%( 0.00%), CE =  0.00%( 0.00%)[ 0.0%,  0.0%, 100.0%,  0.0%], RTT = 0.067s, Queue delay = 0.000s, MTU = 1200
 summary   4.0  Transmit rate =  2734kbps, PLR =  0.00%( 0.00%), CE =  0.00%( 0.00%)[ 0.0%,  0.0%, 100.0%,  0.0%], RTT = 0.085s, Queue delay = 0.000s, MTU = 1200
 summary   6.0  Transmit rate =  4457kbps, PLR =  0.00%( 0.00%), CE =  0.00%( 0.00%)[ 0.0%,  0.0%, 100.0%,  0.0%], RTT = 0.093s, Queue delay = 0.000s, MTU = 1200
 summary   8.0  Transmit rate =  6943kbps, PLR =  0.00%( 0.00%), CE =  0.00%( 0.00%)[ 0.0%,  0.0%, 100.0%,  0.0%], RTT = 0.097s, Queue delay = 0.000s, MTU = 1200
 summary  10.0  Transmit rate = 10937kbps, PLR =  0.00%( 0.00%), CE =  0.00%( 0.00%)[ 0.0%,  0.0%, 100.0%,  0.0%], RTT = 0.099s, Queue delay = 0.000s, MTU = 1200
 summary  12.0  Transmit rate = 17743kbps, PLR =  0.00%( 0.00%), CE =  0.00%( 0.00%)[ 0.0%,  0.0%, 100.0%,  0.0%], RTT = 0.099s, Queue delay = 0.000s, MTU = 1200
 summary  14.0  Transmit rate = 30123kbps, PLR =  0.00%( 0.00%), CE =  0.00%( 0.00%)[ 0.0%,  0.0%, 100.0%,  0.0%], RTT = 0.100s, Queue delay = 0.000s, MTU = 1200
 summary  16.0  Transmit rate = 39339kbps, PLR =  0.00%( 0.00%), CE =  0.01%( 0.02%)[ 0.0%,  0.0%, 100.0%,  0.0%], RTT = 0.100s, Queue delay = 0.000s, MTU = 1200
 summary  18.0  Transmit rate = 37578kbps, PLR =  0.00%( 0.00%), CE =  0.34%( 0.18%)[ 0.0%,  0.0%, 99.8%,  0.2%], RTT = 0.100s, Queue delay = 0.000s, MTU = 1200
 summary  20.0  Transmit rate = 34950kbps, PLR =  0.00%( 0.00%), CE =  0.80%( 0.27%)[ 0.0%,  0.0%, 99.7%,  0.3%], RTT = 0.100s, Queue delay = 0.000s, MTU = 1200
 summary  22.0  Transmit rate = 33859kbps, PLR =  0.00%( 0.00%), CE =  0.73%( 0.23%)[ 0.0%,  0.0%, 99.8%,  0.2%], RTT = 0.100s, Queue delay = 0.000s, MTU = 1200
 summary  24.0  Transmit rate = 33557kbps, PLR =  0.00%( 0.00%), CE =  0.15%( 0.22%)[ 0.0%,  0.0%, 99.8%,  0.2%], RTT = 0.100s, Queue delay = 0.000s, MTU = 1200
 summary  26.0  Transmit rate = 33636kbps, PLR =  0.00%( 0.00%), CE =  0.12%( 0.21%)[ 0.0%,  0.0%, 99.8%,  0.2%], RTT = 0.100s, Queue delay = 0.000s, MTU = 1200
 summary  28.0  Transmit rate = 33764kbps, PLR =  0.00%( 0.00%), CE =  0.13%( 0.19%)[ 0.0%,  0.0%, 99.8%,  0.2%], RTT = 0.100s, Queue delay = 0.000s, MTU = 1200
 summary  30.0  Transmit rate = 34112kbps, PLR =  0.00%( 0.00%), CE =  0.07%( 0.18%)[ 0.0%,  0.0%, 99.8%,  0.2%], RTT = 0.100s, Queue delay = 0.000s, MTU = 1200
 summary  32.0  Transmit rate = 34447kbps, PLR =  0.00%( 0.00%), CE =  0.05%( 0.17%)[ 0.0%,  0.0%, 99.8%,  0.2%], RTT = 0.100s, Queue delay = 0.000s, MTU = 1200
 summary  34.0  Transmit rate = 34798kbps, PLR =  0.00%( 0.00%), CE =  0.03%( 0.16%)[ 0.0%,  0.0%, 99.8%,  0.2%], RTT = 0.100s, Queue delay = 0.000s, MTU = 1200

======================== Summary ==========================
 Bitrate min/max/avg [kbps]          :  5585/68048/26794
 RTT     min/max/avg [s]             : 0.050/0.100/0.099
 Queue delay max/avg [s]             : 0.001/0.000
 Packet loss avg [%]                 : 0.000
 ECN/L4S NotECT/ECT(0)/ECT(1)/CE [%] :  0.0/ 0.0/99.8/ 0.2
===========================================================
