socket set to IP_RECVTOS
socket SO_RCVBUF set to 20971520
Listen on port 8080 to receive RTP from sender 
Packet(s) lost or reordered : 14610 was received, previous rcvd is 14544 
Packet(s) lost or reordered : 15062 was received, previous rcvd is 15024 
Packet(s) lost or reordered : 15516 was received, previous rcvd is 15451 
Packet(s) lost or reordered : 15972 was received, previous rcvd is 15931 
Packet(s) lost or reordered : 16429 was received, previous rcvd is 16361 
Packet(s) lost or reordered : 16888 was received, previous rcvd is 16818 
Packet(s) lost or reordered : 17349 was received, previous rcvd is 17277 
Packet(s) lost or reordered : 17812 was received, previous rcvd is 17764 
Packet(s) lost or reordered : 18277 was received, previous rcvd is 18201 
Packet(s) lost or reordered : 18744 was received, previous rcvd is 18666 
Packet(s) lost or reordered : 19212 was received, previous rcvd is 19159 
Packet(s) lost or reordered : 19682 was received, previous rcvd is 19587 
Packet(s) lost or reordered : 20154 was received, previous rcvd is 20086 
Packet(s) lost or reordered : 20628 was received, previous rcvd is 20558 
Packet(s) lost or reordered : 21104 was received, previous rcvd is 21032 
Packet(s) lost or reordered : 21582 was received, previous rcvd is 21508 
Packet(s) lost or reordered : 22062 was received, previous rcvd is 21986 
Packet(s) lost or reordered : 22544 was received, previous rcvd is 22439 
Packet(s) lost or reordered : 23027 was received, previous rcvd is 22948 
Packet(s) lost or reordered : 23512 was received, previous rcvd is 23404 
Packet(s) lost or reordered : 23999 was received, previous rcvd is 23926 
Packet(s) lost or reordered : 24488 was received, previous rcvd is 24418 
Packet(s) lost or reordered : 24979 was received, previous rcvd is 24877 
Packet(s) lost or reordered : 25472 was received, previous rcvd is 25372 
Packet(s) lost or reordered : 25967 was received, previous rcvd is 25863 
Packet(s) lost or reordered : 26463 was received, previous rcvd is 26386 
Packet(s) lost or reordered : 26961 was received, previous rcvd is 26850 
Packet(s) lost or reordered : 27461 was received, previous rcvd is 27350 
Packet(s) lost or reordered : 27963 was received, previous rcvd is 27854 
Packet(s) lost or reordered : 28467 was received, previous rcvd is 28354 
Packet(s) lost or reordered : 28973 was received, previous rcvd is 28871 
Packet(s) lost or reordered : 29481 was received, previous rcvd is 29378 
Packet(s) lost or reordered : 29991 was received, previous rcvd is 29886 
Packet(s) lost or reordered : 30504 was received, previous rcvd is 30396 
Packet(s) lost or reordered : 31019 was received, previous rcvd is 30880 
Packet(s) lost or reordered : 31536 was received, previous rcvd is 31424 
Packet(s) lost or reordered : 32055 was received, previous rcvd is 31941 
Packet(s) lost or reordered : 32576 was received, previous rcvd is 32460 
Packet(s) lost or reordered : 33099 was received, previous rcvd is 32952 
Packet(s) lost or reordered : 33624 was received, previous rcvd is 33516 
Packet(s) lost or reordered : 34151 was received, previous rcvd is 34013 
Packet(s) lost or reordered : 34680 was received, previous rcvd is 34540 
Packet(s) lost or reordered : 35211 was received, previous rcvd is 35099 
Packet(s) lost or reordered : 35744 was received, previous rcvd is 35600 
Packet(s) lost or reordered : 36279 was received, previous rcvd is 36133 
Packet(s) lost or reordered : 36816 was received, previous rcvd is 36668 
Packet(s) lost or reordered : 37355 was received, previous rcvd is 37235 
Packet(s) lost or reordered : 37896 was received, previous rcvd is 37744 
Packet(s) lost or reordered : 38439 was received, previous rcvd is 38298 
Packet(s) lost or reordered : 38984 was received, previous rcvd is 38841 
Packet(s) lost or reordered : 39531 was received, previous rcvd is 39386 
Packet(s) lost or reordered : 40080 was received, previous rcvd is 39902 
Packet(s) lost or reordered : 40631 was received, previous rcvd is 40482 
Packet(s) lost or reordered : 41184 was received, previous rcvd is 41033 
Packet(s) lost or reordered : 41740 was received, previous rcvd is 41586 
Packet(s) lost or reordered : 42298 was received, previous rcvd is 42142 
Packet(s) lost or reordered : 42858 was received, previous rcvd is 42680 
Packet(s) lost or reordered : 43420 was received, previous rcvd is 43273 
Packet(s) lost or reordered : 43984 was received, previous rcvd is 43835 
Packet(s) lost or reordered : 44385 was received, previous rcvd is 44335 
Packet(s) lost or reordered : 44550 was received, previous rcvd is 44416 
Packet(s) lost or reordered : 45118 was received, previous rcvd is 44933 
Packet(s) lost or reordered : 45688 was received, previous rcvd is 45533 
Packet(s) lost or reordered : 46260 was received, previous rcvd is 46071 
Packet(s) lost or reordered : 46834 was received, previous rcvd is 46675 
Packet(s) lost or reordered : 47411 was received, previous rcvd is 47217 
Packet(s) lost or reordered : 47990 was received, previous rcvd is 47805 
Packet(s) lost or reordered : 48516 was received, previous rcvd is 48385 
Packet(s) lost or reordered : 48571 was received, previous rcvd is 48548 
Packet(s) lost or reordered : 49154 was received, previous rcvd is 48933 
Packet(s) lost or reordered : 49739 was received, previous rcvd is 49582 
Packet(s) lost or reordered : 50326 was received, previous rcvd is 50101 
Packet(s) lost or reordered : 50849 was received, previous rcvd is 50721 
Packet(s) lost or reordered : 50915 was received, previous rcvd is 50881 
Packet(s) lost or reordered : 51506 was received, previous rcvd is 51277 
Packet(s) lost or reordered : 52099 was received, previous rcvd is 51934 
Packet(s) lost or reordered : 52695 was received, previous rcvd is 52470 
Packet(s) lost or reordered : 53293 was received, previous rcvd is 53102 
Packet(s) lost or reordered : 53893 was received, previous rcvd is 53700 
Packet(s) lost or reordered : 54495 was received, previous rcvd is 54300 
Packet(s) lost or reordered : 55099 was received, previous rcvd is 54902 
Packet(s) lost or reordered : 55705 was received, previous rcvd is 55472 
Packet(s) lost or reordered : 56313 was received, previous rcvd is 56112 
Packet(s) lost or reordered : 56924 was received, previous rcvd is 56720 
Packet(s) lost or reordered : 57537 was received, previous rcvd is 57331 
Packet(s) lost or reordered : 58152 was received, previous rcvd is 57885 
Packet(s) lost or reordered : 58769 was received, previous rcvd is 58571 
Packet(s) lost or reordered : 59389 was received, previous rcvd is 59173 
Packet(s) lost or reordered : 60011 was received, previous rcvd is 59795 
Packet(s) lost or reordered : 60635 was received, previous rcvd is 60397 
Packet(s) lost or reordered : 61261 was received, previous rcvd is 61019 
Packet(s) lost or reordered : 61890 was received, previous rcvd is 61680 
Packet(s) lost or reordered : 62521 was received, previous rcvd is 62304 
Packet(s) lost or reordered : 63154 was received, previous rcvd is 62900 
Packet(s) lost or reordered : 63789 was received, previous rcvd is 63550 
Packet(s) lost or reordered : 64426 was received, previous rcvd is 64184 
Packet(s) lost or reordered : 65066 was received, previous rcvd is 64821 
Packet(s) lost or reordered :   172 was received, previous rcvd is 65461 
Packet(s) lost or reordered :   816 was received, previous rcvd is   603 
Packet(s) lost or reordered :  1462 was received, previous rcvd is  1211 
Packet(s) lost or reordered :  2111 was received, previous rcvd is  1857 
Packet(s) lost or reordered :  9411 was received, previous rcvd is  9371 
Packet(s) lost or reordered :  9867 was received, previous rcvd is  9800 
Packet(s) lost or reordered : 10323 was received, previous rcvd is 10282 
Packet(s) lost or reordered : 10779 was received, previous rcvd is 10712 
Packet(s) lost or reordered : 11235 was received, previous rcvd is 11194 
Packet(s) lost or reordered : 11691 was received, previous rcvd is 11598 
Packet(s) lost or reordered : 12147 was received, previous rcvd is 12106 
Packet(s) lost or reordered : 12604 was received, previous rcvd is 12562 
Packet(s) lost or reordered : 13061 was received, previous rcvd is 12993 
Packet(s) lost or reordered : 13518 was received, previous rcvd is 13450 
Packet(s) lost or reordered : 13975 was received, previous rcvd is 13933 
Packet(s) lost or reordered : 14432 was received, previous rcvd is 14364 
Packet(s) lost or reordered : 14889 was received, previous rcvd is 14821 
Packet(s) lost or reordered : 15346 was received, previous rcvd is 15278 
Packet(s) lost or reordered : 15803 was received, previous rcvd is 15761 
Packet(s) lost or reordered : 16260 was received, previous rcvd is 16192 
Packet(s) lost or reordered : 16717 was received, previous rcvd is 16675 
Packet(s) lost or reordered : 17175 was received, previous rcvd is 17106 
Packet(s) lost or reordered : 17632 was received, previous rcvd is 17564 
Packet(s) lost or reordered : 18089 was received, previous rcvd is 18047 
Packet(s) lost or reordered : 18546 was received, previous rcvd is 18478 
Packet(s) lost or reordered : 19004 was received, previous rcvd is 18935 
Packet(s) lost or reordered : 19461 was received, previous rcvd is 19393 
Packet(s) lost or reordered : 19920 was received, previous rcvd is 19876 
Packet(s) lost or reordered : 20378 was received, previous rcvd is 20309 
Packet(s) lost or reordered : 20772 was received, previous rcvd is 20767 
Packet(s) lost or reordered : 20836 was received, previous rcvd is 20797 
Packet(s) lost or reordered : 21294 was received, previous rcvd is 21225 
Packet(s) lost or reordered : 21752 was received, previous rcvd is 21683 
Packet(s) lost or reordered : 22211 was received, previous rcvd is 22167 
Packet(s) lost or reordered : 22670 was received, previous rcvd is 22600 
Packet(s) lost or reordered : 23129 was received, previous rcvd is 23059 
Packet(s) lost or reordered : 23588 was received, previous rcvd is 23544 
Packet(s) lost or reordered : 24047 was received, previous rcvd is 23977 
Packet(s) lost or reordered : 24506 was received, previous rcvd is 24462 
Packet(s) lost or reordered : 24878 was received, previous rcvd is 24869 
Packet(s) lost or reordered : 24965 was received, previous rcvd is 24903 
Packet(s) lost or reordered : 25424 was received, previous rcvd is 25352 
Packet(s) lost or reordered : 25847 was received, previous rcvd is 25815 
Packet(s) lost or reordered : 25883 was received, previous rcvd is 25874 
Packet(s) lost or reordered : 26342 was received, previous rcvd is 26246 
Packet(s) lost or reordered : 26802 was received, previous rcvd is 26759 
Packet(s) lost or reordered : 27262 was received, previous rcvd is 27191 
Packet(s) lost or reordered : 27722 was received, previous rcvd is 27651 
Packet(s) lost or reordered : 28182 was received, previous rcvd is 28124 
Packet(s) lost or reordered : 28642 was received, previous rcvd is 28587 
Packet(s) lost or reordered : 29102 was received, previous rcvd is 29033 
Packet(s) lost or reordered : 29562 was received, previous rcvd is 29517 
Packet(s) lost or reordered : 30022 was received, previous rcvd is 29951 
Packet(s) lost or reordered : 30483 was received, previous rcvd is 30411 
Packet(s) lost or reordered : 30944 was received, previous rcvd is 30898 
Packet(s) lost or reordered : 31405 was received, previous rcvd is 31333 
Packet(s) lost or reordered : 31866 was received, previous rcvd is 31794 
Packet(s) lost or reordered : 32327 was received, previous rcvd is 32281 
Packet(s) lost or reordered : 32788 was received, previous rcvd is 32716 
Packet(s) lost or reordered : 33249 was received, previous rcvd is 33177 
Packet(s) lost or reordered : 33711 was received, previous rcvd is 33664 
Packet(s) lost or reordered : 34173 was received, previous rcvd is 34100 
Packet(s) lost or reordered : 34635 was received, previous rcvd is 34562 
Packet(s) lost or reordered : 35097 was received, previous rcvd is 35038 
Packet(s) lost or reordered : 35559 was received, previous rcvd is 35502 
Packet(s) lost or reordered : 36021 was received, previous rcvd is 35950 
Packet(s) lost or reordered : 36484 was received, previous rcvd is 36436 
Packet(s) lost or reordered : 36947 was received, previous rcvd is 36873 
Packet(s) lost or reordered : 37410 was received, previous rcvd is 37336 
Packet(s) lost or reordered : 37815 was received, previous rcvd is 37799 
Packet(s) lost or reordered : 37825 was received, previous rcvd is 37823 
Packet(s) lost or reordered : 37874 was received, previous rcvd is 37841 
Packet(s) lost or reordered : 38338 was received, previous rcvd is 38263 
Packet(s) lost or reordered : 38802 was received, previous rcvd is 38727 
Packet(s) lost or reordered : 39266 was received, previous rcvd is 39217 
Packet(s) lost or reordered : 39730 was received, previous rcvd is 39655 
Packet(s) lost or reordered : 40194 was received, previous rcvd is 40119 
Packet(s) lost or reordered : 40592 was received, previous rcvd is 40583 
Packet(s) lost or reordered : 40658 was received, previous rcvd is 40617 
Packet(s) lost or reordered : 41123 was received, previous rcvd is 41047 
Packet(s) lost or reordered : 41588 was received, previous rcvd is 41486 
Packet(s) lost or reordered : 42053 was received, previous rcvd is 42003 
Packet(s) lost or reordered : 42518 was received, previous rcvd is 42468 
Packet(s) lost or reordered : 42984 was received, previous rcvd is 42907 
Packet(s) lost or reordered : 43450 was received, previous rcvd is 43373 
Packet(s) lost or reordered : 43916 was received, previous rcvd is 43865 
Packet(s) lost or reordered : 44382 was received, previous rcvd is 44292 
Packet(s) lost or reordered : 44848 was received, previous rcvd is 44786 
Packet(s) lost or reordered : 45287 was received, previous rcvd is 45225 
Packet(s) lost or reordered : 45315 was received, previous rcvd is 45313 
Packet(s) lost or reordered : 45782 was received, previous rcvd is 45719 
Packet(s) lost or reordered : 46249 was received, previous rcvd is 46159 
Packet(s) lost or reordered : 46716 was received, previous rcvd is 46680 
Packet(s) lost or reordered : 47184 was received, previous rcvd is 47093 
Packet(s) lost or reordered : 47652 was received, previous rcvd is 47588 
Packet(s) lost or reordered : 48120 was received, previous rcvd is 48029 
Packet(s) lost or reordered : 48588 was received, previous rcvd is 48551 
Packet(s) lost or reordered : 49057 was received, previous rcvd is 48965 
Packet(s) lost or reordered : 49526 was received, previous rcvd is 49461 
Packet(s) lost or reordered : 49995 was received, previous rcvd is 49930 
Packet(s) lost or reordered : 50464 was received, previous rcvd is 50372 
Packet(s) lost or reordered : 50934 was received, previous rcvd is 50895 
Packet(s) lost or reordered : 51404 was received, previous rcvd is 51311 
Packet(s) lost or reordered : 51874 was received, previous rcvd is 51781 
Packet(s) lost or reordered : 52321 was received, previous rcvd is 52278 
Packet(s) lost or reordered : 52814 was received, previous rcvd is 52698 
Packet(s) lost or reordered : 53285 was received, previous rcvd is 53245 
Packet(s) lost or reordered : 53756 was received, previous rcvd is 53662 
Packet(s) lost or reordered : 54227 was received, previous rcvd is 54160 
Packet(s) lost or reordered : 54699 was received, previous rcvd is 54630 
Packet(s) lost or reordered : 55171 was received, previous rcvd is 55104 
Packet(s) lost or reordered : 55643 was received, previous rcvd is 55547 
Packet(s) lost or reordered : 56115 was received, previous rcvd is 56051 
Packet(s) lost or reordered : 56588 was received, previous rcvd is 56519 
Packet(s) lost or reordered : 57061 was received, previous rcvd is 56965 
Packet(s) lost or reordered : 57534 was received, previous rcvd is 57465 
Packet(s) lost or reordered : 58008 was received, previous rcvd is 57938 
Packet(s) lost or reordered : 58482 was received, previous rcvd is 58412 
Packet(s) lost or reordered : 58956 was received, previous rcvd is 58859 
Packet(s) lost or reordered : 59430 was received, previous rcvd is 59387 
Packet(s) lost or reordered : 59905 was received, previous rcvd is 59807 
Packet(s) lost or reordered : 60380 was received, previous rcvd is 60309 
Packet(s) lost or reordered : 60855 was received, previous rcvd is 60757 
Packet(s) lost or reordered : 61330 was received, previous rcvd is 61259 
Packet(s) lost or reordered : 61806 was received, previous rcvd is 61734 
Packet(s) lost or reordered : 62282 was received, previous rcvd is 62207 
Packet(s) lost or reordered : 62758 was received, previous rcvd is 62687 
Packet(s) lost or reordered : 63235 was received, previous rcvd is 63137 
Packet(s) lost or reordered : 63712 was received, previous rcvd is 63639 
Packet(s) lost or reordered : 64091 was received, previous rcvd is 64089 
Packet(s) lost or reordered : 64114 was received, previous rcvd is 64091 
Packet(s) lost or reordered : 64189 was received, previous rcvd is 64139 
Packet(s) lost or reordered : 64667 was received, previous rcvd is 64593 
Packet(s) lost or reordered : 65145 was received, previous rcvd is 65071 
Packet(s) lost or reordered :    87 was received, previous rcvd is 65522 
Packet(s) lost or reordered :   565 was received, previous rcvd is   491 
Packet(s) lost or reordered :  1044 was received, previous rcvd is   969 
Packet(s) lost or reordered :  1523 was received, previous rcvd is  1448 
Packet(s) lost or reordered :  2002 was received, previous rcvd is  1900 
Packet(s) lost or reordered :  2482 was received, previous rcvd is  2406 
Packet(s) lost or reordered :  2962 was received, previous rcvd is  2886 
Packet(s) lost or reordered :  3443 was received, previous rcvd is  3366 
Packet(s) lost or reordered :  3924 was received, previous rcvd is  3820 
Packet(s) lost or reordered :  4405 was received, previous rcvd is  4328 
Packet(s) lost or reordered :  4886 was received, previous rcvd is  4809 
Packet(s) lost or reordered :  5368 was received, previous rcvd is  5290 
Packet(s) lost or reordered :  5850 was received, previous rcvd is  5745 
Packet(s) lost or reordered :  6288 was received, previous rcvd is  6254 
Packet(s) lost or reordered :  6332 was received, previous rcvd is  6314 
Packet(s) lost or reordered :  6815 was received, previous rcvd is  6709 
Packet(s) lost or reordered :  7298 was received, previous rcvd is  7192 
Packet(s) lost or reordered :  7782 was received, previous rcvd is  7729 
Packet(s) lost or reordered :  8266 was received, previous rcvd is  8159 
Packet(s) lost or reordered :  8750 was received, previous rcvd is  8683 
Packet(s) lost or reordered :  9235 was received, previous rcvd is  9141 
Packet(s) lost or reordered :  9720 was received, previous rcvd is  9641 
Packet(s) lost or reordered : 10205 was received, previous rcvd is 10097 
Packet(s) lost or reordered : 10691 was received, previous rcvd is 10609 
Packet(s) lost or reordered : 11177 was received, previous rcvd is 11081 
Packet(s) lost or reordered : 11663 was received, previous rcvd is 11568 
Packet(s) lost or reordered : 12150 was received, previous rcvd is 12082 
Packet(s) lost or reordered : 12637 was received, previous rcvd is 12541 
Packet(s) lost or reordered : 13124 was received, previous rcvd is 13028 
Packet(s) lost or reordered : 13612 was received, previous rcvd is 13543 
Packet(s) lost or reordered : 14100 was received, previous rcvd is 14003 
Packet(s) lost or reordered : 14588 was received, previous rcvd is 14491 
Packet(s) lost or reordered : 15077 was received, previous rcvd is 14979 
Packet(s) lost or reordered : 15566 was received, previous rcvd is 15468 
Packet(s) lost or reordered : 16055 was received, previous rcvd is 15985 
Packet(s) lost or reordered : 16545 was received, previous rcvd is 16446 
Packet(s) lost or reordered : 17035 was received, previous rcvd is 16931 
Packet(s) lost or reordered : 17526 was received, previous rcvd is 17424 
Packet(s) lost or reordered : 18017 was received, previous rcvd is 17945 
Packet(s) lost or reordered : 18508 was received, previous rcvd is 18409 
Packet(s) lost or reordered : 19000 was received, previous rcvd is 18927 
Packet(s) lost or reordered : 19492 was received, previous rcvd is 19391 
Packet(s) lost or reordered : 19985 was received, previous rcvd is 19877 
Packet(s) lost or reordered : 20478 was received, previous rcvd is 20374 
Packet(s) lost or reordered : 20971 was received, previous rcvd is 20899 
Packet(s) lost or reordered : 21465 was received, previous rcvd is 21362 
Packet(s) lost or reordered : 21959 was received, previous rcvd is 21856 
Packet(s) lost or reordered : 22454 was received, previous rcvd is 22378 
Packet(s) lost or reordered : 22949 was received, previous rcvd is 22845 
Packet(s) lost or reordered : 23444 was received, previous rcvd is 23340 
Packet(s) lost or reordered : 23940 was received, previous rcvd is 23835 
Packet(s) lost or reordered : 24436 was received, previous rcvd is 24331 
Packet(s) lost or reordered : 24933 was received, previous rcvd is 24827 
Packet(s) lost or reordered : 25430 was received, previous rcvd is 25352 
Packet(s) lost or reordered : 25928 was received, previous rcvd is 25821 
Packet(s) lost or reordered : 26426 was received, previous rcvd is 26319 
Packet(s) lost or reordered : 26925 was received, previous rcvd is 26817 
Packet(s) lost or reordered : 27424 was received, previous rcvd is 27344 
Packet(s) lost or reordered : 27923 was received, previous rcvd is 27815 
Packet(s) lost or reordered : 28423 was received, previous rcvd is 28314 
Packet(s) lost or reordered : 28923 was received, previous rcvd is 28842 
Packet(s) lost or reordered : 29424 was received, previous rcvd is 29286 
Packet(s) lost or reordered : 29923 was received, previous rcvd is 29815 
Packet(s) lost or reordered : 30426 was received, previous rcvd is 30342 
Packet(s) lost or reordered : 30928 was received, previous rcvd is 30817 
Packet(s) lost or reordered : 31430 was received, previous rcvd is 31319 
Packet(s) lost or reordered : 31933 was received, previous rcvd is 31849 
Packet(s) lost or reordered : 32436 was received, previous rcvd is 32324 
Packet(s) lost or reordered : 32940 was received, previous rcvd is 32839 
Packet(s) lost or reordered : 33444 was received, previous rcvd is 33345 
Packet(s) lost or reordered : 33949 was received, previous rcvd is 33820 
Packet(s) lost or reordered : 34454 was received, previous rcvd is 34354 
Packet(s) lost or reordered : 34959 was received, previous rcvd is 34859 
Packet(s) lost or reordered : 35465 was received, previous rcvd is 35335 
Packet(s) lost or reordered : 35971 was received, previous rcvd is 35899 
Packet(s) lost or reordered : 36478 was received, previous rcvd is 36347 
Packet(s) lost or reordered : 36940 was received, previous rcvd is 36854 
Packet(s) lost or reordered : 36985 was received, previous rcvd is 36968 
Packet(s) lost or reordered : 37493 was received, previous rcvd is 37390 
Packet(s) lost or reordered : 38001 was received, previous rcvd is 37869 
Packet(s) lost or reordered : 38510 was received, previous rcvd is 38406 
Packet(s) lost or reordered : 39019 was received, previous rcvd is 38915 
Packet(s) lost or reordered : 39529 was received, previous rcvd is 39395 
Packet(s) lost or reordered : 40039 was received, previous rcvd is 39934 
Packet(s) lost or reordered : 40550 was received, previous rcvd is 40444 
Packet(s) lost or reordered : 41061 was received, previous rcvd is 40963 
Packet(s) lost or reordered : 41573 was received, previous rcvd is 41444 
Packet(s) lost or reordered : 42085 was received, previous rcvd is 41988 
Packet(s) lost or reordered : 42598 was received, previous rcvd is 42463 
Packet(s) lost or reordered : 43111 was received, previous rcvd is 43003 
Packet(s) lost or reordered : 43625 was received, previous rcvd is 43487 
Packet(s) lost or reordered : 44139 was received, previous rcvd is 44034 
Packet(s) lost or reordered : 44654 was received, previous rcvd is 44554 
Packet(s) lost or reordered : 45169 was received, previous rcvd is 45032 
Packet(s) lost or reordered : 45685 was received, previous rcvd is 45574 
Packet(s) lost or reordered : 46201 was received, previous rcvd is 46090 
Packet(s) lost or reordered : 46718 was received, previous rcvd is 46606 
Packet(s) lost or reordered : 47235 was received, previous rcvd is 47123 
Packet(s) lost or reordered : 47754 was received, previous rcvd is 47611 
Packet(s) lost or reordered : 48272 was received, previous rcvd is 48159 
Packet(s) lost or reordered : 48674 was received, previous rcvd is 48648 
Packet(s) lost or reordered : 48791 was received, previous rcvd is 48702 
Packet(s) lost or reordered : 49310 was received, previous rcvd is 49167 
Packet(s) lost or reordered : 49830 was received, previous rcvd is 49715 
Packet(s) lost or reordered : 50350 was received, previous rcvd is 50235 
Packet(s) lost or reordered : 50871 was received, previous rcvd is 50755 
Packet(s) lost or reordered : 51392 was received, previous rcvd is 51247 
Packet(s) lost or reordered : 51914 was received, previous rcvd is 51810 
Packet(s) lost or reordered : 52437 was received, previous rcvd is 52303 
Packet(s) lost or reordered : 52961 was received, previous rcvd is 52826 
Packet(s) lost or reordered : 53484 was received, previous rcvd is 53380 
Packet(s) lost or reordered : 54008 was received, previous rcvd is 53873 
Packet(s) lost or reordered : 54533 was received, previous rcvd is 54397 
Packet(s) lost or reordered : 55059 was received, previous rcvd is 54922 
Packet(s) lost or reordered : 55586 was received, previous rcvd is 55478 
Packet(s) lost or reordered : 56112 was received, previous rcvd is 55975 
Packet(s) lost or reordered : 56639 was received, previous rcvd is 56501 
Packet(s) lost or reordered : 57167 was received, previous rcvd is 57058 
Packet(s) lost or reordered : 57695 was received, previous rcvd is 57556 
Packet(s) lost or reordered : 58225 was received, previous rcvd is 58084 
Packet(s) lost or reordered : 58668 was received, previous rcvd is 58615 
Packet(s) lost or reordered : 58754 was received, previous rcvd is 58696 
Packet(s) lost or reordered : 59284 was received, previous rcvd is 59143 
Packet(s) lost or reordered : 59814 was received, previous rcvd is 59673 
Packet(s) lost or reordered : 60344 was received, previous rcvd is 60203 
Packet(s) lost or reordered : 60877 was received, previous rcvd is 60763 
Packet(s) lost or reordered : 61409 was received, previous rcvd is 61266 
Packet(s) lost or reordered : 61942 was received, previous rcvd is 61798 
Packet(s) lost or reordered : 62423 was received, previous rcvd is 62331 
Packet(s) lost or reordered : 62476 was received, previous rcvd is 62452 
Packet(s) lost or reordered : 63010 was received, previous rcvd is 62865 
Packet(s) lost or reordered : 63545 was received, previous rcvd is 63399 
Packet(s) lost or reordered : 64081 was received, previous rcvd is 63934 
Packet(s) lost or reordered : 64617 was received, previous rcvd is 64500 
Packet(s) lost or reordered : 65153 was received, previous rcvd is 65006 
Packet(s) lost or reordered :   154 was received, previous rcvd is     6 
Packet(s) lost or reordered :   692 was received, previous rcvd is   573 
Packet(s) lost or reordered :  1230 was received, previous rcvd is  1081 
Packet(s) lost or reordered :  1769 was received, previous rcvd is  1619 
Packet(s) lost or reordered :  2308 was received, previous rcvd is  2158 
Packet(s) lost or reordered :  2848 was received, previous rcvd is  2709 
Packet(s) lost or reordered :  3389 was received, previous rcvd is  3250 
Packet(s) lost or reordered :  3930 was received, previous rcvd is  3791 
Packet(s) lost or reordered :  4472 was received, previous rcvd is  4332 
Packet(s) lost or reordered :  5014 was received, previous rcvd is  4874 
Packet(s) lost or reordered :  5557 was received, previous rcvd is  5385 
Packet(s) lost or reordered :  6102 was received, previous rcvd is  5990 
Packet(s) lost or reordered :  6646 was received, previous rcvd is  6504 
Packet(s) lost or reordered :  7191 was received, previous rcvd is  7017 
Packet(s) lost or reordered :  7737 was received, previous rcvd is  7593 
Packet(s) lost or reordered :  8283 was received, previous rcvd is  8139 
Packet(s) lost or reordered :  8830 was received, previous rcvd is  8654 
Packet(s) lost or reordered :  9378 was received, previous rcvd is  9237 
Packet(s) lost or reordered :  9926 was received, previous rcvd is  9785 
Packet(s) lost or reordered : 10475 was received, previous rcvd is 10331 
Packet(s) lost or reordered : 11024 was received, previous rcvd is 10877 
Packet(s) lost or reordered : 11574 was received, previous rcvd is 11395 
Packet(s) lost or reordered : 12125 was received, previous rcvd is 11981 
Packet(s) lost or reordered : 12676 was received, previous rcvd is 12532 
Packet(s) lost or reordered : 13228 was received, previous rcvd is 13080 
Packet(s) lost or reordered : 13781 was received, previous rcvd is 13630 
Packet(s) lost or reordered : 14232 was received, previous rcvd is 14152 
Packet(s) lost or reordered : 14335 was received, previous rcvd is 14262 
Packet(s) lost or reordered : 14889 was received, previous rcvd is 14706 
Packet(s) lost or reordered : 15444 was received, previous rcvd is 15291 
Packet(s) lost or reordered : 16000 was received, previous rcvd is 15846 
Packet(s) lost or reordered : 16556 was received, previous rcvd is 16402 
Packet(s) lost or reordered : 17113 was received, previous rcvd is 16958 
Packet(s) lost or reordered : 17670 was received, previous rcvd is 17515 
Packet(s) lost or reordered : 18229 was received, previous rcvd is 18052 
Packet(s) lost or reordered : 18788 was received, previous rcvd is 18644 
Packet(s) lost or reordered : 19348 was received, previous rcvd is 19171 
Packet(s) lost or reordered : 19909 was received, previous rcvd is 19763 
Packet(s) lost or reordered : 20470 was received, previous rcvd is 20292 
Packet(s) lost or reordered : 21032 was received, previous rcvd is 20853 
Packet(s) lost or reordered : 21594 was received, previous rcvd is 21447 
Packet(s) lost or reordered : 22158 was received, previous rcvd is 21977 
Packet(s) lost or reordered : 22722 was received, previous rcvd is 22573 
Packet(s) lost or reordered : 23287 was received, previous rcvd is 23105 
Packet(s) lost or reordered : 23852 was received, previous rcvd is 23702 
Packet(s) lost or reordered : 24418 was received, previous rcvd is 24267 
Packet(s) lost or reordered : 24985 was received, previous rcvd is 24801 
Packet(s) lost or reordered : 25553 was received, previous rcvd is 25368 
Packet(s) lost or reordered : 26121 was received, previous rcvd is 25968 
Packet(s) lost or reordered : 26690 was received, previous rcvd is 26504 
Packet(s) lost or reordered : 27260 was received, previous rcvd is 27073 
Packet(s) lost or reordered : 27830 was received, previous rcvd is 27675 
Packet(s) lost or reordered : 28401 was received, previous rcvd is 28213 
Packet(s) lost or reordered : 28973 was received, previous rcvd is 28816 
Packet(s) lost or reordered : 29545 was received, previous rcvd is 29388 
Packet(s) lost or reordered : 30118 was received, previous rcvd is 29928 
Packet(s) lost or reordered : 30691 was received, previous rcvd is 30501 
Packet(s) lost or reordered : 31265 was received, previous rcvd is 31106 
Packet(s) lost or reordered : 31840 was received, previous rcvd is 31648 
Packet(s) lost or reordered : 32415 was received, previous rcvd is 32255 
Packet(s) lost or reordered : 32991 was received, previous rcvd is 32808 
Packet(s) lost or reordered : 33567 was received, previous rcvd is 33386 
Packet(s) lost or reordered : 34144 was received, previous rcvd is 33962 
Packet(s) lost or reordered : 34722 was received, previous rcvd is 34539 
Packet(s) lost or reordered : 35300 was received, previous rcvd is 35117 
Packet(s) lost or reordered : 35878 was received, previous rcvd is 35695 
Packet(s) lost or reordered : 36457 was received, previous rcvd is 36306 
Packet(s) lost or reordered : 37036 was received, previous rcvd is 36819 
Packet(s) lost or reordered : 37615 was received, previous rcvd is 37464 
Packet(s) lost or reordered : 38196 was received, previous rcvd is 38010 
Packet(s) lost or reordered : 38777 was received, previous rcvd is 38591 
Packet(s) lost or reordered : 39358 was received, previous rcvd is 39172 
Packet(s) lost or reordered : 39939 was received, previous rcvd is 39753 
Packet(s) lost or reordered : 40521 was received, previous rcvd is 40334 
Packet(s) lost or reordered : 41103 was received, previous rcvd is 40916 
Packet(s) lost or reordered : 41685 was received, previous rcvd is 41498 
Packet(s) lost or reordered : 42268 was received, previous rcvd is 42110 
Packet(s) lost or reordered : 42851 was received, previous rcvd is 42663 
Packet(s) lost or reordered : 43435 was received, previous rcvd is 43251 
Packet(s) lost or reordered : 44019 was received, previous rcvd is 43797 
Packet(s) lost or reordered : 44604 was received, previous rcvd is 44447 
Packet(s) lost or reordered : 45189 was received, previous rcvd is 44960 
Packet(s) lost or reordered : 45774 was received, previous rcvd is 45620 
Packet(s) lost or reordered : 46360 was received, previous rcvd is 46172 
Packet(s) lost or reordered : 46946 was received, previous rcvd is 46755 
Packet(s) lost or reordered : 47489 was received, previous rcvd is 47308 
Packet(s) lost or reordered : 47533 was received, previous rcvd is 47521 
Packet(s) lost or reordered : 48120 was received, previous rcvd is 47928 
Packet(s) lost or reordered : 48647 was received, previous rcvd is 48515 
Packet(s) lost or reordered : 48707 was received, previous rcvd is 48679 
Packet(s) lost or reordered : 49295 was received, previous rcvd is 49069 
Packet(s) lost or reordered : 49882 was received, previous rcvd is 49690 
Packet(s) lost or reordered : 50470 was received, previous rcvd is 50277 
Packet(s) lost or reordered : 51058 was received, previous rcvd is 50898 
Packet(s) lost or reordered : 51646 was received, previous rcvd is 51453 
Packet(s) lost or reordered : 52235 was received, previous rcvd is 52041 
Packet(s) lost or reordered : 52824 was received, previous rcvd is 52630 
Packet(s) lost or reordered : 53413 was received, previous rcvd is 53219 
Packet(s) lost or reordered : 54003 was received, previous rcvd is 53808 
Packet(s) lost or reordered : 54593 was received, previous rcvd is 54398 
Packet(s) lost or reordered : 55183 was received, previous rcvd is 54988 
Packet(s) lost or reordered : 55773 was received, previous rcvd is 55578 
Packet(s) lost or reordered : 56364 was received, previous rcvd is 56168 
Packet(s) lost or reordered : 56955 was received, previous rcvd is 56792 
Packet(s) lost or reordered : 57546 was received, previous rcvd is 57350 
Packet(s) lost or reordered : 58137 was received, previous rcvd is 57941 
Packet(s) lost or reordered : 58728 was received, previous rcvd is 58499 
Packet(s) lost or reordered : 59320 was received, previous rcvd is 59123 
Packet(s) lost or reordered : 59912 was received, previous rcvd is 59748 
Packet(s) lost or reordered : 60504 was received, previous rcvd is 60307 
Packet(s) lost or reordered : 61096 was received, previous rcvd is 60899 
Packet(s) lost or reordered : 61581 was received, previous rcvd is 61458 
Packet(s) lost or reordered : 61689 was received, previous rcvd is 61613 
Packet(s) lost or reordered : 62282 was received, previous rcvd is 62084 
Packet(s) lost or reordered : 62875 was received, previous rcvd is 62677 
Packet(s) lost or reordered : 63378 was received, previous rcvd is 63270 
Packet(s) lost or reordered : 63468 was received, previous rcvd is 63410 
Packet(s) lost or reordered : 64061 was received, previous rcvd is 63826 
Packet(s) lost or reordered : 64655 was received, previous rcvd is 64492 
Packet(s) lost or reordered : 65249 was received, previous rcvd is 65050 
Packet(s) lost or reordered :   307 was received, previous rcvd is    89 
Packet(s) lost or reordered :   901 was received, previous rcvd is   714 
Packet(s) lost or reordered :  1496 was received, previous rcvd is  1308 
Packet(s) lost or reordered :  2091 was received, previous rcvd is  1862 
Packet(s) lost or reordered :  2686 was received, previous rcvd is  2497 
Packet(s) lost or reordered :  3281 was received, previous rcvd is  3097 
Packet(s) lost or reordered :  3876 was received, previous rcvd is  3688 
Packet(s) lost or reordered :  4471 was received, previous rcvd is  4283 
Packet(s) lost or reordered :  5066 was received, previous rcvd is  4844 
Packet(s) lost or reordered :  5662 was received, previous rcvd is  5473 
Packet(s) lost or reordered :  6258 was received, previous rcvd is  6069 
Packet(s) lost or reordered :  6854 was received, previous rcvd is  6631 
Packet(s) lost or reordered :  7451 was received, previous rcvd is  7261 
Packet(s) lost or reordered :  8047 was received, previous rcvd is  7858 
Packet(s) lost or reordered :  8643 was received, previous rcvd is  8420 
Packet(s) lost or reordered :  9240 was received, previous rcvd is  9050 
Packet(s) lost or reordered :  9837 was received, previous rcvd is  9647 
Packet(s) lost or reordered : 10434 was received, previous rcvd is 10244 
Packet(s) lost or reordered : 11031 was received, previous rcvd is 10841 
Packet(s) lost or reordered : 11628 was received, previous rcvd is 11404 
Packet(s) lost or reordered : 12226 was received, previous rcvd is 12035 
Packet(s) lost or reordered : 12824 was received, previous rcvd is 12633 
Packet(s) lost or reordered : 13422 was received, previous rcvd is 13197 
Packet(s) lost or reordered : 14020 was received, previous rcvd is 13829 
Packet(s) lost or reordered : 14618 was received, previous rcvd is 14427 
Packet(s) lost or reordered : 15216 was received, previous rcvd is 15025 
Packet(s) lost or reordered : 15815 was received, previous rcvd is 15589 
Packet(s) lost or reordered : 16414 was received, previous rcvd is 16222 
Packet(s) lost or reordered : 17013 was received, previous rcvd is 16821 
Packet(s) lost or reordered : 17612 was received, previous rcvd is 17420 
Packet(s) lost or reordered : 18211 was received, previous rcvd is 17985 
Packet(s) lost or reordered : 18811 was received, previous rcvd is 18618 
Packet(s) lost or reordered : 19411 was received, previous rcvd is 19218 
Packet(s) lost or reordered : 19979 was received, previous rcvd is 19784 
Packet(s) lost or reordered : 19988 was received, previous rcvd is 19979 
Packet(s) lost or reordered : 19991 was received, previous rcvd is 19988 
Packet(s) lost or reordered : 20010 was received, previous rcvd is 20000 
Packet(s) lost or reordered : 20611 was received, previous rcvd is 20405 
Packet(s) lost or reordered : 21211 was received, previous rcvd is 21018 
Packet(s) lost or reordered : 21811 was received, previous rcvd is 21618 
Packet(s) lost or reordered : 22285 was received, previous rcvd is 22184 
Packet(s) lost or reordered : 22300 was received, previous rcvd is 22297 
Packet(s) lost or reordered : 22320 was received, previous rcvd is 22300 
Packet(s) lost or reordered : 22411 was received, previous rcvd is 22339 
Packet(s) lost or reordered : 23011 was received, previous rcvd is 22784 
Packet(s) lost or reordered : 23612 was received, previous rcvd is 23418 
Packet(s) lost or reordered : 24213 was received, previous rcvd is 23985 
Packet(s) lost or reordered : 24815 was received, previous rcvd is 24620 
Packet(s) lost or reordered : 25416 was received, previous rcvd is 25222 
Packet(s) lost or reordered : 26017 was received, previous rcvd is 25789 
Packet(s) lost or reordered : 26618 was received, previous rcvd is 26424 
Packet(s) lost or reordered : 27219 was received, previous rcvd is 27025 
Packet(s) lost or reordered : 27821 was received, previous rcvd is 27626 
Packet(s) lost or reordered : 28423 was received, previous rcvd is 28228 
Packet(s) lost or reordered : 29025 was received, previous rcvd is 28796 
Packet(s) lost or reordered : 29627 was received, previous rcvd is 29432 
Packet(s) lost or reordered : 30229 was received, previous rcvd is 30034 
Packet(s) lost or reordered : 30831 was received, previous rcvd is 30636 
Packet(s) lost or reordered : 31434 was received, previous rcvd is 31204 
Packet(s) lost or reordered : 32037 was received, previous rcvd is 31841 
Packet(s) lost or reordered : 32640 was received, previous rcvd is 32444 
Packet(s) lost or reordered : 33243 was received, previous rcvd is 33047 
Packet(s) lost or reordered : 33846 was received, previous rcvd is 33616 
Packet(s) lost or reordered : 34449 was received, previous rcvd is 34253 
Packet(s) lost or reordered : 35052 was received, previous rcvd is 34822 
Packet(s) lost or reordered : 35613 was received, previous rcvd is 35459 
Packet(s) lost or reordered : 35655 was received, previous rcvd is 35646 
Packet(s) lost or reordered : 36258 was received, previous rcvd is 36028 
Packet(s) lost or reordered : 36862 was received, previous rcvd is 36665 
Packet(s) lost or reordered : 37269 was received, previous rcvd is 37235 
Packet(s) lost or reordered : 37466 was received, previous rcvd is 37302 
Packet(s) lost or reordered : 38070 was received, previous rcvd is 37839 
Packet(s) lost or reordered : 38674 was received, previous rcvd is 38477 
Packet(s) lost or reordered : 39278 was received, previous rcvd is 39081 
Packet(s) lost or reordered : 39718 was received, previous rcvd is 39651 
Packet(s) lost or reordered : 39720 was received, previous rcvd is 39718 
Packet(s) lost or reordered : 39882 was received, previous rcvd is 39752 
Packet(s) lost or reordered : 40486 was received, previous rcvd is 40255 
Packet(s) lost or reordered : 41090 was received, previous rcvd is 40893 
