socket set to IP_RECVTOS
socket SO_RCVBUF set to 20971520
Listen on port 8080 to receive RTP from sender 
Packet(s) lost or reordered : 15199 was received, previous rcvd is 15126 
Packet(s) lost or reordered : 15651 was received, previous rcvd is 15587 
Packet(s) lost or reordered : 16105 was received, previous rcvd is 16066 
Packet(s) lost or reordered : 16561 was received, previous rcvd is 16520 
Packet(s) lost or reordered : 17019 was received, previous rcvd is 16950 
Packet(s) lost or reordered : 17460 was received, previous rcvd is 17408 
Packet(s) lost or reordered : 17941 was received, previous rcvd is 17849 
Packet(s) lost or reordered : 18404 was received, previous rcvd is 18356 
Packet(s) lost or reordered : 18869 was received, previous rcvd is 18793 
Packet(s) lost or reordered : 19336 was received, previous rcvd is 19258 
Packet(s) lost or reordered : 19805 was received, previous rcvd is 19765 
Packet(s) lost or reordered : 20276 was received, previous rcvd is 20181 
Packet(s) lost or reordered : 20749 was received, previous rcvd is 20681 
Packet(s) lost or reordered : 21224 was received, previous rcvd is 21157 
Packet(s) lost or reordered : 21700 was received, previous rcvd is 21601 
Packet(s) lost or reordered : 22178 was received, previous rcvd is 22101 
Packet(s) lost or reordered : 22658 was received, previous rcvd is 22583 
Packet(s) lost or reordered : 23140 was received, previous rcvd is 23034 
Packet(s) lost or reordered : 23624 was received, previous rcvd is 23548 
Packet(s) lost or reordered : 24110 was received, previous rcvd is 24028 
Packet(s) lost or reordered : 24598 was received, previous rcvd is 24528 
Packet(s) lost or reordered : 25088 was received, previous rcvd is 24989 
Packet(s) lost or reordered : 25580 was received, previous rcvd is 25479 
Packet(s) lost or reordered : 26074 was received, previous rcvd is 25971 
Packet(s) lost or reordered : 26570 was received, previous rcvd is 26493 
Packet(s) lost or reordered : 27068 was received, previous rcvd is 26961 
Packet(s) lost or reordered : 27568 was received, previous rcvd is 27459 
Packet(s) lost or reordered : 28070 was received, previous rcvd is 27959 
Packet(s) lost or reordered : 28574 was received, previous rcvd is 28461 
Packet(s) lost or reordered : 29080 was received, previous rcvd is 28978 
Packet(s) lost or reordered : 29587 was received, previous rcvd is 29485 
Packet(s) lost or reordered : 30096 was received, previous rcvd is 29992 
Packet(s) lost or reordered : 30608 was received, previous rcvd is 30472 
Packet(s) lost or reordered : 31122 was received, previous rcvd is 31013 
Packet(s) lost or reordered : 31638 was received, previous rcvd is 31527 
Packet(s) lost or reordered : 32155 was received, previous rcvd is 32043 
Packet(s) lost or reordered : 32675 was received, previous rcvd is 32531 
Packet(s) lost or reordered : 33197 was received, previous rcvd is 33080 
Packet(s) lost or reordered : 33720 was received, previous rcvd is 33614 
Packet(s) lost or reordered : 34246 was received, previous rcvd is 34109 
Packet(s) lost or reordered : 34773 was received, previous rcvd is 34635 
Packet(s) lost or reordered : 35302 was received, previous rcvd is 35162 
Packet(s) lost or reordered : 35833 was received, previous rcvd is 35721 
Packet(s) lost or reordered : 36366 was received, previous rcvd is 36222 
Packet(s) lost or reordered : 36901 was received, previous rcvd is 36755 
Packet(s) lost or reordered : 37438 was received, previous rcvd is 37320 
Packet(s) lost or reordered : 37977 was received, previous rcvd is 37827 
Packet(s) lost or reordered : 38518 was received, previous rcvd is 38378 
Packet(s) lost or reordered : 39061 was received, previous rcvd is 38920 
Packet(s) lost or reordered : 39606 was received, previous rcvd is 39432 
Packet(s) lost or reordered : 40153 was received, previous rcvd is 40008 
Packet(s) lost or reordered : 40635 was received, previous rcvd is 40555 
Packet(s) lost or reordered : 40702 was received, previous rcvd is 40665 
Packet(s) lost or reordered : 41253 was received, previous rcvd is 41073 
Packet(s) lost or reordered : 41806 was received, previous rcvd is 41655 
Packet(s) lost or reordered : 42361 was received, previous rcvd is 42208 
Packet(s) lost or reordered : 42918 was received, previous rcvd is 42763 
Packet(s) lost or reordered : 43477 was received, previous rcvd is 43299 
Packet(s) lost or reordered : 44038 was received, previous rcvd is 43892 
Packet(s) lost or reordered : 44601 was received, previous rcvd is 44421 
Packet(s) lost or reordered : 45166 was received, previous rcvd is 45016 
Packet(s) lost or reordered : 45734 was received, previous rcvd is 45549 
Packet(s) lost or reordered : 46303 was received, previous rcvd is 46117 
Packet(s) lost or reordered : 46874 was received, previous rcvd is 46718 
Packet(s) lost or reordered : 47447 was received, previous rcvd is 47289 
Packet(s) lost or reordered : 48023 was received, previous rcvd is 47830 
Packet(s) lost or reordered : 48601 was received, previous rcvd is 48416 
Packet(s) lost or reordered : 49181 was received, previous rcvd is 48996 
Packet(s) lost or reordered : 49763 was received, previous rcvd is 49576 
Packet(s) lost or reordered : 50347 was received, previous rcvd is 50155 
Packet(s) lost or reordered : 50933 was received, previous rcvd is 50742 
Packet(s) lost or reordered : 51521 was received, previous rcvd is 51328 
Packet(s) lost or reordered : 52111 was received, previous rcvd is 51919 
Packet(s) lost or reordered : 52703 was received, previous rcvd is 52539 
Packet(s) lost or reordered : 53298 was received, previous rcvd is 53093 
Packet(s) lost or reordered : 53671 was received, previous rcvd is 53657 
Packet(s) lost or reordered : 53895 was received, previous rcvd is 53706 
Packet(s) lost or reordered : 54494 was received, previous rcvd is 54290 
Packet(s) lost or reordered : 55095 was received, previous rcvd is 54904 
Packet(s) lost or reordered : 55698 was received, previous rcvd is 55502 
Packet(s) lost or reordered : 56303 was received, previous rcvd is 56071 
Packet(s) lost or reordered : 56910 was received, previous rcvd is 56710 
Packet(s) lost or reordered : 57520 was received, previous rcvd is 57283 
Packet(s) lost or reordered : 58132 was received, previous rcvd is 57927 
Packet(s) lost or reordered : 58746 was received, previous rcvd is 58550 
Packet(s) lost or reordered : 59362 was received, previous rcvd is 59130 
Packet(s) lost or reordered : 59981 was received, previous rcvd is 59746 
Packet(s) lost or reordered : 60602 was received, previous rcvd is 60400 
Packet(s) lost or reordered : 61225 was received, previous rcvd is 60986 
Packet(s) lost or reordered : 61850 was received, previous rcvd is 61644 
Packet(s) lost or reordered : 62477 was received, previous rcvd is 62234 
Packet(s) lost or reordered : 63107 was received, previous rcvd is 62896 
Packet(s) lost or reordered : 63739 was received, previous rcvd is 63501 
Packet(s) lost or reordered : 64373 was received, previous rcvd is 64098 
Packet(s) lost or reordered : 65009 was received, previous rcvd is 64804 
Packet(s) lost or reordered :   111 was received, previous rcvd is 65404 
Packet(s) lost or reordered :   752 was received, previous rcvd is   506 
Packet(s) lost or reordered :  1395 was received, previous rcvd is  1147 
Packet(s) lost or reordered :  2040 was received, previous rcvd is  1790 
Packet(s) lost or reordered :  2538 was received, previous rcvd is  2435 
Packet(s) lost or reordered :  2687 was received, previous rcvd is  2573 
Packet(s) lost or reordered :  9060 was received, previous rcvd is  9044 
Packet(s) lost or reordered :  9515 was received, previous rcvd is  9449 
Packet(s) lost or reordered :  9970 was received, previous rcvd is  9930 
Packet(s) lost or reordered : 10425 was received, previous rcvd is 10359 
Packet(s) lost or reordered : 10881 was received, previous rcvd is 10814 
Packet(s) lost or reordered : 11337 was received, previous rcvd is 11296 
Packet(s) lost or reordered : 11793 was received, previous rcvd is 11726 
Packet(s) lost or reordered : 12249 was received, previous rcvd is 12182 
Packet(s) lost or reordered : 12705 was received, previous rcvd is 12664 
Packet(s) lost or reordered : 13161 was received, previous rcvd is 13094 
Packet(s) lost or reordered : 13617 was received, previous rcvd is 13550 
Packet(s) lost or reordered : 14073 was received, previous rcvd is 14032 
Packet(s) lost or reordered : 14529 was received, previous rcvd is 14462 
Packet(s) lost or reordered : 14985 was received, previous rcvd is 14918 
Packet(s) lost or reordered : 15441 was received, previous rcvd is 15374 
Packet(s) lost or reordered : 15897 was received, previous rcvd is 15856 
Packet(s) lost or reordered : 16353 was received, previous rcvd is 16286 
Packet(s) lost or reordered : 16809 was received, previous rcvd is 16742 
Packet(s) lost or reordered : 17265 was received, previous rcvd is 17224 
Packet(s) lost or reordered : 17721 was received, previous rcvd is 17664 
Packet(s) lost or reordered : 18178 was received, previous rcvd is 18097 
Packet(s) lost or reordered : 18635 was received, previous rcvd is 18596 
Packet(s) lost or reordered : 19092 was received, previous rcvd is 19024 
Packet(s) lost or reordered : 19549 was received, previous rcvd is 19507 
Packet(s) lost or reordered : 20006 was received, previous rcvd is 19938 
Packet(s) lost or reordered : 20463 was received, previous rcvd is 20397 
Packet(s) lost or reordered : 20920 was received, previous rcvd is 20880 
Packet(s) lost or reordered : 21377 was received, previous rcvd is 21309 
Packet(s) lost or reordered : 21834 was received, previous rcvd is 21766 
Packet(s) lost or reordered : 22292 was received, previous rcvd is 22249 
Packet(s) lost or reordered : 22750 was received, previous rcvd is 22681 
Packet(s) lost or reordered : 23208 was received, previous rcvd is 23139 
Packet(s) lost or reordered : 23626 was received, previous rcvd is 23597 
Packet(s) lost or reordered : 23666 was received, previous rcvd is 23651 
Packet(s) lost or reordered : 24124 was received, previous rcvd is 24055 
Packet(s) lost or reordered : 24582 was received, previous rcvd is 24513 
Packet(s) lost or reordered : 25040 was received, previous rcvd is 24971 
Packet(s) lost or reordered : 25499 was received, previous rcvd is 25455 
Packet(s) lost or reordered : 25958 was received, previous rcvd is 25888 
Packet(s) lost or reordered : 26417 was received, previous rcvd is 26347 
Packet(s) lost or reordered : 26876 was received, previous rcvd is 26832 
Packet(s) lost or reordered : 27335 was received, previous rcvd is 27265 
Packet(s) lost or reordered : 27794 was received, previous rcvd is 27724 
Packet(s) lost or reordered : 28253 was received, previous rcvd is 28209 
Packet(s) lost or reordered : 28712 was received, previous rcvd is 28642 
Packet(s) lost or reordered : 29172 was received, previous rcvd is 29101 
Packet(s) lost or reordered : 29632 was received, previous rcvd is 29587 
Packet(s) lost or reordered : 30092 was received, previous rcvd is 30021 
Packet(s) lost or reordered : 30552 was received, previous rcvd is 30481 
Packet(s) lost or reordered : 31012 was received, previous rcvd is 30967 
Packet(s) lost or reordered : 31472 was received, previous rcvd is 31401 
Packet(s) lost or reordered : 31933 was received, previous rcvd is 31861 
Packet(s) lost or reordered : 32394 was received, previous rcvd is 32348 
Packet(s) lost or reordered : 32855 was received, previous rcvd is 32783 
Packet(s) lost or reordered : 33316 was received, previous rcvd is 33270 
Packet(s) lost or reordered : 33777 was received, previous rcvd is 33705 
Packet(s) lost or reordered : 34238 was received, previous rcvd is 34166 
Packet(s) lost or reordered : 34652 was received, previous rcvd is 34627 
Packet(s) lost or reordered : 34699 was received, previous rcvd is 34677 
Packet(s) lost or reordered : 35160 was received, previous rcvd is 35088 
Packet(s) lost or reordered : 35622 was received, previous rcvd is 35549 
Packet(s) lost or reordered : 36084 was received, previous rcvd is 36011 
Packet(s) lost or reordered : 36546 was received, previous rcvd is 36499 
Packet(s) lost or reordered : 37008 was received, previous rcvd is 36935 
Packet(s) lost or reordered : 37470 was received, previous rcvd is 37397 
Packet(s) lost or reordered : 37933 was received, previous rcvd is 37885 
Packet(s) lost or reordered : 38396 was received, previous rcvd is 38322 
Packet(s) lost or reordered : 38859 was received, previous rcvd is 38785 
Packet(s) lost or reordered : 39322 was received, previous rcvd is 39274 
Packet(s) lost or reordered : 39785 was received, previous rcvd is 39711 
Packet(s) lost or reordered : 40249 was received, previous rcvd is 40174 
Packet(s) lost or reordered : 40713 was received, previous rcvd is 40664 
Packet(s) lost or reordered : 41177 was received, previous rcvd is 41102 
Packet(s) lost or reordered : 41641 was received, previous rcvd is 41592 
Packet(s) lost or reordered : 42105 was received, previous rcvd is 42030 
Packet(s) lost or reordered : 42569 was received, previous rcvd is 42494 
Packet(s) lost or reordered : 43034 was received, previous rcvd is 42984 
Packet(s) lost or reordered : 43499 was received, previous rcvd is 43423 
Packet(s) lost or reordered : 43964 was received, previous rcvd is 43888 
Packet(s) lost or reordered : 44429 was received, previous rcvd is 44379 
Packet(s) lost or reordered : 44895 was received, previous rcvd is 44818 
Packet(s) lost or reordered : 45361 was received, previous rcvd is 45284 
Packet(s) lost or reordered : 45827 was received, previous rcvd is 45776 
Packet(s) lost or reordered : 46293 was received, previous rcvd is 46230 
Packet(s) lost or reordered : 46759 was received, previous rcvd is 46670 
Packet(s) lost or reordered : 47226 was received, previous rcvd is 47163 
Packet(s) lost or reordered : 47693 was received, previous rcvd is 47630 
Packet(s) lost or reordered : 48160 was received, previous rcvd is 48070 
Packet(s) lost or reordered : 48627 was received, previous rcvd is 48564 
Packet(s) lost or reordered : 49095 was received, previous rcvd is 49031 
Packet(s) lost or reordered : 49563 was received, previous rcvd is 49472 
Packet(s) lost or reordered : 50032 was received, previous rcvd is 49994 
Packet(s) lost or reordered : 50500 was received, previous rcvd is 50409 
Packet(s) lost or reordered : 50969 was received, previous rcvd is 50904 
Packet(s) lost or reordered : 51438 was received, previous rcvd is 51346 
Packet(s) lost or reordered : 51907 was received, previous rcvd is 51869 
Packet(s) lost or reordered : 52377 was received, previous rcvd is 52284 
Packet(s) lost or reordered : 52847 was received, previous rcvd is 52781 
Packet(s) lost or reordered : 53317 was received, previous rcvd is 53251 
Packet(s) lost or reordered : 53787 was received, previous rcvd is 53689 
Packet(s) lost or reordered : 54258 was received, previous rcvd is 54221 
Packet(s) lost or reordered : 54729 was received, previous rcvd is 54636 
Packet(s) lost or reordered : 55200 was received, previous rcvd is 55106 
Packet(s) lost or reordered : 55671 was received, previous rcvd is 55604 
Packet(s) lost or reordered : 56143 was received, previous rcvd is 56101 
Packet(s) lost or reordered : 56615 was received, previous rcvd is 56519 
Packet(s) lost or reordered : 57087 was received, previous rcvd is 57023 
Packet(s) lost or reordered : 57559 was received, previous rcvd is 57491 
Packet(s) lost or reordered : 58032 was received, previous rcvd is 57936 
Packet(s) lost or reordered : 58505 was received, previous rcvd is 58463 
Packet(s) lost or reordered : 58978 was received, previous rcvd is 58855 
Packet(s) lost or reordered : 59452 was received, previous rcvd is 59382 
Packet(s) lost or reordered : 59926 was received, previous rcvd is 59856 
Packet(s) lost or reordered : 60400 was received, previous rcvd is 60330 
Packet(s) lost or reordered : 60860 was received, previous rcvd is 60804 
Packet(s) lost or reordered : 61349 was received, previous rcvd is 61237 
Packet(s) lost or reordered : 61824 was received, previous rcvd is 61780 
Packet(s) lost or reordered : 62300 was received, previous rcvd is 62201 
Packet(s) lost or reordered : 62776 was received, previous rcvd is 62704 
Packet(s) lost or reordered : 63252 was received, previous rcvd is 63153 
Packet(s) lost or reordered : 63728 was received, previous rcvd is 63683 
Packet(s) lost or reordered : 64205 was received, previous rcvd is 64105 
Packet(s) lost or reordered : 64682 was received, previous rcvd is 64636 
Packet(s) lost or reordered : 65159 was received, previous rcvd is 65059 
Packet(s) lost or reordered :   101 was received, previous rcvd is    27 
Packet(s) lost or reordered :   579 was received, previous rcvd is   505 
Packet(s) lost or reordered :  1057 was received, previous rcvd is   956 
Packet(s) lost or reordered :  1535 was received, previous rcvd is  1434 
Packet(s) lost or reordered :  2014 was received, previous rcvd is  1966 
Packet(s) lost or reordered :  2493 was received, previous rcvd is  2418 
Packet(s) lost or reordered :  2972 was received, previous rcvd is  2897 
Packet(s) lost or reordered :  3452 was received, previous rcvd is  3349 
Packet(s) lost or reordered :  3932 was received, previous rcvd is  3856 
Packet(s) lost or reordered :  4412 was received, previous rcvd is  4336 
Packet(s) lost or reordered :  4893 was received, previous rcvd is  4816 
Packet(s) lost or reordered :  5374 was received, previous rcvd is  5270 
Packet(s) lost or reordered :  5855 was received, previous rcvd is  5778 
Packet(s) lost or reordered :  6337 was received, previous rcvd is  6259 
Packet(s) lost or reordered :  6819 was received, previous rcvd is  6714 
Packet(s) lost or reordered :  7302 was received, previous rcvd is  7250 
Packet(s) lost or reordered :  7785 was received, previous rcvd is  7679 
Packet(s) lost or reordered :  8268 was received, previous rcvd is  8162 
Packet(s) lost or reordered :  8752 was received, previous rcvd is  8699 
Packet(s) lost or reordered :  9189 was received, previous rcvd is  9129 
Packet(s) lost or reordered :  9236 was received, previous rcvd is  9215 
Packet(s) lost or reordered :  9720 was received, previous rcvd is  9613 
Packet(s) lost or reordered : 10205 was received, previous rcvd is 10124 
Packet(s) lost or reordered : 10690 was received, previous rcvd is 10609 
Packet(s) lost or reordered : 11175 was received, previous rcvd is 11094 
Packet(s) lost or reordered : 11661 was received, previous rcvd is 11536 
Packet(s) lost or reordered : 12147 was received, previous rcvd is 12052 
Packet(s) lost or reordered : 12633 was received, previous rcvd is 12566 
Packet(s) lost or reordered : 13120 was received, previous rcvd is 13024 
Packet(s) lost or reordered : 13607 was received, previous rcvd is 13537 
Packet(s) lost or reordered : 14095 was received, previous rcvd is 13996 
Packet(s) lost or reordered : 14583 was received, previous rcvd is 14487 
Packet(s) lost or reordered : 15071 was received, previous rcvd is 15002 
Packet(s) lost or reordered : 15560 was received, previous rcvd is 15456 
Packet(s) lost or reordered : 16049 was received, previous rcvd is 15949 
Packet(s) lost or reordered : 16539 was received, previous rcvd is 16468 
Packet(s) lost or reordered : 17029 was received, previous rcvd is 16932 
Packet(s) lost or reordered : 17519 was received, previous rcvd is 17420 
Packet(s) lost or reordered : 18010 was received, previous rcvd is 17910 
Packet(s) lost or reordered : 18501 was received, previous rcvd is 18429 
Packet(s) lost or reordered : 18992 was received, previous rcvd is 18892 
Packet(s) lost or reordered : 19484 was received, previous rcvd is 19383 
Packet(s) lost or reordered : 19976 was received, previous rcvd is 19875 
Packet(s) lost or reordered : 20468 was received, previous rcvd is 20367 
Packet(s) lost or reordered : 20961 was received, previous rcvd is 20887 
Packet(s) lost or reordered : 21454 was received, previous rcvd is 21352 
Packet(s) lost or reordered : 21948 was received, previous rcvd is 21845 
Packet(s) lost or reordered : 22442 was received, previous rcvd is 22339 
Packet(s) lost or reordered : 22937 was received, previous rcvd is 22833 
Packet(s) lost or reordered : 23432 was received, previous rcvd is 23356 
Packet(s) lost or reordered : 23927 was received, previous rcvd is 23823 
Packet(s) lost or reordered : 24423 was received, previous rcvd is 24318 
Packet(s) lost or reordered : 24885 was received, previous rcvd is 24814 
Packet(s) lost or reordered : 24919 was received, previous rcvd is 24912 
Packet(s) lost or reordered : 25415 was received, previous rcvd is 25310 
Packet(s) lost or reordered : 25912 was received, previous rcvd is 25806 
Packet(s) lost or reordered : 26409 was received, previous rcvd is 26303 
Packet(s) lost or reordered : 26907 was received, previous rcvd is 26828 
Packet(s) lost or reordered : 27393 was received, previous rcvd is 27270 
Packet(s) lost or reordered : 27396 was received, previous rcvd is 27393 
Packet(s) lost or reordered : 27904 was received, previous rcvd is 27814 
Packet(s) lost or reordered : 28403 was received, previous rcvd is 28295 
Packet(s) lost or reordered : 28903 was received, previous rcvd is 28794 
Packet(s) lost or reordered : 29403 was received, previous rcvd is 29322 
Packet(s) lost or reordered : 29904 was received, previous rcvd is 29794 
Packet(s) lost or reordered : 30405 was received, previous rcvd is 30295 
Packet(s) lost or reordered : 30906 was received, previous rcvd is 30796 
Packet(s) lost or reordered : 31408 was received, previous rcvd is 31325 
Packet(s) lost or reordered : 31910 was received, previous rcvd is 31799 
Packet(s) lost or reordered : 32413 was received, previous rcvd is 32301 
Packet(s) lost or reordered : 32916 was received, previous rcvd is 32832 
Packet(s) lost or reordered : 33342 was received, previous rcvd is 33279 
Packet(s) lost or reordered : 33420 was received, previous rcvd is 33369 
Packet(s) lost or reordered : 33797 was received, previous rcvd is 33795 
Packet(s) lost or reordered : 33808 was received, previous rcvd is 33797 
Packet(s) lost or reordered : 33924 was received, previous rcvd is 33835 
Packet(s) lost or reordered : 34429 was received, previous rcvd is 34324 
Packet(s) lost or reordered : 34934 was received, previous rcvd is 34800 
Packet(s) lost or reordered : 35440 was received, previous rcvd is 35336 
Packet(s) lost or reordered : 35946 was received, previous rcvd is 35846 
Packet(s) lost or reordered : 36453 was received, previous rcvd is 36351 
Packet(s) lost or reordered : 36960 was received, previous rcvd is 36829 
Packet(s) lost or reordered : 37467 was received, previous rcvd is 37358 
Packet(s) lost or reordered : 37975 was received, previous rcvd is 37869 
Packet(s) lost or reordered : 38483 was received, previous rcvd is 38382 
Packet(s) lost or reordered : 38992 was received, previous rcvd is 38888 
Packet(s) lost or reordered : 39501 was received, previous rcvd is 39397 
Packet(s) lost or reordered : 40011 was received, previous rcvd is 39877 
Packet(s) lost or reordered : 40521 was received, previous rcvd is 40416 
Packet(s) lost or reordered : 41032 was received, previous rcvd is 40926 
Packet(s) lost or reordered : 41543 was received, previous rcvd is 41408 
Packet(s) lost or reordered : 42055 was received, previous rcvd is 41948 
Packet(s) lost or reordered : 42567 was received, previous rcvd is 42460 
Packet(s) lost or reordered : 43080 was received, previous rcvd is 42943 
Packet(s) lost or reordered : 43593 was received, previous rcvd is 43514 
Packet(s) lost or reordered : 44107 was received, previous rcvd is 43969 
Packet(s) lost or reordered : 44621 was received, previous rcvd is 44512 
Packet(s) lost or reordered : 45136 was received, previous rcvd is 45026 
Packet(s) lost or reordered : 45651 was received, previous rcvd is 45541 
Packet(s) lost or reordered : 46167 was received, previous rcvd is 46027 
Packet(s) lost or reordered : 46683 was received, previous rcvd is 46572 
Packet(s) lost or reordered : 47200 was received, previous rcvd is 47059 
Packet(s) lost or reordered : 47717 was received, previous rcvd is 47634 
Packet(s) lost or reordered : 48235 was received, previous rcvd is 48093 
Packet(s) lost or reordered : 48753 was received, previous rcvd is 48640 
Packet(s) lost or reordered : 49272 was received, previous rcvd is 49158 
Packet(s) lost or reordered : 49791 was received, previous rcvd is 49648 
Packet(s) lost or reordered : 50311 was received, previous rcvd is 50196 
Packet(s) lost or reordered : 50689 was received, previous rcvd is 50687 
Packet(s) lost or reordered : 50831 was received, previous rcvd is 50717 
Packet(s) lost or reordered : 51352 was received, previous rcvd is 51236 
Packet(s) lost or reordered : 51873 was received, previous rcvd is 51757 
Packet(s) lost or reordered : 52395 was received, previous rcvd is 52260 
Packet(s) lost or reordered : 52918 was received, previous rcvd is 52784 
Packet(s) lost or reordered : 53441 was received, previous rcvd is 53307 
Packet(s) lost or reordered : 53965 was received, previous rcvd is 53860 
Packet(s) lost or reordered : 54489 was received, previous rcvd is 54354 
Packet(s) lost or reordered : 55014 was received, previous rcvd is 54878 
Packet(s) lost or reordered : 55539 was received, previous rcvd is 55433 
Packet(s) lost or reordered : 56065 was received, previous rcvd is 55928 
Packet(s) lost or reordered : 56591 was received, previous rcvd is 56454 
Packet(s) lost or reordered : 57118 was received, previous rcvd is 57010 
Packet(s) lost or reordered : 57645 was received, previous rcvd is 57507 
Packet(s) lost or reordered : 58173 was received, previous rcvd is 58034 
Packet(s) lost or reordered : 58702 was received, previous rcvd is 58562 
Packet(s) lost or reordered : 59231 was received, previous rcvd is 59121 
Packet(s) lost or reordered : 59761 was received, previous rcvd is 59620 
Packet(s) lost or reordered : 60291 was received, previous rcvd is 60150 
Packet(s) lost or reordered : 60822 was received, previous rcvd is 60710 
Packet(s) lost or reordered : 61354 was received, previous rcvd is 61211 
Packet(s) lost or reordered : 61886 was received, previous rcvd is 61743 
Packet(s) lost or reordered : 62419 was received, previous rcvd is 62275 
Packet(s) lost or reordered : 62952 was received, previous rcvd is 62838 
Packet(s) lost or reordered : 63486 was received, previous rcvd is 63341 
Packet(s) lost or reordered : 64021 was received, previous rcvd is 63875 
Packet(s) lost or reordered : 64556 was received, previous rcvd is 64447 
Packet(s) lost or reordered : 65092 was received, previous rcvd is 64951 
Packet(s) lost or reordered :    92 was received, previous rcvd is 65454 
Packet(s) lost or reordered :   629 was received, previous rcvd is   514 
Packet(s) lost or reordered :  1167 was received, previous rcvd is  1018 
Packet(s) lost or reordered :  1705 was received, previous rcvd is  1556 
Packet(s) lost or reordered :  2244 was received, previous rcvd is  2095 
Packet(s) lost or reordered :  2783 was received, previous rcvd is  2672 
Packet(s) lost or reordered :  3323 was received, previous rcvd is  3187 
Packet(s) lost or reordered :  3863 was received, previous rcvd is  3725 
Packet(s) lost or reordered :  4404 was received, previous rcvd is  4234 
Packet(s) lost or reordered :  7292 was received, previous rcvd is  7290 
