socket set to IP_RECVTOS
socket SO_RCVBUF set to 20971520
Listen on port 8080 to receive RTP from sender 
.
.
Packet(s) lost or reordered : 14207 was received, previous rcvd is 14156 
Packet(s) lost or reordered : 14660 was received, previous rcvd is 14596 
Packet(s) lost or reordered : 15115 was received, previous rcvd is 15049 
Packet(s) lost or reordered : 15572 was received, previous rcvd is 15530 
Packet(s) lost or reordered : 15994 was received, previous rcvd is 15935 
Packet(s) lost or reordered : 16031 was received, previous rcvd is 16019 
Packet(s) lost or reordered : 16492 was received, previous rcvd is 16446 
Packet(s) lost or reordered : 16954 was received, previous rcvd is 16881 
Packet(s) lost or reordered : 17418 was received, previous rcvd is 17369 
Packet(s) lost or reordered : 17884 was received, previous rcvd is 17807 
Packet(s) lost or reordered : 18352 was received, previous rcvd is 18273 
Packet(s) lost or reordered : 18822 was received, previous rcvd is 18755 
Packet(s) lost or reordered : 19293 was received, previous rcvd is 19226 
Packet(s) lost or reordered : 19766 was received, previous rcvd is 19670 
Packet(s) lost or reordered : 20241 was received, previous rcvd is 20170 
Packet(s) lost or reordered : 20718 was received, previous rcvd is 20645 
Packet(s) lost or reordered : 21197 was received, previous rcvd is 21122 
Packet(s) lost or reordered : 21678 was received, previous rcvd is 21574 
Packet(s) lost or reordered : 22161 was received, previous rcvd is 22082 
Packet(s) lost or reordered : 22540 was received, previous rcvd is 22538 
Packet(s) lost or reordered : 22646 was received, previous rcvd is 22566 
Packet(s) lost or reordered : 23133 was received, previous rcvd is 23050 
Packet(s) lost or reordered : 23622 was received, previous rcvd is 23547 
Packet(s) lost or reordered : 24113 was received, previous rcvd is 24011 
Packet(s) lost or reordered : 24522 was received, previous rcvd is 24477 
Packet(s) lost or reordered : 24605 was received, previous rcvd is 24549 
Packet(s) lost or reordered : 25099 was received, previous rcvd is 24996 
Packet(s) lost or reordered : 25595 was received, previous rcvd is 25518 
Packet(s) lost or reordered : 26093 was received, previous rcvd is 25980 
Packet(s) lost or reordered : 26593 was received, previous rcvd is 26482 
Packet(s) lost or reordered : 27095 was received, previous rcvd is 26988 
Packet(s) lost or reordered : 27599 was received, previous rcvd is 27514 
Packet(s) lost or reordered : 28105 was received, previous rcvd is 27973 
Packet(s) lost or reordered : 28483 was received, previous rcvd is 28481 
Packet(s) lost or reordered : 28488 was received, previous rcvd is 28483 
Packet(s) lost or reordered : 28613 was received, previous rcvd is 28515 
Packet(s) lost or reordered : 29123 was received, previous rcvd is 29018 
Packet(s) lost or reordered : 29522 was received, previous rcvd is 29499 
Packet(s) lost or reordered : 29524 was received, previous rcvd is 29522 
Packet(s) lost or reordered : 29531 was received, previous rcvd is 29529 
Packet(s) lost or reordered : 29635 was received, previous rcvd is 29552 
Packet(s) lost or reordered : 30150 was received, previous rcvd is 30011 
Packet(s) lost or reordered : 30666 was received, previous rcvd is 30555 
Packet(s) lost or reordered : 31185 was received, previous rcvd is 31071 
Packet(s) lost or reordered : 31706 was received, previous rcvd is 31561 
Packet(s) lost or reordered : 32228 was received, previous rcvd is 32111 
Packet(s) lost or reordered : 32736 was received, previous rcvd is 32615 
Packet(s) lost or reordered : 33280 was received, previous rcvd is 33155 
Packet(s) lost or reordered : 33809 was received, previous rcvd is 33669 
Packet(s) lost or reordered : 34340 was received, previous rcvd is 34198 
Packet(s) lost or reordered : 34873 was received, previous rcvd is 34729 
Packet(s) lost or reordered : 35408 was received, previous rcvd is 35292 
Packet(s) lost or reordered : 35945 was received, previous rcvd is 35797 
Packet(s) lost or reordered : 36387 was received, previous rcvd is 36334 
Packet(s) lost or reordered : 36484 was received, previous rcvd is 36416 
Packet(s) lost or reordered : 37025 was received, previous rcvd is 36873 
Packet(s) lost or reordered : 37568 was received, previous rcvd is 37426 
Packet(s) lost or reordered : 37990 was received, previous rcvd is 37939 
Packet(s) lost or reordered : 38113 was received, previous rcvd is 38020 
Packet(s) lost or reordered : 38660 was received, previous rcvd is 38515 
Packet(s) lost or reordered : 39209 was received, previous rcvd is 39031 
Packet(s) lost or reordered : 39630 was received, previous rcvd is 39611 
Packet(s) lost or reordered : 39760 was received, previous rcvd is 39660 
Packet(s) lost or reordered : 40313 was received, previous rcvd is 40131 
Packet(s) lost or reordered : 40868 was received, previous rcvd is 40715 
Packet(s) lost or reordered : 41425 was received, previous rcvd is 41270 
Packet(s) lost or reordered : 41984 was received, previous rcvd is 41807 
Packet(s) lost or reordered : 42545 was received, previous rcvd is 42367 
Packet(s) lost or reordered : 43108 was received, previous rcvd is 42992 
Packet(s) lost or reordered : 43509 was received, previous rcvd is 43459 
Packet(s) lost or reordered : 43673 was received, previous rcvd is 43540 
Packet(s) lost or reordered : 44240 was received, previous rcvd is 44056 
Packet(s) lost or reordered : 44809 was received, previous rcvd is 44623 
Packet(s) lost or reordered : 45380 was received, previous rcvd is 45224 
Packet(s) lost or reordered : 45953 was received, previous rcvd is 45795 
Packet(s) lost or reordered : 46528 was received, previous rcvd is 46336 
Packet(s) lost or reordered : 47105 was received, previous rcvd is 46921 
Packet(s) lost or reordered : 47684 was received, previous rcvd is 47500 
Packet(s) lost or reordered : 48265 was received, previous rcvd is 48079 
Packet(s) lost or reordered : 48848 was received, previous rcvd is 48682 
Packet(s) lost or reordered : 49434 was received, previous rcvd is 49232 
Packet(s) lost or reordered : 49999 was received, previous rcvd is 49818 
Packet(s) lost or reordered : 50611 was received, previous rcvd is 50431 
Packet(s) lost or reordered : 51203 was received, previous rcvd is 50973 
Packet(s) lost or reordered : 51797 was received, previous rcvd is 51631 
Packet(s) lost or reordered : 52393 was received, previous rcvd is 52189 
Packet(s) lost or reordered : 52991 was received, previous rcvd is 52788 
Packet(s) lost or reordered : 53591 was received, previous rcvd is 53400 
Packet(s) lost or reordered : 53966 was received, previous rcvd is 53964 
Packet(s) lost or reordered : 53973 was received, previous rcvd is 53966 
Packet(s) lost or reordered : 54193 was received, previous rcvd is 54005 
Packet(s) lost or reordered : 54797 was received, previous rcvd is 54566 
Packet(s) lost or reordered : 55403 was received, previous rcvd is 55204 
Packet(s) lost or reordered : 56011 was received, previous rcvd is 55810 
Packet(s) lost or reordered : 56622 was received, previous rcvd is 56418 
Packet(s) lost or reordered : 57235 was received, previous rcvd is 56995 
Packet(s) lost or reordered : 57850 was received, previous rcvd is 57619 
Packet(s) lost or reordered : 58467 was received, previous rcvd is 58269 
Packet(s) lost or reordered : 58926 was received, previous rcvd is 58851 
Packet(s) lost or reordered : 59087 was received, previous rcvd is 58960 
Packet(s) lost or reordered : 59709 was received, previous rcvd is 59471 
Packet(s) lost or reordered : 60333 was received, previous rcvd is 60093 
Packet(s) lost or reordered : 60959 was received, previous rcvd is 60752 
Packet(s) lost or reordered : 61588 was received, previous rcvd is 61308 
Packet(s) lost or reordered : 62219 was received, previous rcvd is 62007 
Packet(s) lost or reordered : 62852 was received, previous rcvd is 62614 
Packet(s) lost or reordered : 63487 was received, previous rcvd is 63247 
Packet(s) lost or reordered : 64124 was received, previous rcvd is 63918 
Packet(s) lost or reordered : 64764 was received, previous rcvd is 64519 
Packet(s) lost or reordered : 65406 was received, previous rcvd is 65123 
Packet(s) lost or reordered :   274 was received, previous rcvd is   265 
Packet(s) lost or reordered :   514 was received, previous rcvd is   309 
Packet(s) lost or reordered :  1160 was received, previous rcvd is   909 
Packet(s) lost or reordered :  1808 was received, previous rcvd is  1555 
Packet(s) lost or reordered :  2458 was received, previous rcvd is  2176 
Packet(s) lost or reordered :  8856 was received, previous rcvd is  8818 
Packet(s) lost or reordered :  9313 was received, previous rcvd is  9245 
Packet(s) lost or reordered :  9770 was received, previous rcvd is  9704 
Packet(s) lost or reordered : 10227 was received, previous rcvd is 10189 
Packet(s) lost or reordered : 10684 was received, previous rcvd is 10618 
Packet(s) lost or reordered : 11141 was received, previous rcvd is 11073 
Packet(s) lost or reordered : 11598 was received, previous rcvd is 11530 
Packet(s) lost or reordered : 12055 was received, previous rcvd is 12013 
Packet(s) lost or reordered : 12512 was received, previous rcvd is 12446 
Packet(s) lost or reordered : 12969 was received, previous rcvd is 12905 
Packet(s) lost or reordered : 13426 was received, previous rcvd is 13358 
Packet(s) lost or reordered : 13883 was received, previous rcvd is 13841 
Packet(s) lost or reordered : 14318 was received, previous rcvd is 14272 
Packet(s) lost or reordered : 14797 was received, previous rcvd is 14733 
Packet(s) lost or reordered : 15255 was received, previous rcvd is 15186 
Packet(s) lost or reordered : 15713 was received, previous rcvd is 15644 
Packet(s) lost or reordered : 16171 was received, previous rcvd is 16128 
Packet(s) lost or reordered : 16629 was received, previous rcvd is 16560 
Packet(s) lost or reordered : 17087 was received, previous rcvd is 17018 
Packet(s) lost or reordered : 17545 was received, previous rcvd is 17502 
Packet(s) lost or reordered : 18003 was received, previous rcvd is 17934 
Packet(s) lost or reordered : 18461 was received, previous rcvd is 18392 
Packet(s) lost or reordered : 18891 was received, previous rcvd is 18850 
Packet(s) lost or reordered : 18920 was received, previous rcvd is 18916 
Packet(s) lost or reordered : 19379 was received, previous rcvd is 19309 
Packet(s) lost or reordered : 19838 was received, previous rcvd is 19768 
Packet(s) lost or reordered : 20297 was received, previous rcvd is 20227 
Packet(s) lost or reordered : 20756 was received, previous rcvd is 20712 
Packet(s) lost or reordered : 21215 was received, previous rcvd is 21145 
Packet(s) lost or reordered : 21674 was received, previous rcvd is 21630 
Packet(s) lost or reordered : 22133 was received, previous rcvd is 22063 
Packet(s) lost or reordered : 22593 was received, previous rcvd is 22522 
Packet(s) lost or reordered : 23053 was received, previous rcvd is 23008 
Packet(s) lost or reordered : 23512 was received, previous rcvd is 23442 
Packet(s) lost or reordered : 23972 was received, previous rcvd is 23901 
Packet(s) lost or reordered : 24432 was received, previous rcvd is 24387 
Packet(s) lost or reordered : 24893 was received, previous rcvd is 24821 
Packet(s) lost or reordered : 25353 was received, previous rcvd is 25282 
Packet(s) lost or reordered : 25813 was received, previous rcvd is 25768 
Packet(s) lost or reordered : 26273 was received, previous rcvd is 26202 
Packet(s) lost or reordered : 26733 was received, previous rcvd is 26662 
Packet(s) lost or reordered : 27194 was received, previous rcvd is 27148 
Packet(s) lost or reordered : 27655 was received, previous rcvd is 27583 
Packet(s) lost or reordered : 28116 was received, previous rcvd is 28044 
Packet(s) lost or reordered : 28577 was received, previous rcvd is 28531 
Packet(s) lost or reordered : 29039 was received, previous rcvd is 28966 
Packet(s) lost or reordered : 29501 was received, previous rcvd is 29428 
Packet(s) lost or reordered : 29896 was received, previous rcvd is 29890 
Packet(s) lost or reordered : 29949 was received, previous rcvd is 29896 
Packet(s) lost or reordered : 30425 was received, previous rcvd is 30363 
Packet(s) lost or reordered : 30887 was received, previous rcvd is 30814 
Packet(s) lost or reordered : 31349 was received, previous rcvd is 31302 
Packet(s) lost or reordered : 31812 was received, previous rcvd is 31738 
Packet(s) lost or reordered : 32275 was received, previous rcvd is 32227 
Packet(s) lost or reordered : 32737 was received, previous rcvd is 32664 
Packet(s) lost or reordered : 33200 was received, previous rcvd is 33126 
Packet(s) lost or reordered : 33663 was received, previous rcvd is 33615 
Packet(s) lost or reordered : 34126 was received, previous rcvd is 34052 
Packet(s) lost or reordered : 34589 was received, previous rcvd is 34515 
Packet(s) lost or reordered : 35053 was received, previous rcvd is 35004 
Packet(s) lost or reordered : 35516 was received, previous rcvd is 35442 
Packet(s) lost or reordered : 35980 was received, previous rcvd is 35918 
Packet(s) lost or reordered : 36444 was received, previous rcvd is 36357 
Packet(s) lost or reordered : 36908 was received, previous rcvd is 36848 
Packet(s) lost or reordered : 37373 was received, previous rcvd is 37299 
Packet(s) lost or reordered : 37837 was received, previous rcvd is 37788 
Packet(s) lost or reordered : 38302 was received, previous rcvd is 38226 
Packet(s) lost or reordered : 38767 was received, previous rcvd is 38691 
Packet(s) lost or reordered : 39233 was received, previous rcvd is 39156 
Packet(s) lost or reordered : 39698 was received, previous rcvd is 39648 
Packet(s) lost or reordered : 40163 was received, previous rcvd is 40087 
Packet(s) lost or reordered : 40629 was received, previous rcvd is 40592 
Packet(s) lost or reordered : 41095 was received, previous rcvd is 41005 
Packet(s) lost or reordered : 41561 was received, previous rcvd is 41500 
Packet(s) lost or reordered : 42027 was received, previous rcvd is 41968 
Packet(s) lost or reordered : 42493 was received, previous rcvd is 42404 
Packet(s) lost or reordered : 42960 was received, previous rcvd is 42894 
Packet(s) lost or reordered : 43427 was received, previous rcvd is 43365 
Packet(s) lost or reordered : 43894 was received, previous rcvd is 43832 
Packet(s) lost or reordered : 44361 was received, previous rcvd is 44273 
Packet(s) lost or reordered : 44828 was received, previous rcvd is 44765 
Packet(s) lost or reordered : 45296 was received, previous rcvd is 45205 
Packet(s) lost or reordered : 45764 was received, previous rcvd is 45700 
Packet(s) lost or reordered : 46232 was received, previous rcvd is 46195 
Packet(s) lost or reordered : 46700 was received, previous rcvd is 46609 
Packet(s) lost or reordered : 47168 was received, previous rcvd is 47077 
Packet(s) lost or reordered : 47637 was received, previous rcvd is 47572 
Packet(s) lost or reordered : 48107 was received, previous rcvd is 48041 
Packet(s) lost or reordered : 48576 was received, previous rcvd is 48511 
Packet(s) lost or reordered : 49045 was received, previous rcvd is 48980 
Packet(s) lost or reordered : 49515 was received, previous rcvd is 49422 
Packet(s) lost or reordered : 49985 was received, previous rcvd is 49919 
Packet(s) lost or reordered : 50455 was received, previous rcvd is 50389 
Packet(s) lost or reordered : 50925 was received, previous rcvd is 50859 
Packet(s) lost or reordered : 51396 was received, previous rcvd is 51302 
Packet(s) lost or reordered : 51867 was received, previous rcvd is 51827 
Packet(s) lost or reordered : 52338 was received, previous rcvd is 52244 
Packet(s) lost or reordered : 52809 was received, previous rcvd is 52742 
Packet(s) lost or reordered : 53281 was received, previous rcvd is 53186 
Packet(s) lost or reordered : 53753 was received, previous rcvd is 53712 
Packet(s) lost or reordered : 54226 was received, previous rcvd is 54130 
Packet(s) lost or reordered : 54699 was received, previous rcvd is 54630 
Packet(s) lost or reordered : 55172 was received, previous rcvd is 55103 
Packet(s) lost or reordered : 55645 was received, previous rcvd is 55549 
Packet(s) lost or reordered : 56118 was received, previous rcvd is 56076 
Packet(s) lost or reordered : 56592 was received, previous rcvd is 56495 
Packet(s) lost or reordered : 57066 was received, previous rcvd is 56969 
Packet(s) lost or reordered : 57540 was received, previous rcvd is 57470 
Packet(s) lost or reordered : 58014 was received, previous rcvd is 57971 
Packet(s) lost or reordered : 58489 was received, previous rcvd is 58391 
Packet(s) lost or reordered : 58964 was received, previous rcvd is 58893 
Packet(s) lost or reordered : 59439 was received, previous rcvd is 59341 
Packet(s) lost or reordered : 59915 was received, previous rcvd is 59843 
Packet(s) lost or reordered : 60391 was received, previous rcvd is 60346 
Packet(s) lost or reordered : 60867 was received, previous rcvd is 60741 
Packet(s) lost or reordered : 61343 was received, previous rcvd is 61298 
Packet(s) lost or reordered : 61819 was received, previous rcvd is 61720 
Packet(s) lost or reordered : 62296 was received, previous rcvd is 62250 
Packet(s) lost or reordered : 62773 was received, previous rcvd is 62673 
Packet(s) lost or reordered : 63251 was received, previous rcvd is 63150 
Packet(s) lost or reordered : 63729 was received, previous rcvd is 63682 
Packet(s) lost or reordered : 64207 was received, previous rcvd is 64106 
Packet(s) lost or reordered : 64632 was received, previous rcvd is 64584 
Packet(s) lost or reordered : 64685 was received, previous rcvd is 64658 
Packet(s) lost or reordered : 65164 was received, previous rcvd is 65089 
Packet(s) lost or reordered :   107 was received, previous rcvd is     5 
Packet(s) lost or reordered :   586 was received, previous rcvd is   511 
Packet(s) lost or reordered :  1066 was received, previous rcvd is   990 
Packet(s) lost or reordered :  1546 was received, previous rcvd is  1443 
Packet(s) lost or reordered :  2026 was received, previous rcvd is  1977 
Packet(s) lost or reordered :  2506 was received, previous rcvd is  2430 
Packet(s) lost or reordered :  2987 was received, previous rcvd is  2883 
Packet(s) lost or reordered :  3468 was received, previous rcvd is  3391 
Packet(s) lost or reordered :  3950 was received, previous rcvd is  3845 
Packet(s) lost or reordered :  4432 was received, previous rcvd is  4381 
Packet(s) lost or reordered :  4915 was received, previous rcvd is  4809 
Packet(s) lost or reordered :  5318 was received, previous rcvd is  5292 
Packet(s) lost or reordered :  5380 was received, previous rcvd is  5318 
Packet(s) lost or reordered :  5880 was received, previous rcvd is  5810 
Packet(s) lost or reordered :  6363 was received, previous rcvd is  6257 
Packet(s) lost or reordered :  6847 was received, previous rcvd is  6794 
Packet(s) lost or reordered :  7331 was received, previous rcvd is  7230 
Packet(s) lost or reordered :  7815 was received, previous rcvd is  7720 
Packet(s) lost or reordered :  8299 was received, previous rcvd is  8204 
Packet(s) lost or reordered :  8784 was received, previous rcvd is  8706 
Packet(s) lost or reordered :  9270 was received, previous rcvd is  9188 
Packet(s) lost or reordered :  9756 was received, previous rcvd is  9689 
Packet(s) lost or reordered : 10242 was received, previous rcvd is 10143 
Packet(s) lost or reordered : 10728 was received, previous rcvd is 10631 
Packet(s) lost or reordered : 11215 was received, previous rcvd is 11121 
Packet(s) lost or reordered : 11702 was received, previous rcvd is 11606 
Packet(s) lost or reordered : 12189 was received, previous rcvd is 12093 
Packet(s) lost or reordered : 12677 was received, previous rcvd is 12608 
Packet(s) lost or reordered : 13165 was received, previous rcvd is 13068 
Packet(s) lost or reordered : 13654 was received, previous rcvd is 13584 
Packet(s) lost or reordered : 14143 was received, previous rcvd is 14045 
Packet(s) lost or reordered : 14632 was received, previous rcvd is 14534 
Packet(s) lost or reordered : 15122 was received, previous rcvd is 15023 
Packet(s) lost or reordered : 15612 was received, previous rcvd is 15513 
Packet(s) lost or reordered : 16103 was received, previous rcvd is 16031 
Packet(s) lost or reordered : 16594 was received, previous rcvd is 16494 
Packet(s) lost or reordered : 17085 was received, previous rcvd is 16985 
Packet(s) lost or reordered : 17577 was received, previous rcvd is 17476 
Packet(s) lost or reordered : 18069 was received, previous rcvd is 17996 
Packet(s) lost or reordered : 18561 was received, previous rcvd is 18460 
Packet(s) lost or reordered : 19054 was received, previous rcvd is 18952 
Packet(s) lost or reordered : 19547 was received, previous rcvd is 19445 
Packet(s) lost or reordered : 20041 was received, previous rcvd is 19938 
Packet(s) lost or reordered : 20535 was received, previous rcvd is 20460 
Packet(s) lost or reordered : 21029 was received, previous rcvd is 20926 
Packet(s) lost or reordered : 21524 was received, previous rcvd is 21448 
Packet(s) lost or reordered : 22019 was received, previous rcvd is 21887 
Packet(s) lost or reordered : 22514 was received, previous rcvd is 22438 
Packet(s) lost or reordered : 23010 was received, previous rcvd is 22905 
Packet(s) lost or reordered : 23506 was received, previous rcvd is 23401 
Packet(s) lost or reordered : 24003 was received, previous rcvd is 23897 
Packet(s) lost or reordered : 24500 was received, previous rcvd is 24394 
Packet(s) lost or reordered : 24997 was received, previous rcvd is 24919 
Packet(s) lost or reordered : 25495 was received, previous rcvd is 25388 
Packet(s) lost or reordered : 25993 was received, previous rcvd is 25886 
Packet(s) lost or reordered : 26388 was received, previous rcvd is 26384 
Packet(s) lost or reordered : 26392 was received, previous rcvd is 26389 
Packet(s) lost or reordered : 26396 was received, previous rcvd is 26392 
Packet(s) lost or reordered : 26492 was received, previous rcvd is 26420 
Packet(s) lost or reordered : 26991 was received, previous rcvd is 26883 
Packet(s) lost or reordered : 27433 was received, previous rcvd is 27382 
Packet(s) lost or reordered : 27491 was received, previous rcvd is 27433 
Packet(s) lost or reordered : 27991 was received, previous rcvd is 27881 
Packet(s) lost or reordered : 28492 was received, previous rcvd is 28410 
Packet(s) lost or reordered : 28993 was received, previous rcvd is 28883 
Packet(s) lost or reordered : 29494 was received, previous rcvd is 29384 
Packet(s) lost or reordered : 29996 was received, previous rcvd is 29885 
Packet(s) lost or reordered : 30498 was received, previous rcvd is 30387 
Packet(s) lost or reordered : 31001 was received, previous rcvd is 30889 
Packet(s) lost or reordered : 31504 was received, previous rcvd is 31420 
Packet(s) lost or reordered : 32008 was received, previous rcvd is 31895 
Packet(s) lost or reordered : 32512 was received, previous rcvd is 32411 
Packet(s) lost or reordered : 33017 was received, previous rcvd is 32917 
Packet(s) lost or reordered : 33522 was received, previous rcvd is 33393 
Packet(s) lost or reordered : 34028 was received, previous rcvd is 33927 
Packet(s) lost or reordered : 34534 was received, previous rcvd is 34433 
Packet(s) lost or reordered : 35041 was received, previous rcvd is 34939 
Packet(s) lost or reordered : 35548 was received, previous rcvd is 35446 
Packet(s) lost or reordered : 36055 was received, previous rcvd is 35948 
Packet(s) lost or reordered : 36563 was received, previous rcvd is 36457 
Packet(s) lost or reordered : 37071 was received, previous rcvd is 36965 
Packet(s) lost or reordered : 37580 was received, previous rcvd is 37448 
Packet(s) lost or reordered : 38090 was received, previous rcvd is 37985 
Packet(s) lost or reordered : 38600 was received, previous rcvd is 38495 
Packet(s) lost or reordered : 39110 was received, previous rcvd is 38980 
Packet(s) lost or reordered : 39621 was received, previous rcvd is 39525 
Packet(s) lost or reordered : 40132 was received, previous rcvd is 40000 
Packet(s) lost or reordered : 40644 was received, previous rcvd is 40537 
Packet(s) lost or reordered : 41156 was received, previous rcvd is 41049 
Packet(s) lost or reordered : 41637 was received, previous rcvd is 41532 
Packet(s) lost or reordered : 41668 was received, previous rcvd is 41637 
Packet(s) lost or reordered : 42182 was received, previous rcvd is 42072 
Packet(s) lost or reordered : 42696 was received, previous rcvd is 42587 
Packet(s) lost or reordered : 43210 was received, previous rcvd is 43072 
Packet(s) lost or reordered : 43724 was received, previous rcvd is 43615 
Packet(s) lost or reordered : 44239 was received, previous rcvd is 44129 
Packet(s) lost or reordered : 44754 was received, previous rcvd is 44644 
Packet(s) lost or reordered : 45270 was received, previous rcvd is 45159 
Packet(s) lost or reordered : 45786 was received, previous rcvd is 45646 
Packet(s) lost or reordered : 46303 was received, previous rcvd is 46191 
Packet(s) lost or reordered : 46820 was received, previous rcvd is 46708 
Packet(s) lost or reordered : 47338 was received, previous rcvd is 47196 
Packet(s) lost or reordered : 47857 was received, previous rcvd is 47772 
Packet(s) lost or reordered : 48376 was received, previous rcvd is 48233 
Packet(s) lost or reordered : 48896 was received, previous rcvd is 48781 
Packet(s) lost or reordered : 49417 was received, previous rcvd is 49301 
Packet(s) lost or reordered : 49939 was received, previous rcvd is 49822 
Packet(s) lost or reordered : 50460 was received, previous rcvd is 50327 
Packet(s) lost or reordered : 50982 was received, previous rcvd is 50849 
Packet(s) lost or reordered : 51504 was received, previous rcvd is 51371 
Packet(s) lost or reordered : 52027 was received, previous rcvd is 51923 
Packet(s) lost or reordered : 52550 was received, previous rcvd is 52416 
Packet(s) lost or reordered : 53074 was received, previous rcvd is 52939 
Packet(s) lost or reordered : 53598 was received, previous rcvd is 53493 
Packet(s) lost or reordered : 54123 was received, previous rcvd is 53987 
Packet(s) lost or reordered : 54649 was received, previous rcvd is 54512 
Packet(s) lost or reordered : 55176 was received, previous rcvd is 55068 
Packet(s) lost or reordered : 55703 was received, previous rcvd is 55565 
Packet(s) lost or reordered : 56230 was received, previous rcvd is 56092 
Packet(s) lost or reordered : 56758 was received, previous rcvd is 56619 
Packet(s) lost or reordered : 57286 was received, previous rcvd is 57177 
Packet(s) lost or reordered : 57815 was received, previous rcvd is 57675 
Packet(s) lost or reordered : 58345 was received, previous rcvd is 58204 
Packet(s) lost or reordered : 58761 was received, previous rcvd is 58734 
Packet(s) lost or reordered : 58875 was received, previous rcvd is 58790 
Packet(s) lost or reordered : 59406 was received, previous rcvd is 59264 
Packet(s) lost or reordered : 59938 was received, previous rcvd is 59795 
Packet(s) lost or reordered : 60470 was received, previous rcvd is 60327 
Packet(s) lost or reordered : 61003 was received, previous rcvd is 60895 
Packet(s) lost or reordered : 61536 was received, previous rcvd is 61398 
Packet(s) lost or reordered : 62070 was received, previous rcvd is 61931 
Packet(s) lost or reordered : 62604 was received, previous rcvd is 62463 
Packet(s) lost or reordered : 63139 was received, previous rcvd is 62993 
Packet(s) lost or reordered : 63675 was received, previous rcvd is 63528 
Packet(s) lost or reordered : 64127 was received, previous rcvd is 64067 
Packet(s) lost or reordered : 64130 was received, previous rcvd is 64127 
Packet(s) lost or reordered : 64211 was received, previous rcvd is 64161 
Packet(s) lost or reordered : 64748 was received, previous rcvd is 64606 
Packet(s) lost or reordered : 65285 was received, previous rcvd is 65140 
Packet(s) lost or reordered :   287 was received, previous rcvd is   138 
Packet(s) lost or reordered :   825 was received, previous rcvd is   676 
Packet(s) lost or reordered :  1365 was received, previous rcvd is  1214 
Packet(s) lost or reordered :  1905 was received, previous rcvd is  1766 
Packet(s) lost or reordered :  2446 was received, previous rcvd is  2338 
Packet(s) lost or reordered :  2987 was received, previous rcvd is  2817 
Packet(s) lost or reordered :  3528 was received, previous rcvd is  3389 
Packet(s) lost or reordered :  4071 was received, previous rcvd is  3930 
Packet(s) lost or reordered :  4614 was received, previous rcvd is  4473 
Packet(s) lost or reordered :  5157 was received, previous rcvd is  5016 
Packet(s) lost or reordered :  5703 was received, previous rcvd is  5528 
Packet(s) lost or reordered :  6247 was received, previous rcvd is  6105 
Packet(s) lost or reordered :  6667 was received, previous rcvd is  6649 
Packet(s) lost or reordered :  6793 was received, previous rcvd is  6697 
Packet(s) lost or reordered :  7339 was received, previous rcvd is  7164 
Packet(s) lost or reordered :  7885 was received, previous rcvd is  7741 
Packet(s) lost or reordered :  8432 was received, previous rcvd is  8287 
Packet(s) lost or reordered :  8980 was received, previous rcvd is  8834 
Packet(s) lost or reordered :  9528 was received, previous rcvd is  9382 
Packet(s) lost or reordered : 10077 was received, previous rcvd is  9899 
Packet(s) lost or reordered : 10626 was received, previous rcvd is 10510 
Packet(s) lost or reordered : 11176 was received, previous rcvd is 10997 
Packet(s) lost or reordered : 11727 was received, previous rcvd is 11578 
Packet(s) lost or reordered : 12278 was received, previous rcvd is 12129 
Packet(s) lost or reordered : 12830 was received, previous rcvd is 12680 
Packet(s) lost or reordered : 13382 was received, previous rcvd is 13232 
Packet(s) lost or reordered : 13825 was received, previous rcvd is 13753 
Packet(s) lost or reordered : 13935 was received, previous rcvd is 13855 
Packet(s) lost or reordered : 14452 was received, previous rcvd is 14306 
Packet(s) lost or reordered : 14489 was received, previous rcvd is 14482 
Packet(s) lost or reordered : 15043 was received, previous rcvd is 14860 
Packet(s) lost or reordered : 15598 was received, previous rcvd is 15445 
Packet(s) lost or reordered : 16154 was received, previous rcvd is 16000 
Packet(s) lost or reordered : 16710 was received, previous rcvd is 16556 
Packet(s) lost or reordered : 17267 was received, previous rcvd is 17112 
Packet(s) lost or reordered : 17825 was received, previous rcvd is 17669 
Packet(s) lost or reordered : 18383 was received, previous rcvd is 18206 
Packet(s) lost or reordered : 18785 was received, previous rcvd is 18766 
Packet(s) lost or reordered : 18942 was received, previous rcvd is 18816 
Packet(s) lost or reordered : 19502 was received, previous rcvd is 19325 
Packet(s) lost or reordered : 20062 was received, previous rcvd is 19885 
Packet(s) lost or reordered : 20623 was received, previous rcvd is 20477 
Packet(s) lost or reordered : 21184 was received, previous rcvd is 21006 
Packet(s) lost or reordered : 21746 was received, previous rcvd is 21599 
Packet(s) lost or reordered : 22309 was received, previous rcvd is 22129 
Packet(s) lost or reordered : 22872 was received, previous rcvd is 22724 
Packet(s) lost or reordered : 23436 was received, previous rcvd is 23255 
Packet(s) lost or reordered : 24001 was received, previous rcvd is 23851 
Packet(s) lost or reordered : 24567 was received, previous rcvd is 24384 
Packet(s) lost or reordered : 25133 was received, previous rcvd is 24950 
Packet(s) lost or reordered : 25700 was received, previous rcvd is 25548 
Packet(s) lost or reordered : 26268 was received, previous rcvd is 26083 
Packet(s) lost or reordered : 26836 was received, previous rcvd is 26683 
Packet(s) lost or reordered : 27405 was received, previous rcvd is 27219 
Packet(s) lost or reordered : 27975 was received, previous rcvd is 27821 
Packet(s) lost or reordered : 28546 was received, previous rcvd is 28359 
Packet(s) lost or reordered : 29117 was received, previous rcvd is 28932 
Packet(s) lost or reordered : 29690 was received, previous rcvd is 29532 
Packet(s) lost or reordered : 30263 was received, previous rcvd is 30073 
Packet(s) lost or reordered : 30836 was received, previous rcvd is 30679 
Packet(s) lost or reordered : 31410 was received, previous rcvd is 31220 
Packet(s) lost or reordered : 31984 was received, previous rcvd is 31828 
Packet(s) lost or reordered : 32559 was received, previous rcvd is 32367 
Packet(s) lost or reordered : 33029 was received, previous rcvd is 32953 
Packet(s) lost or reordered : 33040 was received, previous rcvd is 33029 
Packet(s) lost or reordered : 33136 was received, previous rcvd is 33071 
Packet(s) lost or reordered : 33303 was received, previous rcvd is 33289 
Packet(s) lost or reordered : 33522 was received, previous rcvd is 33498 
Packet(s) lost or reordered : 33713 was received, previous rcvd is 33554 
Packet(s) lost or reordered : 34198 was received, previous rcvd is 34075 
Packet(s) lost or reordered : 34290 was received, previous rcvd is 34230 
Packet(s) lost or reordered : 34867 was received, previous rcvd is 34685 
Packet(s) lost or reordered : 35445 was received, previous rcvd is 35229 
Packet(s) lost or reordered : 36023 was received, previous rcvd is 35873 
Packet(s) lost or reordered : 36602 was received, previous rcvd is 36418 
Packet(s) lost or reordered : 37181 was received, previous rcvd is 36997 
Packet(s) lost or reordered : 37761 was received, previous rcvd is 37576 
Packet(s) lost or reordered : 38341 was received, previous rcvd is 38156 
Packet(s) lost or reordered : 57509 was received, previous rcvd is 57484 
Packet(s) lost or reordered : 58741 was received, previous rcvd is 58704 
Packet(s) lost or reordered : 59563 was received, previous rcvd is 59545 
Packet(s) lost or reordered : 59974 was received, previous rcvd is 59953 
Packet(s) lost or reordered : 60796 was received, previous rcvd is 60778 
Packet(s) lost or reordered : 61618 was received, previous rcvd is 61600 
Packet(s) lost or reordered : 62029 was received, previous rcvd is 62008 
Packet(s) lost or reordered : 62852 was received, previous rcvd is 62833 
Packet(s) lost or reordered : 63264 was received, previous rcvd is 63261 
Packet(s) lost or reordered : 63676 was received, previous rcvd is 63653 
Packet(s) lost or reordered : 64088 was received, previous rcvd is 64065 
Packet(s) lost or reordered : 64500 was received, previous rcvd is 64484 
Packet(s) lost or reordered :   202 was received, previous rcvd is   178 
Packet(s) lost or reordered :   615 was received, previous rcvd is   591 
Packet(s) lost or reordered :  1028 was received, previous rcvd is  1025 
Packet(s) lost or reordered :  1441 was received, previous rcvd is  1411 
Packet(s) lost or reordered :  1854 was received, previous rcvd is  1848 
Packet(s) lost or reordered :  2268 was received, previous rcvd is  2261 
Packet(s) lost or reordered :  2682 was received, previous rcvd is  2651 
Packet(s) lost or reordered :  3096 was received, previous rcvd is  3065 
Packet(s) lost or reordered :  3510 was received, previous rcvd is  3503 
Packet(s) lost or reordered :  3924 was received, previous rcvd is  3917 
Packet(s) lost or reordered :  4338 was received, previous rcvd is  4331 
Packet(s) lost or reordered :  4753 was received, previous rcvd is  4721 
Packet(s) lost or reordered :  5168 was received, previous rcvd is  5160 
Packet(s) lost or reordered :  5583 was received, previous rcvd is  5551 
Packet(s) lost or reordered :  5998 was received, previous rcvd is  5990 
Packet(s) lost or reordered :  6414 was received, previous rcvd is  6381 
Packet(s) lost or reordered :  6830 was received, previous rcvd is  6821 
Packet(s) lost or reordered :  7246 was received, previous rcvd is  7237 
Packet(s) lost or reordered :  7662 was received, previous rcvd is  7653 
Packet(s) lost or reordered :  8078 was received, previous rcvd is  8045 
Packet(s) lost or reordered :  8463 was received, previous rcvd is  8461 
Packet(s) lost or reordered :  8494 was received, previous rcvd is  8463 
Packet(s) lost or reordered :  8911 was received, previous rcvd is  8900 
Packet(s) lost or reordered :  9328 was received, previous rcvd is  9318 
Packet(s) lost or reordered :  9745 was received, previous rcvd is  9711 
Packet(s) lost or reordered : 10163 was received, previous rcvd is 10152 
Packet(s) lost or reordered : 10580 was received, previous rcvd is 10570 
Packet(s) lost or reordered : 10998 was received, previous rcvd is 10963 
Packet(s) lost or reordered : 11416 was received, previous rcvd is 11405 
Packet(s) lost or reordered : 11835 was received, previous rcvd is 11823 
Packet(s) lost or reordered : 12253 was received, previous rcvd is 12218 
Packet(s) lost or reordered : 12672 was received, previous rcvd is 12636 
Packet(s) lost or reordered : 13091 was received, previous rcvd is 13079 
Packet(s) lost or reordered : 13510 was received, previous rcvd is 13498 
Packet(s) lost or reordered : 13929 was received, previous rcvd is 13917 
Packet(s) lost or reordered : 14349 was received, previous rcvd is 14312 
Packet(s) lost or reordered : 14769 was received, previous rcvd is 14756 
Packet(s) lost or reordered : 15190 was received, previous rcvd is 15152 
Packet(s) lost or reordered : 15610 was received, previous rcvd is 15597 
Packet(s) lost or reordered : 16031 was received, previous rcvd is 16017 
Packet(s) lost or reordered : 16452 was received, previous rcvd is 16414 
Packet(s) lost or reordered : 16873 was received, previous rcvd is 16859 
Packet(s) lost or reordered : 17293 was received, previous rcvd is 17256 
Packet(s) lost or reordered : 17715 was received, previous rcvd is 17700 
Packet(s) lost or reordered : 18107 was received, previous rcvd is 18098 
Packet(s) lost or reordered : 18137 was received, previous rcvd is 18130 
Packet(s) lost or reordered : 18559 was received, previous rcvd is 18520 
Packet(s) lost or reordered : 18982 was received, previous rcvd is 18966 
Packet(s) lost or reordered : 19405 was received, previous rcvd is 19365 
Packet(s) lost or reordered : 19828 was received, previous rcvd is 19812 
Packet(s) lost or reordered : 20251 was received, previous rcvd is 20235 
Packet(s) lost or reordered : 20674 was received, previous rcvd is 20658 
Packet(s) lost or reordered : 21098 was received, previous rcvd is 21057 
Packet(s) lost or reordered : 21487 was received, previous rcvd is 21481 
Packet(s) lost or reordered : 21500 was received, previous rcvd is 21498 
Packet(s) lost or reordered : 21503 was received, previous rcvd is 21500 
Packet(s) lost or reordered : 21522 was received, previous rcvd is 21503 
Packet(s) lost or reordered : 21946 was received, previous rcvd is 21921 
Packet(s) lost or reordered : 22370 was received, previous rcvd is 22335 
Packet(s) lost or reordered : 22795 was received, previous rcvd is 22785 
Packet(s) lost or reordered : 23220 was received, previous rcvd is 23182 
Packet(s) lost or reordered : 23645 was received, previous rcvd is 23627 
Packet(s) lost or reordered : 24071 was received, previous rcvd is 24031 
Packet(s) lost or reordered : 24497 was received, previous rcvd is 24486 
Packet(s) lost or reordered : 24924 was received, previous rcvd is 24886 
Packet(s) lost or reordered : 25351 was received, previous rcvd is 25309 
Packet(s) lost or reordered : 25778 was received, previous rcvd is 25758 
Packet(s) lost or reordered : 26205 was received, previous rcvd is 26161 
Packet(s) lost or reordered : 26633 was received, previous rcvd is 26612 
Packet(s) lost or reordered : 27061 was received, previous rcvd is 27040 
Packet(s) lost or reordered : 27489 was received, previous rcvd is 27444 
Packet(s) lost or reordered : 27918 was received, previous rcvd is 27896 
Packet(s) lost or reordered : 28347 was received, previous rcvd is 28325 
Packet(s) lost or reordered : 28776 was received, previous rcvd is 28730 
Packet(s) lost or reordered : 29205 was received, previous rcvd is 29183 
Packet(s) lost or reordered : 29635 was received, previous rcvd is 29612 
Packet(s) lost or reordered : 30065 was received, previous rcvd is 30018 
Packet(s) lost or reordered : 30496 was received, previous rcvd is 30472 
Packet(s) lost or reordered : 30927 was received, previous rcvd is 30903 
Packet(s) lost or reordered : 31358 was received, previous rcvd is 31310 
Packet(s) lost or reordered : 31790 was received, previous rcvd is 31765 
Packet(s) lost or reordered : 32222 was received, previous rcvd is 32162 
Packet(s) lost or reordered : 32655 was received, previous rcvd is 32646 
Packet(s) lost or reordered : 33088 was received, previous rcvd is 33029 
Packet(s) lost or reordered : 33521 was received, previous rcvd is 33487 
Packet(s) lost or reordered : 33955 was received, previous rcvd is 33945 
Packet(s) lost or reordered : 34389 was received, previous rcvd is 34329 
Packet(s) lost or reordered : 34790 was received, previous rcvd is 34788 
Packet(s) lost or reordered : 34817 was received, previous rcvd is 34790 
Packet(s) lost or reordered : 34823 was received, previous rcvd is 34817 
Packet(s) lost or reordered : 35258 was received, previous rcvd is 35220 
Packet(s) lost or reordered : 35692 was received, previous rcvd is 35657 
Packet(s) lost or reordered : 36127 was received, previous rcvd is 36091 
Packet(s) lost or reordered : 36562 was received, previous rcvd is 36526 
Packet(s) lost or reordered : 36997 was received, previous rcvd is 36961 
Packet(s) lost or reordered : 37433 was received, previous rcvd is 37396 
Packet(s) lost or reordered : 37869 was received, previous rcvd is 37832 
Packet(s) lost or reordered : 38305 was received, previous rcvd is 38268 
Packet(s) lost or reordered : 38742 was received, previous rcvd is 38704 
Packet(s) lost or reordered : 39180 was received, previous rcvd is 39141 
Packet(s) lost or reordered : 39618 was received, previous rcvd is 39579 
Packet(s) lost or reordered : 40056 was received, previous rcvd is 40017 
Packet(s) lost or reordered : 40495 was received, previous rcvd is 40455 
Packet(s) lost or reordered : 40934 was received, previous rcvd is 40894 
Packet(s) lost or reordered : 41374 was received, previous rcvd is 41333 
Packet(s) lost or reordered : 41814 was received, previous rcvd is 41773 
Packet(s) lost or reordered : 42254 was received, previous rcvd is 42213 
Packet(s) lost or reordered : 42694 was received, previous rcvd is 42653 
Packet(s) lost or reordered : 43135 was received, previous rcvd is 43093 
Packet(s) lost or reordered : 43576 was received, previous rcvd is 43534 
Packet(s) lost or reordered : 43981 was received, previous rcvd is 43950 
Packet(s) lost or reordered : 44017 was received, previous rcvd is 44005 
Packet(s) lost or reordered : 44459 was received, previous rcvd is 44391 
Packet(s) lost or reordered : 44901 was received, previous rcvd is 44858 
Packet(s) lost or reordered : 45343 was received, previous rcvd is 45300 
Packet(s) lost or reordered : 45786 was received, previous rcvd is 45742 
Packet(s) lost or reordered : 46229 was received, previous rcvd is 46185 
Packet(s) lost or reordered : 46673 was received, previous rcvd is 46628 
Packet(s) lost or reordered : 47117 was received, previous rcvd is 47072 
Packet(s) lost or reordered : 47561 was received, previous rcvd is 47516 
Packet(s) lost or reordered : 48006 was received, previous rcvd is 47960 
Packet(s) lost or reordered : 48451 was received, previous rcvd is 48405 
Packet(s) lost or reordered : 48897 was received, previous rcvd is 48850 
Packet(s) lost or reordered : 49343 was received, previous rcvd is 49296 
Packet(s) lost or reordered : 49790 was received, previous rcvd is 49742 
Packet(s) lost or reordered : 50237 was received, previous rcvd is 50189 
Packet(s) lost or reordered : 50684 was received, previous rcvd is 50636 
Packet(s) lost or reordered : 51133 was received, previous rcvd is 51083 
Packet(s) lost or reordered : 51581 was received, previous rcvd is 51532 
Packet(s) lost or reordered : 52030 was received, previous rcvd is 51980 
Packet(s) lost or reordered : 52455 was received, previous rcvd is 52404 
Packet(s) lost or reordered : 52916 was received, previous rcvd is 52854 
Packet(s) lost or reordered : 53379 was received, previous rcvd is 53303 
Packet(s) lost or reordered : 53830 was received, previous rcvd is 53796 
Packet(s) lost or reordered : 54281 was received, previous rcvd is 54221 
Packet(s) lost or reordered : 54732 was received, previous rcvd is 54672 
Packet(s) lost or reordered : 55184 was received, previous rcvd is 55124 
Packet(s) lost or reordered : 55637 was received, previous rcvd is 55599 
Packet(s) lost or reordered : 56090 was received, previous rcvd is 56026 
Packet(s) lost or reordered : 56544 was received, previous rcvd is 56509 
Packet(s) lost or reordered : 56998 was received, previous rcvd is 56907 
Packet(s) lost or reordered : 57453 was received, previous rcvd is 57417 
Packet(s) lost or reordered : 57908 was received, previous rcvd is 57842 
Packet(s) lost or reordered : 58364 was received, previous rcvd is 58323 
Packet(s) lost or reordered : 58820 was received, previous rcvd is 58753 
Packet(s) lost or reordered : 59234 was received, previous rcvd is 59209 
Packet(s) lost or reordered : 59236 was received, previous rcvd is 59234 
Packet(s) lost or reordered : 59277 was received, previous rcvd is 59260 
Packet(s) lost or reordered : 59734 was received, previous rcvd is 59666 
Packet(s) lost or reordered : 60192 was received, previous rcvd is 60123 
Packet(s) lost or reordered : 60650 was received, previous rcvd is 60581 
Packet(s) lost or reordered : 61109 was received, previous rcvd is 61065 
Packet(s) lost or reordered : 61568 was received, previous rcvd is 61498 
Packet(s) lost or reordered : 62027 was received, previous rcvd is 61957 
Packet(s) lost or reordered : 62487 was received, previous rcvd is 62442 
Packet(s) lost or reordered : 62948 was received, previous rcvd is 62876 
Packet(s) lost or reordered : 63409 was received, previous rcvd is 63337 
Packet(s) lost or reordered : 63871 was received, previous rcvd is 63798 
Packet(s) lost or reordered : 64333 was received, previous rcvd is 64286 
Packet(s) lost or reordered : 64796 was received, previous rcvd is 64722 
Packet(s) lost or reordered : 65259 was received, previous rcvd is 65211 
Packet(s) lost or reordered :   187 was received, previous rcvd is   112 
Packet(s) lost or reordered :   651 was received, previous rcvd is   576 
Packet(s) lost or reordered :  1116 was received, previous rcvd is  1040 
Packet(s) lost or reordered :  1581 was received, previous rcvd is  1531 
Packet(s) lost or reordered :  2047 was received, previous rcvd is  1970 
Packet(s) lost or reordered :  2513 was received, previous rcvd is  2462 
Packet(s) lost or reordered :  2980 was received, previous rcvd is  2902 
Packet(s) lost or reordered :  3447 was received, previous rcvd is  3369 
Packet(s) lost or reordered :  3915 was received, previous rcvd is  3862 
Packet(s) lost or reordered :  4383 was received, previous rcvd is  4318 
Packet(s) lost or reordered :  4852 was received, previous rcvd is  4760 
Packet(s) lost or reordered :  5321 was received, previous rcvd is  5256 
Packet(s) lost or reordered :  5791 was received, previous rcvd is  5725 
Packet(s) lost or reordered :  6262 was received, previous rcvd is  6168 
Packet(s) lost or reordered :  6734 was received, previous rcvd is  6693 
Packet(s) lost or reordered :  7206 was received, previous rcvd is  7111 
Packet(s) lost or reordered :  7678 was received, previous rcvd is  7610 
Packet(s) lost or reordered :  8151 was received, previous rcvd is  8055 
Packet(s) lost or reordered :  8625 was received, previous rcvd is  8582 
Packet(s) lost or reordered :  9004 was received, previous rcvd is  9002 
Packet(s) lost or reordered :  9099 was received, previous rcvd is  9030 
Packet(s) lost or reordered :  9573 was received, previous rcvd is  9476 
Packet(s) lost or reordered : 10048 was received, previous rcvd is  9950 
Packet(s) lost or reordered : 10524 was received, previous rcvd is 10452 
Packet(s) lost or reordered : 11001 was received, previous rcvd is 10928 
Packet(s) lost or reordered : 11478 was received, previous rcvd is 11405 
Packet(s) lost or reordered : 11956 was received, previous rcvd is 11855 
Packet(s) lost or reordered : 12434 was received, previous rcvd is 12360 
Packet(s) lost or reordered : 12913 was received, previous rcvd is 12838 
Packet(s) lost or reordered : 13392 was received, previous rcvd is 13317 
Packet(s) lost or reordered : 13871 was received, previous rcvd is 13769 
Packet(s) lost or reordered : 14351 was received, previous rcvd is 14302 
Packet(s) lost or reordered : 14832 was received, previous rcvd is 14728 
Packet(s) lost or reordered : 15313 was received, previous rcvd is 15236 
Packet(s) lost or reordered : 15795 was received, previous rcvd is 15717 
Packet(s) lost or reordered : 16277 was received, previous rcvd is 16172 
Packet(s) lost or reordered : 16760 was received, previous rcvd is 16708 
Packet(s) lost or reordered : 17244 was received, previous rcvd is 17137 
Packet(s) lost or reordered : 17728 was received, previous rcvd is 17621 
Packet(s) lost or reordered : 18155 was received, previous rcvd is 18132 
Packet(s) lost or reordered : 18213 was received, previous rcvd is 18181 
Packet(s) lost or reordered : 18698 was received, previous rcvd is 18617 
Packet(s) lost or reordered : 19184 was received, previous rcvd is 19088 
Packet(s) lost or reordered : 19671 was received, previous rcvd is 19575 
Packet(s) lost or reordered : 20158 was received, previous rcvd is 20062 
Packet(s) lost or reordered : 20646 was received, previous rcvd is 20545 
Packet(s) lost or reordered : 21135 was received, previous rcvd is 21065 
Packet(s) lost or reordered : 21624 was received, previous rcvd is 21528 
Packet(s) lost or reordered : 22114 was received, previous rcvd is 22015 
Packet(s) lost or reordered : 22604 was received, previous rcvd is 22505 
Packet(s) lost or reordered : 23095 was received, previous rcvd is 23020 
Packet(s) lost or reordered : 23587 was received, previous rcvd is 23514 
Packet(s) lost or reordered : 24079 was received, previous rcvd is 23980 
Packet(s) lost or reordered : 24572 was received, previous rcvd is 24442 
Packet(s) lost or reordered : 25066 was received, previous rcvd is 24991 
Packet(s) lost or reordered : 25560 was received, previous rcvd is 25457 
Packet(s) lost or reordered : 26055 was received, previous rcvd is 25951 
Packet(s) lost or reordered : 26550 was received, previous rcvd is 26474 
Packet(s) lost or reordered : 27046 was received, previous rcvd is 26941 
Packet(s) lost or reordered : 27542 was received, previous rcvd is 27437 
Packet(s) lost or reordered : 28039 was received, previous rcvd is 27933 
Packet(s) lost or reordered : 28537 was received, previous rcvd is 28430 
Packet(s) lost or reordered : 29035 was received, previous rcvd is 28956 
Packet(s) lost or reordered : 29534 was received, previous rcvd is 29426 
Packet(s) lost or reordered : 30034 was received, previous rcvd is 29953 
Packet(s) lost or reordered : 30534 was received, previous rcvd is 30397 
Packet(s) lost or reordered : 31035 was received, previous rcvd is 30953 
Packet(s) lost or reordered : 31537 was received, previous rcvd is 31426 
Packet(s) lost or reordered : 31989 was received, previous rcvd is 31928 
Packet(s) lost or reordered : 32039 was received, previous rcvd is 32016 
Packet(s) lost or reordered : 32542 was received, previous rcvd is 32430 
Packet(s) lost or reordered : 33046 was received, previous rcvd is 32933 
Packet(s) lost or reordered : 33473 was received, previous rcvd is 33421 
Packet(s) lost or reordered : 33550 was received, previous rcvd is 33501 
Packet(s) lost or reordered : 34055 was received, previous rcvd is 33926 
Packet(s) lost or reordered : 34561 was received, previous rcvd is 34460 
Packet(s) lost or reordered : 35068 was received, previous rcvd is 34937 
Packet(s) lost or reordered : 35575 was received, previous rcvd is 35473 
Packet(s) lost or reordered : 36083 was received, previous rcvd is 35980 
Packet(s) lost or reordered : 36591 was received, previous rcvd is 36488 
Packet(s) lost or reordered : 37100 was received, previous rcvd is 36996 
Packet(s) lost or reordered : 37610 was received, previous rcvd is 37505 
Packet(s) lost or reordered : 38120 was received, previous rcvd is 37986 
Packet(s) lost or reordered : 38506 was received, previous rcvd is 38496 
Packet(s) lost or reordered : 38508 was received, previous rcvd is 38506 
Packet(s) lost or reordered : 38631 was received, previous rcvd is 38535 
Packet(s) lost or reordered : 39143 was received, previous rcvd is 39031 
Packet(s) lost or reordered : 39655 was received, previous rcvd is 39545 
Packet(s) lost or reordered : 40168 was received, previous rcvd is 40057 
Packet(s) lost or reordered : 40682 was received, previous rcvd is 40574 
Packet(s) lost or reordered : 41196 was received, previous rcvd is 41058 
Packet(s) lost or reordered : 41711 was received, previous rcvd is 41576 
Packet(s) lost or reordered : 42227 was received, previous rcvd is 42126 
Packet(s) lost or reordered : 42743 was received, previous rcvd is 42642 
Packet(s) lost or reordered : 43260 was received, previous rcvd is 43122 
Packet(s) lost or reordered : 43778 was received, previous rcvd is 43665 
Packet(s) lost or reordered : 44296 was received, previous rcvd is 44167 
Packet(s) lost or reordered : 44815 was received, previous rcvd is 44715 
Packet(s) lost or reordered : 45335 was received, previous rcvd is 45204 
Packet(s) lost or reordered : 45856 was received, previous rcvd is 45742 
Packet(s) lost or reordered : 46377 was received, previous rcvd is 46232 
Packet(s) lost or reordered : 46899 was received, previous rcvd is 46764 
Packet(s) lost or reordered : 47422 was received, previous rcvd is 47318 
Packet(s) lost or reordered : 47945 was received, previous rcvd is 47811 
Packet(s) lost or reordered : 48437 was received, previous rcvd is 48334 
Packet(s) lost or reordered : 48469 was received, previous rcvd is 48466 
Packet(s) lost or reordered : 48993 was received, previous rcvd is 48858 
Packet(s) lost or reordered : 49518 was received, previous rcvd is 49382 
Packet(s) lost or reordered : 50044 was received, previous rcvd is 49907 
Packet(s) lost or reordered : 50571 was received, previous rcvd is 50463 
Packet(s) lost or reordered : 51098 was received, previous rcvd is 50960 
Packet(s) lost or reordered : 51626 was received, previous rcvd is 51487 
Packet(s) lost or reordered : 52155 was received, previous rcvd is 52045 
Packet(s) lost or reordered : 52684 was received, previous rcvd is 52544 
Packet(s) lost or reordered : 53214 was received, previous rcvd is 53073 
Packet(s) lost or reordered : 53745 was received, previous rcvd is 53603 
Packet(s) lost or reordered : 54276 was received, previous rcvd is 54164 
Packet(s) lost or reordered : 54808 was received, previous rcvd is 54665 
Packet(s) lost or reordered : 55341 was received, previous rcvd is 55197 
Packet(s) lost or reordered : 55875 was received, previous rcvd is 55730 
Packet(s) lost or reordered : 56410 was received, previous rcvd is 56294 
Packet(s) lost or reordered : 56945 was received, previous rcvd is 56799 
Packet(s) lost or reordered : 57481 was received, previous rcvd is 57334 
Packet(s) lost or reordered : 58018 was received, previous rcvd is 57900 
Packet(s) lost or reordered : 58556 was received, previous rcvd is 58407 
Packet(s) lost or reordered : 59094 was received, previous rcvd is 58945 
Packet(s) lost or reordered : 59633 was received, previous rcvd is 59513 
Packet(s) lost or reordered : 60173 was received, previous rcvd is 60022 
Packet(s) lost or reordered : 60714 was received, previous rcvd is 60575 
Packet(s) lost or reordered : 61255 was received, previous rcvd is 61085 
Packet(s) lost or reordered : 61797 was received, previous rcvd is 61657 
Packet(s) lost or reordered : 62340 was received, previous rcvd is 62199 
Packet(s) lost or reordered : 62884 was received, previous rcvd is 62742 
Packet(s) lost or reordered : 63428 was received, previous rcvd is 63286 
Packet(s) lost or reordered : 63974 was received, previous rcvd is 63830 
Packet(s) lost or reordered : 64520 was received, previous rcvd is 64376 
Packet(s) lost or reordered : 65067 was received, previous rcvd is 64922 
Packet(s) lost or reordered :    79 was received, previous rcvd is 65438 
Packet(s) lost or reordered :   627 was received, previous rcvd is   481 
Packet(s) lost or reordered :  1176 was received, previous rcvd is  1029 
Packet(s) lost or reordered :  1726 was received, previous rcvd is  1578 
Packet(s) lost or reordered :  2277 was received, previous rcvd is  2128 
Packet(s) lost or reordered :  2829 was received, previous rcvd is  2679 
Packet(s) lost or reordered :  3381 was received, previous rcvd is  3231 
Packet(s) lost or reordered :  3934 was received, previous rcvd is  3783 
Packet(s) lost or reordered :  4488 was received, previous rcvd is  4305 
