socket set to IP_RECVTOS
socket SO_RCVBUF set to 20971520
Listen on port 8080 to receive RTP from sender 
.
.
Packet(s) lost or reordered : 13999 was received, previous rcvd is 13970 
Packet(s) lost or reordered : 14451 was received, previous rcvd is 14413 
Packet(s) lost or reordered : 14905 was received, previous rcvd is 14840 
Packet(s) lost or reordered : 15360 was received, previous rcvd is 15294 
Packet(s) lost or reordered : 15817 was received, previous rcvd is 15749 
Packet(s) lost or reordered : 16276 was received, previous rcvd is 16232 
Packet(s) lost or reordered : 16737 was received, previous rcvd is 16665 
Packet(s) lost or reordered : 17200 was received, previous rcvd is 17152 
Packet(s) lost or reordered : 17665 was received, previous rcvd is 17589 
Packet(s) lost or reordered : 18131 was received, previous rcvd is 18054 
Packet(s) lost or reordered : 18599 was received, previous rcvd is 18546 
Packet(s) lost or reordered : 19069 was received, previous rcvd is 18975 
Packet(s) lost or reordered : 19541 was received, previous rcvd is 19473 
Packet(s) lost or reordered : 20010 was received, previous rcvd is 19945 
Packet(s) lost or reordered : 20491 was received, previous rcvd is 20414 
Packet(s) lost or reordered : 20962 was received, previous rcvd is 20868 
Packet(s) lost or reordered : 21447 was received, previous rcvd is 21393 
Packet(s) lost or reordered : 21928 was received, previous rcvd is 21824 
Packet(s) lost or reordered : 22411 was received, previous rcvd is 22332 
Packet(s) lost or reordered : 22896 was received, previous rcvd is 22788 
Packet(s) lost or reordered : 23383 was received, previous rcvd is 23327 
Packet(s) lost or reordered : 23872 was received, previous rcvd is 23772 
Packet(s) lost or reordered : 24363 was received, previous rcvd is 24263 
Packet(s) lost or reordered : 24856 was received, previous rcvd is 24754 
Packet(s) lost or reordered : 25351 was received, previous rcvd is 25247 
Packet(s) lost or reordered : 25848 was received, previous rcvd is 25770 
Packet(s) lost or reordered : 26347 was received, previous rcvd is 26267 
Packet(s) lost or reordered : 26849 was received, previous rcvd is 26710 
Packet(s) lost or reordered : 27353 was received, previous rcvd is 27240 
Packet(s) lost or reordered : 27859 was received, previous rcvd is 27757 
Packet(s) lost or reordered : 28366 was received, previous rcvd is 28264 
Packet(s) lost or reordered : 28875 was received, previous rcvd is 28771 
Packet(s) lost or reordered : 29386 was received, previous rcvd is 29280 
Packet(s) lost or reordered : 29890 was received, previous rcvd is 29762 
Packet(s) lost or reordered : 30415 was received, previous rcvd is 30295 
Packet(s) lost or reordered : 30932 was received, previous rcvd is 30820 
Packet(s) lost or reordered : 31451 was received, previous rcvd is 31308 
Packet(s) lost or reordered : 31972 was received, previous rcvd is 31856 
Packet(s) lost or reordered : 32495 was received, previous rcvd is 32389 
Packet(s) lost or reordered : 33020 was received, previous rcvd is 32884 
Packet(s) lost or reordered : 33547 was received, previous rcvd is 33409 
Packet(s) lost or reordered : 34076 was received, previous rcvd is 33966 
Packet(s) lost or reordered : 34607 was received, previous rcvd is 34465 
Packet(s) lost or reordered : 35140 was received, previous rcvd is 34996 
Packet(s) lost or reordered : 35675 was received, previous rcvd is 35559 
Packet(s) lost or reordered : 36212 was received, previous rcvd is 36064 
Packet(s) lost or reordered : 36751 was received, previous rcvd is 36601 
Packet(s) lost or reordered : 37292 was received, previous rcvd is 37144 
Packet(s) lost or reordered : 37835 was received, previous rcvd is 37687 
Packet(s) lost or reordered : 38380 was received, previous rcvd is 38230 
Packet(s) lost or reordered : 38927 was received, previous rcvd is 38785 
Packet(s) lost or reordered : 39476 was received, previous rcvd is 39329 
Packet(s) lost or reordered : 40027 was received, previous rcvd is 39882 
Packet(s) lost or reordered : 40581 was received, previous rcvd is 40400 
Packet(s) lost or reordered : 41137 was received, previous rcvd is 41022 
Packet(s) lost or reordered : 41484 was received, previous rcvd is 41482 
Packet(s) lost or reordered : 41486 was received, previous rcvd is 41484 
Packet(s) lost or reordered : 41695 was received, previous rcvd is 41515 
Packet(s) lost or reordered : 42255 was received, previous rcvd is 42108 
Packet(s) lost or reordered : 42817 was received, previous rcvd is 42638 
Packet(s) lost or reordered : 43381 was received, previous rcvd is 43232 
Packet(s) lost or reordered : 43946 was received, previous rcvd is 43732 
Packet(s) lost or reordered : 44517 was received, previous rcvd is 44361 
Packet(s) lost or reordered : 45088 was received, previous rcvd is 44932 
Packet(s) lost or reordered : 45661 was received, previous rcvd is 45471 
Packet(s) lost or reordered : 46236 was received, previous rcvd is 46076 
Packet(s) lost or reordered : 46813 was received, previous rcvd is 46619 
Packet(s) lost or reordered : 47392 was received, previous rcvd is 47207 
Packet(s) lost or reordered : 47940 was received, previous rcvd is 47787 
Packet(s) lost or reordered : 48556 was received, previous rcvd is 48335 
Packet(s) lost or reordered : 49141 was received, previous rcvd is 48984 
Packet(s) lost or reordered : 49729 was received, previous rcvd is 49536 
Packet(s) lost or reordered : 50297 was received, previous rcvd is 50091 
Packet(s) lost or reordered : 50911 was received, previous rcvd is 50725 
Packet(s) lost or reordered : 51505 was received, previous rcvd is 51306 
Packet(s) lost or reordered : 52101 was received, previous rcvd is 51877 
Packet(s) lost or reordered : 52699 was received, previous rcvd is 52508 
Packet(s) lost or reordered : 53299 was received, previous rcvd is 53106 
Packet(s) lost or reordered : 53902 was received, previous rcvd is 53706 
Packet(s) lost or reordered : 54506 was received, previous rcvd is 54309 
Packet(s) lost or reordered : 55112 was received, previous rcvd is 54879 
Packet(s) lost or reordered : 55721 was received, previous rcvd is 55519 
Packet(s) lost or reordered : 56332 was received, previous rcvd is 56128 
Packet(s) lost or reordered : 56945 was received, previous rcvd is 56705 
Packet(s) lost or reordered : 57561 was received, previous rcvd is 57363 
Packet(s) lost or reordered : 58178 was received, previous rcvd is 57945 
Packet(s) lost or reordered : 58797 was received, previous rcvd is 58597 
Packet(s) lost or reordered : 59418 was received, previous rcvd is 59181 
Packet(s) lost or reordered : 60042 was received, previous rcvd is 59802 
Packet(s) lost or reordered : 60668 was received, previous rcvd is 60461 
Packet(s) lost or reordered : 61151 was received, previous rcvd is 61052 
Packet(s) lost or reordered : 61296 was received, previous rcvd is 61185 
Packet(s) lost or reordered : 61926 was received, previous rcvd is 61645 
Packet(s) lost or reordered : 62558 was received, previous rcvd is 62356 
Packet(s) lost or reordered : 63193 was received, previous rcvd is 62953 
Packet(s) lost or reordered : 63830 was received, previous rcvd is 63588 
Packet(s) lost or reordered : 64469 was received, previous rcvd is 64225 
Packet(s) lost or reordered : 65110 was received, previous rcvd is 64828 
Packet(s) lost or reordered :   217 was received, previous rcvd is     5 
Packet(s) lost or reordered :   863 was received, previous rcvd is   612 
Packet(s) lost or reordered :  2752 was received, previous rcvd is  2750 
Packet(s) lost or reordered : 11364 was received, previous rcvd is 11362 
Packet(s) lost or reordered : 25783 was received, previous rcvd is 25781 
