socket set to IP_RECVTOS
socket SO_RCVBUF set to 20971520
Listen on port 8080 to receive RTP from sender 
Packet(s) lost or reordered : 14937 was received, previous rcvd is 14903 
Packet(s) lost or reordered : 15375 was received, previous rcvd is 15326 
Packet(s) lost or reordered : 15843 was received, previous rcvd is 15790 
Packet(s) lost or reordered : 16299 was received, previous rcvd is 16206 
Packet(s) lost or reordered : 16757 was received, previous rcvd is 16740 
Packet(s) lost or reordered : 17217 was received, previous rcvd is 17120 
Packet(s) lost or reordered : 17679 was received, previous rcvd is 17632 
Packet(s) lost or reordered : 18143 was received, previous rcvd is 18068 
Packet(s) lost or reordered : 18609 was received, previous rcvd is 18558 
Packet(s) lost or reordered : 19077 was received, previous rcvd is 18998 
Packet(s) lost or reordered : 19546 was received, previous rcvd is 19479 
Packet(s) lost or reordered : 20017 was received, previous rcvd is 19923 
Packet(s) lost or reordered : 20490 was received, previous rcvd is 20421 
Packet(s) lost or reordered : 20965 was received, previous rcvd is 20894 
Packet(s) lost or reordered : 21442 was received, previous rcvd is 21369 
Packet(s) lost or reordered : 21921 was received, previous rcvd is 21846 
Packet(s) lost or reordered : 22402 was received, previous rcvd is 22298 
Packet(s) lost or reordered : 22885 was received, previous rcvd is 22806 
Packet(s) lost or reordered : 23302 was received, previous rcvd is 23262 
Packet(s) lost or reordered : 23370 was received, previous rcvd is 23328 
Packet(s) lost or reordered : 23857 was received, previous rcvd is 23774 
Packet(s) lost or reordered : 24346 was received, previous rcvd is 24246 
Packet(s) lost or reordered : 24837 was received, previous rcvd is 24737 
Packet(s) lost or reordered : 25330 was received, previous rcvd is 25228 
Packet(s) lost or reordered : 25825 was received, previous rcvd is 25749 
Packet(s) lost or reordered : 26322 was received, previous rcvd is 26216 
Packet(s) lost or reordered : 26743 was received, previous rcvd is 26713 
Packet(s) lost or reordered : 26821 was received, previous rcvd is 26770 
Packet(s) lost or reordered : 27322 was received, previous rcvd is 27184 
Packet(s) lost or reordered : 27824 was received, previous rcvd is 27713 
Packet(s) lost or reordered : 28328 was received, previous rcvd is 28215 
Packet(s) lost or reordered : 28834 was received, previous rcvd is 28760 
Packet(s) lost or reordered : 29343 was received, previous rcvd is 29239 
Packet(s) lost or reordered : 29853 was received, previous rcvd is 29719 
Packet(s) lost or reordered : 30365 was received, previous rcvd is 30258 
Packet(s) lost or reordered : 30880 was received, previous rcvd is 30770 
Packet(s) lost or reordered : 31397 was received, previous rcvd is 31285 
Packet(s) lost or reordered : 31916 was received, previous rcvd is 31773 
Packet(s) lost or reordered : 32436 was received, previous rcvd is 32292 
Packet(s) lost or reordered : 32958 was received, previous rcvd is 32870 
Packet(s) lost or reordered : 33482 was received, previous rcvd is 33345 
Packet(s) lost or reordered : 34008 was received, previous rcvd is 33901 
Packet(s) lost or reordered : 34536 was received, previous rcvd is 34367 
Packet(s) lost or reordered : 35066 was received, previous rcvd is 34955 
Packet(s) lost or reordered : 35598 was received, previous rcvd is 35477 
Packet(s) lost or reordered : 36132 was received, previous rcvd is 35981 
Packet(s) lost or reordered : 36668 was received, previous rcvd is 36525 
Packet(s) lost or reordered : 37206 was received, previous rcvd is 37057 
Packet(s) lost or reordered : 37746 was received, previous rcvd is 37595 
Packet(s) lost or reordered : 38288 was received, previous rcvd is 38171 
Packet(s) lost or reordered : 38833 was received, previous rcvd is 38683 
Packet(s) lost or reordered : 39380 was received, previous rcvd is 39205 
Packet(s) lost or reordered : 39929 was received, previous rcvd is 39813 
Packet(s) lost or reordered : 40480 was received, previous rcvd is 40300 
Packet(s) lost or reordered : 41033 was received, previous rcvd is 40913 
Packet(s) lost or reordered : 41588 was received, previous rcvd is 41404 
Packet(s) lost or reordered : 42145 was received, previous rcvd is 41990 
Packet(s) lost or reordered : 42704 was received, previous rcvd is 42547 
Packet(s) lost or reordered : 43265 was received, previous rcvd is 43087 
Packet(s) lost or reordered : 43828 was received, previous rcvd is 43648 
Packet(s) lost or reordered : 44393 was received, previous rcvd is 44275 
Packet(s) lost or reordered : 44751 was received, previous rcvd is 44745 
Packet(s) lost or reordered : 44756 was received, previous rcvd is 44751 
Packet(s) lost or reordered : 44759 was received, previous rcvd is 44756 
Packet(s) lost or reordered : 44960 was received, previous rcvd is 44787 
Packet(s) lost or reordered : 45529 was received, previous rcvd is 45343 
Packet(s) lost or reordered : 46100 was received, previous rcvd is 45912 
Packet(s) lost or reordered : 46673 was received, previous rcvd is 46515 
Packet(s) lost or reordered : 47249 was received, previous rcvd is 47056 
Packet(s) lost or reordered : 47827 was received, previous rcvd is 47643 
Packet(s) lost or reordered : 48407 was received, previous rcvd is 48222 
Packet(s) lost or reordered : 48989 was received, previous rcvd is 48802 
Packet(s) lost or reordered : 49573 was received, previous rcvd is 49417 
Packet(s) lost or reordered : 50159 was received, previous rcvd is 49968 
Packet(s) lost or reordered : 50747 was received, previous rcvd is 50554 
Packet(s) lost or reordered : 51337 was received, previous rcvd is 51142 
Packet(s) lost or reordered : 51929 was received, previous rcvd is 51732 
Packet(s) lost or reordered : 52523 was received, previous rcvd is 52324 
Packet(s) lost or reordered : 53119 was received, previous rcvd is 52929 
Packet(s) lost or reordered : 53717 was received, previous rcvd is 53526 
Packet(s) lost or reordered : 54317 was received, previous rcvd is 54090 
Packet(s) lost or reordered : 54919 was received, previous rcvd is 54724 
Packet(s) lost or reordered : 55523 was received, previous rcvd is 55292 
Packet(s) lost or reordered : 56129 was received, previous rcvd is 55930 
Packet(s) lost or reordered : 56737 was received, previous rcvd is 56536 
Packet(s) lost or reordered : 57348 was received, previous rcvd is 57144 
Packet(s) lost or reordered : 57961 was received, previous rcvd is 57755 
Packet(s) lost or reordered : 58576 was received, previous rcvd is 58345 
Packet(s) lost or reordered : 59193 was received, previous rcvd is 58960 
Packet(s) lost or reordered : 59812 was received, previous rcvd is 59608 
Packet(s) lost or reordered : 60433 was received, previous rcvd is 60229 
Packet(s) lost or reordered : 61056 was received, previous rcvd is 60812 
Packet(s) lost or reordered : 61681 was received, previous rcvd is 61443 
Packet(s) lost or reordered : 62309 was received, previous rcvd is 62100 
Packet(s) lost or reordered : 62939 was received, previous rcvd is 62693 
Packet(s) lost or reordered : 63571 was received, previous rcvd is 63333 
Packet(s) lost or reordered : 64206 was received, previous rcvd is 64002 
Packet(s) lost or reordered : 64843 was received, previous rcvd is 64591 
Packet(s) lost or reordered : 65284 was received, previous rcvd is 65201 
Packet(s) lost or reordered : 65286 was received, previous rcvd is 65284 
Packet(s) lost or reordered : 65482 was received, previous rcvd is 65320 
Packet(s) lost or reordered :   587 was received, previous rcvd is   341 
Packet(s) lost or reordered :  1231 was received, previous rcvd is   982 
Packet(s) lost or reordered :  1877 was received, previous rcvd is  1626 
Packet(s) lost or reordered :  2525 was received, previous rcvd is  2272 
Packet(s) lost or reordered :  3175 was received, previous rcvd is  2893 
Packet(s) lost or reordered :  9574 was received, previous rcvd is  9536 
Packet(s) lost or reordered : 10031 was received, previous rcvd is  9963 
Packet(s) lost or reordered : 10488 was received, previous rcvd is 10420 
Packet(s) lost or reordered : 10945 was received, previous rcvd is 10903 
Packet(s) lost or reordered : 11402 was received, previous rcvd is 11334 
Packet(s) lost or reordered : 11860 was received, previous rcvd is 11817 
Packet(s) lost or reordered : 12317 was received, previous rcvd is 12223 
Packet(s) lost or reordered : 12775 was received, previous rcvd is 12732 
Packet(s) lost or reordered : 13186 was received, previous rcvd is 13164 
Packet(s) lost or reordered : 13224 was received, previous rcvd is 13186 
Packet(s) lost or reordered : 13663 was received, previous rcvd is 13612 
Packet(s) lost or reordered : 13691 was received, previous rcvd is 13688 
Packet(s) lost or reordered : 14149 was received, previous rcvd is 14080 
Packet(s) lost or reordered : 14607 was received, previous rcvd is 14538 
Packet(s) lost or reordered : 15065 was received, previous rcvd is 15022 
Packet(s) lost or reordered : 15523 was received, previous rcvd is 15454 
Packet(s) lost or reordered : 15981 was received, previous rcvd is 15914 
Packet(s) lost or reordered : 16439 was received, previous rcvd is 16400 
Packet(s) lost or reordered : 16897 was received, previous rcvd is 16830 
Packet(s) lost or reordered : 17355 was received, previous rcvd is 17286 
Packet(s) lost or reordered : 17813 was received, previous rcvd is 17770 
Packet(s) lost or reordered : 18272 was received, previous rcvd is 18186 
Packet(s) lost or reordered : 18731 was received, previous rcvd is 18677 
Packet(s) lost or reordered : 19190 was received, previous rcvd is 19147 
Packet(s) lost or reordered : 19649 was received, previous rcvd is 19579 
Packet(s) lost or reordered : 20108 was received, previous rcvd is 20038 
Packet(s) lost or reordered : 20567 was received, previous rcvd is 20497 
Packet(s) lost or reordered : 21026 was received, previous rcvd is 20982 
Packet(s) lost or reordered : 21485 was received, previous rcvd is 21415 
Packet(s) lost or reordered : 21944 was received, previous rcvd is 21900 
Packet(s) lost or reordered : 22403 was received, previous rcvd is 22333 
Packet(s) lost or reordered : 22862 was received, previous rcvd is 22792 
Packet(s) lost or reordered : 23321 was received, previous rcvd is 23251 
Packet(s) lost or reordered : 23781 was received, previous rcvd is 23736 
Packet(s) lost or reordered : 24241 was received, previous rcvd is 24170 
Packet(s) lost or reordered : 24701 was received, previous rcvd is 24630 
Packet(s) lost or reordered : 25161 was received, previous rcvd is 25116 
Packet(s) lost or reordered : 25621 was received, previous rcvd is 25550 
Packet(s) lost or reordered : 26081 was received, previous rcvd is 26010 
Packet(s) lost or reordered : 26541 was received, previous rcvd is 26496 
Packet(s) lost or reordered : 27002 was received, previous rcvd is 26930 
Packet(s) lost or reordered : 27463 was received, previous rcvd is 27417 
Packet(s) lost or reordered : 27924 was received, previous rcvd is 27852 
Packet(s) lost or reordered : 28385 was received, previous rcvd is 28313 
Packet(s) lost or reordered : 28846 was received, previous rcvd is 28800 
Packet(s) lost or reordered : 29307 was received, previous rcvd is 29235 
Packet(s) lost or reordered : 29768 was received, previous rcvd is 29696 
Packet(s) lost or reordered : 30229 was received, previous rcvd is 30183 
Packet(s) lost or reordered : 30691 was received, previous rcvd is 30618 
Packet(s) lost or reordered : 31153 was received, previous rcvd is 31080 
Packet(s) lost or reordered : 31615 was received, previous rcvd is 31542 
Packet(s) lost or reordered : 32077 was received, previous rcvd is 32030 
Packet(s) lost or reordered : 32540 was received, previous rcvd is 32466 
Packet(s) lost or reordered : 33002 was received, previous rcvd is 32929 
Packet(s) lost or reordered : 33464 was received, previous rcvd is 33417 
Packet(s) lost or reordered : 33927 was received, previous rcvd is 33853 
Packet(s) lost or reordered : 34390 was received, previous rcvd is 34316 
Packet(s) lost or reordered : 34853 was received, previous rcvd is 34805 
Packet(s) lost or reordered : 35316 was received, previous rcvd is 35242 
Packet(s) lost or reordered : 35779 was received, previous rcvd is 35731 
Packet(s) lost or reordered : 36243 was received, previous rcvd is 36168 
Packet(s) lost or reordered : 36707 was received, previous rcvd is 36632 
Packet(s) lost or reordered : 37171 was received, previous rcvd is 37096 
Packet(s) lost or reordered : 37635 was received, previous rcvd is 37586 
Packet(s) lost or reordered : 38099 was received, previous rcvd is 38024 
Packet(s) lost or reordered : 38563 was received, previous rcvd is 38514 
Packet(s) lost or reordered : 39028 was received, previous rcvd is 38952 
Packet(s) lost or reordered : 39493 was received, previous rcvd is 39417 
Packet(s) lost or reordered : 39958 was received, previous rcvd is 39882 
Packet(s) lost or reordered : 40423 was received, previous rcvd is 40373 
Packet(s) lost or reordered : 40888 was received, previous rcvd is 40812 
Packet(s) lost or reordered : 41353 was received, previous rcvd is 41277 
Packet(s) lost or reordered : 41820 was received, previous rcvd is 41768 
Packet(s) lost or reordered : 42286 was received, previous rcvd is 42209 
Packet(s) lost or reordered : 42753 was received, previous rcvd is 42701 
Packet(s) lost or reordered : 43219 was received, previous rcvd is 43142 
Packet(s) lost or reordered : 43686 was received, previous rcvd is 43608 
Packet(s) lost or reordered : 44153 was received, previous rcvd is 44101 
Packet(s) lost or reordered : 44620 was received, previous rcvd is 44556 
Packet(s) lost or reordered : 45087 was received, previous rcvd is 44997 
Packet(s) lost or reordered : 45468 was received, previous rcvd is 45465 
Packet(s) lost or reordered : 45491 was received, previous rcvd is 45468 
Packet(s) lost or reordered : 45495 was received, previous rcvd is 45493 
Packet(s) lost or reordered : 45555 was received, previous rcvd is 45516 
Packet(s) lost or reordered : 46023 was received, previous rcvd is 45959 
Packet(s) lost or reordered : 46491 was received, previous rcvd is 46400 
Packet(s) lost or reordered : 46959 was received, previous rcvd is 46895 
Packet(s) lost or reordered : 47427 was received, previous rcvd is 47363 
Packet(s) lost or reordered : 47896 was received, previous rcvd is 47804 
Packet(s) lost or reordered : 48365 was received, previous rcvd is 48327 
Packet(s) lost or reordered : 48834 was received, previous rcvd is 48742 
Packet(s) lost or reordered : 49303 was received, previous rcvd is 49238 
Packet(s) lost or reordered : 49773 was received, previous rcvd is 49680 
Packet(s) lost or reordered : 50243 was received, previous rcvd is 50204 
Packet(s) lost or reordered : 50713 was received, previous rcvd is 50620 
Packet(s) lost or reordered : 51134 was received, previous rcvd is 51117 
Packet(s) lost or reordered : 51183 was received, previous rcvd is 51160 
Packet(s) lost or reordered : 51617 was received, previous rcvd is 51555 
Packet(s) lost or reordered : 51653 was received, previous rcvd is 51645 
Packet(s) lost or reordered : 52124 was received, previous rcvd is 52000 
Packet(s) lost or reordered : 52595 was received, previous rcvd is 52558 
Packet(s) lost or reordered : 53066 was received, previous rcvd is 52974 
Packet(s) lost or reordered : 53538 was received, previous rcvd is 53470 
Packet(s) lost or reordered : 54010 was received, previous rcvd is 53942 
Packet(s) lost or reordered : 54483 was received, previous rcvd is 54385 
Packet(s) lost or reordered : 54955 was received, previous rcvd is 54888 
Packet(s) lost or reordered : 55427 was received, previous rcvd is 55363 
Packet(s) lost or reordered : 55900 was received, previous rcvd is 55831 
Packet(s) lost or reordered : 56373 was received, previous rcvd is 56277 
Packet(s) lost or reordered : 56846 was received, previous rcvd is 56804 
Packet(s) lost or reordered : 57320 was received, previous rcvd is 57223 
Packet(s) lost or reordered : 57794 was received, previous rcvd is 57697 
Packet(s) lost or reordered : 58268 was received, previous rcvd is 58225 
Packet(s) lost or reordered : 58742 was received, previous rcvd is 58672 
Packet(s) lost or reordered : 59125 was received, previous rcvd is 59119 
Packet(s) lost or reordered : 59138 was received, previous rcvd is 59125 
Packet(s) lost or reordered : 59217 was received, previous rcvd is 59163 
Packet(s) lost or reordered : 59692 was received, previous rcvd is 59594 
Packet(s) lost or reordered : 60167 was received, previous rcvd is 60069 
Packet(s) lost or reordered : 60643 was received, previous rcvd is 60571 
Packet(s) lost or reordered : 61119 was received, previous rcvd is 61074 
Packet(s) lost or reordered : 61595 was received, previous rcvd is 61469 
Packet(s) lost or reordered : 62013 was received, previous rcvd is 61999 
Packet(s) lost or reordered : 62071 was received, previous rcvd is 62039 
Packet(s) lost or reordered : 62548 was received, previous rcvd is 62475 
Packet(s) lost or reordered : 63025 was received, previous rcvd is 62952 
Packet(s) lost or reordered : 63502 was received, previous rcvd is 63402 
Packet(s) lost or reordered : 63980 was received, previous rcvd is 63879 
Packet(s) lost or reordered : 64458 was received, previous rcvd is 64411 
Packet(s) lost or reordered : 64936 was received, previous rcvd is 64835 
Packet(s) lost or reordered : 65415 was received, previous rcvd is 65340 
Packet(s) lost or reordered :   358 was received, previous rcvd is   283 
Packet(s) lost or reordered :   837 was received, previous rcvd is   762 
Packet(s) lost or reordered :  1317 was received, previous rcvd is  1214 
Packet(s) lost or reordered :  1797 was received, previous rcvd is  1748 
Packet(s) lost or reordered :  2277 was received, previous rcvd is  2174 
Packet(s) lost or reordered :  2758 was received, previous rcvd is  2654 
Packet(s) lost or reordered :  3239 was received, previous rcvd is  3162 
Packet(s) lost or reordered :  3656 was received, previous rcvd is  3643 
Packet(s) lost or reordered :  3721 was received, previous rcvd is  3682 
Packet(s) lost or reordered :  4203 was received, previous rcvd is  4098 
Packet(s) lost or reordered :  4685 was received, previous rcvd is  4580 
Packet(s) lost or reordered :  5167 was received, previous rcvd is  5116 
Packet(s) lost or reordered :  5650 was received, previous rcvd is  5544 
Packet(s) lost or reordered :  6133 was received, previous rcvd is  6054 
Packet(s) lost or reordered :  6616 was received, previous rcvd is  6510 
Packet(s) lost or reordered :  7100 was received, previous rcvd is  7047 
Packet(s) lost or reordered :  7584 was received, previous rcvd is  7477 
Packet(s) lost or reordered :  8059 was received, previous rcvd is  7988 
Packet(s) lost or reordered :  8062 was received, previous rcvd is  8059 
Packet(s) lost or reordered :  8553 was received, previous rcvd is  8438 
Packet(s) lost or reordered :  9025 was received, previous rcvd is  8970 
Packet(s) lost or reordered :  9523 was received, previous rcvd is  9416 
Packet(s) lost or reordered : 10009 was received, previous rcvd is  9942 
Packet(s) lost or reordered : 10495 was received, previous rcvd is 10372 
Packet(s) lost or reordered : 10947 was received, previous rcvd is 10914 
Packet(s) lost or reordered : 10982 was received, previous rcvd is 10974 
Packet(s) lost or reordered : 11469 was received, previous rcvd is 11345 
Packet(s) lost or reordered : 11956 was received, previous rcvd is 11888 
Packet(s) lost or reordered : 12444 was received, previous rcvd is 12347 
Packet(s) lost or reordered : 12932 was received, previous rcvd is 12835 
Packet(s) lost or reordered : 13420 was received, previous rcvd is 13323 
Packet(s) lost or reordered : 13909 was received, previous rcvd is 13811 
Packet(s) lost or reordered : 14398 was received, previous rcvd is 14300 
Packet(s) lost or reordered : 14887 was received, previous rcvd is 14817 
Packet(s) lost or reordered : 15377 was received, previous rcvd is 15278 
Packet(s) lost or reordered : 15867 was received, previous rcvd is 15768 
Packet(s) lost or reordered : 16358 was received, previous rcvd is 16283 
Packet(s) lost or reordered : 16849 was received, previous rcvd is 16777 
Packet(s) lost or reordered : 17340 was received, previous rcvd is 17208 
Packet(s) lost or reordered : 17832 was received, previous rcvd is 17735 
Packet(s) lost or reordered : 18324 was received, previous rcvd is 18223 
Packet(s) lost or reordered : 18817 was received, previous rcvd is 18743 
Packet(s) lost or reordered : 19310 was received, previous rcvd is 19213 
Packet(s) lost or reordered : 19803 was received, previous rcvd is 19712 
Packet(s) lost or reordered : 20297 was received, previous rcvd is 20224 
Packet(s) lost or reordered : 20791 was received, previous rcvd is 20688 
Packet(s) lost or reordered : 21285 was received, previous rcvd is 21182 
Packet(s) lost or reordered : 21780 was received, previous rcvd is 21676 
Packet(s) lost or reordered : 22168 was received, previous rcvd is 22144 
Packet(s) lost or reordered : 22275 was received, previous rcvd is 22194 
Packet(s) lost or reordered : 22771 was received, previous rcvd is 22694 
Packet(s) lost or reordered : 23267 was received, previous rcvd is 23162 
Packet(s) lost or reordered : 23764 was received, previous rcvd is 23658 
Packet(s) lost or reordered : 24261 was received, previous rcvd is 24155 
Packet(s) lost or reordered : 24758 was received, previous rcvd is 24680 
Packet(s) lost or reordered : 25256 was received, previous rcvd is 25149 
Packet(s) lost or reordered : 25633 was received, previous rcvd is 25619 
Packet(s) lost or reordered : 25754 was received, previous rcvd is 25660 
Packet(s) lost or reordered : 26209 was received, previous rcvd is 26145 
Packet(s) lost or reordered : 26253 was received, previous rcvd is 26236 
Packet(s) lost or reordered : 26752 was received, previous rcvd is 26616 
Packet(s) lost or reordered : 27251 was received, previous rcvd is 27171 
Packet(s) lost or reordered : 27751 was received, previous rcvd is 27614 
Packet(s) lost or reordered : 28251 was received, previous rcvd is 28170 
Packet(s) lost or reordered : 28752 was received, previous rcvd is 28642 
Packet(s) lost or reordered : 29253 was received, previous rcvd is 29171 
Packet(s) lost or reordered : 29755 was received, previous rcvd is 29644 
Packet(s) lost or reordered : 30257 was received, previous rcvd is 30146 
Packet(s) lost or reordered : 30760 was received, previous rcvd is 30648 
Packet(s) lost or reordered : 31263 was received, previous rcvd is 31151 
Packet(s) lost or reordered : 31766 was received, previous rcvd is 31667 
Packet(s) lost or reordered : 32270 was received, previous rcvd is 32171 
Packet(s) lost or reordered : 32774 was received, previous rcvd is 32675 
Packet(s) lost or reordered : 33279 was received, previous rcvd is 33150 
Packet(s) lost or reordered : 33785 was received, previous rcvd is 33684 
Packet(s) lost or reordered : 34291 was received, previous rcvd is 34190 
Packet(s) lost or reordered : 34797 was received, previous rcvd is 34696 
Packet(s) lost or reordered : 35304 was received, previous rcvd is 35195 
Packet(s) lost or reordered : 35811 was received, previous rcvd is 35706 
Packet(s) lost or reordered : 36319 was received, previous rcvd is 36213 
Packet(s) lost or reordered : 36827 was received, previous rcvd is 36696 
Packet(s) lost or reordered : 37336 was received, previous rcvd is 37232 
Packet(s) lost or reordered : 37845 was received, previous rcvd is 37736 
Packet(s) lost or reordered : 38355 was received, previous rcvd is 38247 
Packet(s) lost or reordered : 38865 was received, previous rcvd is 38726 
Packet(s) lost or reordered : 39375 was received, previous rcvd is 39272 
Packet(s) lost or reordered : 39886 was received, previous rcvd is 39780 
Packet(s) lost or reordered : 40397 was received, previous rcvd is 40291 
Packet(s) lost or reordered : 40909 was received, previous rcvd is 40802 
Packet(s) lost or reordered : 41422 was received, previous rcvd is 41314 
Packet(s) lost or reordered : 41935 was received, previous rcvd is 41798 
Packet(s) lost or reordered : 42448 was received, previous rcvd is 42340 
Packet(s) lost or reordered : 42962 was received, previous rcvd is 42824 
Packet(s) lost or reordered : 43476 was received, previous rcvd is 43367 
Packet(s) lost or reordered : 43990 was received, previous rcvd is 43881 
Packet(s) lost or reordered : 44505 was received, previous rcvd is 44395 
Packet(s) lost or reordered : 45020 was received, previous rcvd is 44881 
Packet(s) lost or reordered : 45526 was received, previous rcvd is 45425 
Packet(s) lost or reordered : 46053 was received, previous rcvd is 45931 
Packet(s) lost or reordered : 46570 was received, previous rcvd is 46458 
Packet(s) lost or reordered : 47088 was received, previous rcvd is 46946 
Packet(s) lost or reordered : 47607 was received, previous rcvd is 47493 
Packet(s) lost or reordered : 48125 was received, previous rcvd is 48012 
Packet(s) lost or reordered : 48644 was received, previous rcvd is 48530 
Packet(s) lost or reordered : 49164 was received, previous rcvd is 49020 
Packet(s) lost or reordered : 49684 was received, previous rcvd is 49569 
Packet(s) lost or reordered : 50205 was received, previous rcvd is 50089 
Packet(s) lost or reordered : 50726 was received, previous rcvd is 50610 
Packet(s) lost or reordered : 51248 was received, previous rcvd is 51131 
Packet(s) lost or reordered : 51770 was received, previous rcvd is 51637 
Packet(s) lost or reordered : 52293 was received, previous rcvd is 52159 
Packet(s) lost or reordered : 52816 was received, previous rcvd is 52682 
Packet(s) lost or reordered : 53340 was received, previous rcvd is 53235 
Packet(s) lost or reordered : 53864 was received, previous rcvd is 53729 
Packet(s) lost or reordered : 54389 was received, previous rcvd is 54253 
Packet(s) lost or reordered : 54915 was received, previous rcvd is 54808 
Packet(s) lost or reordered : 55441 was received, previous rcvd is 55304 
Packet(s) lost or reordered : 55968 was received, previous rcvd is 55830 
Packet(s) lost or reordered : 56495 was received, previous rcvd is 56357 
Packet(s) lost or reordered : 57023 was received, previous rcvd is 56914 
Packet(s) lost or reordered : 57551 was received, previous rcvd is 57412 
Packet(s) lost or reordered : 58080 was received, previous rcvd is 57940 
Packet(s) lost or reordered : 58609 was received, previous rcvd is 58499 
Packet(s) lost or reordered : 59139 was received, previous rcvd is 58998 
Packet(s) lost or reordered : 59670 was received, previous rcvd is 59528 
Packet(s) lost or reordered : 60201 was received, previous rcvd is 60089 
Packet(s) lost or reordered : 60733 was received, previous rcvd is 60590 
Packet(s) lost or reordered : 61265 was received, previous rcvd is 61122 
Packet(s) lost or reordered : 61746 was received, previous rcvd is 61654 
Packet(s) lost or reordered : 61798 was received, previous rcvd is 61775 
Packet(s) lost or reordered : 62332 was received, previous rcvd is 62187 
Packet(s) lost or reordered : 62866 was received, previous rcvd is 62721 
Packet(s) lost or reordered : 63401 was received, previous rcvd is 63255 
Packet(s) lost or reordered : 63937 was received, previous rcvd is 63820 
Packet(s) lost or reordered : 64473 was received, previous rcvd is 64326 
Packet(s) lost or reordered : 65010 was received, previous rcvd is 64862 
Packet(s) lost or reordered : 65502 was received, previous rcvd is 65403 
Packet(s) lost or reordered :    11 was received, previous rcvd is 65534 
Packet(s) lost or reordered :   549 was received, previous rcvd is   373 
Packet(s) lost or reordered :  1087 was received, previous rcvd is   944 
Packet(s) lost or reordered :  1626 was received, previous rcvd is  1479 
Packet(s) lost or reordered :  2165 was received, previous rcvd is  2045 
Packet(s) lost or reordered :  2705 was received, previous rcvd is  2566 
Packet(s) lost or reordered :  3246 was received, previous rcvd is  3098 
Packet(s) lost or reordered :  3787 was received, previous rcvd is  3641 
Packet(s) lost or reordered :  4329 was received, previous rcvd is  4192 
Packet(s) lost or reordered :  4871 was received, previous rcvd is  4731 
Packet(s) lost or reordered :  5414 was received, previous rcvd is  5273 
Packet(s) lost or reordered :  5958 was received, previous rcvd is  5785 
Packet(s) lost or reordered :  6502 was received, previous rcvd is  6360 
Packet(s) lost or reordered :  7047 was received, previous rcvd is  6904 
Packet(s) lost or reordered :  7593 was received, previous rcvd is  7449 
Packet(s) lost or reordered :  8139 was received, previous rcvd is  7995 
Packet(s) lost or reordered :  8686 was received, previous rcvd is  8541 
Packet(s) lost or reordered :  9234 was received, previous rcvd is  9088 
Packet(s) lost or reordered :  9782 was received, previous rcvd is  9636 
Packet(s) lost or reordered : 10331 was received, previous rcvd is 10153 
Packet(s) lost or reordered : 10880 was received, previous rcvd is 10733 
Packet(s) lost or reordered : 11430 was received, previous rcvd is 11282 
Packet(s) lost or reordered : 11981 was received, previous rcvd is 11832 
Packet(s) lost or reordered : 12532 was received, previous rcvd is 12383 
Packet(s) lost or reordered : 13084 was received, previous rcvd is 12934 
Packet(s) lost or reordered : 13636 was received, previous rcvd is 13486 
Packet(s) lost or reordered : 14189 was received, previous rcvd is 14038 
Packet(s) lost or reordered : 14627 was received, previous rcvd is 14560 
Packet(s) lost or reordered : 14632 was received, previous rcvd is 14629 
Packet(s) lost or reordered : 14743 was received, previous rcvd is 14659 
Packet(s) lost or reordered : 15297 was received, previous rcvd is 15114 
Packet(s) lost or reordered : 15852 was received, previous rcvd is 15699 
Packet(s) lost or reordered : 16408 was received, previous rcvd is 16254 
Packet(s) lost or reordered : 16965 was received, previous rcvd is 16810 
Packet(s) lost or reordered : 17522 was received, previous rcvd is 17367 
Packet(s) lost or reordered : 18080 was received, previous rcvd is 17903 
Packet(s) lost or reordered : 18638 was received, previous rcvd is 18495 
Packet(s) lost or reordered : 19197 was received, previous rcvd is 19021 
Packet(s) lost or reordered : 19757 was received, previous rcvd is 19580 
Packet(s) lost or reordered : 20318 was received, previous rcvd is 20172 
Packet(s) lost or reordered : 20879 was received, previous rcvd is 20701 
Packet(s) lost or reordered : 21440 was received, previous rcvd is 21294 
Packet(s) lost or reordered : 21862 was received, previous rcvd is 21823 
Packet(s) lost or reordered : 22004 was received, previous rcvd is 21893 
Packet(s) lost or reordered : 22450 was received, previous rcvd is 22355 
Packet(s) lost or reordered : 22567 was received, previous rcvd is 22481 
Packet(s) lost or reordered : 23130 was received, previous rcvd is 22982 
Packet(s) lost or reordered : 23694 was received, previous rcvd is 23481 
Packet(s) lost or reordered : 24259 was received, previous rcvd is 24109 
Packet(s) lost or reordered : 24825 was received, previous rcvd is 24642 
Packet(s) lost or reordered : 25391 was received, previous rcvd is 25240 
Packet(s) lost or reordered : 25958 was received, previous rcvd is 25806 
Packet(s) lost or reordered : 26526 was received, previous rcvd is 26341 
Packet(s) lost or reordered : 27094 was received, previous rcvd is 26909 
Packet(s) lost or reordered : 27664 was received, previous rcvd is 27509 
Packet(s) lost or reordered : 28234 was received, previous rcvd is 28047 
Packet(s) lost or reordered : 28805 was received, previous rcvd is 28649 
Packet(s) lost or reordered : 29376 was received, previous rcvd is 29188 
Packet(s) lost or reordered : 29948 was received, previous rcvd is 29790 
Packet(s) lost or reordered : 30521 was received, previous rcvd is 30332 
Packet(s) lost or reordered : 31094 was received, previous rcvd is 30939 
Packet(s) lost or reordered : 31668 was received, previous rcvd is 31477 
Packet(s) lost or reordered : 32243 was received, previous rcvd is 32051 
Packet(s) lost or reordered : 32818 was received, previous rcvd is 32659 
Packet(s) lost or reordered : 33394 was received, previous rcvd is 33202 
Packet(s) lost or reordered : 33970 was received, previous rcvd is 33824 
Packet(s) lost or reordered : 34547 was received, previous rcvd is 34332 
Packet(s) lost or reordered : 35125 was received, previous rcvd is 34975 
Packet(s) lost or reordered : 35703 was received, previous rcvd is 35520 
Packet(s) lost or reordered : 36281 was received, previous rcvd is 36098 
Packet(s) lost or reordered : 36860 was received, previous rcvd is 36676 
Packet(s) lost or reordered : 37439 was received, previous rcvd is 37255 
Packet(s) lost or reordered : 38019 was received, previous rcvd is 37834 
Packet(s) lost or reordered : 38599 was received, previous rcvd is 38414 
Packet(s) lost or reordered : 39180 was received, previous rcvd is 38994 
Packet(s) lost or reordered : 39761 was received, previous rcvd is 39575 
Packet(s) lost or reordered : 40342 was received, previous rcvd is 40189 
Packet(s) lost or reordered : 40924 was received, previous rcvd is 40737 
Packet(s) lost or reordered : 41506 was received, previous rcvd is 41319 
Packet(s) lost or reordered : 42089 was received, previous rcvd is 41868 
Packet(s) lost or reordered : 42672 was received, previous rcvd is 42517 
Packet(s) lost or reordered : 43256 was received, previous rcvd is 43067 
Packet(s) lost or reordered : 43840 was received, previous rcvd is 43651 
Packet(s) lost or reordered : 44424 was received, previous rcvd is 44235 
Packet(s) lost or reordered : 45009 was received, previous rcvd is 44786 
Packet(s) lost or reordered : 45594 was received, previous rcvd is 45435 
Packet(s) lost or reordered : 46180 was received, previous rcvd is 45989 
Packet(s) lost or reordered : 46766 was received, previous rcvd is 46575 
Packet(s) lost or reordered : 47352 was received, previous rcvd is 47163 
Packet(s) lost or reordered : 47896 was received, previous rcvd is 47747 
Packet(s) lost or reordered : 47939 was received, previous rcvd is 47928 
Packet(s) lost or reordered : 48526 was received, previous rcvd is 48329 
Packet(s) lost or reordered : 49113 was received, previous rcvd is 48921 
Packet(s) lost or reordered : 49700 was received, previous rcvd is 49508 
Packet(s) lost or reordered : 50288 was received, previous rcvd is 50100 
Packet(s) lost or reordered : 50876 was received, previous rcvd is 50683 
Packet(s) lost or reordered : 51464 was received, previous rcvd is 51271 
Packet(s) lost or reordered : 52053 was received, previous rcvd is 51859 
Packet(s) lost or reordered : 52642 was received, previous rcvd is 52448 
Packet(s) lost or reordered : 53231 was received, previous rcvd is 53037 
Packet(s) lost or reordered : 53820 was received, previous rcvd is 53626 
Packet(s) lost or reordered : 54410 was received, previous rcvd is 54215 
Packet(s) lost or reordered : 55000 was received, previous rcvd is 54838 
Packet(s) lost or reordered : 55591 was received, previous rcvd is 55362 
Packet(s) lost or reordered : 56182 was received, previous rcvd is 55986 
Packet(s) lost or reordered : 56773 was received, previous rcvd is 56610 
Packet(s) lost or reordered : 57364 was received, previous rcvd is 57168 
Packet(s) lost or reordered : 57888 was received, previous rcvd is 57726 
Packet(s) lost or reordered : 57955 was received, previous rcvd is 57920 
Packet(s) lost or reordered : 58547 was received, previous rcvd is 58350 
Packet(s) lost or reordered : 59139 was received, previous rcvd is 58942 
Packet(s) lost or reordered : 59731 was received, previous rcvd is 59534 
Packet(s) lost or reordered : 60323 was received, previous rcvd is 60126 
Packet(s) lost or reordered : 60916 was received, previous rcvd is 60718 
Packet(s) lost or reordered : 61509 was received, previous rcvd is 61311 
Packet(s) lost or reordered : 62102 was received, previous rcvd is 61937 
Packet(s) lost or reordered : 62696 was received, previous rcvd is 62474 
Packet(s) lost or reordered : 63291 was received, previous rcvd is 63103 
Packet(s) lost or reordered : 63885 was received, previous rcvd is 63664 
Packet(s) lost or reordered : 64479 was received, previous rcvd is 64292 
Packet(s) lost or reordered : 65073 was received, previous rcvd is 64886 
Packet(s) lost or reordered :   131 was received, previous rcvd is 65480 
Packet(s) lost or reordered :   726 was received, previous rcvd is   538 
Packet(s) lost or reordered :  1321 was received, previous rcvd is  1099 
Packet(s) lost or reordered :  1916 was received, previous rcvd is  1728 
Packet(s) lost or reordered :  2511 was received, previous rcvd is  2323 
Packet(s) lost or reordered :  3107 was received, previous rcvd is  2918 
Packet(s) lost or reordered :  3703 was received, previous rcvd is  3480 
Packet(s) lost or reordered :  4299 was received, previous rcvd is  4110 
Packet(s) lost or reordered :  4716 was received, previous rcvd is  4672 
Packet(s) lost or reordered :  4895 was received, previous rcvd is  4749 
Packet(s) lost or reordered : 13673 was received, previous rcvd is 13664 
Packet(s) lost or reordered : 14091 was received, previous rcvd is 14080 
Packet(s) lost or reordered : 14510 was received, previous rcvd is 14474 
Packet(s) lost or reordered : 14929 was received, previous rcvd is 14893 
Packet(s) lost or reordered : 15348 was received, previous rcvd is 15336 
Packet(s) lost or reordered : 15767 was received, previous rcvd is 15755 
Packet(s) lost or reordered : 16186 was received, previous rcvd is 16174 
Packet(s) lost or reordered : 16605 was received, previous rcvd is 16569 
Packet(s) lost or reordered : 17024 was received, previous rcvd is 17012 
Packet(s) lost or reordered : 17443 was received, previous rcvd is 17407 
Packet(s) lost or reordered : 17862 was received, previous rcvd is 17850 
Packet(s) lost or reordered : 18281 was received, previous rcvd is 18245 
Packet(s) lost or reordered : 18701 was received, previous rcvd is 18688 
Packet(s) lost or reordered : 19120 was received, previous rcvd is 19108 
Packet(s) lost or reordered : 19539 was received, previous rcvd is 19503 
Packet(s) lost or reordered : 19958 was received, previous rcvd is 19946 
Packet(s) lost or reordered : 20377 was received, previous rcvd is 20341 
Packet(s) lost or reordered : 20797 was received, previous rcvd is 20790 
Packet(s) lost or reordered : 21217 was received, previous rcvd is 21186 
Packet(s) lost or reordered : 21637 was received, previous rcvd is 21606 
Packet(s) lost or reordered : 22057 was received, previous rcvd is 22048 
Packet(s) lost or reordered : 22477 was received, previous rcvd is 22464 
Packet(s) lost or reordered : 22897 was received, previous rcvd is 22862 
Packet(s) lost or reordered : 23317 was received, previous rcvd is 23312 
Packet(s) lost or reordered : 23737 was received, previous rcvd is 23706 
Packet(s) lost or reordered : 24157 was received, previous rcvd is 24146 
Packet(s) lost or reordered : 24578 was received, previous rcvd is 24540 
Packet(s) lost or reordered : 24999 was received, previous rcvd is 24961 
Packet(s) lost or reordered : 25420 was received, previous rcvd is 25406 
Packet(s) lost or reordered : 25841 was received, previous rcvd is 25827 
Packet(s) lost or reordered : 26262 was received, previous rcvd is 26248 
Packet(s) lost or reordered : 26683 was received, previous rcvd is 26645 
Packet(s) lost or reordered : 27105 was received, previous rcvd is 27090 
Packet(s) lost or reordered : 27527 was received, previous rcvd is 27488 
Packet(s) lost or reordered : 27949 was received, previous rcvd is 27910 
Packet(s) lost or reordered : 28372 was received, previous rcvd is 28356 
Packet(s) lost or reordered : 28795 was received, previous rcvd is 28779 
Packet(s) lost or reordered : 29218 was received, previous rcvd is 29202 
Packet(s) lost or reordered : 29640 was received, previous rcvd is 29601 
Packet(s) lost or reordered : 30062 was received, previous rcvd is 30047 
Packet(s) lost or reordered : 30485 was received, previous rcvd is 30445 
Packet(s) lost or reordered : 30908 was received, previous rcvd is 30892 
Packet(s) lost or reordered : 31331 was received, previous rcvd is 31291 
