socket set to IP_RECVTOS
socket SO_RCVBUF set to 20971520
Listen on port 8080 to receive RTP from sender 
.
.
Packet(s) lost or reordered : 14342 was received, previous rcvd is 14328 
Packet(s) lost or reordered : 14793 was received, previous rcvd is 14741 
Packet(s) lost or reordered : 15245 was received, previous rcvd is 15181 
Packet(s) lost or reordered : 15699 was received, previous rcvd is 15634 
Packet(s) lost or reordered : 16155 was received, previous rcvd is 16114 
Packet(s) lost or reordered : 16613 was received, previous rcvd is 16544 
Packet(s) lost or reordered : 17073 was received, previous rcvd is 17002 
Packet(s) lost or reordered : 17535 was received, previous rcvd is 17488 
Packet(s) lost or reordered : 17919 was received, previous rcvd is 17898 
Packet(s) lost or reordered : 17999 was received, previous rcvd is 17944 
Packet(s) lost or reordered : 18464 was received, previous rcvd is 18388 
Packet(s) lost or reordered : 18931 was received, previous rcvd is 18853 
Packet(s) lost or reordered : 19400 was received, previous rcvd is 19331 
Packet(s) lost or reordered : 19871 was received, previous rcvd is 19805 
Packet(s) lost or reordered : 20344 was received, previous rcvd is 20276 
Packet(s) lost or reordered : 20819 was received, previous rcvd is 20725 
Packet(s) lost or reordered : 21296 was received, previous rcvd is 21223 
Packet(s) lost or reordered : 21775 was received, previous rcvd is 21699 
Packet(s) lost or reordered : 22256 was received, previous rcvd is 22180 
Packet(s) lost or reordered : 22739 was received, previous rcvd is 22632 
Packet(s) lost or reordered : 23224 was received, previous rcvd is 23147 
Packet(s) lost or reordered : 23711 was received, previous rcvd is 23628 
Packet(s) lost or reordered : 24200 was received, previous rcvd is 24100 
Packet(s) lost or reordered : 24691 was received, previous rcvd is 24591 
Packet(s) lost or reordered : 25183 was received, previous rcvd is 25110 
Packet(s) lost or reordered : 25677 was received, previous rcvd is 25574 
Packet(s) lost or reordered : 26173 was received, previous rcvd is 26068 
Packet(s) lost or reordered : 26671 was received, previous rcvd is 26592 
Packet(s) lost or reordered : 27171 was received, previous rcvd is 27062 
Packet(s) lost or reordered : 27673 was received, previous rcvd is 27562 
Packet(s) lost or reordered : 28177 was received, previous rcvd is 28064 
Packet(s) lost or reordered : 28683 was received, previous rcvd is 28580 
Packet(s) lost or reordered : 29191 was received, previous rcvd is 29059 
Packet(s) lost or reordered : 29701 was received, previous rcvd is 29596 
Packet(s) lost or reordered : 30213 was received, previous rcvd is 30135 
Packet(s) lost or reordered : 30727 was received, previous rcvd is 30589 
Packet(s) lost or reordered : 31243 was received, previous rcvd is 31132 
Packet(s) lost or reordered : 31640 was received, previous rcvd is 31619 
Packet(s) lost or reordered : 31643 was received, previous rcvd is 31640 
Packet(s) lost or reordered : 31659 was received, previous rcvd is 31656 
Packet(s) lost or reordered : 31664 was received, previous rcvd is 31659 
Packet(s) lost or reordered : 31761 was received, previous rcvd is 31676 
Packet(s) lost or reordered : 32281 was received, previous rcvd is 32166 
Packet(s) lost or reordered : 32803 was received, previous rcvd is 32657 
Packet(s) lost or reordered : 33327 was received, previous rcvd is 33190 
Packet(s) lost or reordered : 33853 was received, previous rcvd is 33716 
Packet(s) lost or reordered : 34381 was received, previous rcvd is 34272 
Packet(s) lost or reordered : 34911 was received, previous rcvd is 34770 
Packet(s) lost or reordered : 35443 was received, previous rcvd is 35330 
Packet(s) lost or reordered : 35977 was received, previous rcvd is 35832 
Packet(s) lost or reordered : 36513 was received, previous rcvd is 36396 
Packet(s) lost or reordered : 37011 was received, previous rcvd is 36872 
Packet(s) lost or reordered : 37051 was received, previous rcvd is 37040 
Packet(s) lost or reordered : 37591 was received, previous rcvd is 37440 
Packet(s) lost or reordered : 38133 was received, previous rcvd is 37961 
Packet(s) lost or reordered : 38677 was received, previous rcvd is 38535 
Packet(s) lost or reordered : 39223 was received, previous rcvd is 39110 
Packet(s) lost or reordered : 39772 was received, previous rcvd is 39594 
Packet(s) lost or reordered : 40323 was received, previous rcvd is 40174 
Packet(s) lost or reordered : 40876 was received, previous rcvd is 40725 
Packet(s) lost or reordered : 41431 was received, previous rcvd is 41278 
Packet(s) lost or reordered : 41988 was received, previous rcvd is 41833 
Packet(s) lost or reordered : 42547 was received, previous rcvd is 42359 
Packet(s) lost or reordered : 43108 was received, previous rcvd is 42961 
Packet(s) lost or reordered : 43671 was received, previous rcvd is 43523 
Packet(s) lost or reordered : 44236 was received, previous rcvd is 44054 
Packet(s) lost or reordered : 44803 was received, previous rcvd is 44651 
Packet(s) lost or reordered : 45372 was received, previous rcvd is 45186 
Packet(s) lost or reordered : 45943 was received, previous rcvd is 45755 
Packet(s) lost or reordered : 46516 was received, previous rcvd is 46358 
Packet(s) lost or reordered : 47092 was received, previous rcvd is 46899 
Packet(s) lost or reordered : 47670 was received, previous rcvd is 47518 
Packet(s) lost or reordered : 48250 was received, previous rcvd is 48065 
Packet(s) lost or reordered : 48832 was received, previous rcvd is 48645 
Packet(s) lost or reordered : 49416 was received, previous rcvd is 49227 
Packet(s) lost or reordered : 50002 was received, previous rcvd is 49811 
Packet(s) lost or reordered : 50590 was received, previous rcvd is 50397 
Packet(s) lost or reordered : 51180 was received, previous rcvd is 50952 
Packet(s) lost or reordered : 51773 was received, previous rcvd is 51608 
Packet(s) lost or reordered : 52368 was received, previous rcvd is 52168 
Packet(s) lost or reordered : 52965 was received, previous rcvd is 52761 
Packet(s) lost or reordered : 53564 was received, previous rcvd is 53396 
Packet(s) lost or reordered : 54165 was received, previous rcvd is 53923 
Packet(s) lost or reordered : 54768 was received, previous rcvd is 54575 
Packet(s) lost or reordered : 55373 was received, previous rcvd is 55175 
Packet(s) lost or reordered : 55980 was received, previous rcvd is 55741 
Packet(s) lost or reordered : 56590 was received, previous rcvd is 56386 
Packet(s) lost or reordered : 57040 was received, previous rcvd is 56996 
Packet(s) lost or reordered : 57202 was received, previous rcvd is 57076 
Packet(s) lost or reordered : 57631 was received, previous rcvd is 57553 
Packet(s) lost or reordered : 57816 was received, previous rcvd is 57665 
Packet(s) lost or reordered : 58432 was received, previous rcvd is 58165 
Packet(s) lost or reordered : 59050 was received, previous rcvd is 58886 
Packet(s) lost or reordered : 59671 was received, previous rcvd is 59434 
Packet(s) lost or reordered : 60294 was received, previous rcvd is 60055 
Packet(s) lost or reordered : 60919 was received, previous rcvd is 60713 
Packet(s) lost or reordered : 61546 was received, previous rcvd is 61303 
Packet(s) lost or reordered : 62175 was received, previous rcvd is 61930 
Packet(s) lost or reordered : 62806 was received, previous rcvd is 62569 
Packet(s) lost or reordered : 63440 was received, previous rcvd is 63201 
Packet(s) lost or reordered : 64024 was received, previous rcvd is 63835 
Packet(s) lost or reordered : 64076 was received, previous rcvd is 64059 
Packet(s) lost or reordered : 64714 was received, previous rcvd is 64471 
Packet(s) lost or reordered : 65354 was received, previous rcvd is 65109 
Packet(s) lost or reordered :   461 was received, previous rcvd is   213 
Packet(s) lost or reordered :  1105 was received, previous rcvd is   856 
Packet(s) lost or reordered :  1752 was received, previous rcvd is  1464 
Packet(s) lost or reordered :  2316 was received, previous rcvd is  2147 
Packet(s) lost or reordered :  2401 was received, previous rcvd is  2351 
Packet(s) lost or reordered :  8789 was received, previous rcvd is  8757 
Packet(s) lost or reordered :  9245 was received, previous rcvd is  9204 
Packet(s) lost or reordered :  9701 was received, previous rcvd is  9634 
Packet(s) lost or reordered : 10157 was received, previous rcvd is 10090 
Packet(s) lost or reordered : 10613 was received, previous rcvd is 10546 
Packet(s) lost or reordered : 11069 was received, previous rcvd is 11028 
Packet(s) lost or reordered : 11525 was received, previous rcvd is 11458 
Packet(s) lost or reordered : 11981 was received, previous rcvd is 11940 
Packet(s) lost or reordered : 12438 was received, previous rcvd is 12370 
Packet(s) lost or reordered : 12894 was received, previous rcvd is 12801 
Packet(s) lost or reordered : 13351 was received, previous rcvd is 13309 
Packet(s) lost or reordered : 13808 was received, previous rcvd is 13766 
Packet(s) lost or reordered : 14265 was received, previous rcvd is 14197 
Packet(s) lost or reordered : 14722 was received, previous rcvd is 14680 
Packet(s) lost or reordered : 15179 was received, previous rcvd is 15111 
Packet(s) lost or reordered : 15636 was received, previous rcvd is 15568 
Packet(s) lost or reordered : 16031 was received, previous rcvd is 16025 
Packet(s) lost or reordered : 16093 was received, previous rcvd is 16056 
Packet(s) lost or reordered : 16481 was received, previous rcvd is 16456 
Packet(s) lost or reordered : 16550 was received, previous rcvd is 16506 
Packet(s) lost or reordered : 17007 was received, previous rcvd is 16939 
Packet(s) lost or reordered : 17464 was received, previous rcvd is 17425 
Packet(s) lost or reordered : 17921 was received, previous rcvd is 17855 
Packet(s) lost or reordered : 18378 was received, previous rcvd is 18312 
Packet(s) lost or reordered : 18835 was received, previous rcvd is 18767 
Packet(s) lost or reordered : 19293 was received, previous rcvd is 19250 
Packet(s) lost or reordered : 19750 was received, previous rcvd is 19682 
Packet(s) lost or reordered : 20200 was received, previous rcvd is 20141 
Packet(s) lost or reordered : 20666 was received, previous rcvd is 20593 
Packet(s) lost or reordered : 21124 was received, previous rcvd is 21081 
Packet(s) lost or reordered : 21582 was received, previous rcvd is 21513 
Packet(s) lost or reordered : 22040 was received, previous rcvd is 21997 
Packet(s) lost or reordered : 22498 was received, previous rcvd is 22429 
Packet(s) lost or reordered : 22956 was received, previous rcvd is 22887 
Packet(s) lost or reordered : 23415 was received, previous rcvd is 23371 
Packet(s) lost or reordered : 23874 was received, previous rcvd is 23804 
Packet(s) lost or reordered : 24333 was received, previous rcvd is 24263 
Packet(s) lost or reordered : 24792 was received, previous rcvd is 24722 
Packet(s) lost or reordered : 25251 was received, previous rcvd is 25207 
Packet(s) lost or reordered : 25710 was received, previous rcvd is 25640 
Packet(s) lost or reordered : 26169 was received, previous rcvd is 26125 
Packet(s) lost or reordered : 26628 was received, previous rcvd is 26558 
Packet(s) lost or reordered : 27088 was received, previous rcvd is 26991 
Packet(s) lost or reordered : 27548 was received, previous rcvd is 27503 
Packet(s) lost or reordered : 28008 was received, previous rcvd is 27963 
Packet(s) lost or reordered : 28468 was received, previous rcvd is 28397 
Packet(s) lost or reordered : 28928 was received, previous rcvd is 28883 
Packet(s) lost or reordered : 29388 was received, previous rcvd is 29317 
Packet(s) lost or reordered : 29848 was received, previous rcvd is 29777 
Packet(s) lost or reordered : 30308 was received, previous rcvd is 30263 
Packet(s) lost or reordered : 30769 was received, previous rcvd is 30697 
Packet(s) lost or reordered : 31230 was received, previous rcvd is 31158 
Packet(s) lost or reordered : 31621 was received, previous rcvd is 31619 
Packet(s) lost or reordered : 31691 was received, previous rcvd is 31646 
Packet(s) lost or reordered : 32152 was received, previous rcvd is 32080 
Packet(s) lost or reordered : 32613 was received, previous rcvd is 32541 
Packet(s) lost or reordered : 33075 was received, previous rcvd is 33002 
Packet(s) lost or reordered : 33537 was received, previous rcvd is 33490 
Packet(s) lost or reordered : 33999 was received, previous rcvd is 33926 
Packet(s) lost or reordered : 34461 was received, previous rcvd is 34388 
Packet(s) lost or reordered : 34923 was received, previous rcvd is 34876 
Packet(s) lost or reordered : 35385 was received, previous rcvd is 35312 
Packet(s) lost or reordered : 35848 was received, previous rcvd is 35774 
Packet(s) lost or reordered : 36311 was received, previous rcvd is 36263 
Packet(s) lost or reordered : 36774 was received, previous rcvd is 36700 
Packet(s) lost or reordered : 37237 was received, previous rcvd is 37163 
Packet(s) lost or reordered : 37701 was received, previous rcvd is 37652 
Packet(s) lost or reordered : 38165 was received, previous rcvd is 38090 
Packet(s) lost or reordered : 38629 was received, previous rcvd is 38580 
Packet(s) lost or reordered : 39093 was received, previous rcvd is 39018 
Packet(s) lost or reordered : 39557 was received, previous rcvd is 39482 
Packet(s) lost or reordered : 40021 was received, previous rcvd is 39972 
Packet(s) lost or reordered : 40486 was received, previous rcvd is 40410 
Packet(s) lost or reordered : 40951 was received, previous rcvd is 40875 
Packet(s) lost or reordered : 41416 was received, previous rcvd is 41366 
Packet(s) lost or reordered : 41881 was received, previous rcvd is 41805 
Packet(s) lost or reordered : 42346 was received, previous rcvd is 42244 
Packet(s) lost or reordered : 42812 was received, previous rcvd is 42761 
Packet(s) lost or reordered : 43278 was received, previous rcvd is 43227 
Packet(s) lost or reordered : 43744 was received, previous rcvd is 43680 
Packet(s) lost or reordered : 44151 was received, previous rcvd is 44120 
Packet(s) lost or reordered : 44153 was received, previous rcvd is 44151 
Packet(s) lost or reordered : 44210 was received, previous rcvd is 44180 
Packet(s) lost or reordered : 44676 was received, previous rcvd is 44586 
Packet(s) lost or reordered : 45143 was received, previous rcvd is 45070 
Packet(s) lost or reordered : 45610 was received, previous rcvd is 45532 
Packet(s) lost or reordered : 46077 was received, previous rcvd is 46025 
Packet(s) lost or reordered : 46544 was received, previous rcvd is 46476 
Packet(s) lost or reordered : 47012 was received, previous rcvd is 46949 
Packet(s) lost or reordered : 47480 was received, previous rcvd is 47418 
Packet(s) lost or reordered : 47948 was received, previous rcvd is 47857 
Packet(s) lost or reordered : 48416 was received, previous rcvd is 48352 
Packet(s) lost or reordered : 48884 was received, previous rcvd is 48820 
Packet(s) lost or reordered : 49353 was received, previous rcvd is 49261 
Packet(s) lost or reordered : 49822 was received, previous rcvd is 49757 
Packet(s) lost or reordered : 50291 was received, previous rcvd is 50226 
Packet(s) lost or reordered : 50760 was received, previous rcvd is 50695 
Packet(s) lost or reordered : 51230 was received, previous rcvd is 51164 
Packet(s) lost or reordered : 51700 was received, previous rcvd is 51607 
Packet(s) lost or reordered : 52170 was received, previous rcvd is 52104 
Packet(s) lost or reordered : 52640 was received, previous rcvd is 52574 
Packet(s) lost or reordered : 53111 was received, previous rcvd is 53044 
Packet(s) lost or reordered : 53582 was received, previous rcvd is 53515 
Packet(s) lost or reordered : 54053 was received, previous rcvd is 53959 
Packet(s) lost or reordered : 54524 was received, previous rcvd is 54457 
Packet(s) lost or reordered : 54969 was received, previous rcvd is 54901 
Packet(s) lost or reordered : 55468 was received, previous rcvd is 55400 
Packet(s) lost or reordered : 55940 was received, previous rcvd is 55872 
Packet(s) lost or reordered : 56412 was received, previous rcvd is 56317 
Packet(s) lost or reordered : 56885 was received, previous rcvd is 56816 
Packet(s) lost or reordered : 57358 was received, previous rcvd is 57262 
Packet(s) lost or reordered : 57831 was received, previous rcvd is 57789 
Packet(s) lost or reordered : 58304 was received, previous rcvd is 58208 
Packet(s) lost or reordered : 58778 was received, previous rcvd is 58708 
Packet(s) lost or reordered : 59252 was received, previous rcvd is 59182 
Packet(s) lost or reordered : 59726 was received, previous rcvd is 59656 
Packet(s) lost or reordered : 60201 was received, previous rcvd is 60103 
Packet(s) lost or reordered : 60676 was received, previous rcvd is 60605 
Packet(s) lost or reordered : 61151 was received, previous rcvd is 61080 
Packet(s) lost or reordered : 61627 was received, previous rcvd is 61528 
Packet(s) lost or reordered : 62103 was received, previous rcvd is 62031 
Packet(s) lost or reordered : 62579 was received, previous rcvd is 62507 
Packet(s) lost or reordered : 63056 was received, previous rcvd is 62983 
Packet(s) lost or reordered : 63533 was received, previous rcvd is 63460 
Packet(s) lost or reordered : 64010 was received, previous rcvd is 63910 
Packet(s) lost or reordered : 64487 was received, previous rcvd is 64414 
Packet(s) lost or reordered : 64965 was received, previous rcvd is 64891 
Packet(s) lost or reordered : 65443 was received, previous rcvd is 65342 
Packet(s) lost or reordered :   385 was received, previous rcvd is   311 
Packet(s) lost or reordered :   864 was received, previous rcvd is   798 
Packet(s) lost or reordered :  1343 was received, previous rcvd is  1253 
Packet(s) lost or reordered :  1822 was received, previous rcvd is  1732 
Packet(s) lost or reordered :  2301 was received, previous rcvd is  2229 
Packet(s) lost or reordered :  2781 was received, previous rcvd is  2705 
Packet(s) lost or reordered :  3165 was received, previous rcvd is  3158 
Packet(s) lost or reordered :  3168 was received, previous rcvd is  3165 
Packet(s) lost or reordered :  3261 was received, previous rcvd is  3168 
Packet(s) lost or reordered :  3695 was received, previous rcvd is  3673 
Packet(s) lost or reordered :  3741 was received, previous rcvd is  3724 
Packet(s) lost or reordered :  4222 was received, previous rcvd is  4100 
Packet(s) lost or reordered :  4703 was received, previous rcvd is  4631 
Packet(s) lost or reordered :  5184 was received, previous rcvd is  5107 
Packet(s) lost or reordered :  5666 was received, previous rcvd is  5588 
Packet(s) lost or reordered :  6148 was received, previous rcvd is  6043 
Packet(s) lost or reordered :  6630 was received, previous rcvd is  6552 
Packet(s) lost or reordered :  7113 was received, previous rcvd is  7034 
Packet(s) lost or reordered :  7596 was received, previous rcvd is  7490 
Packet(s) lost or reordered :  8079 was received, previous rcvd is  8000 
Packet(s) lost or reordered :  8563 was received, previous rcvd is  8510 
Packet(s) lost or reordered :  9047 was received, previous rcvd is  8940 
Packet(s) lost or reordered :  9531 was received, previous rcvd is  9424 
Packet(s) lost or reordered : 10016 was received, previous rcvd is  9962 
Packet(s) lost or reordered : 10501 was received, previous rcvd is 10393 
Packet(s) lost or reordered : 10987 was received, previous rcvd is 10905 
Packet(s) lost or reordered : 11473 was received, previous rcvd is 11404 
Packet(s) lost or reordered : 11960 was received, previous rcvd is 11864 
Packet(s) lost or reordered : 12447 was received, previous rcvd is 12351 
Packet(s) lost or reordered : 12934 was received, previous rcvd is 12838 
Packet(s) lost or reordered : 13421 was received, previous rcvd is 13325 
Packet(s) lost or reordered : 13909 was received, previous rcvd is 13812 
Packet(s) lost or reordered : 14397 was received, previous rcvd is 14328 
Packet(s) lost or reordered : 14886 was received, previous rcvd is 14788 
Packet(s) lost or reordered : 15375 was received, previous rcvd is 15277 
Packet(s) lost or reordered : 15865 was received, previous rcvd is 15794 
Packet(s) lost or reordered : 16355 was received, previous rcvd is 16256 
Packet(s) lost or reordered : 16845 was received, previous rcvd is 16746 
Packet(s) lost or reordered : 17254 was received, previous rcvd is 17236 
Packet(s) lost or reordered : 17335 was received, previous rcvd is 17281 
Packet(s) lost or reordered : 17826 was received, previous rcvd is 17698 
Packet(s) lost or reordered : 18317 was received, previous rcvd is 18245 
Packet(s) lost or reordered : 18809 was received, previous rcvd is 18708 
Packet(s) lost or reordered : 19301 was received, previous rcvd is 19200 
Packet(s) lost or reordered : 19793 was received, previous rcvd is 19692 
Packet(s) lost or reordered : 20286 was received, previous rcvd is 20212 
Packet(s) lost or reordered : 20779 was received, previous rcvd is 20677 
Packet(s) lost or reordered : 21273 was received, previous rcvd is 21170 
Packet(s) lost or reordered : 21767 was received, previous rcvd is 21692 
Packet(s) lost or reordered : 22135 was received, previous rcvd is 22130 
Packet(s) lost or reordered : 22138 was received, previous rcvd is 22135 
Packet(s) lost or reordered : 22246 was received, previous rcvd is 22138 
Packet(s) lost or reordered : 22261 was received, previous rcvd is 22246 
Packet(s) lost or reordered : 22738 was received, previous rcvd is 22649 
Packet(s) lost or reordered : 23251 was received, previous rcvd is 23157 
Packet(s) lost or reordered : 23747 was received, previous rcvd is 23642 
Packet(s) lost or reordered : 24243 was received, previous rcvd is 24138 
Packet(s) lost or reordered : 24740 was received, previous rcvd is 24662 
Packet(s) lost or reordered : 25237 was received, previous rcvd is 25131 
Packet(s) lost or reordered : 25735 was received, previous rcvd is 25628 
Packet(s) lost or reordered : 26233 was received, previous rcvd is 26154 
Packet(s) lost or reordered : 26731 was received, previous rcvd is 26601 
Packet(s) lost or reordered : 27230 was received, previous rcvd is 27164 
Packet(s) lost or reordered : 27729 was received, previous rcvd is 27601 
Packet(s) lost or reordered : 28229 was received, previous rcvd is 28154 
Packet(s) lost or reordered : 28729 was received, previous rcvd is 28592 
Packet(s) lost or reordered : 29230 was received, previous rcvd is 29120 
Packet(s) lost or reordered : 29731 was received, previous rcvd is 29659 
Packet(s) lost or reordered : 30232 was received, previous rcvd is 30133 
Packet(s) lost or reordered : 30734 was received, previous rcvd is 30629 
Packet(s) lost or reordered : 31236 was received, previous rcvd is 31125 
Packet(s) lost or reordered : 31739 was received, previous rcvd is 31627 
Packet(s) lost or reordered : 32242 was received, previous rcvd is 32130 
Packet(s) lost or reordered : 32746 was received, previous rcvd is 32661 
Packet(s) lost or reordered : 33252 was received, previous rcvd is 33121 
Packet(s) lost or reordered : 33757 was received, previous rcvd is 33657 
Packet(s) lost or reordered : 34262 was received, previous rcvd is 34162 
Packet(s) lost or reordered : 34767 was received, previous rcvd is 34638 
Packet(s) lost or reordered : 35274 was received, previous rcvd is 35172 
Packet(s) lost or reordered : 35780 was received, previous rcvd is 35679 
Packet(s) lost or reordered : 36287 was received, previous rcvd is 36185 
Packet(s) lost or reordered : 36794 was received, previous rcvd is 36692 
Packet(s) lost or reordered : 37302 was received, previous rcvd is 37170 
Packet(s) lost or reordered : 37810 was received, previous rcvd is 37707 
Packet(s) lost or reordered : 38319 was received, previous rcvd is 38215 
Packet(s) lost or reordered : 38828 was received, previous rcvd is 38695 
Packet(s) lost or reordered : 39338 was received, previous rcvd is 39233 
Packet(s) lost or reordered : 39849 was received, previous rcvd is 39743 
Packet(s) lost or reordered : 40360 was received, previous rcvd is 40254 
Packet(s) lost or reordered : 40871 was received, previous rcvd is 40736 
Packet(s) lost or reordered : 41383 was received, previous rcvd is 41276 
Packet(s) lost or reordered : 41896 was received, previous rcvd is 41788 
Packet(s) lost or reordered : 42409 was received, previous rcvd is 42301 
Packet(s) lost or reordered : 42922 was received, previous rcvd is 42785 
Packet(s) lost or reordered : 43436 was received, previous rcvd is 43356 
Packet(s) lost or reordered : 43950 was received, previous rcvd is 43812 
Packet(s) lost or reordered : 44465 was received, previous rcvd is 44355 
Packet(s) lost or reordered : 44980 was received, previous rcvd is 44841 
Packet(s) lost or reordered : 45497 was received, previous rcvd is 45414 
Packet(s) lost or reordered : 46014 was received, previous rcvd is 45873 
Packet(s) lost or reordered : 46531 was received, previous rcvd is 46419 
Packet(s) lost or reordered : 47048 was received, previous rcvd is 46907 
Packet(s) lost or reordered : 47566 was received, previous rcvd is 47482 
Packet(s) lost or reordered : 48085 was received, previous rcvd is 47942 
Packet(s) lost or reordered : 48604 was received, previous rcvd is 48490 
Packet(s) lost or reordered : 49124 was received, previous rcvd is 48980 
Packet(s) lost or reordered : 49645 was received, previous rcvd is 49529 
Packet(s) lost or reordered : 50165 was received, previous rcvd is 50050 
Packet(s) lost or reordered : 50686 was received, previous rcvd is 50570 
Packet(s) lost or reordered : 51207 was received, previous rcvd is 51073 
Packet(s) lost or reordered : 51729 was received, previous rcvd is 51626 
Packet(s) lost or reordered : 52253 was received, previous rcvd is 52088 
Packet(s) lost or reordered : 52776 was received, previous rcvd is 52672 
Packet(s) lost or reordered : 53300 was received, previous rcvd is 53165 
Packet(s) lost or reordered : 53825 was received, previous rcvd is 53719 
Packet(s) lost or reordered : 54350 was received, previous rcvd is 54214 
Packet(s) lost or reordered : 54875 was received, previous rcvd is 54739 
Packet(s) lost or reordered : 55328 was received, previous rcvd is 55264 
Packet(s) lost or reordered : 55401 was received, previous rcvd is 55357 
Packet(s) lost or reordered : 55928 was received, previous rcvd is 55790 
Packet(s) lost or reordered : 56455 was received, previous rcvd is 56317 
Packet(s) lost or reordered : 56982 was received, previous rcvd is 56844 
Packet(s) lost or reordered : 57510 was received, previous rcvd is 57401 
Packet(s) lost or reordered : 58039 was received, previous rcvd is 57899 
Packet(s) lost or reordered : 58569 was received, previous rcvd is 58428 
Packet(s) lost or reordered : 59099 was received, previous rcvd is 58988 
Packet(s) lost or reordered : 59630 was received, previous rcvd is 59492 
Packet(s) lost or reordered : 60161 was received, previous rcvd is 59992 
Packet(s) lost or reordered : 60693 was received, previous rcvd is 60585 
Packet(s) lost or reordered : 61225 was received, previous rcvd is 61082 
Packet(s) lost or reordered : 61758 was received, previous rcvd is 61648 
Packet(s) lost or reordered : 62283 was received, previous rcvd is 62120 
Packet(s) lost or reordered : 62286 was received, previous rcvd is 62284 
Packet(s) lost or reordered : 62826 was received, previous rcvd is 62712 
Packet(s) lost or reordered : 63361 was received, previous rcvd is 63217 
Packet(s) lost or reordered : 63896 was received, previous rcvd is 63750 
Packet(s) lost or reordered : 64432 was received, previous rcvd is 64315 
Packet(s) lost or reordered : 64968 was received, previous rcvd is 64821 
Packet(s) lost or reordered : 65505 was received, previous rcvd is 65357 
Packet(s) lost or reordered :   507 was received, previous rcvd is   388 
Packet(s) lost or reordered :  1045 was received, previous rcvd is   896 
Packet(s) lost or reordered :  1584 was received, previous rcvd is  1434 
Packet(s) lost or reordered :  2123 was received, previous rcvd is  1973 
Packet(s) lost or reordered :  2663 was received, previous rcvd is  2542 
Packet(s) lost or reordered :  3204 was received, previous rcvd is  3065 
Packet(s) lost or reordered :  3745 was received, previous rcvd is  3575 
Packet(s) lost or reordered :  4286 was received, previous rcvd is  4147 
Packet(s) lost or reordered :  4828 was received, previous rcvd is  4688 
Packet(s) lost or reordered :  5372 was received, previous rcvd is  5230 
Packet(s) lost or reordered :  5915 was received, previous rcvd is  5743 
Packet(s) lost or reordered :  6460 was received, previous rcvd is  6348 
Packet(s) lost or reordered :  7005 was received, previous rcvd is  6862 
Packet(s) lost or reordered :  7551 was received, previous rcvd is  7407 
Packet(s) lost or reordered :  8097 was received, previous rcvd is  7922 
Packet(s) lost or reordered :  8644 was received, previous rcvd is  8499 
Packet(s) lost or reordered :  9191 was received, previous rcvd is  9046 
Packet(s) lost or reordered :  9739 was received, previous rcvd is  9593 
Packet(s) lost or reordered : 10287 was received, previous rcvd is 10110 
Packet(s) lost or reordered : 10836 was received, previous rcvd is 10720 
Packet(s) lost or reordered : 11386 was received, previous rcvd is 11238 
Packet(s) lost or reordered : 11936 was received, previous rcvd is 11757 
Packet(s) lost or reordered : 12487 was received, previous rcvd is 12338 
Packet(s) lost or reordered : 13039 was received, previous rcvd is 12889 
Packet(s) lost or reordered : 13591 was received, previous rcvd is 13441 
Packet(s) lost or reordered : 14144 was received, previous rcvd is 13993 
Packet(s) lost or reordered : 14697 was received, previous rcvd is 14515 
Packet(s) lost or reordered : 15251 was received, previous rcvd is 15130 
Packet(s) lost or reordered : 15806 was received, previous rcvd is 15622 
Packet(s) lost or reordered : 16361 was received, previous rcvd is 16208 
Packet(s) lost or reordered : 16917 was received, previous rcvd is 16763 
Packet(s) lost or reordered : 17474 was received, previous rcvd is 17319 
Packet(s) lost or reordered : 18031 was received, previous rcvd is 17876 
Packet(s) lost or reordered : 18589 was received, previous rcvd is 18412 
Packet(s) lost or reordered : 19147 was received, previous rcvd is 19004 
Packet(s) lost or reordered : 19706 was received, previous rcvd is 19530 
Packet(s) lost or reordered : 20266 was received, previous rcvd is 20121 
Packet(s) lost or reordered : 20827 was received, previous rcvd is 20649 
Packet(s) lost or reordered : 21388 was received, previous rcvd is 21210 
Packet(s) lost or reordered : 21950 was received, previous rcvd is 21803 
Packet(s) lost or reordered : 22512 was received, previous rcvd is 22356 
Packet(s) lost or reordered : 23075 was received, previous rcvd is 22919 
Packet(s) lost or reordered : 23639 was received, previous rcvd is 23448 
Packet(s) lost or reordered : 24203 was received, previous rcvd is 24024 
Packet(s) lost or reordered : 24768 was received, previous rcvd is 24618 
Packet(s) lost or reordered : 25334 was received, previous rcvd is 25149 
Packet(s) lost or reordered : 25901 was received, previous rcvd is 25753 
Packet(s) lost or reordered : 26468 was received, previous rcvd is 26285 
Packet(s) lost or reordered : 27036 was received, previous rcvd is 26885 
Packet(s) lost or reordered : 27605 was received, previous rcvd is 27419 
Packet(s) lost or reordered : 28176 was received, previous rcvd is 28020 
Packet(s) lost or reordered : 28746 was received, previous rcvd is 28559 
Packet(s) lost or reordered : 29316 was received, previous rcvd is 29129 
Packet(s) lost or reordered : 29887 was received, previous rcvd is 29731 
Packet(s) lost or reordered : 30459 was received, previous rcvd is 30270 
Packet(s) lost or reordered : 31031 was received, previous rcvd is 30874 
Packet(s) lost or reordered : 31604 was received, previous rcvd is 31414 
Packet(s) lost or reordered : 32177 was received, previous rcvd is 32019 
Packet(s) lost or reordered : 32751 was received, previous rcvd is 32592 
Packet(s) lost or reordered : 33326 was received, previous rcvd is 33134 
Packet(s) lost or reordered : 33901 was received, previous rcvd is 33709 
Packet(s) lost or reordered : 34338 was received, previous rcvd is 34294 
Packet(s) lost or reordered : 34477 was received, previous rcvd is 34370 
Packet(s) lost or reordered : 35053 was received, previous rcvd is 34872 
Packet(s) lost or reordered : 35630 was received, previous rcvd is 35448 
Packet(s) lost or reordered : 36207 was received, previous rcvd is 35992 
Packet(s) lost or reordered : 36784 was received, previous rcvd is 36635 
Packet(s) lost or reordered : 37362 was received, previous rcvd is 37179 
Packet(s) lost or reordered : 37940 was received, previous rcvd is 37757 
Packet(s) lost or reordered : 38519 was received, previous rcvd is 38335 
Packet(s) lost or reordered : 39098 was received, previous rcvd is 38914 
Packet(s) lost or reordered : 39678 was received, previous rcvd is 39493 
Packet(s) lost or reordered : 40259 was received, previous rcvd is 40106 
Packet(s) lost or reordered : 40840 was received, previous rcvd is 40654 
Packet(s) lost or reordered : 41421 was received, previous rcvd is 41202 
Packet(s) lost or reordered : 42003 was received, previous rcvd is 41849 
Packet(s) lost or reordered : 42586 was received, previous rcvd is 42398 
Packet(s) lost or reordered : 43168 was received, previous rcvd is 42981 
Packet(s) lost or reordered : 43750 was received, previous rcvd is 43563 
Packet(s) lost or reordered : 44333 was received, previous rcvd is 44145 
Packet(s) lost or reordered : 44772 was received, previous rcvd is 44695 
Packet(s) lost or reordered : 44917 was received, previous rcvd is 44804 
Packet(s) lost or reordered : 45400 was received, previous rcvd is 45279 
Packet(s) lost or reordered : 45500 was received, previous rcvd is 45432 
Packet(s) lost or reordered : 46084 was received, previous rcvd is 45895 
Packet(s) lost or reordered : 46668 was received, previous rcvd is 46479 
Packet(s) lost or reordered : 47253 was received, previous rcvd is 47063 
Packet(s) lost or reordered : 47838 was received, previous rcvd is 47681 
Packet(s) lost or reordered : 48423 was received, previous rcvd is 48233 
Packet(s) lost or reordered : 49008 was received, previous rcvd is 48785 
Packet(s) lost or reordered : 49594 was received, previous rcvd is 49403 
Packet(s) lost or reordered : 50181 was received, previous rcvd is 50022 
Packet(s) lost or reordered : 50768 was received, previous rcvd is 50576 
Packet(s) lost or reordered : 51355 was received, previous rcvd is 51163 
Packet(s) lost or reordered : 51943 was received, previous rcvd is 51750 
Packet(s) lost or reordered : 52468 was received, previous rcvd is 52305 
Packet(s) lost or reordered : 52531 was received, previous rcvd is 52500 
Packet(s) lost or reordered : 53118 was received, previous rcvd is 52926 
Packet(s) lost or reordered : 53706 was received, previous rcvd is 53513 
Packet(s) lost or reordered : 54294 was received, previous rcvd is 54101 
Packet(s) lost or reordered : 54882 was received, previous rcvd is 54722 
Packet(s) lost or reordered : 55471 was received, previous rcvd is 55277 
Packet(s) lost or reordered : 56060 was received, previous rcvd is 55866 
Packet(s) lost or reordered : 56649 was received, previous rcvd is 56455 
Packet(s) lost or reordered : 57238 was received, previous rcvd is 57044 
Packet(s) lost or reordered : 57828 was received, previous rcvd is 57633 
Packet(s) lost or reordered : 58391 was received, previous rcvd is 58190 
Packet(s) lost or reordered : 59008 was received, previous rcvd is 58819 
Packet(s) lost or reordered : 59599 was received, previous rcvd is 59400 
Packet(s) lost or reordered : 60190 was received, previous rcvd is 59994 
Packet(s) lost or reordered : 60781 was received, previous rcvd is 60590 
Packet(s) lost or reordered : 61297 was received, previous rcvd is 61176 
Packet(s) lost or reordered : 61313 was received, previous rcvd is 61310 
Packet(s) lost or reordered : 61328 was received, previous rcvd is 61313 
Packet(s) lost or reordered : 61372 was received, previous rcvd is 61345 
Packet(s) lost or reordered : 61746 was received, previous rcvd is 61734 
Packet(s) lost or reordered : 61754 was received, previous rcvd is 61752 
Packet(s) lost or reordered : 61757 was received, previous rcvd is 61755 
Packet(s) lost or reordered : 61769 was received, previous rcvd is 61757 
Packet(s) lost or reordered : 61963 was received, previous rcvd is 61791 
Packet(s) lost or reordered : 62555 was received, previous rcvd is 62363 
Packet(s) lost or reordered : 63147 was received, previous rcvd is 62924 
Packet(s) lost or reordered : 63739 was received, previous rcvd is 63546 
Packet(s) lost or reordered : 64250 was received, previous rcvd is 64101 
Packet(s) lost or reordered : 64331 was received, previous rcvd is 64282 
Packet(s) lost or reordered : 64923 was received, previous rcvd is 64726 
Packet(s) lost or reordered : 65516 was received, previous rcvd is 65318 
Packet(s) lost or reordered :   378 was received, previous rcvd is   375 
Packet(s) lost or reordered :   380 was received, previous rcvd is   378 
Packet(s) lost or reordered :   573 was received, previous rcvd is   411 
Packet(s) lost or reordered :  1167 was received, previous rcvd is   935 
Packet(s) lost or reordered :  1760 was received, previous rcvd is  1573 
Packet(s) lost or reordered :  2353 was received, previous rcvd is  2167 
Packet(s) lost or reordered :  2947 was received, previous rcvd is  2726 
Packet(s) lost or reordered :  3541 was received, previous rcvd is  3388 
Packet(s) lost or reordered :  4136 was received, previous rcvd is  3914 
Packet(s) lost or reordered :  4730 was received, previous rcvd is  4543 
Packet(s) lost or reordered :  5325 was received, previous rcvd is  5137 
Packet(s) lost or reordered :  5920 was received, previous rcvd is  5698 
Packet(s) lost or reordered :  6515 was received, previous rcvd is  6327 
Packet(s) lost or reordered :  7110 was received, previous rcvd is  6922 
Packet(s) lost or reordered :  7705 was received, previous rcvd is  7517 
Packet(s) lost or reordered :  8300 was received, previous rcvd is  8078 
Packet(s) lost or reordered :  8896 was received, previous rcvd is  8673 
Packet(s) lost or reordered :  9492 was received, previous rcvd is  9337 
Packet(s) lost or reordered : 10088 was received, previous rcvd is  9899 
Packet(s) lost or reordered : 10684 was received, previous rcvd is 10461 
Packet(s) lost or reordered : 11281 was received, previous rcvd is 11091 
Packet(s) lost or reordered : 11878 was received, previous rcvd is 11688 
Packet(s) lost or reordered : 12475 was received, previous rcvd is 12251 
Packet(s) lost or reordered : 13072 was received, previous rcvd is 12882 
Packet(s) lost or reordered : 13669 was received, previous rcvd is 13479 
Packet(s) lost or reordered : 14266 was received, previous rcvd is 14042 
Packet(s) lost or reordered : 14864 was received, previous rcvd is 14673 
Packet(s) lost or reordered : 15462 was received, previous rcvd is 15271 
Packet(s) lost or reordered : 16060 was received, previous rcvd is 15869 
Packet(s) lost or reordered : 16658 was received, previous rcvd is 16467 
Packet(s) lost or reordered : 17256 was received, previous rcvd is 17031 
Packet(s) lost or reordered : 17854 was received, previous rcvd is 17663 
Packet(s) lost or reordered : 18453 was received, previous rcvd is 18261 
Packet(s) lost or reordered : 19052 was received, previous rcvd is 18860 
Packet(s) lost or reordered : 19651 was received, previous rcvd is 19425 
Packet(s) lost or reordered : 20250 was received, previous rcvd is 20058 
Packet(s) lost or reordered : 20849 was received, previous rcvd is 20657 
Packet(s) lost or reordered : 21316 was received, previous rcvd is 21223 
Packet(s) lost or reordered : 21448 was received, previous rcvd is 21348 
Packet(s) lost or reordered : 22047 was received, previous rcvd is 21821 
Packet(s) lost or reordered : 22646 was received, previous rcvd is 22454 
Packet(s) lost or reordered : 23246 was received, previous rcvd is 23053 
Packet(s) lost or reordered : 23846 was received, previous rcvd is 23619 
Packet(s) lost or reordered : 24446 was received, previous rcvd is 24253 
Packet(s) lost or reordered : 25046 was received, previous rcvd is 24853 
Packet(s) lost or reordered : 25646 was received, previous rcvd is 25453 
Packet(s) lost or reordered : 26246 was received, previous rcvd is 26019 
Packet(s) lost or reordered : 26847 was received, previous rcvd is 26653 
Packet(s) lost or reordered : 27448 was received, previous rcvd is 27220 
Packet(s) lost or reordered : 28049 was received, previous rcvd is 27886 
Packet(s) lost or reordered : 28650 was received, previous rcvd is 28418 
Packet(s) lost or reordered : 29251 was received, previous rcvd is 29056 
Packet(s) lost or reordered : 29852 was received, previous rcvd is 29661 
Packet(s) lost or reordered : 30454 was received, previous rcvd is 30225 
Packet(s) lost or reordered : 31056 was received, previous rcvd is 30858 
Packet(s) lost or reordered : 31658 was received, previous rcvd is 31462 
Packet(s) lost or reordered : 32260 was received, previous rcvd is 32064 
Packet(s) lost or reordered : 32647 was received, previous rcvd is 32636 
Packet(s) lost or reordered : 32650 was received, previous rcvd is 32647 
Packet(s) lost or reordered : 32862 was received, previous rcvd is 32682 
Packet(s) lost or reordered : 33464 was received, previous rcvd is 33235 
Packet(s) lost or reordered : 34066 was received, previous rcvd is 33871 
Packet(s) lost or reordered : 34668 was received, previous rcvd is 34473 
Packet(s) lost or reordered : 35271 was received, previous rcvd is 35041 
Packet(s) lost or reordered : 35874 was received, previous rcvd is 35678 
Packet(s) lost or reordered : 36477 was received, previous rcvd is 36247 
Packet(s) lost or reordered : 37080 was received, previous rcvd is 36884 
Packet(s) lost or reordered : 37683 was received, previous rcvd is 37487 
Packet(s) lost or reordered : 38286 was received, previous rcvd is 38090 
Packet(s) lost or reordered : 38889 was received, previous rcvd is 38693 
Packet(s) lost or reordered : 39493 was received, previous rcvd is 39262 
Packet(s) lost or reordered : 40097 was received, previous rcvd is 39900 
Packet(s) lost or reordered : 40701 was received, previous rcvd is 40504 
Packet(s) lost or reordered : 41305 was received, previous rcvd is 41108 
Packet(s) lost or reordered : 41909 was received, previous rcvd is 41678 
Packet(s) lost or reordered : 42513 was received, previous rcvd is 42316 
Packet(s) lost or reordered : 43117 was received, previous rcvd is 42920 
Packet(s) lost or reordered : 43721 was received, previous rcvd is 43524 
Packet(s) lost or reordered : 44325 was received, previous rcvd is 44094 
Packet(s) lost or reordered : 44930 was received, previous rcvd is 44732 
Packet(s) lost or reordered : 45535 was received, previous rcvd is 45337 
Packet(s) lost or reordered : 45919 was received, previous rcvd is 45908 
Packet(s) lost or reordered : 46140 was received, previous rcvd is 45952 
Packet(s) lost or reordered : 46745 was received, previous rcvd is 46513 
Packet(s) lost or reordered : 47350 was received, previous rcvd is 47152 
Packet(s) lost or reordered : 47955 was received, previous rcvd is 47723 
Packet(s) lost or reordered : 48560 was received, previous rcvd is 48362 
Packet(s) lost or reordered : 49165 was received, previous rcvd is 48967 
Packet(s) lost or reordered : 49770 was received, previous rcvd is 49572 
Packet(s) lost or reordered : 50375 was received, previous rcvd is 50177 
Packet(s) lost or reordered : 50981 was received, previous rcvd is 50748 
Packet(s) lost or reordered : 51587 was received, previous rcvd is 51388 
Packet(s) lost or reordered : 52193 was received, previous rcvd is 51960 
Packet(s) lost or reordered : 52799 was received, previous rcvd is 52600 
Packet(s) lost or reordered : 53405 was received, previous rcvd is 53206 
Packet(s) lost or reordered : 54011 was received, previous rcvd is 53812 
Packet(s) lost or reordered : 54617 was received, previous rcvd is 54418 
Packet(s) lost or reordered : 55223 was received, previous rcvd is 54990 
Packet(s) lost or reordered : 55829 was received, previous rcvd is 55630 
Packet(s) lost or reordered : 56435 was received, previous rcvd is 56236 
Packet(s) lost or reordered : 57042 was received, previous rcvd is 56808 
Packet(s) lost or reordered : 57649 was received, previous rcvd is 57449 
Packet(s) lost or reordered : 58256 was received, previous rcvd is 58056 
Packet(s) lost or reordered : 58863 was received, previous rcvd is 58663 
Packet(s) lost or reordered : 59470 was received, previous rcvd is 59236 
Packet(s) lost or reordered : 60077 was received, previous rcvd is 59877 
Packet(s) lost or reordered : 60684 was received, previous rcvd is 60450 
Packet(s) lost or reordered : 61291 was received, previous rcvd is 61125 
Packet(s) lost or reordered : 61898 was received, previous rcvd is 61664 
Packet(s) lost or reordered : 62506 was received, previous rcvd is 62305 
Packet(s) lost or reordered : 63113 was received, previous rcvd is 62913 
Packet(s) lost or reordered : 63720 was received, previous rcvd is 63520 
Packet(s) lost or reordered : 64328 was received, previous rcvd is 64093 
Packet(s) lost or reordered : 64936 was received, previous rcvd is 64735 
Packet(s) lost or reordered :     8 was received, previous rcvd is 65343 
Packet(s) lost or reordered :   616 was received, previous rcvd is   381 
Packet(s) lost or reordered :  1224 was received, previous rcvd is  1023 
Packet(s) lost or reordered :  1832 was received, previous rcvd is  1631 
Packet(s) lost or reordered :  2217 was received, previous rcvd is  2205 
Packet(s) lost or reordered :  2440 was received, previous rcvd is  2250 
Packet(s) lost or reordered :  3048 was received, previous rcvd is  2813 
Packet(s) lost or reordered :  3656 was received, previous rcvd is  3455 
Packet(s) lost or reordered :  4264 was received, previous rcvd is  4063 
Packet(s) lost or reordered :  4872 was received, previous rcvd is  4637 
Packet(s) lost or reordered : 11263 was received, previous rcvd is 11258 
Packet(s) lost or reordered : 11690 was received, previous rcvd is 11670 
Packet(s) lost or reordered : 12117 was received, previous rcvd is 12073 
Packet(s) lost or reordered : 12544 was received, previous rcvd is 12524 
Packet(s) lost or reordered : 12971 was received, previous rcvd is 12927 
Packet(s) lost or reordered : 13398 was received, previous rcvd is 13378 
Packet(s) lost or reordered : 13825 was received, previous rcvd is 13805 
Packet(s) lost or reordered : 14252 was received, previous rcvd is 14208 
Packet(s) lost or reordered : 14679 was received, previous rcvd is 14659 
Packet(s) lost or reordered : 15106 was received, previous rcvd is 15062 
Packet(s) lost or reordered : 15533 was received, previous rcvd is 15513 
Packet(s) lost or reordered : 15960 was received, previous rcvd is 15940 
Packet(s) lost or reordered : 16387 was received, previous rcvd is 16343 
Packet(s) lost or reordered : 16814 was received, previous rcvd is 16794 
Packet(s) lost or reordered : 17241 was received, previous rcvd is 17221 
Packet(s) lost or reordered : 17669 was received, previous rcvd is 17624 
Packet(s) lost or reordered : 18097 was received, previous rcvd is 18076 
Packet(s) lost or reordered : 18525 was received, previous rcvd is 18504 
Packet(s) lost or reordered : 18953 was received, previous rcvd is 18908 
Packet(s) lost or reordered : 19381 was received, previous rcvd is 19360 
Packet(s) lost or reordered : 19809 was received, previous rcvd is 19764 
Packet(s) lost or reordered : 20237 was received, previous rcvd is 20216 
Packet(s) lost or reordered : 20665 was received, previous rcvd is 20644 
Packet(s) lost or reordered : 21093 was received, previous rcvd is 21048 
Packet(s) lost or reordered : 21521 was received, previous rcvd is 21500 
Packet(s) lost or reordered : 21949 was received, previous rcvd is 21928 
Packet(s) lost or reordered : 22377 was received, previous rcvd is 22332 
Packet(s) lost or reordered : 22806 was received, previous rcvd is 22784 
Packet(s) lost or reordered : 23235 was received, previous rcvd is 23189 
Packet(s) lost or reordered : 23664 was received, previous rcvd is 23642 
Packet(s) lost or reordered : 24093 was received, previous rcvd is 24071 
Packet(s) lost or reordered : 24522 was received, previous rcvd is 24476 
Packet(s) lost or reordered : 24951 was received, previous rcvd is 24929 
Packet(s) lost or reordered : 25380 was received, previous rcvd is 25334 
Packet(s) lost or reordered : 25809 was received, previous rcvd is 25787 
Packet(s) lost or reordered : 26239 was received, previous rcvd is 26216 
Packet(s) lost or reordered : 26668 was received, previous rcvd is 26622 
Packet(s) lost or reordered : 27098 was received, previous rcvd is 27075 
Packet(s) lost or reordered : 27527 was received, previous rcvd is 27481 
Packet(s) lost or reordered : 27957 was received, previous rcvd is 27934 
Packet(s) lost or reordered : 28387 was received, previous rcvd is 28364 
Packet(s) lost or reordered : 28817 was received, previous rcvd is 28794 
Packet(s) lost or reordered : 29247 was received, previous rcvd is 29200 
Packet(s) lost or reordered : 29642 was received, previous rcvd is 29630 
Packet(s) lost or reordered : 29678 was received, previous rcvd is 29665 
Packet(s) lost or reordered : 30109 was received, previous rcvd is 30061 
Packet(s) lost or reordered : 30539 was received, previous rcvd is 30516 
Packet(s) lost or reordered : 30970 was received, previous rcvd is 30911 
Packet(s) lost or reordered : 31401 was received, previous rcvd is 31374 
Packet(s) lost or reordered : 31832 was received, previous rcvd is 31814 
Packet(s) lost or reordered : 32263 was received, previous rcvd is 32215 
Packet(s) lost or reordered : 32694 was received, previous rcvd is 32670 
Packet(s) lost or reordered : 33126 was received, previous rcvd is 33096 
Packet(s) lost or reordered : 33558 was received, previous rcvd is 33530 
Packet(s) lost or reordered : 33990 was received, previous rcvd is 33959 
Packet(s) lost or reordered : 34422 was received, previous rcvd is 34364 
Packet(s) lost or reordered : 34854 was received, previous rcvd is 34821 
Packet(s) lost or reordered : 35286 was received, previous rcvd is 35253 
Packet(s) lost or reordered : 35719 was received, previous rcvd is 35710 
Packet(s) lost or reordered : 36151 was received, previous rcvd is 36118 
Packet(s) lost or reordered : 36549 was received, previous rcvd is 36525 
Packet(s) lost or reordered : 36584 was received, previous rcvd is 36573 
Packet(s) lost or reordered : 37017 was received, previous rcvd is 36958 
Packet(s) lost or reordered : 37451 was received, previous rcvd is 37416 
Packet(s) lost or reordered : 37885 was received, previous rcvd is 37850 
Packet(s) lost or reordered : 38319 was received, previous rcvd is 38284 
Packet(s) lost or reordered : 38753 was received, previous rcvd is 38718 
Packet(s) lost or reordered : 39187 was received, previous rcvd is 39152 
Packet(s) lost or reordered : 39621 was received, previous rcvd is 39586 
Packet(s) lost or reordered : 40055 was received, previous rcvd is 40020 
Packet(s) lost or reordered : 40489 was received, previous rcvd is 40454 
Packet(s) lost or reordered : 40923 was received, previous rcvd is 40888 
Packet(s) lost or reordered : 41358 was received, previous rcvd is 41322 
Packet(s) lost or reordered : 41792 was received, previous rcvd is 41757 
Packet(s) lost or reordered : 42227 was received, previous rcvd is 42191 
Packet(s) lost or reordered : 42664 was received, previous rcvd is 42626 
Packet(s) lost or reordered : 43100 was received, previous rcvd is 43063 
Packet(s) lost or reordered : 43536 was received, previous rcvd is 43499 
Packet(s) lost or reordered : 43972 was received, previous rcvd is 43935 
Packet(s) lost or reordered : 44408 was received, previous rcvd is 44371 
Packet(s) lost or reordered : 44844 was received, previous rcvd is 44807 
Packet(s) lost or reordered : 45266 was received, previous rcvd is 45218 
Packet(s) lost or reordered : 45716 was received, previous rcvd is 45690 
Packet(s) lost or reordered : 46153 was received, previous rcvd is 46090 
Packet(s) lost or reordered : 46590 was received, previous rcvd is 46552 
Packet(s) lost or reordered : 47027 was received, previous rcvd is 46989 
Packet(s) lost or reordered : 47464 was received, previous rcvd is 47426 
Packet(s) lost or reordered : 47902 was received, previous rcvd is 47863 
Packet(s) lost or reordered : 48340 was received, previous rcvd is 48301 
Packet(s) lost or reordered : 48778 was received, previous rcvd is 48739 
Packet(s) lost or reordered : 49216 was received, previous rcvd is 49177 
Packet(s) lost or reordered : 49655 was received, previous rcvd is 49615 
Packet(s) lost or reordered : 50094 was received, previous rcvd is 50054 
Packet(s) lost or reordered : 50533 was received, previous rcvd is 50493 
Packet(s) lost or reordered : 50973 was received, previous rcvd is 50932 
Packet(s) lost or reordered : 51412 was received, previous rcvd is 51375 
Packet(s) lost or reordered : 51853 was received, previous rcvd is 51789 
Packet(s) lost or reordered : 52293 was received, previous rcvd is 52257 
Packet(s) lost or reordered : 52734 was received, previous rcvd is 52694 
Packet(s) lost or reordered : 53175 was received, previous rcvd is 53133 
Packet(s) lost or reordered : 53616 was received, previous rcvd is 53575 
Packet(s) lost or reordered : 54057 was received, previous rcvd is 54020 
Packet(s) lost or reordered : 54498 was received, previous rcvd is 54434 
Packet(s) lost or reordered : 54940 was received, previous rcvd is 54899 
Packet(s) lost or reordered : 55382 was received, previous rcvd is 55339 
Packet(s) lost or reordered : 55824 was received, previous rcvd is 55781 
Packet(s) lost or reordered : 56267 was received, previous rcvd is 56223 
Packet(s) lost or reordered : 56710 was received, previous rcvd is 56666 
Packet(s) lost or reordered : 57153 was received, previous rcvd is 57109 
Packet(s) lost or reordered : 57597 was received, previous rcvd is 57527 
Packet(s) lost or reordered : 58041 was received, previous rcvd is 58021 
Packet(s) lost or reordered : 58487 was received, previous rcvd is 58440 
Packet(s) lost or reordered : 58932 was received, previous rcvd is 58886 
Packet(s) lost or reordered : 59377 was received, previous rcvd is 59331 
Packet(s) lost or reordered : 59822 was received, previous rcvd is 59776 
Packet(s) lost or reordered : 60268 was received, previous rcvd is 60221 
Packet(s) lost or reordered : 60714 was received, previous rcvd is 60667 
Packet(s) lost or reordered : 61161 was received, previous rcvd is 61088 
Packet(s) lost or reordered : 61607 was received, previous rcvd is 61560 
Packet(s) lost or reordered : 62015 was received, previous rcvd is 62006 
Packet(s) lost or reordered : 62022 was received, previous rcvd is 62020 
Packet(s) lost or reordered : 62053 was received, previous rcvd is 62040 
Packet(s) lost or reordered : 62500 was received, previous rcvd is 62452 
Packet(s) lost or reordered : 62948 was received, previous rcvd is 62899 
Packet(s) lost or reordered : 63395 was received, previous rcvd is 63347 
Packet(s) lost or reordered : 63825 was received, previous rcvd is 63769 
Packet(s) lost or reordered : 63828 was received, previous rcvd is 63825 
Packet(s) lost or reordered : 63831 was received, previous rcvd is 63828 
Packet(s) lost or reordered : 64290 was received, previous rcvd is 64228 
Packet(s) lost or reordered : 64739 was received, previous rcvd is 64689 
Packet(s) lost or reordered : 65187 was received, previous rcvd is 65138 
Packet(s) lost or reordered :   100 was received, previous rcvd is    50 
Packet(s) lost or reordered :   550 was received, previous rcvd is   499 
Packet(s) lost or reordered :  1001 was received, previous rcvd is   938 
Packet(s) lost or reordered :  1451 was received, previous rcvd is  1390 
Packet(s) lost or reordered :  1901 was received, previous rcvd is  1866 
Packet(s) lost or reordered :  2351 was received, previous rcvd is  2290 
Packet(s) lost or reordered :  2802 was received, previous rcvd is  2766 
Packet(s) lost or reordered :  3254 was received, previous rcvd is  3191 
Packet(s) lost or reordered :  3706 was received, previous rcvd is  3669 
Packet(s) lost or reordered :  4158 was received, previous rcvd is  4095 
Packet(s) lost or reordered :  4610 was received, previous rcvd is  4547 
Packet(s) lost or reordered :  5063 was received, previous rcvd is  4999 
Packet(s) lost or reordered :  5516 was received, previous rcvd is  5478 
Packet(s) lost or reordered :  5970 was received, previous rcvd is  5905 
Packet(s) lost or reordered :  6424 was received, previous rcvd is  6385 
Packet(s) lost or reordered :  6878 was received, previous rcvd is  6813 
Packet(s) lost or reordered :  7333 was received, previous rcvd is  7267 
Packet(s) lost or reordered :  7788 was received, previous rcvd is  7722 
Packet(s) lost or reordered :  8243 was received, previous rcvd is  8203 
Packet(s) lost or reordered :  8698 was received, previous rcvd is  8632 
Packet(s) lost or reordered :  9154 was received, previous rcvd is  9113 
Packet(s) lost or reordered :  9611 was received, previous rcvd is  9543 
Packet(s) lost or reordered : 10068 was received, previous rcvd is  9974 
Packet(s) lost or reordered : 10525 was received, previous rcvd is 10487 
Packet(s) lost or reordered : 10982 was received, previous rcvd is 10916 
Packet(s) lost or reordered : 11440 was received, previous rcvd is 11397 
Packet(s) lost or reordered : 11899 was received, previous rcvd is 11829 
Packet(s) lost or reordered : 12358 was received, previous rcvd is 12318 
Packet(s) lost or reordered : 12818 was received, previous rcvd is 12721 
Packet(s) lost or reordered : 13278 was received, previous rcvd is 13237 
Packet(s) lost or reordered : 13738 was received, previous rcvd is 13641 
Packet(s) lost or reordered : 14198 was received, previous rcvd is 14179 
Packet(s) lost or reordered : 14659 was received, previous rcvd is 14574 
Packet(s) lost or reordered : 15121 was received, previous rcvd is 15063 
Packet(s) lost or reordered : 15583 was received, previous rcvd is 15511 
Packet(s) lost or reordered : 16045 was received, previous rcvd is 15998 
Packet(s) lost or reordered : 16507 was received, previous rcvd is 16434 
Packet(s) lost or reordered : 16970 was received, previous rcvd is 16896 
Packet(s) lost or reordered : 17433 was received, previous rcvd is 17359 
Packet(s) lost or reordered : 17897 was received, previous rcvd is 17848 
Packet(s) lost or reordered : 18361 was received, previous rcvd is 18312 
Packet(s) lost or reordered : 18826 was received, previous rcvd is 18750 
Packet(s) lost or reordered : 19291 was received, previous rcvd is 19215 
Packet(s) lost or reordered : 19756 was received, previous rcvd is 19680 
Packet(s) lost or reordered : 20222 was received, previous rcvd is 20145 
Packet(s) lost or reordered : 20688 was received, previous rcvd is 20637 
Packet(s) lost or reordered : 21154 was received, previous rcvd is 21077 
Packet(s) lost or reordered : 21621 was received, previous rcvd is 21569 
Packet(s) lost or reordered : 22089 was received, previous rcvd is 22010 
Packet(s) lost or reordered : 22557 was received, previous rcvd is 22492 
Packet(s) lost or reordered : 23025 was received, previous rcvd is 22961 
Packet(s) lost or reordered : 23494 was received, previous rcvd is 23429 
Packet(s) lost or reordered : 23963 was received, previous rcvd is 23871 
Packet(s) lost or reordered : 24433 was received, previous rcvd is 24367 
Packet(s) lost or reordered : 24903 was received, previous rcvd is 24837 
Packet(s) lost or reordered : 25374 was received, previous rcvd is 25280 
Packet(s) lost or reordered : 25845 was received, previous rcvd is 25778 
Packet(s) lost or reordered : 26317 was received, previous rcvd is 26249 
Packet(s) lost or reordered : 26789 was received, previous rcvd is 26721 
Packet(s) lost or reordered : 27262 was received, previous rcvd is 27166 
Packet(s) lost or reordered : 27735 was received, previous rcvd is 27666 
Packet(s) lost or reordered : 28208 was received, previous rcvd is 28139 
Packet(s) lost or reordered : 28682 was received, previous rcvd is 28612 
