socket set to IP_RECVTOS
socket SO_RCVBUF set to 20971520
Listen on port 8080 to receive RTP from sender 
Packet(s) lost or reordered : 14512 was received, previous rcvd is 14496 
Packet(s) lost or reordered : 14964 was received, previous rcvd is 14916 
Packet(s) lost or reordered : 15379 was received, previous rcvd is 15355 
Packet(s) lost or reordered : 15418 was received, previous rcvd is 15404 
Packet(s) lost or reordered : 15874 was received, previous rcvd is 15781 
Packet(s) lost or reordered : 16331 was received, previous rcvd is 16315 
Packet(s) lost or reordered : 16791 was received, previous rcvd is 16694 
Packet(s) lost or reordered : 17252 was received, previous rcvd is 17206 
Packet(s) lost or reordered : 17715 was received, previous rcvd is 17615 
Packet(s) lost or reordered : 18180 was received, previous rcvd is 18130 
Packet(s) lost or reordered : 18647 was received, previous rcvd is 18595 
Packet(s) lost or reordered : 19116 was received, previous rcvd is 19010 
Packet(s) lost or reordered : 19587 was received, previous rcvd is 19518 
Packet(s) lost or reordered : 20060 was received, previous rcvd is 20018 
Packet(s) lost or reordered : 20535 was received, previous rcvd is 20437 
Packet(s) lost or reordered : 21011 was received, previous rcvd is 20966 
Packet(s) lost or reordered : 21489 was received, previous rcvd is 21388 
Packet(s) lost or reordered : 21969 was received, previous rcvd is 21866 
Packet(s) lost or reordered : 22403 was received, previous rcvd is 22373 
Packet(s) lost or reordered : 22451 was received, previous rcvd is 22429 
Packet(s) lost or reordered : 22880 was received, previous rcvd is 22828 
Packet(s) lost or reordered : 22935 was received, previous rcvd is 22906 
Packet(s) lost or reordered : 23421 was received, previous rcvd is 23312 
Packet(s) lost or reordered : 23909 was received, previous rcvd is 23839 
Packet(s) lost or reordered : 24399 was received, previous rcvd is 24272 
Packet(s) lost or reordered : 24891 was received, previous rcvd is 24818 
Packet(s) lost or reordered : 25354 was received, previous rcvd is 25282 
Packet(s) lost or reordered : 25374 was received, previous rcvd is 25372 
Packet(s) lost or reordered : 25385 was received, previous rcvd is 25382 
Packet(s) lost or reordered : 25881 was received, previous rcvd is 25748 
Packet(s) lost or reordered : 26378 was received, previous rcvd is 26300 
Packet(s) lost or reordered : 26878 was received, previous rcvd is 26741 
Packet(s) lost or reordered : 27379 was received, previous rcvd is 27297 
Packet(s) lost or reordered : 27882 was received, previous rcvd is 27770 
Packet(s) lost or reordered : 28387 was received, previous rcvd is 28286 
Packet(s) lost or reordered : 28894 was received, previous rcvd is 28792 
Packet(s) lost or reordered : 29403 was received, previous rcvd is 29299 
Packet(s) lost or reordered : 29914 was received, previous rcvd is 29808 
Packet(s) lost or reordered : 30427 was received, previous rcvd is 30290 
Packet(s) lost or reordered : 30942 was received, previous rcvd is 30803 
Packet(s) lost or reordered : 31459 was received, previous rcvd is 31376 
Packet(s) lost or reordered : 31978 was received, previous rcvd is 31835 
Packet(s) lost or reordered : 32499 was received, previous rcvd is 32383 
Packet(s) lost or reordered : 33022 was received, previous rcvd is 32904 
Packet(s) lost or reordered : 33542 was received, previous rcvd is 33410 
Packet(s) lost or reordered : 34074 was received, previous rcvd is 33961 
Packet(s) lost or reordered : 34603 was received, previous rcvd is 34463 
Packet(s) lost or reordered : 35134 was received, previous rcvd is 34992 
Packet(s) lost or reordered : 35667 was received, previous rcvd is 35523 
Packet(s) lost or reordered : 36202 was received, previous rcvd is 36086 
Packet(s) lost or reordered : 36739 was received, previous rcvd is 36591 
Packet(s) lost or reordered : 37278 was received, previous rcvd is 37128 
Packet(s) lost or reordered : 37819 was received, previous rcvd is 37703 
Packet(s) lost or reordered : 38362 was received, previous rcvd is 38214 
Packet(s) lost or reordered : 38907 was received, previous rcvd is 38724 
Packet(s) lost or reordered : 39454 was received, previous rcvd is 39342 
Packet(s) lost or reordered : 40003 was received, previous rcvd is 39825 
Packet(s) lost or reordered : 40554 was received, previous rcvd is 40394 
Packet(s) lost or reordered : 41107 was received, previous rcvd is 40949 
Packet(s) lost or reordered : 41662 was received, previous rcvd is 41535 
Packet(s) lost or reordered : 42220 was received, previous rcvd is 42066 
Packet(s) lost or reordered : 42780 was received, previous rcvd is 42601 
Packet(s) lost or reordered : 43342 was received, previous rcvd is 43163 
Packet(s) lost or reordered : 43906 was received, previous rcvd is 43757 
Packet(s) lost or reordered : 44332 was received, previous rcvd is 44289 
Packet(s) lost or reordered : 44472 was received, previous rcvd is 44363 
Packet(s) lost or reordered : 45040 was received, previous rcvd is 44855 
Packet(s) lost or reordered : 45609 was received, previous rcvd is 45423 
Packet(s) lost or reordered : 46180 was received, previous rcvd is 46024 
Packet(s) lost or reordered : 46753 was received, previous rcvd is 46595 
Packet(s) lost or reordered : 47329 was received, previous rcvd is 47136 
Packet(s) lost or reordered : 47907 was received, previous rcvd is 47722 
Packet(s) lost or reordered : 48487 was received, previous rcvd is 48269 
Packet(s) lost or reordered : 49069 was received, previous rcvd is 48915 
Packet(s) lost or reordered : 49653 was received, previous rcvd is 49464 
Packet(s) lost or reordered : 50239 was received, previous rcvd is 50048 
Packet(s) lost or reordered : 50827 was received, previous rcvd is 50634 
Packet(s) lost or reordered : 51417 was received, previous rcvd is 51255 
Packet(s) lost or reordered : 52010 was received, previous rcvd is 51812 
Packet(s) lost or reordered : 52605 was received, previous rcvd is 52405 
Packet(s) lost or reordered : 53202 was received, previous rcvd is 52977 
Packet(s) lost or reordered : 53664 was received, previous rcvd is 53575 
Packet(s) lost or reordered : 53667 was received, previous rcvd is 53664 
Packet(s) lost or reordered : 53801 was received, previous rcvd is 53699 
Packet(s) lost or reordered : 54402 was received, previous rcvd is 54208 
Packet(s) lost or reordered : 54928 was received, previous rcvd is 54775 
Packet(s) lost or reordered : 55005 was received, previous rcvd is 54961 
Packet(s) lost or reordered : 55533 was received, previous rcvd is 55378 
Packet(s) lost or reordered : 55610 was received, previous rcvd is 55566 
Packet(s) lost or reordered : 55984 was received, previous rcvd is 55949 
Packet(s) lost or reordered : 56218 was received, previous rcvd is 56017 
Packet(s) lost or reordered : 56827 was received, previous rcvd is 56625 
Packet(s) lost or reordered : 57439 was received, previous rcvd is 57200 
Packet(s) lost or reordered : 58053 was received, previous rcvd is 57856 
Packet(s) lost or reordered : 58627 was received, previous rcvd is 58437 
Packet(s) lost or reordered : 58630 was received, previous rcvd is 58627 
Packet(s) lost or reordered : 58669 was received, previous rcvd is 58630 
Packet(s) lost or reordered : 59287 was received, previous rcvd is 59051 
Packet(s) lost or reordered : 59907 was received, previous rcvd is 59699 
Packet(s) lost or reordered : 60529 was received, previous rcvd is 60324 
Packet(s) lost or reordered : 61153 was received, previous rcvd is 60908 
Packet(s) lost or reordered : 61779 was received, previous rcvd is 61574 
Packet(s) lost or reordered : 62408 was received, previous rcvd is 62163 
Packet(s) lost or reordered : 63039 was received, previous rcvd is 62783 
Packet(s) lost or reordered : 63672 was received, previous rcvd is 63456 
Packet(s) lost or reordered : 64307 was received, previous rcvd is 64089 
Packet(s) lost or reordered : 64829 was received, previous rcvd is 64661 
Packet(s) lost or reordered : 64944 was received, previous rcvd is 64863 
Packet(s) lost or reordered :    47 was received, previous rcvd is 65339 
Packet(s) lost or reordered :   689 was received, previous rcvd is   442 
Packet(s) lost or reordered :  1333 was received, previous rcvd is  1084 
