socket set to IP_RECVTOS
socket SO_RCVBUF set to 20971520
Listen on port 8080 to receive RTP from sender 
.
.
Packet(s) lost or reordered : 13708 was received, previous rcvd is 13706 
Packet(s) lost or reordered : 14159 was received, previous rcvd is 14096 
Packet(s) lost or reordered : 14609 was received, previous rcvd is 14548 
Packet(s) lost or reordered : 15067 was received, previous rcvd is 15024 
Packet(s) lost or reordered : 15524 was received, previous rcvd is 15456 
Packet(s) lost or reordered : 15983 was received, previous rcvd is 15913 
Packet(s) lost or reordered : 16444 was received, previous rcvd is 16398 
Packet(s) lost or reordered : 16906 was received, previous rcvd is 16833 
Packet(s) lost or reordered : 17370 was received, previous rcvd is 17321 
Packet(s) lost or reordered : 17836 was received, previous rcvd is 17759 
Packet(s) lost or reordered : 18304 was received, previous rcvd is 18225 
Packet(s) lost or reordered : 18774 was received, previous rcvd is 18707 
Packet(s) lost or reordered : 19245 was received, previous rcvd is 19178 
Packet(s) lost or reordered : 19718 was received, previous rcvd is 19649 
Packet(s) lost or reordered : 20193 was received, previous rcvd is 20122 
Packet(s) lost or reordered : 20670 was received, previous rcvd is 20597 
Packet(s) lost or reordered : 21149 was received, previous rcvd is 21047 
Packet(s) lost or reordered : 21630 was received, previous rcvd is 21553 
Packet(s) lost or reordered : 22113 was received, previous rcvd is 22007 
Packet(s) lost or reordered : 22598 was received, previous rcvd is 22517 
Packet(s) lost or reordered : 23085 was received, previous rcvd is 23002 
Packet(s) lost or reordered : 23574 was received, previous rcvd is 23475 
Packet(s) lost or reordered : 24065 was received, previous rcvd is 23965 
Packet(s) lost or reordered : 24557 was received, previous rcvd is 24484 
Packet(s) lost or reordered : 25051 was received, previous rcvd is 24948 
Packet(s) lost or reordered : 25547 was received, previous rcvd is 25470 
Packet(s) lost or reordered : 26045 was received, previous rcvd is 25910 
Packet(s) lost or reordered : 26545 was received, previous rcvd is 26464 
Packet(s) lost or reordered : 27047 was received, previous rcvd is 26936 
Packet(s) lost or reordered : 27551 was received, previous rcvd is 27438 
Packet(s) lost or reordered : 28057 was received, previous rcvd is 27954 
Packet(s) lost or reordered : 28565 was received, previous rcvd is 28462 
Packet(s) lost or reordered : 29075 was received, previous rcvd is 28970 
Packet(s) lost or reordered : 29587 was received, previous rcvd is 29451 
Packet(s) lost or reordered : 30101 was received, previous rcvd is 29992 
Packet(s) lost or reordered : 30617 was received, previous rcvd is 30506 
Packet(s) lost or reordered : 31039 was received, previous rcvd is 30993 
Packet(s) lost or reordered : 31135 was received, previous rcvd is 31067 
Packet(s) lost or reordered : 31655 was received, previous rcvd is 31511 
Packet(s) lost or reordered : 32177 was received, previous rcvd is 32060 
Packet(s) lost or reordered : 32700 was received, previous rcvd is 32565 
Packet(s) lost or reordered : 33225 was received, previous rcvd is 33089 
Packet(s) lost or reordered : 33752 was received, previous rcvd is 33644 
Packet(s) lost or reordered : 34281 was received, previous rcvd is 34171 
Packet(s) lost or reordered : 34812 was received, previous rcvd is 34670 
Packet(s) lost or reordered : 35345 was received, previous rcvd is 35201 
Packet(s) lost or reordered : 35880 was received, previous rcvd is 35734 
Packet(s) lost or reordered : 36417 was received, previous rcvd is 36299 
Packet(s) lost or reordered : 36956 was received, previous rcvd is 36806 
Packet(s) lost or reordered : 37497 was received, previous rcvd is 37345 
Packet(s) lost or reordered : 38039 was received, previous rcvd is 37889 
Packet(s) lost or reordered : 38583 was received, previous rcvd is 38467 
Packet(s) lost or reordered : 39130 was received, previous rcvd is 38978 
Packet(s) lost or reordered : 39679 was received, previous rcvd is 39504 
Packet(s) lost or reordered : 40229 was received, previous rcvd is 40081 
Packet(s) lost or reordered : 40781 was received, previous rcvd is 40632 
Packet(s) lost or reordered : 41335 was received, previous rcvd is 41188 
Packet(s) lost or reordered : 41892 was received, previous rcvd is 41742 
Packet(s) lost or reordered : 42451 was received, previous rcvd is 42265 
Packet(s) lost or reordered : 43012 was received, previous rcvd is 42864 
Packet(s) lost or reordered : 43575 was received, previous rcvd is 43395 
Packet(s) lost or reordered : 44140 was received, previous rcvd is 43958 
Packet(s) lost or reordered : 44707 was received, previous rcvd is 44555 
Packet(s) lost or reordered : 45276 was received, previous rcvd is 45090 
Packet(s) lost or reordered : 45847 was received, previous rcvd is 45691 
Packet(s) lost or reordered : 46420 was received, previous rcvd is 46230 
Packet(s) lost or reordered : 46995 was received, previous rcvd is 46835 
Packet(s) lost or reordered : 47572 was received, previous rcvd is 47378 
Packet(s) lost or reordered : 48151 was received, previous rcvd is 47966 
Packet(s) lost or reordered : 48732 was received, previous rcvd is 48579 
Packet(s) lost or reordered : 49316 was received, previous rcvd is 49094 
Packet(s) lost or reordered : 49901 was received, previous rcvd is 49744 
Packet(s) lost or reordered : 50488 was received, previous rcvd is 50263 
Packet(s) lost or reordered : 51077 was received, previous rcvd is 50916 
Packet(s) lost or reordered : 51669 was received, previous rcvd is 51472 
Packet(s) lost or reordered : 52263 was received, previous rcvd is 52064 
Packet(s) lost or reordered : 52859 was received, previous rcvd is 52669 
Packet(s) lost or reordered : 53457 was received, previous rcvd is 53266 
Packet(s) lost or reordered : 54057 was received, previous rcvd is 53830 
Packet(s) lost or reordered : 54659 was received, previous rcvd is 54464 
Packet(s) lost or reordered : 55263 was received, previous rcvd is 55066 
Packet(s) lost or reordered : 55869 was received, previous rcvd is 55636 
Packet(s) lost or reordered : 56477 was received, previous rcvd is 56276 
Packet(s) lost or reordered : 57087 was received, previous rcvd is 56884 
Packet(s) lost or reordered : 57699 was received, previous rcvd is 57494 
Packet(s) lost or reordered : 58131 was received, previous rcvd is 58047 
Packet(s) lost or reordered : 58136 was received, previous rcvd is 58133 
Packet(s) lost or reordered : 58139 was received, previous rcvd is 58136 
Packet(s) lost or reordered : 58163 was received, previous rcvd is 58139 
Packet(s) lost or reordered : 58313 was received, previous rcvd is 58192 
Packet(s) lost or reordered : 58929 was received, previous rcvd is 58697 
Packet(s) lost or reordered : 59548 was received, previous rcvd is 59348 
Packet(s) lost or reordered : 60169 was received, previous rcvd is 59932 
Packet(s) lost or reordered : 60597 was received, previous rcvd is 60553 
Packet(s) lost or reordered : 60792 was received, previous rcvd is 60631 
Packet(s) lost or reordered : 61417 was received, previous rcvd is 61176 
Packet(s) lost or reordered : 62044 was received, previous rcvd is 61836 
Packet(s) lost or reordered : 62432 was received, previous rcvd is 62393 
Packet(s) lost or reordered : 62435 was received, previous rcvd is 62432 
Packet(s) lost or reordered : 62459 was received, previous rcvd is 62435 
Packet(s) lost or reordered : 62674 was received, previous rcvd is 62491 
Packet(s) lost or reordered : 63306 was received, previous rcvd is 63042 
Packet(s) lost or reordered : 63874 was received, previous rcvd is 63712 
Packet(s) lost or reordered : 63940 was received, previous rcvd is 63910 
Packet(s) lost or reordered : 64576 was received, previous rcvd is 64309 
Packet(s) lost or reordered : 65214 was received, previous rcvd is 64972 
Packet(s) lost or reordered :   266 was received, previous rcvd is    73 
Packet(s) lost or reordered :   318 was received, previous rcvd is   301 
Packet(s) lost or reordered :   960 was received, previous rcvd is   695 
Packet(s) lost or reordered :  1604 was received, previous rcvd is  1349 
Packet(s) lost or reordered :  2251 was received, previous rcvd is  1993 
Packet(s) lost or reordered :  8611 was received, previous rcvd is  8597 
Packet(s) lost or reordered :  9066 was received, previous rcvd is  9026 
Packet(s) lost or reordered :  9521 was received, previous rcvd is  9455 
Packet(s) lost or reordered :  9976 was received, previous rcvd is  9910 
Packet(s) lost or reordered : 10431 was received, previous rcvd is 10391 
Packet(s) lost or reordered : 10886 was received, previous rcvd is 10820 
Packet(s) lost or reordered : 11341 was received, previous rcvd is 11275 
Packet(s) lost or reordered : 11732 was received, previous rcvd is 11730 
Packet(s) lost or reordered : 11765 was received, previous rcvd is 11732 
Packet(s) lost or reordered : 11776 was received, previous rcvd is 11765 
Packet(s) lost or reordered : 12251 was received, previous rcvd is 12189 
Packet(s) lost or reordered : 12706 was received, previous rcvd is 12640 
Packet(s) lost or reordered : 13161 was received, previous rcvd is 13121 
Packet(s) lost or reordered : 13617 was received, previous rcvd is 13550 
Packet(s) lost or reordered : 14072 was received, previous rcvd is 14006 
Packet(s) lost or reordered : 14528 was received, previous rcvd is 14487 
Packet(s) lost or reordered : 14984 was received, previous rcvd is 14917 
Packet(s) lost or reordered : 15440 was received, previous rcvd is 15373 
Packet(s) lost or reordered : 15896 was received, previous rcvd is 15855 
Packet(s) lost or reordered : 16352 was received, previous rcvd is 16285 
Packet(s) lost or reordered : 16808 was received, previous rcvd is 16741 
Packet(s) lost or reordered : 17264 was received, previous rcvd is 17223 
Packet(s) lost or reordered : 17720 was received, previous rcvd is 17653 
Packet(s) lost or reordered : 18176 was received, previous rcvd is 18109 
Packet(s) lost or reordered : 18632 was received, previous rcvd is 18591 
Packet(s) lost or reordered : 19088 was received, previous rcvd is 19021 
Packet(s) lost or reordered : 19545 was received, previous rcvd is 19503 
Packet(s) lost or reordered : 20002 was received, previous rcvd is 19934 
Packet(s) lost or reordered : 20459 was received, previous rcvd is 20391 
Packet(s) lost or reordered : 20916 was received, previous rcvd is 20874 
Packet(s) lost or reordered : 21373 was received, previous rcvd is 21305 
Packet(s) lost or reordered : 21830 was received, previous rcvd is 21762 
Packet(s) lost or reordered : 22287 was received, previous rcvd is 22245 
Packet(s) lost or reordered : 22744 was received, previous rcvd is 22676 
Packet(s) lost or reordered : 23201 was received, previous rcvd is 23133 
Packet(s) lost or reordered : 23658 was received, previous rcvd is 23590 
Packet(s) lost or reordered : 24116 was received, previous rcvd is 24073 
Packet(s) lost or reordered : 24574 was received, previous rcvd is 24505 
Packet(s) lost or reordered : 25032 was received, previous rcvd is 24963 
Packet(s) lost or reordered : 25490 was received, previous rcvd is 25447 
Packet(s) lost or reordered : 25948 was received, previous rcvd is 25879 
Packet(s) lost or reordered : 26407 was received, previous rcvd is 26337 
Packet(s) lost or reordered : 26866 was received, previous rcvd is 26809 
Packet(s) lost or reordered : 27325 was received, previous rcvd is 27271 
Packet(s) lost or reordered : 27784 was received, previous rcvd is 27701 
Packet(s) lost or reordered : 28243 was received, previous rcvd is 28204 
Packet(s) lost or reordered : 28702 was received, previous rcvd is 28658 
Packet(s) lost or reordered : 29161 was received, previous rcvd is 29091 
Packet(s) lost or reordered : 29620 was received, previous rcvd is 29550 
Packet(s) lost or reordered : 30079 was received, previous rcvd is 30035 
Packet(s) lost or reordered : 30539 was received, previous rcvd is 30468 
Packet(s) lost or reordered : 30999 was received, previous rcvd is 30928 
Packet(s) lost or reordered : 31437 was received, previous rcvd is 31388 
Packet(s) lost or reordered : 31919 was received, previous rcvd is 31852 
Packet(s) lost or reordered : 32379 was received, previous rcvd is 32308 
Packet(s) lost or reordered : 32839 was received, previous rcvd is 32768 
Packet(s) lost or reordered : 33299 was received, previous rcvd is 33254 
Packet(s) lost or reordered : 33759 was received, previous rcvd is 33688 
Packet(s) lost or reordered : 34220 was received, previous rcvd is 34161 
Packet(s) lost or reordered : 34681 was received, previous rcvd is 34625 
Packet(s) lost or reordered : 35062 was received, previous rcvd is 35047 
Packet(s) lost or reordered : 35143 was received, previous rcvd is 35087 
Packet(s) lost or reordered : 35604 was received, previous rcvd is 35532 
Packet(s) lost or reordered : 36065 was received, previous rcvd is 36019 
Packet(s) lost or reordered : 36527 was received, previous rcvd is 36454 
Packet(s) lost or reordered : 36989 was received, previous rcvd is 36916 
Packet(s) lost or reordered : 37451 was received, previous rcvd is 37404 
Packet(s) lost or reordered : 37913 was received, previous rcvd is 37840 
Packet(s) lost or reordered : 38375 was received, previous rcvd is 38302 
Packet(s) lost or reordered : 38838 was received, previous rcvd is 38790 
Packet(s) lost or reordered : 39301 was received, previous rcvd is 39227 
Packet(s) lost or reordered : 39764 was received, previous rcvd is 39690 
Packet(s) lost or reordered : 40227 was received, previous rcvd is 40153 
Packet(s) lost or reordered : 40690 was received, previous rcvd is 40642 
Packet(s) lost or reordered : 41153 was received, previous rcvd is 41079 
Packet(s) lost or reordered : 41617 was received, previous rcvd is 41542 
Packet(s) lost or reordered : 42082 was received, previous rcvd is 42032 
Packet(s) lost or reordered : 42547 was received, previous rcvd is 42471 
Packet(s) lost or reordered : 43011 was received, previous rcvd is 42962 
Packet(s) lost or reordered : 43475 was received, previous rcvd is 43400 
Packet(s) lost or reordered : 43940 was received, previous rcvd is 43864 
Packet(s) lost or reordered : 44368 was received, previous rcvd is 44330 
Packet(s) lost or reordered : 44405 was received, previous rcvd is 44392 
Packet(s) lost or reordered : 44870 was received, previous rcvd is 44794 
Packet(s) lost or reordered : 45336 was received, previous rcvd is 45259 
Packet(s) lost or reordered : 45802 was received, previous rcvd is 45725 
Packet(s) lost or reordered : 46268 was received, previous rcvd is 46217 
Packet(s) lost or reordered : 46734 was received, previous rcvd is 46657 
Packet(s) lost or reordered : 47200 was received, previous rcvd is 47123 
Packet(s) lost or reordered : 47667 was received, previous rcvd is 47615 
Packet(s) lost or reordered : 48134 was received, previous rcvd is 48042 
Packet(s) lost or reordered : 48601 was received, previous rcvd is 48538 
Packet(s) lost or reordered : 49068 was received, previous rcvd is 49005 
Packet(s) lost or reordered : 49536 was received, previous rcvd is 49472 
Packet(s) lost or reordered : 50004 was received, previous rcvd is 49940 
Packet(s) lost or reordered : 50472 was received, previous rcvd is 50408 
Packet(s) lost or reordered : 50940 was received, previous rcvd is 50849 
Packet(s) lost or reordered : 51403 was received, previous rcvd is 51344 
Packet(s) lost or reordered : 51878 was received, previous rcvd is 51780 
Packet(s) lost or reordered : 52347 was received, previous rcvd is 52309 
Packet(s) lost or reordered : 52816 was received, previous rcvd is 52724 
Packet(s) lost or reordered : 53286 was received, previous rcvd is 53220 
Packet(s) lost or reordered : 53756 was received, previous rcvd is 53689 
Packet(s) lost or reordered : 54226 was received, previous rcvd is 54161 
Packet(s) lost or reordered : 54696 was received, previous rcvd is 54602 
Packet(s) lost or reordered : 55167 was received, previous rcvd is 55103 
Packet(s) lost or reordered : 55638 was received, previous rcvd is 55544 
Packet(s) lost or reordered : 56109 was received, previous rcvd is 56068 
Packet(s) lost or reordered : 56580 was received, previous rcvd is 56485 
Packet(s) lost or reordered : 57052 was received, previous rcvd is 57014 
Packet(s) lost or reordered : 57524 was received, previous rcvd is 57433 
Packet(s) lost or reordered : 57996 was received, previous rcvd is 57928 
Packet(s) lost or reordered : 58468 was received, previous rcvd is 58373 
Packet(s) lost or reordered : 58941 was received, previous rcvd is 58872 
Packet(s) lost or reordered : 59414 was received, previous rcvd is 59345 
Packet(s) lost or reordered : 59887 was received, previous rcvd is 59818 
Packet(s) lost or reordered : 60361 was received, previous rcvd is 60264 
Packet(s) lost or reordered : 60835 was received, previous rcvd is 60765 
Packet(s) lost or reordered : 61309 was received, previous rcvd is 61239 
Packet(s) lost or reordered : 61783 was received, previous rcvd is 61713 
Packet(s) lost or reordered : 62258 was received, previous rcvd is 62160 
Packet(s) lost or reordered : 62733 was received, previous rcvd is 62689 
Packet(s) lost or reordered : 63209 was received, previous rcvd is 63110 
Packet(s) lost or reordered : 63597 was received, previous rcvd is 63586 
Packet(s) lost or reordered : 63685 was received, previous rcvd is 63623 
Packet(s) lost or reordered : 64161 was received, previous rcvd is 64089 
Packet(s) lost or reordered : 64637 was received, previous rcvd is 64565 
Packet(s) lost or reordered : 65114 was received, previous rcvd is 65014 
Packet(s) lost or reordered : 65519 was received, previous rcvd is 65491 
Packet(s) lost or reordered :    55 was received, previous rcvd is     9 
Packet(s) lost or reordered :   532 was received, previous rcvd is   459 
Packet(s) lost or reordered :  1010 was received, previous rcvd is   909 
Packet(s) lost or reordered :  1488 was received, previous rcvd is  1441 
Packet(s) lost or reordered :  1966 was received, previous rcvd is  1865 
Packet(s) lost or reordered :  2445 was received, previous rcvd is  2343 
Packet(s) lost or reordered :  2924 was received, previous rcvd is  2876 
Packet(s) lost or reordered :  3403 was received, previous rcvd is  3301 
Packet(s) lost or reordered :  3883 was received, previous rcvd is  3807 
Packet(s) lost or reordered :  4363 was received, previous rcvd is  4260 
Packet(s) lost or reordered :  4844 was received, previous rcvd is  4794 
Packet(s) lost or reordered :  5325 was received, previous rcvd is  5221 
Packet(s) lost or reordered :  5806 was received, previous rcvd is  5729 
Packet(s) lost or reordered :  6287 was received, previous rcvd is  6210 
Packet(s) lost or reordered :  6769 was received, previous rcvd is  6664 
Packet(s) lost or reordered :  7251 was received, previous rcvd is  7200 
Packet(s) lost or reordered :  7733 was received, previous rcvd is  7628 
Packet(s) lost or reordered :  8216 was received, previous rcvd is  8110 
Packet(s) lost or reordered :  8700 was received, previous rcvd is  8620 
Packet(s) lost or reordered :  9183 was received, previous rcvd is  9131 
Packet(s) lost or reordered :  9667 was received, previous rcvd is  9560 
Packet(s) lost or reordered : 10151 was received, previous rcvd is 10071 
Packet(s) lost or reordered : 10636 was received, previous rcvd is 10555 
Packet(s) lost or reordered : 11121 was received, previous rcvd is 11013 
Packet(s) lost or reordered : 11607 was received, previous rcvd is 11552 
Packet(s) lost or reordered : 12094 was received, previous rcvd is 11997 
Packet(s) lost or reordered : 12580 was received, previous rcvd is 12457 
Packet(s) lost or reordered : 13066 was received, previous rcvd is 12999 
Packet(s) lost or reordered : 13553 was received, previous rcvd is 13485 
Packet(s) lost or reordered : 14040 was received, previous rcvd is 13944 
Packet(s) lost or reordered : 14527 was received, previous rcvd is 14431 
Packet(s) lost or reordered : 15015 was received, previous rcvd is 14918 
Packet(s) lost or reordered : 15503 was received, previous rcvd is 15406 
Packet(s) lost or reordered : 15992 was received, previous rcvd is 15894 
Packet(s) lost or reordered : 16482 was received, previous rcvd is 16383 
Packet(s) lost or reordered : 16971 was received, previous rcvd is 16901 
Packet(s) lost or reordered : 17461 was received, previous rcvd is 17390 
Packet(s) lost or reordered : 17951 was received, previous rcvd is 17824 
Packet(s) lost or reordered : 18441 was received, previous rcvd is 18342 
Packet(s) lost or reordered : 18932 was received, previous rcvd is 18856 
Packet(s) lost or reordered : 19423 was received, previous rcvd is 19351 
Packet(s) lost or reordered : 19915 was received, previous rcvd is 19818 
Packet(s) lost or reordered : 20407 was received, previous rcvd is 20278 
Packet(s) lost or reordered : 20899 was received, previous rcvd is 20826 
Packet(s) lost or reordered : 21392 was received, previous rcvd is 21316 
Packet(s) lost or reordered : 21885 was received, previous rcvd is 21781 
Packet(s) lost or reordered : 22379 was received, previous rcvd is 22277 
Packet(s) lost or reordered : 22873 was received, previous rcvd is 22770 
Packet(s) lost or reordered : 23368 was received, previous rcvd is 23292 
Packet(s) lost or reordered : 23863 was received, previous rcvd is 23759 
Packet(s) lost or reordered : 24358 was received, previous rcvd is 24226 
Packet(s) lost or reordered : 24854 was received, previous rcvd is 24777 
Packet(s) lost or reordered : 25350 was received, previous rcvd is 25245 
Packet(s) lost or reordered : 25847 was received, previous rcvd is 25741 
Packet(s) lost or reordered : 26344 was received, previous rcvd is 26266 
Packet(s) lost or reordered : 26841 was received, previous rcvd is 26735 
Packet(s) lost or reordered : 27339 was received, previous rcvd is 27232 
Packet(s) lost or reordered : 27837 was received, previous rcvd is 27758 
Packet(s) lost or reordered : 28336 was received, previous rcvd is 28228 
Packet(s) lost or reordered : 28836 was received, previous rcvd is 28727 
Packet(s) lost or reordered : 29336 was received, previous rcvd is 29227 
Packet(s) lost or reordered : 29836 was received, previous rcvd is 29755 
Packet(s) lost or reordered : 30224 was received, previous rcvd is 30199 
Packet(s) lost or reordered : 30337 was received, previous rcvd is 30251 
Packet(s) lost or reordered : 30732 was received, previous rcvd is 30700 
Packet(s) lost or reordered : 30838 was received, previous rcvd is 30759 
Packet(s) lost or reordered : 31339 was received, previous rcvd is 31229 
Packet(s) lost or reordered : 31841 was received, previous rcvd is 31730 
Packet(s) lost or reordered : 32343 was received, previous rcvd is 32232 
Packet(s) lost or reordered : 32846 was received, previous rcvd is 32762 
Packet(s) lost or reordered : 33349 was received, previous rcvd is 33237 
Packet(s) lost or reordered : 33853 was received, previous rcvd is 33740 
Packet(s) lost or reordered : 34357 was received, previous rcvd is 34257 
Packet(s) lost or reordered : 34790 was received, previous rcvd is 34733 
Packet(s) lost or reordered : 34862 was received, previous rcvd is 34790 
Packet(s) lost or reordered : 35367 was received, previous rcvd is 35295 
Packet(s) lost or reordered : 35872 was received, previous rcvd is 35743 
Packet(s) lost or reordered : 36378 was received, previous rcvd is 36277 
Packet(s) lost or reordered : 36824 was received, previous rcvd is 36754 
Packet(s) lost or reordered : 36884 was received, previous rcvd is 36852 
Packet(s) lost or reordered : 37391 was received, previous rcvd is 37289 
Packet(s) lost or reordered : 37898 was received, previous rcvd is 37796 
Packet(s) lost or reordered : 38406 was received, previous rcvd is 38274 
Packet(s) lost or reordered : 38914 was received, previous rcvd is 38782 
Packet(s) lost or reordered : 39423 was received, previous rcvd is 39348 
Packet(s) lost or reordered : 39932 was received, previous rcvd is 39799 
Packet(s) lost or reordered : 40442 was received, previous rcvd is 40337 
Packet(s) lost or reordered : 40952 was received, previous rcvd is 40847 
Packet(s) lost or reordered : 41462 was received, previous rcvd is 41357 
Packet(s) lost or reordered : 41973 was received, previous rcvd is 41838 
Packet(s) lost or reordered : 42484 was received, previous rcvd is 42385 
Packet(s) lost or reordered : 42996 was received, previous rcvd is 42867 
Packet(s) lost or reordered : 43508 was received, previous rcvd is 43411 
Packet(s) lost or reordered : 44021 was received, previous rcvd is 43889 
Packet(s) lost or reordered : 44535 was received, previous rcvd is 44426 
Packet(s) lost or reordered : 45050 was received, previous rcvd is 44945 
Packet(s) lost or reordered : 45567 was received, previous rcvd is 45433 
Packet(s) lost or reordered : 46084 was received, previous rcvd is 45982 
Packet(s) lost or reordered : 46538 was received, previous rcvd is 46462 
Packet(s) lost or reordered : 46600 was received, previous rcvd is 46566 
Packet(s) lost or reordered : 47116 was received, previous rcvd is 46976 
Packet(s) lost or reordered : 47543 was received, previous rcvd is 47492 
Packet(s) lost or reordered : 47608 was received, previous rcvd is 47543 
Packet(s) lost or reordered : 48150 was received, previous rcvd is 48041 
Packet(s) lost or reordered : 48668 was received, previous rcvd is 48526 
Packet(s) lost or reordered : 49186 was received, previous rcvd is 49073 
Packet(s) lost or reordered : 49705 was received, previous rcvd is 49591 
Packet(s) lost or reordered : 50225 was received, previous rcvd is 50081 
Packet(s) lost or reordered : 50745 was received, previous rcvd is 50630 
Packet(s) lost or reordered : 51266 was received, previous rcvd is 51150 
Packet(s) lost or reordered : 51787 was received, previous rcvd is 51671 
Packet(s) lost or reordered : 52309 was received, previous rcvd is 52192 
Packet(s) lost or reordered : 52831 was received, previous rcvd is 52698 
Packet(s) lost or reordered : 53354 was received, previous rcvd is 53220 
Packet(s) lost or reordered : 53877 was received, previous rcvd is 53743 
Packet(s) lost or reordered : 54401 was received, previous rcvd is 54296 
Packet(s) lost or reordered : 54926 was received, previous rcvd is 54790 
Packet(s) lost or reordered : 55398 was received, previous rcvd is 55315 
Packet(s) lost or reordered : 55451 was received, previous rcvd is 55427 
Packet(s) lost or reordered : 55977 was received, previous rcvd is 55810 
Packet(s) lost or reordered : 56503 was received, previous rcvd is 56396 
Packet(s) lost or reordered : 57030 was received, previous rcvd is 56892 
Packet(s) lost or reordered : 57557 was received, previous rcvd is 57449 
Packet(s) lost or reordered : 58085 was received, previous rcvd is 57946 
Packet(s) lost or reordered : 58613 was received, previous rcvd is 58474 
Packet(s) lost or reordered : 59083 was received, previous rcvd is 59002 
Packet(s) lost or reordered : 59142 was received, previous rcvd is 59112 
Packet(s) lost or reordered : 59672 was received, previous rcvd is 59531 
Packet(s) lost or reordered : 60202 was received, previous rcvd is 60061 
Packet(s) lost or reordered : 60733 was received, previous rcvd is 60591 
Packet(s) lost or reordered : 61264 was received, previous rcvd is 61152 
Packet(s) lost or reordered : 61796 was received, previous rcvd is 61653 
Packet(s) lost or reordered : 62328 was received, previous rcvd is 62185 
Packet(s) lost or reordered : 62787 was received, previous rcvd is 62717 
Packet(s) lost or reordered : 62861 was received, previous rcvd is 62816 
Packet(s) lost or reordered : 63395 was received, previous rcvd is 63250 
Packet(s) lost or reordered : 63929 was received, previous rcvd is 63784 
Packet(s) lost or reordered : 64464 was received, previous rcvd is 64318 
Packet(s) lost or reordered : 64999 was received, previous rcvd is 64883 
Packet(s) lost or reordered : 65535 was received, previous rcvd is 65388 
Packet(s) lost or reordered :   535 was received, previous rcvd is   388 
Packet(s) lost or reordered :  1072 was received, previous rcvd is   924 
Packet(s) lost or reordered :  1610 was received, previous rcvd is  1461 
Packet(s) lost or reordered :  2149 was received, previous rcvd is  2029 
Packet(s) lost or reordered :  2688 was received, previous rcvd is  2538 
Packet(s) lost or reordered :  3228 was received, previous rcvd is  3107 
Packet(s) lost or reordered :  3768 was received, previous rcvd is  3629 
Packet(s) lost or reordered :  4309 was received, previous rcvd is  4139 
Packet(s) lost or reordered :  4851 was received, previous rcvd is  4711 
Packet(s) lost or reordered :  5393 was received, previous rcvd is  5253 
Packet(s) lost or reordered :  5936 was received, previous rcvd is  5795 
Packet(s) lost or reordered :  6479 was received, previous rcvd is  6338 
Packet(s) lost or reordered :  7023 was received, previous rcvd is  6881 
Packet(s) lost or reordered :  7568 was received, previous rcvd is  7425 
Packet(s) lost or reordered :  7970 was received, previous rcvd is  7939 
Packet(s) lost or reordered :  7973 was received, previous rcvd is  7970 
Packet(s) lost or reordered :  7976 was received, previous rcvd is  7973 
Packet(s) lost or reordered :  8113 was received, previous rcvd is  8004 
Packet(s) lost or reordered :  8659 was received, previous rcvd is  8484 
Packet(s) lost or reordered :  9206 was received, previous rcvd is  9061 
Packet(s) lost or reordered :  9753 was received, previous rcvd is  9608 
Packet(s) lost or reordered : 10301 was received, previous rcvd is 10154 
Packet(s) lost or reordered : 10850 was received, previous rcvd is 10708 
Packet(s) lost or reordered : 11399 was received, previous rcvd is 11257 
Packet(s) lost or reordered : 11949 was received, previous rcvd is 11773 
Packet(s) lost or reordered : 12499 was received, previous rcvd is 12351 
Packet(s) lost or reordered : 13050 was received, previous rcvd is 12901 
Packet(s) lost or reordered : 13602 was received, previous rcvd is 13420 
Packet(s) lost or reordered : 14154 was received, previous rcvd is 14009 
Packet(s) lost or reordered : 14707 was received, previous rcvd is 14559 
Packet(s) lost or reordered : 15261 was received, previous rcvd is 15109 
Packet(s) lost or reordered : 15815 was received, previous rcvd is 15663 
Packet(s) lost or reordered : 16370 was received, previous rcvd is 16186 
Packet(s) lost or reordered : 16926 was received, previous rcvd is 16803 
Packet(s) lost or reordered : 17482 was received, previous rcvd is 17297 
Packet(s) lost or reordered : 18039 was received, previous rcvd is 17884 
Packet(s) lost or reordered : 18596 was received, previous rcvd is 18441 
Packet(s) lost or reordered : 19154 was received, previous rcvd is 18977 
Packet(s) lost or reordered : 19713 was received, previous rcvd is 19569 
Packet(s) lost or reordered : 20273 was received, previous rcvd is 20128 
Packet(s) lost or reordered : 20834 was received, previous rcvd is 20656 
Packet(s) lost or reordered : 21395 was received, previous rcvd is 21249 
Packet(s) lost or reordered : 21957 was received, previous rcvd is 21778 
Packet(s) lost or reordered : 22519 was received, previous rcvd is 22372 
Packet(s) lost or reordered : 23083 was received, previous rcvd is 22902 
Packet(s) lost or reordered : 23647 was received, previous rcvd is 23466 
Packet(s) lost or reordered : 24212 was received, previous rcvd is 24062 
Packet(s) lost or reordered : 24777 was received, previous rcvd is 24595 
Packet(s) lost or reordered : 25343 was received, previous rcvd is 25160 
Packet(s) lost or reordered : 25910 was received, previous rcvd is 25790 
Packet(s) lost or reordered : 26477 was received, previous rcvd is 26293 
Packet(s) lost or reordered : 27045 was received, previous rcvd is 26860 
Packet(s) lost or reordered : 27614 was received, previous rcvd is 27460 
Packet(s) lost or reordered : 28184 was received, previous rcvd is 27997 
Packet(s) lost or reordered : 28754 was received, previous rcvd is 28567 
Packet(s) lost or reordered : 29325 was received, previous rcvd is 29169 
Packet(s) lost or reordered : 29896 was received, previous rcvd is 29708 
Packet(s) lost or reordered : 30394 was received, previous rcvd is 30279 
Packet(s) lost or reordered : 30468 was received, previous rcvd is 30425 
Packet(s) lost or reordered : 31040 was received, previous rcvd is 30883 
Packet(s) lost or reordered : 31613 was received, previous rcvd is 31423 
Packet(s) lost or reordered : 32186 was received, previous rcvd is 31996 
Packet(s) lost or reordered : 32760 was received, previous rcvd is 32569 
Packet(s) lost or reordered : 33334 was received, previous rcvd is 33175 
Packet(s) lost or reordered : 33909 was received, previous rcvd is 33717 
Packet(s) lost or reordered : 34484 was received, previous rcvd is 34337 
Packet(s) lost or reordered : 35060 was received, previous rcvd is 34843 
Packet(s) lost or reordered : 35636 was received, previous rcvd is 35491 
Packet(s) lost or reordered : 36213 was received, previous rcvd is 36034 
Packet(s) lost or reordered : 36790 was received, previous rcvd is 36608 
Packet(s) lost or reordered : 37368 was received, previous rcvd is 37185 
Packet(s) lost or reordered : 37946 was received, previous rcvd is 37763 
Packet(s) lost or reordered : 38524 was received, previous rcvd is 38341 
Packet(s) lost or reordered : 39104 was received, previous rcvd is 38919 
Packet(s) lost or reordered : 39683 was received, previous rcvd is 39499 
Packet(s) lost or reordered : 40263 was received, previous rcvd is 40078 
Packet(s) lost or reordered : 40843 was received, previous rcvd is 40691 
Packet(s) lost or reordered : 41424 was received, previous rcvd is 41238 
Packet(s) lost or reordered : 42005 was received, previous rcvd is 41819 
Packet(s) lost or reordered : 42586 was received, previous rcvd is 42400 
Packet(s) lost or reordered : 43168 was received, previous rcvd is 42981 
Packet(s) lost or reordered : 43750 was received, previous rcvd is 43560 
Packet(s) lost or reordered : 44332 was received, previous rcvd is 44145 
Packet(s) lost or reordered : 44915 was received, previous rcvd is 44731 
Packet(s) lost or reordered : 45498 was received, previous rcvd is 45310 
Packet(s) lost or reordered : 46082 was received, previous rcvd is 45926 
Packet(s) lost or reordered : 46666 was received, previous rcvd is 46477 
Packet(s) lost or reordered : 47250 was received, previous rcvd is 47061 
Packet(s) lost or reordered : 47834 was received, previous rcvd is 47612 
Packet(s) lost or reordered : 48419 was received, previous rcvd is 48262 
Packet(s) lost or reordered : 49004 was received, previous rcvd is 48781 
Packet(s) lost or reordered : 49589 was received, previous rcvd is 49432 
Packet(s) lost or reordered : 50175 was received, previous rcvd is 49984 
Packet(s) lost or reordered : 50557 was received, previous rcvd is 50537 
Packet(s) lost or reordered : 50761 was received, previous rcvd is 50589 
Packet(s) lost or reordered : 51156 was received, previous rcvd is 51123 
Packet(s) lost or reordered : 51347 was received, previous rcvd is 51188 
Packet(s) lost or reordered : 51933 was received, previous rcvd is 51742 
Packet(s) lost or reordered : 52520 was received, previous rcvd is 52328 
Packet(s) lost or reordered : 53107 was received, previous rcvd is 52915 
Packet(s) lost or reordered : 53694 was received, previous rcvd is 53535 
Packet(s) lost or reordered : 54282 was received, previous rcvd is 54056 
Packet(s) lost or reordered : 54870 was received, previous rcvd is 54710 
Packet(s) lost or reordered : 55458 was received, previous rcvd is 55232 
Packet(s) lost or reordered : 56047 was received, previous rcvd is 55886 
Packet(s) lost or reordered : 56636 was received, previous rcvd is 56442 
Packet(s) lost or reordered : 57017 was received, previous rcvd is 56998 
Packet(s) lost or reordered : 57020 was received, previous rcvd is 57017 
Packet(s) lost or reordered : 57225 was received, previous rcvd is 57051 
Packet(s) lost or reordered : 57814 was received, previous rcvd is 57620 
Packet(s) lost or reordered : 58307 was received, previous rcvd is 58176 
Packet(s) lost or reordered : 58403 was received, previous rcvd is 58339 
Packet(s) lost or reordered : 58859 was received, previous rcvd is 58765 
Packet(s) lost or reordered : 58992 was received, previous rcvd is 58891 
Packet(s) lost or reordered : 59582 was received, previous rcvd is 59396 
Packet(s) lost or reordered : 60172 was received, previous rcvd is 59988 
Packet(s) lost or reordered : 60762 was received, previous rcvd is 60578 
Packet(s) lost or reordered : 61352 was received, previous rcvd is 61163 
Packet(s) lost or reordered : 61943 was received, previous rcvd is 61714 
Packet(s) lost or reordered : 62534 was received, previous rcvd is 62338 
Packet(s) lost or reordered : 62989 was received, previous rcvd is 62926 
Packet(s) lost or reordered : 63125 was received, previous rcvd is 63024 
Packet(s) lost or reordered : 63716 was received, previous rcvd is 63520 
Packet(s) lost or reordered : 64307 was received, previous rcvd is 64113 
Packet(s) lost or reordered : 64899 was received, previous rcvd is 64702 
Packet(s) lost or reordered : 65434 was received, previous rcvd is 65261 
Packet(s) lost or reordered : 65440 was received, previous rcvd is 65438 
Packet(s) lost or reordered : 65491 was received, previous rcvd is 65467 
Packet(s) lost or reordered :   522 was received, previous rcvd is   317 
Packet(s) lost or reordered :  1139 was received, previous rcvd is   950 
Packet(s) lost or reordered :  1731 was received, previous rcvd is  1534 
Packet(s) lost or reordered :  2324 was received, previous rcvd is  2126 
Packet(s) lost or reordered :  2917 was received, previous rcvd is  2730 
Packet(s) lost or reordered :  3510 was received, previous rcvd is  3313 
Packet(s) lost or reordered :  4103 was received, previous rcvd is  3916 
Packet(s) lost or reordered :  4696 was received, previous rcvd is  4476 
Packet(s) lost or reordered :  5290 was received, previous rcvd is  5103 
Packet(s) lost or reordered :  5885 was received, previous rcvd is  5697 
Packet(s) lost or reordered :  6479 was received, previous rcvd is  6292 
Packet(s) lost or reordered :  6902 was received, previous rcvd is  6853 
Packet(s) lost or reordered :  7073 was received, previous rcvd is  6934 
Packet(s) lost or reordered :  7667 was received, previous rcvd is  7446 
Packet(s) lost or reordered :  8262 was received, previous rcvd is  8074 
Packet(s) lost or reordered :  8857 was received, previous rcvd is  8669 
Packet(s) lost or reordered :  9452 was received, previous rcvd is  9264 
Packet(s) lost or reordered : 10047 was received, previous rcvd is  9825 
Packet(s) lost or reordered : 10642 was received, previous rcvd is 10454 
Packet(s) lost or reordered : 11237 was received, previous rcvd is 11049 
Packet(s) lost or reordered : 11833 was received, previous rcvd is 11610 
Packet(s) lost or reordered : 12429 was received, previous rcvd is 12240 
Packet(s) lost or reordered : 13025 was received, previous rcvd is 12836 
Packet(s) lost or reordered : 13621 was received, previous rcvd is 13432 
Packet(s) lost or reordered : 14217 was received, previous rcvd is 13994 
Packet(s) lost or reordered : 14813 was received, previous rcvd is 14624 
Packet(s) lost or reordered : 15410 was received, previous rcvd is 15186 
Packet(s) lost or reordered : 16007 was received, previous rcvd is 15851 
Packet(s) lost or reordered : 16604 was received, previous rcvd is 16380 
Packet(s) lost or reordered : 17201 was received, previous rcvd is 17011 
Packet(s) lost or reordered : 17798 was received, previous rcvd is 17608 
Packet(s) lost or reordered : 18395 was received, previous rcvd is 18171 
Packet(s) lost or reordered : 18993 was received, previous rcvd is 18802 
Packet(s) lost or reordered : 19591 was received, previous rcvd is 19366 
Packet(s) lost or reordered : 20052 was received, previous rcvd is 19998 
Packet(s) lost or reordered : 20093 was received, previous rcvd is 20052 
Packet(s) lost or reordered : 20102 was received, previous rcvd is 20093 
Packet(s) lost or reordered : 20189 was received, previous rcvd is 20133 
Packet(s) lost or reordered : 20787 was received, previous rcvd is 20562 
Packet(s) lost or reordered : 21385 was received, previous rcvd is 21194 
Packet(s) lost or reordered : 21983 was received, previous rcvd is 21792 
Packet(s) lost or reordered : 22582 was received, previous rcvd is 22356 
Packet(s) lost or reordered : 23181 was received, previous rcvd is 22989 
Packet(s) lost or reordered : 23780 was received, previous rcvd is 23588 
Packet(s) lost or reordered : 24379 was received, previous rcvd is 24187 
Packet(s) lost or reordered : 24978 was received, previous rcvd is 24752 
Packet(s) lost or reordered : 25578 was received, previous rcvd is 25385 
Packet(s) lost or reordered : 26177 was received, previous rcvd is 25982 
Packet(s) lost or reordered : 26776 was received, previous rcvd is 26583 
Packet(s) lost or reordered : 27376 was received, previous rcvd is 27151 
Packet(s) lost or reordered : 27976 was received, previous rcvd is 27783 
Packet(s) lost or reordered : 28576 was received, previous rcvd is 28383 
Packet(s) lost or reordered : 29176 was received, previous rcvd is 28944 
Packet(s) lost or reordered : 29776 was received, previous rcvd is 29582 
Packet(s) lost or reordered : 30376 was received, previous rcvd is 30185 
Packet(s) lost or reordered : 30976 was received, previous rcvd is 30783 
Packet(s) lost or reordered : 31513 was received, previous rcvd is 31349 
Packet(s) lost or reordered : 31546 was received, previous rcvd is 31513 
Packet(s) lost or reordered : 31577 was received, previous rcvd is 31546 
Packet(s) lost or reordered : 32178 was received, previous rcvd is 31982 
Packet(s) lost or reordered : 32779 was received, previous rcvd is 32585 
Packet(s) lost or reordered : 33380 was received, previous rcvd is 33186 
Packet(s) lost or reordered : 33982 was received, previous rcvd is 33753 
Packet(s) lost or reordered : 34583 was received, previous rcvd is 34355 
Packet(s) lost or reordered : 35184 was received, previous rcvd is 35024 
Packet(s) lost or reordered : 35785 was received, previous rcvd is 35557 
Packet(s) lost or reordered : 36288 was received, previous rcvd is 36192 
Packet(s) lost or reordered : 36387 was received, previous rcvd is 36321 
Packet(s) lost or reordered : 36989 was received, previous rcvd is 36760 
Packet(s) lost or reordered : 37591 was received, previous rcvd is 37396 
Packet(s) lost or reordered : 38193 was received, previous rcvd is 37964 
Packet(s) lost or reordered : 38795 was received, previous rcvd is 38600 
Packet(s) lost or reordered : 39397 was received, previous rcvd is 39202 
Packet(s) lost or reordered : 40000 was received, previous rcvd is 39804 
Packet(s) lost or reordered : 40602 was received, previous rcvd is 40407 
Packet(s) lost or reordered : 41205 was received, previous rcvd is 40975 
Packet(s) lost or reordered : 41808 was received, previous rcvd is 41612 
Packet(s) lost or reordered : 42411 was received, previous rcvd is 42215 
Packet(s) lost or reordered : 43014 was received, previous rcvd is 42784 
Packet(s) lost or reordered : 43617 was received, previous rcvd is 43421 
Packet(s) lost or reordered : 44220 was received, previous rcvd is 44024 
Packet(s) lost or reordered : 44823 was received, previous rcvd is 44627 
Packet(s) lost or reordered : 45426 was received, previous rcvd is 45196 
Packet(s) lost or reordered : 46029 was received, previous rcvd is 45833 
Packet(s) lost or reordered : 46632 was received, previous rcvd is 46436 
Packet(s) lost or reordered : 47236 was received, previous rcvd is 47005 
Packet(s) lost or reordered : 47840 was received, previous rcvd is 47643 
Packet(s) lost or reordered : 48444 was received, previous rcvd is 48245 
Packet(s) lost or reordered : 49048 was received, previous rcvd is 48850 
Packet(s) lost or reordered : 49652 was received, previous rcvd is 49417 
Packet(s) lost or reordered : 50256 was received, previous rcvd is 50061 
Packet(s) lost or reordered : 50860 was received, previous rcvd is 50663 
Packet(s) lost or reordered : 51464 was received, previous rcvd is 51267 
Packet(s) lost or reordered : 52068 was received, previous rcvd is 51837 
Packet(s) lost or reordered : 52673 was received, previous rcvd is 52475 
Packet(s) lost or reordered : 53278 was received, previous rcvd is 53080 
Packet(s) lost or reordered : 53883 was received, previous rcvd is 53685 
Packet(s) lost or reordered : 54488 was received, previous rcvd is 54256 
Packet(s) lost or reordered : 55093 was received, previous rcvd is 54895 
Packet(s) lost or reordered : 55698 was received, previous rcvd is 55500 
Packet(s) lost or reordered : 56303 was received, previous rcvd is 56105 
Packet(s) lost or reordered : 56908 was received, previous rcvd is 56676 
Packet(s) lost or reordered : 57513 was received, previous rcvd is 57315 
Packet(s) lost or reordered : 58118 was received, previous rcvd is 57917 
Packet(s) lost or reordered : 58723 was received, previous rcvd is 58487 
Packet(s) lost or reordered : 59328 was received, previous rcvd is 59132 
Packet(s) lost or reordered : 59934 was received, previous rcvd is 59735 
Packet(s) lost or reordered : 60540 was received, previous rcvd is 60341 
Packet(s) lost or reordered : 61146 was received, previous rcvd is 60913 
Packet(s) lost or reordered : 61752 was received, previous rcvd is 61553 
Packet(s) lost or reordered : 62358 was received, previous rcvd is 62159 
Packet(s) lost or reordered : 62965 was received, previous rcvd is 62765 
Packet(s) lost or reordered : 63463 was received, previous rcvd is 63338 
Packet(s) lost or reordered : 63571 was received, previous rcvd is 63496 
Packet(s) lost or reordered : 64177 was received, previous rcvd is 63944 
Packet(s) lost or reordered : 64783 was received, previous rcvd is 64584 
Packet(s) lost or reordered : 65390 was received, previous rcvd is 65190 
Packet(s) lost or reordered :   274 was received, previous rcvd is   193 
Packet(s) lost or reordered :   461 was received, previous rcvd is   307 
Packet(s) lost or reordered :  1068 was received, previous rcvd is   868 
Packet(s) lost or reordered :  1675 was received, previous rcvd is  1475 
Packet(s) lost or reordered :  2282 was received, previous rcvd is  2082 
Packet(s) lost or reordered :  2889 was received, previous rcvd is  2655 
Packet(s) lost or reordered :  3496 was received, previous rcvd is  3296 
Packet(s) lost or reordered :  4103 was received, previous rcvd is  3903 
Packet(s) lost or reordered :  4710 was received, previous rcvd is  4476 
Packet(s) lost or reordered :  5317 was received, previous rcvd is  5117 
Packet(s) lost or reordered :  5924 was received, previous rcvd is  5724 
Packet(s) lost or reordered :  6531 was received, previous rcvd is  6331 
Packet(s) lost or reordered :  7138 was received, previous rcvd is  6904 
Packet(s) lost or reordered :  7745 was received, previous rcvd is  7545 
Packet(s) lost or reordered :  8352 was received, previous rcvd is  8152 
Packet(s) lost or reordered :  8959 was received, previous rcvd is  8725 
Packet(s) lost or reordered :  9566 was received, previous rcvd is  9366 
Packet(s) lost or reordered : 10173 was received, previous rcvd is  9973 
Packet(s) lost or reordered : 10781 was received, previous rcvd is 10546 
Packet(s) lost or reordered : 11389 was received, previous rcvd is 11188 
Packet(s) lost or reordered : 11997 was received, previous rcvd is 11796 
Packet(s) lost or reordered : 12605 was received, previous rcvd is 12370 
Packet(s) lost or reordered : 13213 was received, previous rcvd is 13046 
Packet(s) lost or reordered : 13821 was received, previous rcvd is 13586 
Packet(s) lost or reordered : 14429 was received, previous rcvd is 14228 
Packet(s) lost or reordered : 15037 was received, previous rcvd is 14802 
Packet(s) lost or reordered : 15645 was received, previous rcvd is 15454 
Packet(s) lost or reordered : 16253 was received, previous rcvd is 16024 
Packet(s) lost or reordered : 16861 was received, previous rcvd is 16663 
Packet(s) lost or reordered : 17470 was received, previous rcvd is 17268 
Packet(s) lost or reordered : 18078 was received, previous rcvd is 17883 
Packet(s) lost or reordered : 18686 was received, previous rcvd is 18457 
Packet(s) lost or reordered : 19295 was received, previous rcvd is 19065 
Packet(s) lost or reordered : 19904 was received, previous rcvd is 19707 
Packet(s) lost or reordered : 20513 was received, previous rcvd is 20311 
Packet(s) lost or reordered : 21123 was received, previous rcvd is 20920 
Packet(s) lost or reordered : 21732 was received, previous rcvd is 21496 
Packet(s) lost or reordered : 22341 was received, previous rcvd is 22139 
Packet(s) lost or reordered : 22950 was received, previous rcvd is 22759 
Packet(s) lost or reordered : 23559 was received, previous rcvd is 23334 
Packet(s) lost or reordered : 23946 was received, previous rcvd is 23944 
Packet(s) lost or reordered : 24168 was received, previous rcvd is 23979 
Packet(s) lost or reordered : 24778 was received, previous rcvd is 24517 
Packet(s) lost or reordered : 25388 was received, previous rcvd is 25197 
Packet(s) lost or reordered : 25998 was received, previous rcvd is 25807 
Packet(s) lost or reordered : 26608 was received, previous rcvd is 26382 
Packet(s) lost or reordered : 27218 was received, previous rcvd is 26992 
Packet(s) lost or reordered : 27828 was received, previous rcvd is 27626 
Packet(s) lost or reordered : 28438 was received, previous rcvd is 28235 
Packet(s) lost or reordered : 28817 was received, previous rcvd is 28811 
Packet(s) lost or reordered : 28820 was received, previous rcvd is 28817 
Packet(s) lost or reordered : 28974 was received, previous rcvd is 28820 
Packet(s) lost or reordered : 28983 was received, previous rcvd is 28974 
Packet(s) lost or reordered : 29048 was received, previous rcvd is 29013 
Packet(s) lost or reordered : 29658 was received, previous rcvd is 29421 
Packet(s) lost or reordered : 30268 was received, previous rcvd is 30031 
Packet(s) lost or reordered : 30879 was received, previous rcvd is 30709 
Packet(s) lost or reordered : 31489 was received, previous rcvd is 31286 
Packet(s) lost or reordered : 32099 was received, previous rcvd is 31862 
Packet(s) lost or reordered : 32709 was received, previous rcvd is 32506 
Packet(s) lost or reordered : 33319 was received, previous rcvd is 33116 
Packet(s) lost or reordered : 33929 was received, previous rcvd is 33703 
Packet(s) lost or reordered : 34539 was received, previous rcvd is 34313 
Packet(s) lost or reordered : 35149 was received, previous rcvd is 34958 
Packet(s) lost or reordered : 35759 was received, previous rcvd is 35533 
Packet(s) lost or reordered : 36370 was received, previous rcvd is 36143 
Packet(s) lost or reordered : 36981 was received, previous rcvd is 36789 
Packet(s) lost or reordered : 37592 was received, previous rcvd is 37365 
Packet(s) lost or reordered : 38203 was received, previous rcvd is 38011 
Packet(s) lost or reordered : 38814 was received, previous rcvd is 38587 
Packet(s) lost or reordered : 39425 was received, previous rcvd is 39233 
Packet(s) lost or reordered : 40036 was received, previous rcvd is 39799 
Packet(s) lost or reordered : 40647 was received, previous rcvd is 40443 
Packet(s) lost or reordered : 41258 was received, previous rcvd is 41029 
Packet(s) lost or reordered : 41869 was received, previous rcvd is 41677 
Packet(s) lost or reordered : 42275 was received, previous rcvd is 42218 
Packet(s) lost or reordered : 42480 was received, previous rcvd is 42309 
Packet(s) lost or reordered : 43091 was received, previous rcvd is 42899 
Packet(s) lost or reordered : 43703 was received, previous rcvd is 43475 
Packet(s) lost or reordered : 44303 was received, previous rcvd is 44087 
Packet(s) lost or reordered : 44925 was received, previous rcvd is 44722 
Packet(s) lost or reordered : 45537 was received, previous rcvd is 45309 
Packet(s) lost or reordered : 46149 was received, previous rcvd is 45921 
Packet(s) lost or reordered : 46761 was received, previous rcvd is 46568 
Packet(s) lost or reordered : 47373 was received, previous rcvd is 47145 
Packet(s) lost or reordered : 47985 was received, previous rcvd is 47792 
Packet(s) lost or reordered : 48598 was received, previous rcvd is 48369 
Packet(s) lost or reordered : 49210 was received, previous rcvd is 48982 
Packet(s) lost or reordered : 49822 was received, previous rcvd is 49629 
Packet(s) lost or reordered : 50434 was received, previous rcvd is 50198 
Packet(s) lost or reordered : 51046 was received, previous rcvd is 50851 
Packet(s) lost or reordered : 51658 was received, previous rcvd is 51425 
Packet(s) lost or reordered : 52270 was received, previous rcvd is 52045 
Packet(s) lost or reordered : 52882 was received, previous rcvd is 52689 
Packet(s) lost or reordered : 53494 was received, previous rcvd is 53296 
Packet(s) lost or reordered : 54107 was received, previous rcvd is 53873 
Packet(s) lost or reordered : 54720 was received, previous rcvd is 54524 
Packet(s) lost or reordered : 55333 was received, previous rcvd is 55107 
Packet(s) lost or reordered : 55946 was received, previous rcvd is 55717 
Packet(s) lost or reordered : 56559 was received, previous rcvd is 56330 
Packet(s) lost or reordered : 57172 was received, previous rcvd is 56978 
Packet(s) lost or reordered : 57785 was received, previous rcvd is 57556 
Packet(s) lost or reordered : 58398 was received, previous rcvd is 58204 
Packet(s) lost or reordered : 59011 was received, previous rcvd is 58782 
Packet(s) lost or reordered : 59624 was received, previous rcvd is 59430 
Packet(s) lost or reordered : 60237 was received, previous rcvd is 60008 
Packet(s) lost or reordered : 60850 was received, previous rcvd is 60621 
Packet(s) lost or reordered : 61463 was received, previous rcvd is 61269 
Packet(s) lost or reordered : 62076 was received, previous rcvd is 61847 
Packet(s) lost or reordered : 62689 was received, previous rcvd is 62495 
Packet(s) lost or reordered : 63302 was received, previous rcvd is 63073 
Packet(s) lost or reordered : 63915 was received, previous rcvd is 63686 
Packet(s) lost or reordered : 64528 was received, previous rcvd is 64334 
Packet(s) lost or reordered : 65141 was received, previous rcvd is 64912 
Packet(s) lost or reordered :   218 was received, previous rcvd is    24 
Packet(s) lost or reordered :   832 was received, previous rcvd is   602 
Packet(s) lost or reordered :  1446 was received, previous rcvd is  1216 
Packet(s) lost or reordered :  2060 was received, previous rcvd is  1865 
Packet(s) lost or reordered :  2674 was received, previous rcvd is  2444 
Packet(s) lost or reordered :  3288 was received, previous rcvd is  3093 
Packet(s) lost or reordered :  3902 was received, previous rcvd is  3672 
Packet(s) lost or reordered :  4301 was received, previous rcvd is  4286 
Packet(s) lost or reordered :  4516 was received, previous rcvd is  4335 
Packet(s) lost or reordered :  5130 was received, previous rcvd is  4900 
Packet(s) lost or reordered :  5744 was received, previous rcvd is  5514 
Packet(s) lost or reordered :  6358 was received, previous rcvd is  6163 
Packet(s) lost or reordered :  6972 was received, previous rcvd is  6742 
Packet(s) lost or reordered :  7587 was received, previous rcvd is  7356 
Packet(s) lost or reordered :  8201 was received, previous rcvd is  8001 
Packet(s) lost or reordered :  8817 was received, previous rcvd is  8618 
Packet(s) lost or reordered :  9271 was received, previous rcvd is  9158 
Packet(s) lost or reordered :  9432 was received, previous rcvd is  9308 
Packet(s) lost or reordered : 10047 was received, previous rcvd is  9819 
Packet(s) lost or reordered : 10662 was received, previous rcvd is 10431 
Packet(s) lost or reordered : 11277 was received, previous rcvd is 11081 
Packet(s) lost or reordered : 11892 was received, previous rcvd is 11653 
Packet(s) lost or reordered : 12507 was received, previous rcvd is 12309 
Packet(s) lost or reordered : 13122 was received, previous rcvd is 12895 
Packet(s) lost or reordered : 13737 was received, previous rcvd is 13506 
Packet(s) lost or reordered : 14352 was received, previous rcvd is 14156 
Packet(s) lost or reordered : 14967 was received, previous rcvd is 14736 
Packet(s) lost or reordered : 15492 was received, previous rcvd is 15351 
Packet(s) lost or reordered : 15582 was received, previous rcvd is 15526 
Packet(s) lost or reordered : 16197 was received, previous rcvd is 15966 
Packet(s) lost or reordered : 16812 was received, previous rcvd is 16616 
Packet(s) lost or reordered : 17427 was received, previous rcvd is 17196 
Packet(s) lost or reordered : 18042 was received, previous rcvd is 17811 
Packet(s) lost or reordered : 18657 was received, previous rcvd is 18461 
Packet(s) lost or reordered : 19272 was received, previous rcvd is 19041 
Packet(s) lost or reordered : 19887 was received, previous rcvd is 19656 
Packet(s) lost or reordered : 20502 was received, previous rcvd is 20306 
Packet(s) lost or reordered : 21118 was received, previous rcvd is 20886 
Packet(s) lost or reordered : 21733 was received, previous rcvd is 21537 
Packet(s) lost or reordered : 22349 was received, previous rcvd is 22117 
Packet(s) lost or reordered : 22965 was received, previous rcvd is 22733 
Packet(s) lost or reordered : 23581 was received, previous rcvd is 23384 
Packet(s) lost or reordered : 24197 was received, previous rcvd is 23965 
Packet(s) lost or reordered : 24813 was received, previous rcvd is 24616 
Packet(s) lost or reordered : 25429 was received, previous rcvd is 25197 
Packet(s) lost or reordered : 26045 was received, previous rcvd is 25813 
Packet(s) lost or reordered : 26661 was received, previous rcvd is 26464 
Packet(s) lost or reordered : 27277 was received, previous rcvd is 27045 
Packet(s) lost or reordered : 27893 was received, previous rcvd is 27661 
Packet(s) lost or reordered : 28510 was received, previous rcvd is 28312 
Packet(s) lost or reordered : 29127 was received, previous rcvd is 28894 
Packet(s) lost or reordered : 29744 was received, previous rcvd is 29546 
Packet(s) lost or reordered : 30361 was received, previous rcvd is 30128 
Packet(s) lost or reordered : 30978 was received, previous rcvd is 30780 
Packet(s) lost or reordered : 31595 was received, previous rcvd is 31362 
Packet(s) lost or reordered : 32212 was received, previous rcvd is 31979 
Packet(s) lost or reordered : 32829 was received, previous rcvd is 32631 
Packet(s) lost or reordered : 33446 was received, previous rcvd is 33213 
Packet(s) lost or reordered : 33869 was received, previous rcvd is 33830 
Packet(s) lost or reordered : 33872 was received, previous rcvd is 33869 
Packet(s) lost or reordered : 34063 was received, previous rcvd is 33905 
Packet(s) lost or reordered : 34680 was received, previous rcvd is 34447 
Packet(s) lost or reordered : 35299 was received, previous rcvd is 35064 
Packet(s) lost or reordered : 35916 was received, previous rcvd is 35718 
Packet(s) lost or reordered : 36533 was received, previous rcvd is 36300 
Packet(s) lost or reordered : 37150 was received, previous rcvd is 36952 
Packet(s) lost or reordered : 37767 was received, previous rcvd is 37534 
Packet(s) lost or reordered : 38384 was received, previous rcvd is 38151 
Packet(s) lost or reordered : 39001 was received, previous rcvd is 38803 
Packet(s) lost or reordered : 39618 was received, previous rcvd is 39385 
Packet(s) lost or reordered : 40235 was received, previous rcvd is 40002 
Packet(s) lost or reordered : 40852 was received, previous rcvd is 40649 
Packet(s) lost or reordered : 41470 was received, previous rcvd is 41231 
Packet(s) lost or reordered : 42088 was received, previous rcvd is 41887 
Packet(s) lost or reordered : 42706 was received, previous rcvd is 42475 
Packet(s) lost or reordered : 43324 was received, previous rcvd is 43090 
Packet(s) lost or reordered : 43942 was received, previous rcvd is 43738 
Packet(s) lost or reordered : 44560 was received, previous rcvd is 44359 
Packet(s) lost or reordered : 45178 was received, previous rcvd is 44939 
Packet(s) lost or reordered : 45796 was received, previous rcvd is 45599 
Packet(s) lost or reordered : 46415 was received, previous rcvd is 46180 
Packet(s) lost or reordered : 47033 was received, previous rcvd is 46799 
Packet(s) lost or reordered : 47651 was received, previous rcvd is 47417 
Packet(s) lost or reordered : 48269 was received, previous rcvd is 48070 
Packet(s) lost or reordered : 48887 was received, previous rcvd is 48653 
Packet(s) lost or reordered : 49505 was received, previous rcvd is 49306 
Packet(s) lost or reordered : 50123 was received, previous rcvd is 49889 
Packet(s) lost or reordered : 50741 was received, previous rcvd is 50542 
Packet(s) lost or reordered : 51359 was received, previous rcvd is 51125 
Packet(s) lost or reordered : 51977 was received, previous rcvd is 51743 
Packet(s) lost or reordered : 52595 was received, previous rcvd is 52396 
Packet(s) lost or reordered : 53213 was received, previous rcvd is 52979 
Packet(s) lost or reordered : 53832 was received, previous rcvd is 53632 
Packet(s) lost or reordered : 54450 was received, previous rcvd is 54216 
Packet(s) lost or reordered : 55068 was received, previous rcvd is 54834 
Packet(s) lost or reordered : 55687 was received, previous rcvd is 55487 
Packet(s) lost or reordered : 56306 was received, previous rcvd is 56071 
Packet(s) lost or reordered : 56925 was received, previous rcvd is 56690 
Packet(s) lost or reordered : 57545 was received, previous rcvd is 57344 
Packet(s) lost or reordered : 58165 was received, previous rcvd is 57929 
Packet(s) lost or reordered : 58784 was received, previous rcvd is 58584 
Packet(s) lost or reordered : 59403 was received, previous rcvd is 59168 
Packet(s) lost or reordered : 60022 was received, previous rcvd is 59787 
Packet(s) lost or reordered : 60641 was received, previous rcvd is 60441 
Packet(s) lost or reordered : 61260 was received, previous rcvd is 61025 
Packet(s) lost or reordered : 61879 was received, previous rcvd is 61679 
Packet(s) lost or reordered : 62498 was received, previous rcvd is 62263 
Packet(s) lost or reordered : 63117 was received, previous rcvd is 62882 
Packet(s) lost or reordered : 63736 was received, previous rcvd is 63536 
Packet(s) lost or reordered : 64355 was received, previous rcvd is 64120 
