socket set to IP_RECVTOS
socket SO_RCVBUF set to 20971520
Listen on port 8080 to receive RTP from sender 
Packet(s) lost or reordered : 14376 was received, previous rcvd is 14344 
Packet(s) lost or reordered : 14827 was received, previous rcvd is 14775 
Packet(s) lost or reordered : 15280 was received, previous rcvd is 15240 
Packet(s) lost or reordered : 15735 was received, previous rcvd is 15669 
Packet(s) lost or reordered : 16192 was received, previous rcvd is 16124 
Packet(s) lost or reordered : 16650 was received, previous rcvd is 16607 
Packet(s) lost or reordered : 17110 was received, previous rcvd is 17065 
Packet(s) lost or reordered : 17572 was received, previous rcvd is 17473 
Packet(s) lost or reordered : 18036 was received, previous rcvd is 17961 
Packet(s) lost or reordered : 18502 was received, previous rcvd is 18451 
Packet(s) lost or reordered : 18969 was received, previous rcvd is 18917 
Packet(s) lost or reordered : 19438 was received, previous rcvd is 19358 
Packet(s) lost or reordered : 19909 was received, previous rcvd is 19814 
Packet(s) lost or reordered : 20382 was received, previous rcvd is 20340 
Packet(s) lost or reordered : 20857 was received, previous rcvd is 20759 
Packet(s) lost or reordered : 21333 was received, previous rcvd is 21261 
Packet(s) lost or reordered : 21811 was received, previous rcvd is 21737 
Packet(s) lost or reordered : 22291 was received, previous rcvd is 22215 
Packet(s) lost or reordered : 22773 was received, previous rcvd is 22695 
Packet(s) lost or reordered : 23257 was received, previous rcvd is 23177 
Packet(s) lost or reordered : 23743 was received, previous rcvd is 23634 
Packet(s) lost or reordered : 24231 was received, previous rcvd is 24160 
Packet(s) lost or reordered : 24721 was received, previous rcvd is 24622 
Packet(s) lost or reordered : 25213 was received, previous rcvd is 25112 
Packet(s) lost or reordered : 25687 was received, previous rcvd is 25604 
Packet(s) lost or reordered : 26203 was received, previous rcvd is 26078 
Packet(s) lost or reordered : 26700 was received, previous rcvd is 26594 
Packet(s) lost or reordered : 27199 was received, previous rcvd is 27119 
Packet(s) lost or reordered : 27700 was received, previous rcvd is 27590 
Packet(s) lost or reordered : 28203 was received, previous rcvd is 28091 
Packet(s) lost or reordered : 28709 was received, previous rcvd is 28606 
Packet(s) lost or reordered : 29216 was received, previous rcvd is 29114 
Packet(s) lost or reordered : 29726 was received, previous rcvd is 29592 
Packet(s) lost or reordered : 30238 was received, previous rcvd is 30131 
Packet(s) lost or reordered : 30752 was received, previous rcvd is 30636 
Packet(s) lost or reordered : 31268 was received, previous rcvd is 31154 
Packet(s) lost or reordered : 31786 was received, previous rcvd is 31674 
Packet(s) lost or reordered : 32305 was received, previous rcvd is 32191 
Packet(s) lost or reordered : 32827 was received, previous rcvd is 32681 
Packet(s) lost or reordered : 33247 was received, previous rcvd is 33225 
Packet(s) lost or reordered : 33351 was received, previous rcvd is 33277 
Packet(s) lost or reordered : 33877 was received, previous rcvd is 33722 
Packet(s) lost or reordered : 34405 was received, previous rcvd is 34268 
Packet(s) lost or reordered : 34935 was received, previous rcvd is 34824 
Packet(s) lost or reordered : 35467 was received, previous rcvd is 35324 
Packet(s) lost or reordered : 36001 was received, previous rcvd is 35886 
Packet(s) lost or reordered : 36537 was received, previous rcvd is 36390 
Packet(s) lost or reordered : 37075 was received, previous rcvd is 36926 
Packet(s) lost or reordered : 37615 was received, previous rcvd is 37464 
Packet(s) lost or reordered : 38157 was received, previous rcvd is 38016 
Packet(s) lost or reordered : 38701 was received, previous rcvd is 38559 
Packet(s) lost or reordered : 39247 was received, previous rcvd is 39103 
Packet(s) lost or reordered : 39795 was received, previous rcvd is 39649 
Packet(s) lost or reordered : 40345 was received, previous rcvd is 40197 
Packet(s) lost or reordered : 40897 was received, previous rcvd is 40747 
Packet(s) lost or reordered : 41451 was received, previous rcvd is 41268 
Packet(s) lost or reordered : 42007 was received, previous rcvd is 41853 
Packet(s) lost or reordered : 42565 was received, previous rcvd is 42409 
Packet(s) lost or reordered : 42959 was received, previous rcvd is 42946 
Packet(s) lost or reordered : 43125 was received, previous rcvd is 42990 
Packet(s) lost or reordered : 43687 was received, previous rcvd is 43508 
Packet(s) lost or reordered : 44251 was received, previous rcvd is 44102 
Packet(s) lost or reordered : 44817 was received, previous rcvd is 44634 
Packet(s) lost or reordered : 45385 was received, previous rcvd is 45232 
Packet(s) lost or reordered : 45956 was received, previous rcvd is 45768 
Packet(s) lost or reordered : 46484 was received, previous rcvd is 46339 
Packet(s) lost or reordered : 46528 was received, previous rcvd is 46515 
Packet(s) lost or reordered : 47103 was received, previous rcvd is 46911 
Packet(s) lost or reordered : 47680 was received, previous rcvd is 47486 
Packet(s) lost or reordered : 48259 was received, previous rcvd is 48074 
Packet(s) lost or reordered : 48840 was received, previous rcvd is 48687 
Packet(s) lost or reordered : 49423 was received, previous rcvd is 49235 
Packet(s) lost or reordered : 50008 was received, previous rcvd is 49818 
Packet(s) lost or reordered : 50595 was received, previous rcvd is 50403 
Packet(s) lost or reordered : 51184 was received, previous rcvd is 50990 
Packet(s) lost or reordered : 51775 was received, previous rcvd is 51579 
Packet(s) lost or reordered : 52368 was received, previous rcvd is 52170 
Packet(s) lost or reordered : 52964 was received, previous rcvd is 52773 
Packet(s) lost or reordered : 53562 was received, previous rcvd is 53337 
Packet(s) lost or reordered : 54162 was received, previous rcvd is 53969 
Packet(s) lost or reordered : 54764 was received, previous rcvd is 54569 
Packet(s) lost or reordered : 55368 was received, previous rcvd is 55137 
Packet(s) lost or reordered : 55975 was received, previous rcvd is 55809 
Packet(s) lost or reordered : 56584 was received, previous rcvd is 56348 
Packet(s) lost or reordered : 57195 was received, previous rcvd is 56988 
Packet(s) lost or reordered : 57808 was received, previous rcvd is 57601 
Packet(s) lost or reordered : 58308 was received, previous rcvd is 58177 
Packet(s) lost or reordered : 58423 was received, previous rcvd is 58344 
Packet(s) lost or reordered : 59041 was received, previous rcvd is 58808 
Packet(s) lost or reordered : 59661 was received, previous rcvd is 59425 
Packet(s) lost or reordered : 60283 was received, previous rcvd is 60080 
Packet(s) lost or reordered : 60840 was received, previous rcvd is 60660 
Packet(s) lost or reordered : 60907 was received, previous rcvd is 60877 
Packet(s) lost or reordered : 61534 was received, previous rcvd is 61286 
Packet(s) lost or reordered : 62163 was received, previous rcvd is 61920 
Packet(s) lost or reordered : 62795 was received, previous rcvd is 62582 
Packet(s) lost or reordered : 63428 was received, previous rcvd is 63189 
Packet(s) lost or reordered : 64063 was received, previous rcvd is 63823 
Packet(s) lost or reordered : 64701 was received, previous rcvd is 64458 
Packet(s) lost or reordered : 65341 was received, previous rcvd is 65096 
Packet(s) lost or reordered :   447 was received, previous rcvd is   200 
Packet(s) lost or reordered :  4056 was received, previous rcvd is  4018 
Packet(s) lost or reordered :  4507 was received, previous rcvd is  4445 
Packet(s) lost or reordered :  4958 was received, previous rcvd is  4922 
Packet(s) lost or reordered :  5409 was received, previous rcvd is  5347 
Packet(s) lost or reordered :  5860 was received, previous rcvd is  5824 
Packet(s) lost or reordered :  6311 was received, previous rcvd is  6249 
Packet(s) lost or reordered :  6763 was received, previous rcvd is  6700 
Packet(s) lost or reordered :  7214 was received, previous rcvd is  7178 
Packet(s) lost or reordered :  7666 was received, previous rcvd is  7603 
Packet(s) lost or reordered :  8118 was received, previous rcvd is  8055 
Packet(s) lost or reordered :  8570 was received, previous rcvd is  8533 
Packet(s) lost or reordered :  9022 was received, previous rcvd is  8959 
Packet(s) lost or reordered :  9474 was received, previous rcvd is  9437 
Packet(s) lost or reordered :  9926 was received, previous rcvd is  9863 
Packet(s) lost or reordered : 10378 was received, previous rcvd is 10315 
Packet(s) lost or reordered : 10830 was received, previous rcvd is 10793 
Packet(s) lost or reordered : 11282 was received, previous rcvd is 11219 
Packet(s) lost or reordered : 11734 was received, previous rcvd is 11671 
Packet(s) lost or reordered : 12186 was received, previous rcvd is 12123 
Packet(s) lost or reordered : 12638 was received, previous rcvd is 12601 
Packet(s) lost or reordered : 13090 was received, previous rcvd is 13027 
Packet(s) lost or reordered : 13517 was received, previous rcvd is 13479 
Packet(s) lost or reordered : 13995 was received, previous rcvd is 13932 
Packet(s) lost or reordered : 14448 was received, previous rcvd is 14358 
Packet(s) lost or reordered : 14901 was received, previous rcvd is 14863 
Packet(s) lost or reordered : 15354 was received, previous rcvd is 15316 
Packet(s) lost or reordered : 15807 was received, previous rcvd is 15743 
Packet(s) lost or reordered : 16260 was received, previous rcvd is 16222 
Packet(s) lost or reordered : 16713 was received, previous rcvd is 16649 
Packet(s) lost or reordered : 17166 was received, previous rcvd is 17102 
Packet(s) lost or reordered : 17619 was received, previous rcvd is 17555 
Packet(s) lost or reordered : 18072 was received, previous rcvd is 18008 
Packet(s) lost or reordered : 18525 was received, previous rcvd is 18487 
Packet(s) lost or reordered : 18931 was received, previous rcvd is 18914 
Packet(s) lost or reordered : 18979 was received, previous rcvd is 18956 
Packet(s) lost or reordered : 19433 was received, previous rcvd is 19368 
Packet(s) lost or reordered : 19887 was received, previous rcvd is 19796 
Packet(s) lost or reordered : 20341 was received, previous rcvd is 20302 
Packet(s) lost or reordered : 20795 was received, previous rcvd is 20756 
Packet(s) lost or reordered : 21249 was received, previous rcvd is 21184 
Packet(s) lost or reordered : 21703 was received, previous rcvd is 21638 
Packet(s) lost or reordered : 22158 was received, previous rcvd is 22120 
Packet(s) lost or reordered : 22612 was received, previous rcvd is 22549 
Packet(s) lost or reordered : 23066 was received, previous rcvd is 23003 
Packet(s) lost or reordered : 23521 was received, previous rcvd is 23457 
Packet(s) lost or reordered : 23976 was received, previous rcvd is 23910 
Packet(s) lost or reordered : 24431 was received, previous rcvd is 24391 
Packet(s) lost or reordered : 24886 was received, previous rcvd is 24850 
Packet(s) lost or reordered : 25341 was received, previous rcvd is 25277 
Packet(s) lost or reordered : 25796 was received, previous rcvd is 25732 
Packet(s) lost or reordered : 26251 was received, previous rcvd is 26185 
Packet(s) lost or reordered : 26706 was received, previous rcvd is 26666 
Packet(s) lost or reordered : 27162 was received, previous rcvd is 27095 
Packet(s) lost or reordered : 27618 was received, previous rcvd is 27551 
Packet(s) lost or reordered : 28074 was received, previous rcvd is 28033 
Packet(s) lost or reordered : 28530 was received, previous rcvd is 28463 
Packet(s) lost or reordered : 28986 was received, previous rcvd is 28919 
Packet(s) lost or reordered : 29443 was received, previous rcvd is 29401 
Packet(s) lost or reordered : 29900 was received, previous rcvd is 29832 
Packet(s) lost or reordered : 30357 was received, previous rcvd is 30289 
Packet(s) lost or reordered : 30814 was received, previous rcvd is 30772 
Packet(s) lost or reordered : 31271 was received, previous rcvd is 31203 
Packet(s) lost or reordered : 31715 was received, previous rcvd is 31660 
Packet(s) lost or reordered : 32185 was received, previous rcvd is 32130 
Packet(s) lost or reordered : 32642 was received, previous rcvd is 32574 
Packet(s) lost or reordered : 33094 was received, previous rcvd is 33031 
Packet(s) lost or reordered : 33558 was received, previous rcvd is 33509 
Packet(s) lost or reordered : 34016 was received, previous rcvd is 33947 
Packet(s) lost or reordered : 34474 was received, previous rcvd is 34405 
Packet(s) lost or reordered : 34933 was received, previous rcvd is 34889 
Packet(s) lost or reordered : 35391 was received, previous rcvd is 35322 
Packet(s) lost or reordered : 35850 was received, previous rcvd is 35780 
Packet(s) lost or reordered : 36309 was received, previous rcvd is 36265 
Packet(s) lost or reordered : 36768 was received, previous rcvd is 36698 
Packet(s) lost or reordered : 37227 was received, previous rcvd is 37157 
Packet(s) lost or reordered : 37687 was received, previous rcvd is 37642 
Packet(s) lost or reordered : 38147 was received, previous rcvd is 38076 
Packet(s) lost or reordered : 38607 was received, previous rcvd is 38536 
Packet(s) lost or reordered : 39067 was received, previous rcvd is 39022 
Packet(s) lost or reordered : 39527 was received, previous rcvd is 39456 
Packet(s) lost or reordered : 39988 was received, previous rcvd is 39916 
Packet(s) lost or reordered : 40379 was received, previous rcvd is 40377 
Packet(s) lost or reordered : 40449 was received, previous rcvd is 40379 
Packet(s) lost or reordered : 40910 was received, previous rcvd is 40863 
Packet(s) lost or reordered : 41371 was received, previous rcvd is 41299 
Packet(s) lost or reordered : 41833 was received, previous rcvd is 41786 
Packet(s) lost or reordered : 42295 was received, previous rcvd is 42222 
Packet(s) lost or reordered : 42757 was received, previous rcvd is 42684 
Packet(s) lost or reordered : 43219 was received, previous rcvd is 43172 
Packet(s) lost or reordered : 43681 was received, previous rcvd is 43608 
Packet(s) lost or reordered : 44144 was received, previous rcvd is 44070 
Packet(s) lost or reordered : 44607 was received, previous rcvd is 44559 
Packet(s) lost or reordered : 45070 was received, previous rcvd is 44996 
Packet(s) lost or reordered : 45534 was received, previous rcvd is 45459 
Packet(s) lost or reordered : 45997 was received, previous rcvd is 45923 
Packet(s) lost or reordered : 46461 was received, previous rcvd is 46412 
Packet(s) lost or reordered : 46925 was received, previous rcvd is 46850 
Packet(s) lost or reordered : 47389 was received, previous rcvd is 47340 
Packet(s) lost or reordered : 47853 was received, previous rcvd is 47778 
Packet(s) lost or reordered : 48318 was received, previous rcvd is 48242 
Packet(s) lost or reordered : 48783 was received, previous rcvd is 48733 
Packet(s) lost or reordered : 49248 was received, previous rcvd is 49172 
Packet(s) lost or reordered : 49713 was received, previous rcvd is 49637 
Packet(s) lost or reordered : 50178 was received, previous rcvd is 50128 
Packet(s) lost or reordered : 50644 was received, previous rcvd is 50567 
Packet(s) lost or reordered : 51110 was received, previous rcvd is 51033 
Packet(s) lost or reordered : 51576 was received, previous rcvd is 51525 
Packet(s) lost or reordered : 52043 was received, previous rcvd is 51965 
Packet(s) lost or reordered : 52510 was received, previous rcvd is 52445 
Packet(s) lost or reordered : 52977 was received, previous rcvd is 52887 
Packet(s) lost or reordered : 53444 was received, previous rcvd is 53409 
Packet(s) lost or reordered : 53912 was received, previous rcvd is 53820 
Packet(s) lost or reordered : 54380 was received, previous rcvd is 54317 
Packet(s) lost or reordered : 54849 was received, previous rcvd is 54784 
Packet(s) lost or reordered : 55230 was received, previous rcvd is 55227 
Packet(s) lost or reordered : 55318 was received, previous rcvd is 55230 
Packet(s) lost or reordered : 55743 was received, previous rcvd is 55720 
Packet(s) lost or reordered : 55787 was received, previous rcvd is 55769 
Packet(s) lost or reordered : 56256 was received, previous rcvd is 56161 
Packet(s) lost or reordered : 56725 was received, previous rcvd is 56661 
Packet(s) lost or reordered : 57195 was received, previous rcvd is 57104 
Packet(s) lost or reordered : 57665 was received, previous rcvd is 57599 
Packet(s) lost or reordered : 58135 was received, previous rcvd is 58069 
Packet(s) lost or reordered : 58605 was received, previous rcvd is 58539 
Packet(s) lost or reordered : 59076 was received, previous rcvd is 59009 
Packet(s) lost or reordered : 59547 was received, previous rcvd is 59453 
Packet(s) lost or reordered : 60018 was received, previous rcvd is 59951 
Packet(s) lost or reordered : 60489 was received, previous rcvd is 60422 
Packet(s) lost or reordered : 60961 was received, previous rcvd is 60866 
Packet(s) lost or reordered : 61433 was received, previous rcvd is 61392 
Packet(s) lost or reordered : 61905 was received, previous rcvd is 61810 
Packet(s) lost or reordered : 62378 was received, previous rcvd is 62309 
Packet(s) lost or reordered : 62851 was received, previous rcvd is 62782 
Packet(s) lost or reordered : 63324 was received, previous rcvd is 63255 
Packet(s) lost or reordered : 63798 was received, previous rcvd is 63701 
Packet(s) lost or reordered : 64272 was received, previous rcvd is 64202 
Packet(s) lost or reordered : 64746 was received, previous rcvd is 64649 
Packet(s) lost or reordered : 65220 was received, previous rcvd is 65150 
Packet(s) lost or reordered :   160 was received, previous rcvd is    88 
Packet(s) lost or reordered :   635 was received, previous rcvd is   564 
Packet(s) lost or reordered :  1111 was received, previous rcvd is  1039 
Packet(s) lost or reordered :  1587 was received, previous rcvd is  1488 
Packet(s) lost or reordered :  2063 was received, previous rcvd is  2018 
Packet(s) lost or reordered :  2540 was received, previous rcvd is  2440 
Packet(s) lost or reordered :  3017 was received, previous rcvd is  2944 
Packet(s) lost or reordered :  3494 was received, previous rcvd is  3394 
Packet(s) lost or reordered :  3972 was received, previous rcvd is  3925 
Packet(s) lost or reordered :  4450 was received, previous rcvd is  4349 
Packet(s) lost or reordered :  4928 was received, previous rcvd is  4854 
Packet(s) lost or reordered :  5407 was received, previous rcvd is  5332 
Packet(s) lost or reordered :  5886 was received, previous rcvd is  5784 
Packet(s) lost or reordered :  6365 was received, previous rcvd is  6290 
Packet(s) lost or reordered :  6845 was received, previous rcvd is  6769 
Packet(s) lost or reordered :  7325 was received, previous rcvd is  7249 
Packet(s) lost or reordered :  7805 was received, previous rcvd is  7702 
Packet(s) lost or reordered :  8286 was received, previous rcvd is  8236 
Packet(s) lost or reordered :  8767 was received, previous rcvd is  8663 
Packet(s) lost or reordered :  9249 was received, previous rcvd is  9171 
Packet(s) lost or reordered :  9731 was received, previous rcvd is  9626 
Packet(s) lost or reordered : 10213 was received, previous rcvd is 10162 
Packet(s) lost or reordered : 10696 was received, previous rcvd is 10590 
Packet(s) lost or reordered : 11105 was received, previous rcvd is 11073 
Packet(s) lost or reordered : 11179 was received, previous rcvd is 11131 
Packet(s) lost or reordered : 11663 was received, previous rcvd is 11583 
Packet(s) lost or reordered : 12147 was received, previous rcvd is 12040 
Packet(s) lost or reordered : 12631 was received, previous rcvd is 12551 
Packet(s) lost or reordered : 13116 was received, previous rcvd is 13035 
Packet(s) lost or reordered : 13601 was received, previous rcvd is 13520 
Packet(s) lost or reordered : 14086 was received, previous rcvd is 13978 
Packet(s) lost or reordered : 14572 was received, previous rcvd is 14503 
Packet(s) lost or reordered : 15058 was received, previous rcvd is 14963 
Packet(s) lost or reordered : 15545 was received, previous rcvd is 15449 
Packet(s) lost or reordered : 16032 was received, previous rcvd is 15964 
Packet(s) lost or reordered : 16520 was received, previous rcvd is 16423 
Packet(s) lost or reordered : 17008 was received, previous rcvd is 16911 
Packet(s) lost or reordered : 17496 was received, previous rcvd is 17427 
Packet(s) lost or reordered : 17985 was received, previous rcvd is 17859 
Packet(s) lost or reordered : 18474 was received, previous rcvd is 18376 
Packet(s) lost or reordered : 18964 was received, previous rcvd is 18893 
Packet(s) lost or reordered : 19454 was received, previous rcvd is 19383 
Packet(s) lost or reordered : 19944 was received, previous rcvd is 19817 
Packet(s) lost or reordered : 20435 was received, previous rcvd is 20363 
Packet(s) lost or reordered : 20926 was received, previous rcvd is 20826 
Packet(s) lost or reordered : 21418 was received, previous rcvd is 21317 
Packet(s) lost or reordered : 21910 was received, previous rcvd is 21809 
Packet(s) lost or reordered : 22402 was received, previous rcvd is 22329 
Packet(s) lost or reordered : 22895 was received, previous rcvd is 22793 
Packet(s) lost or reordered : 23388 was received, previous rcvd is 23286 
Packet(s) lost or reordered : 23882 was received, previous rcvd is 23779 
Packet(s) lost or reordered : 24376 was received, previous rcvd is 24273 
Packet(s) lost or reordered : 24871 was received, previous rcvd is 24795 
Packet(s) lost or reordered : 25286 was received, previous rcvd is 25262 
Packet(s) lost or reordered : 25366 was received, previous rcvd is 25313 
Packet(s) lost or reordered : 25862 was received, previous rcvd is 25735 
Packet(s) lost or reordered : 26358 was received, previous rcvd is 26264 
Packet(s) lost or reordered : 26854 was received, previous rcvd is 26751 
Packet(s) lost or reordered : 27351 was received, previous rcvd is 27245 
Packet(s) lost or reordered : 27848 was received, previous rcvd is 27770 
Packet(s) lost or reordered : 28346 was received, previous rcvd is 28247 
Packet(s) lost or reordered : 28844 was received, previous rcvd is 28748 
Packet(s) lost or reordered : 29342 was received, previous rcvd is 29238 
Packet(s) lost or reordered : 29841 was received, previous rcvd is 29733 
Packet(s) lost or reordered : 30340 was received, previous rcvd is 30232 
Packet(s) lost or reordered : 30840 was received, previous rcvd is 30731 
Packet(s) lost or reordered : 31340 was received, previous rcvd is 31259 
Packet(s) lost or reordered : 31840 was received, previous rcvd is 31731 
Packet(s) lost or reordered : 32341 was received, previous rcvd is 32231 
Packet(s) lost or reordered : 32842 was received, previous rcvd is 32732 
Packet(s) lost or reordered : 33344 was received, previous rcvd is 33261 
Packet(s) lost or reordered : 33846 was received, previous rcvd is 33735 
Packet(s) lost or reordered : 34349 was received, previous rcvd is 34237 
Packet(s) lost or reordered : 34748 was received, previous rcvd is 34740 
Packet(s) lost or reordered : 34852 was received, previous rcvd is 34775 
Packet(s) lost or reordered : 35356 was received, previous rcvd is 35226 
Packet(s) lost or reordered : 35860 was received, previous rcvd is 35761 
Packet(s) lost or reordered : 36365 was received, previous rcvd is 36236 
Packet(s) lost or reordered : 36870 was received, previous rcvd is 36770 
Packet(s) lost or reordered : 37376 was received, previous rcvd is 37275 
Packet(s) lost or reordered : 37882 was received, previous rcvd is 37781 
Packet(s) lost or reordered : 38389 was received, previous rcvd is 38258 
Packet(s) lost or reordered : 38896 was received, previous rcvd is 38794 
Packet(s) lost or reordered : 39404 was received, previous rcvd is 39301 
Packet(s) lost or reordered : 39912 was received, previous rcvd is 39809 
Packet(s) lost or reordered : 40421 was received, previous rcvd is 40288 
Packet(s) lost or reordered : 40930 was received, previous rcvd is 40826 
Packet(s) lost or reordered : 41440 was received, previous rcvd is 41335 
Packet(s) lost or reordered : 41950 was received, previous rcvd is 41845 
Packet(s) lost or reordered : 42461 was received, previous rcvd is 42355 
Packet(s) lost or reordered : 42972 was received, previous rcvd is 42837 
Packet(s) lost or reordered : 43484 was received, previous rcvd is 43377 
Packet(s) lost or reordered : 43996 was received, previous rcvd is 43889 
Packet(s) lost or reordered : 44509 was received, previous rcvd is 44372 
Packet(s) lost or reordered : 45023 was received, previous rcvd is 44943 
Packet(s) lost or reordered : 45537 was received, previous rcvd is 45399 
Packet(s) lost or reordered : 46052 was received, previous rcvd is 45942 
Packet(s) lost or reordered : 46568 was received, previous rcvd is 46457 
Packet(s) lost or reordered : 47084 was received, previous rcvd is 46973 
Packet(s) lost or reordered : 47600 was received, previous rcvd is 47460 
Packet(s) lost or reordered : 47998 was received, previous rcvd is 47976 
Packet(s) lost or reordered : 48050 was received, previous rcvd is 47998 
Packet(s) lost or reordered : 48117 was received, previous rcvd is 48077 
Packet(s) lost or reordered : 48634 was received, previous rcvd is 48493 
Packet(s) lost or reordered : 49153 was received, previous rcvd is 49039 
Packet(s) lost or reordered : 49672 was received, previous rcvd is 49558 
Packet(s) lost or reordered : 50191 was received, previous rcvd is 50050 
Packet(s) lost or reordered : 50710 was received, previous rcvd is 50606 
Packet(s) lost or reordered : 51230 was received, previous rcvd is 51117 
Packet(s) lost or reordered : 51670 was received, previous rcvd is 51606 
Packet(s) lost or reordered : 51750 was received, previous rcvd is 51698 
Packet(s) lost or reordered : 52271 was received, previous rcvd is 52126 
Packet(s) lost or reordered : 52793 was received, previous rcvd is 52683 
Packet(s) lost or reordered : 53315 was received, previous rcvd is 53176 
Packet(s) lost or reordered : 53837 was received, previous rcvd is 53738 
Packet(s) lost or reordered : 54360 was received, previous rcvd is 54196 
Packet(s) lost or reordered : 54884 was received, previous rcvd is 54779 
Packet(s) lost or reordered : 55408 was received, previous rcvd is 55273 
Packet(s) lost or reordered : 55933 was received, previous rcvd is 55797 
Packet(s) lost or reordered : 56459 was received, previous rcvd is 56352 
Packet(s) lost or reordered : 56985 was received, previous rcvd is 56848 
Packet(s) lost or reordered : 57511 was received, previous rcvd is 57404 
Packet(s) lost or reordered : 58038 was received, previous rcvd is 57900 
Packet(s) lost or reordered : 58566 was received, previous rcvd is 58427 
Packet(s) lost or reordered : 59095 was received, previous rcvd is 58955 
Packet(s) lost or reordered : 59624 was received, previous rcvd is 59514 
Packet(s) lost or reordered : 60153 was received, previous rcvd is 60013 
Packet(s) lost or reordered : 60683 was received, previous rcvd is 60542 
Packet(s) lost or reordered : 61214 was received, previous rcvd is 61102 
Packet(s) lost or reordered : 61745 was received, previous rcvd is 61603 
Packet(s) lost or reordered : 62277 was received, previous rcvd is 62134 
Packet(s) lost or reordered : 62810 was received, previous rcvd is 62666 
Packet(s) lost or reordered : 63343 was received, previous rcvd is 63229 
Packet(s) lost or reordered : 63877 was received, previous rcvd is 63732 
Packet(s) lost or reordered : 64411 was received, previous rcvd is 64266 
Packet(s) lost or reordered : 64946 was received, previous rcvd is 64830 
Packet(s) lost or reordered : 65482 was received, previous rcvd is 65335 
Packet(s) lost or reordered :   482 was received, previous rcvd is   335 
Packet(s) lost or reordered :  1019 was received, previous rcvd is   871 
Packet(s) lost or reordered :  1556 was received, previous rcvd is  1438 
Packet(s) lost or reordered :  2094 was received, previous rcvd is  1945 
Packet(s) lost or reordered :  2633 was received, previous rcvd is  2483 
Packet(s) lost or reordered :  3172 was received, previous rcvd is  3052 
Packet(s) lost or reordered :  3712 was received, previous rcvd is  3573 
Packet(s) lost or reordered :  4253 was received, previous rcvd is  4083 
Packet(s) lost or reordered :  4795 was received, previous rcvd is  4655 
Packet(s) lost or reordered :  5337 was received, previous rcvd is  5197 
Packet(s) lost or reordered :  5880 was received, previous rcvd is  5739 
Packet(s) lost or reordered :  6423 was received, previous rcvd is  6282 
Packet(s) lost or reordered :  6967 was received, previous rcvd is  6825 
Packet(s) lost or reordered :  7511 was received, previous rcvd is  7369 
Packet(s) lost or reordered :  8056 was received, previous rcvd is  7913 
Packet(s) lost or reordered :  8602 was received, previous rcvd is  8427 
Packet(s) lost or reordered :  9148 was received, previous rcvd is  9004 
Packet(s) lost or reordered :  9695 was received, previous rcvd is  9550 
Packet(s) lost or reordered : 10242 was received, previous rcvd is 10097 
Packet(s) lost or reordered : 10790 was received, previous rcvd is 10644 
Packet(s) lost or reordered : 11339 was received, previous rcvd is 11192 
Packet(s) lost or reordered : 11888 was received, previous rcvd is 11741 
Packet(s) lost or reordered : 12438 was received, previous rcvd is 12290 
Packet(s) lost or reordered : 12989 was received, previous rcvd is 12809 
Packet(s) lost or reordered : 13540 was received, previous rcvd is 13391 
Packet(s) lost or reordered : 14092 was received, previous rcvd is 13942 
Packet(s) lost or reordered : 14645 was received, previous rcvd is 14494 
Packet(s) lost or reordered : 15198 was received, previous rcvd is 15047 
Packet(s) lost or reordered : 15752 was received, previous rcvd is 15605 
Packet(s) lost or reordered : 16306 was received, previous rcvd is 16125 
Packet(s) lost or reordered : 16861 was received, previous rcvd is 16711 
Packet(s) lost or reordered : 17417 was received, previous rcvd is 17263 
Packet(s) lost or reordered : 17973 was received, previous rcvd is 17819 
Packet(s) lost or reordered : 18530 was received, previous rcvd is 18343 
Packet(s) lost or reordered : 19088 was received, previous rcvd is 18937 
Packet(s) lost or reordered : 19647 was received, previous rcvd is 19505 
Packet(s) lost or reordered : 20207 was received, previous rcvd is 20030 
Packet(s) lost or reordered : 20768 was received, previous rcvd is 20590 
Packet(s) lost or reordered : 21329 was received, previous rcvd is 21183 
Packet(s) lost or reordered : 21891 was received, previous rcvd is 21712 
Packet(s) lost or reordered : 22453 was received, previous rcvd is 22306 
Packet(s) lost or reordered : 23016 was received, previous rcvd is 22868 
Packet(s) lost or reordered : 23580 was received, previous rcvd is 23399 
Packet(s) lost or reordered : 24144 was received, previous rcvd is 23995 
Packet(s) lost or reordered : 24709 was received, previous rcvd is 24527 
Packet(s) lost or reordered : 25276 was received, previous rcvd is 25092 
Packet(s) lost or reordered : 25716 was received, previous rcvd is 25659 
Packet(s) lost or reordered : 25842 was received, previous rcvd is 25747 
Packet(s) lost or reordered : 26409 was received, previous rcvd is 26225 
Packet(s) lost or reordered : 26977 was received, previous rcvd is 26792 
Packet(s) lost or reordered : 27545 was received, previous rcvd is 27392 
Packet(s) lost or reordered : 28114 was received, previous rcvd is 27960 
Packet(s) lost or reordered : 28683 was received, previous rcvd is 28497 
Packet(s) lost or reordered : 29253 was received, previous rcvd is 29066 
Packet(s) lost or reordered : 29823 was received, previous rcvd is 29668 
Packet(s) lost or reordered : 30394 was received, previous rcvd is 30206 
Packet(s) lost or reordered : 30966 was received, previous rcvd is 30809 
Packet(s) lost or reordered : 31539 was received, previous rcvd is 31349 
Packet(s) lost or reordered : 32111 was received, previous rcvd is 31954 
Packet(s) lost or reordered : 32684 was received, previous rcvd is 32494 
Packet(s) lost or reordered : 33258 was received, previous rcvd is 33067 
Packet(s) lost or reordered : 33832 was received, previous rcvd is 33673 
Packet(s) lost or reordered : 34406 was received, previous rcvd is 34215 
Packet(s) lost or reordered : 34981 was received, previous rcvd is 34821 
Packet(s) lost or reordered : 35556 was received, previous rcvd is 35375 
Packet(s) lost or reordered : 36077 was received, previous rcvd is 35951 
Packet(s) lost or reordered : 36132 was received, previous rcvd is 36109 
Packet(s) lost or reordered : 36708 was received, previous rcvd is 36494 
Packet(s) lost or reordered : 37284 was received, previous rcvd is 37103 
Packet(s) lost or reordered : 37861 was received, previous rcvd is 37712 
Packet(s) lost or reordered : 38438 was received, previous rcvd is 38223 
Packet(s) lost or reordered : 39015 was received, previous rcvd is 38866 
Packet(s) lost or reordered : 39512 was received, previous rcvd is 39377 
Packet(s) lost or reordered : 39593 was received, previous rcvd is 39544 
Packet(s) lost or reordered : 40171 was received, previous rcvd is 39988 
Packet(s) lost or reordered : 40750 was received, previous rcvd is 40566 
Packet(s) lost or reordered : 41329 was received, previous rcvd is 41145 
Packet(s) lost or reordered : 41908 was received, previous rcvd is 41724 
Packet(s) lost or reordered : 42487 was received, previous rcvd is 42303 
Packet(s) lost or reordered : 43066 was received, previous rcvd is 42882 
Packet(s) lost or reordered : 43647 was received, previous rcvd is 43494 
Packet(s) lost or reordered : 44227 was received, previous rcvd is 44009 
Packet(s) lost or reordered : 44807 was received, previous rcvd is 44655 
Packet(s) lost or reordered : 45388 was received, previous rcvd is 45196 
Packet(s) lost or reordered : 45969 was received, previous rcvd is 45783 
Packet(s) lost or reordered : 46550 was received, previous rcvd is 46364 
Packet(s) lost or reordered : 47132 was received, previous rcvd is 46949 
Packet(s) lost or reordered : 47714 was received, previous rcvd is 47527 
Packet(s) lost or reordered : 48297 was received, previous rcvd is 48109 
Packet(s) lost or reordered : 48880 was received, previous rcvd is 48689 
Packet(s) lost or reordered : 49463 was received, previous rcvd is 49311 
Packet(s) lost or reordered : 50046 was received, previous rcvd is 49828 
Packet(s) lost or reordered : 50630 was received, previous rcvd is 50441 
Packet(s) lost or reordered : 51215 was received, previous rcvd is 51025 
Packet(s) lost or reordered : 51800 was received, previous rcvd is 51643 
Packet(s) lost or reordered : 52385 was received, previous rcvd is 52195 
Packet(s) lost or reordered : 52970 was received, previous rcvd is 52747 
Packet(s) lost or reordered : 53555 was received, previous rcvd is 53398 
Packet(s) lost or reordered : 54002 was received, previous rcvd is 53917 
Packet(s) lost or reordered : 54140 was received, previous rcvd is 54034 
Packet(s) lost or reordered : 54725 was received, previous rcvd is 54535 
Packet(s) lost or reordered : 55310 was received, previous rcvd is 55120 
Packet(s) lost or reordered : 55896 was received, previous rcvd is 55705 
Packet(s) lost or reordered : 56482 was received, previous rcvd is 56291 
Packet(s) lost or reordered : 57053 was received, previous rcvd is 56877 
Packet(s) lost or reordered : 57655 was received, previous rcvd is 57448 
Packet(s) lost or reordered : 58242 was received, previous rcvd is 58083 
Packet(s) lost or reordered : 58829 was received, previous rcvd is 58604 
Packet(s) lost or reordered : 59416 was received, previous rcvd is 59224 
Packet(s) lost or reordered : 60004 was received, previous rcvd is 59844 
Packet(s) lost or reordered : 60591 was received, previous rcvd is 60399 
Packet(s) lost or reordered : 61179 was received, previous rcvd is 60986 
Packet(s) lost or reordered : 61767 was received, previous rcvd is 61574 
Packet(s) lost or reordered : 62355 was received, previous rcvd is 62162 
Packet(s) lost or reordered : 62943 was received, previous rcvd is 62750 
Packet(s) lost or reordered : 63496 was received, previous rcvd is 63338 
Packet(s) lost or reordered : 63532 was received, previous rcvd is 63528 
Packet(s) lost or reordered : 64121 was received, previous rcvd is 63894 
Packet(s) lost or reordered : 64710 was received, previous rcvd is 64549 
Packet(s) lost or reordered : 65299 was received, previous rcvd is 65105 
Packet(s) lost or reordered :   352 was received, previous rcvd is   158 
Packet(s) lost or reordered :   941 was received, previous rcvd is   714 
Packet(s) lost or reordered :  1531 was received, previous rcvd is  1369 
Packet(s) lost or reordered :  2121 was received, previous rcvd is  1926 
Packet(s) lost or reordered :  2711 was received, previous rcvd is  2516 
Packet(s) lost or reordered :  3302 was received, previous rcvd is  3106 
Packet(s) lost or reordered :  3750 was received, previous rcvd is  3664 
Packet(s) lost or reordered :  3758 was received, previous rcvd is  3755 
Packet(s) lost or reordered :  3893 was received, previous rcvd is  3784 
Packet(s) lost or reordered :  4483 was received, previous rcvd is  4288 
Packet(s) lost or reordered :  5074 was received, previous rcvd is  4889 
Packet(s) lost or reordered :  5567 was received, previous rcvd is  5447 
Packet(s) lost or reordered :  5665 was received, previous rcvd is  5600 
Packet(s) lost or reordered :  6257 was received, previous rcvd is  6038 
Packet(s) lost or reordered :  6848 was received, previous rcvd is  6664 
Packet(s) lost or reordered :  7439 was received, previous rcvd is  7255 
Packet(s) lost or reordered :  8030 was received, previous rcvd is  7835 
Packet(s) lost or reordered :  8622 was received, previous rcvd is  8425 
Packet(s) lost or reordered :  9214 was received, previous rcvd is  9017 
Packet(s) lost or reordered :  9806 was received, previous rcvd is  9609 
Packet(s) lost or reordered : 10398 was received, previous rcvd is 10201 
Packet(s) lost or reordered : 10990 was received, previous rcvd is 10800 
Packet(s) lost or reordered : 11582 was received, previous rcvd is 11359 
Packet(s) lost or reordered : 12175 was received, previous rcvd is 11988 
Packet(s) lost or reordered : 12768 was received, previous rcvd is 12586 
Packet(s) lost or reordered : 13361 was received, previous rcvd is 13164 
Packet(s) lost or reordered : 13954 was received, previous rcvd is 13767 
Packet(s) lost or reordered : 14548 was received, previous rcvd is 14358 
Packet(s) lost or reordered : 15142 was received, previous rcvd is 14954 
Packet(s) lost or reordered : 15735 was received, previous rcvd is 15518 
Packet(s) lost or reordered : 16329 was received, previous rcvd is 16142 
Packet(s) lost or reordered : 16923 was received, previous rcvd is 16736 
Packet(s) lost or reordered : 17517 was received, previous rcvd is 17296 
Packet(s) lost or reordered : 18111 was received, previous rcvd is 17924 
Packet(s) lost or reordered : 18705 was received, previous rcvd is 18518 
Packet(s) lost or reordered : 19300 was received, previous rcvd is 19112 
Packet(s) lost or reordered : 19894 was received, previous rcvd is 19673 
Packet(s) lost or reordered : 20488 was received, previous rcvd is 20301 
Packet(s) lost or reordered : 21082 was received, previous rcvd is 20895 
Packet(s) lost or reordered : 21676 was received, previous rcvd is 21455 
Packet(s) lost or reordered : 22271 was received, previous rcvd is 22083 
Packet(s) lost or reordered : 22866 was received, previous rcvd is 22678 
Packet(s) lost or reordered : 23461 was received, previous rcvd is 23273 
Packet(s) lost or reordered : 24056 was received, previous rcvd is 23868 
Packet(s) lost or reordered : 24652 was received, previous rcvd is 24429 
Packet(s) lost or reordered : 25247 was received, previous rcvd is 25059 
Packet(s) lost or reordered : 25843 was received, previous rcvd is 25654 
Packet(s) lost or reordered : 26439 was received, previous rcvd is 26250 
Packet(s) lost or reordered : 27035 was received, previous rcvd is 26812 
Packet(s) lost or reordered : 27632 was received, previous rcvd is 27442 
Packet(s) lost or reordered : 28229 was received, previous rcvd is 28005 
Packet(s) lost or reordered : 28744 was received, previous rcvd is 28636 
Packet(s) lost or reordered : 28825 was received, previous rcvd is 28777 
Packet(s) lost or reordered : 29422 was received, previous rcvd is 29198 
Packet(s) lost or reordered : 30019 was received, previous rcvd is 29829 
Packet(s) lost or reordered : 30616 was received, previous rcvd is 30426 
Packet(s) lost or reordered : 31213 was received, previous rcvd is 30989 
Packet(s) lost or reordered : 31810 was received, previous rcvd is 31620 
Packet(s) lost or reordered : 32407 was received, previous rcvd is 32217 
Packet(s) lost or reordered : 33005 was received, previous rcvd is 32814 
Packet(s) lost or reordered : 33602 was received, previous rcvd is 33378 
Packet(s) lost or reordered : 34201 was received, previous rcvd is 34009 
Packet(s) lost or reordered : 34798 was received, previous rcvd is 34608 
Packet(s) lost or reordered : 35396 was received, previous rcvd is 35171 
Packet(s) lost or reordered : 35994 was received, previous rcvd is 35803 
Packet(s) lost or reordered : 36592 was received, previous rcvd is 36401 
Packet(s) lost or reordered : 37190 was received, previous rcvd is 36999 
Packet(s) lost or reordered : 37788 was received, previous rcvd is 37563 
Packet(s) lost or reordered : 38386 was received, previous rcvd is 38195 
Packet(s) lost or reordered : 38984 was received, previous rcvd is 38793 
Packet(s) lost or reordered : 39376 was received, previous rcvd is 39357 
Packet(s) lost or reordered : 39582 was received, previous rcvd is 39409 
Packet(s) lost or reordered : 40181 was received, previous rcvd is 39955 
Packet(s) lost or reordered : 40780 was received, previous rcvd is 40588 
Packet(s) lost or reordered : 41379 was received, previous rcvd is 41187 
Packet(s) lost or reordered : 41978 was received, previous rcvd is 41752 
Packet(s) lost or reordered : 42577 was received, previous rcvd is 42385 
