socket set to IP_RECVTOS
socket SO_RCVBUF set to 20971520
Listen on port 8080 to receive RTP from sender 
.
.
Packet(s) lost or reordered : 14296 was received, previous rcvd is 14276 
Packet(s) lost or reordered : 14748 was received, previous rcvd is 14685 
Packet(s) lost or reordered : 15202 was received, previous rcvd is 15163 
Packet(s) lost or reordered : 15658 was received, previous rcvd is 15591 
Packet(s) lost or reordered : 16116 was received, previous rcvd is 16047 
Packet(s) lost or reordered : 16576 was received, previous rcvd is 16531 
Packet(s) lost or reordered : 17038 was received, previous rcvd is 16965 
Packet(s) lost or reordered : 17502 was received, previous rcvd is 17453 
Packet(s) lost or reordered : 17968 was received, previous rcvd is 17891 
Packet(s) lost or reordered : 18435 was received, previous rcvd is 18357 
Packet(s) lost or reordered : 18853 was received, previous rcvd is 18811 
Packet(s) lost or reordered : 18856 was received, previous rcvd is 18853 
Packet(s) lost or reordered : 18904 was received, previous rcvd is 18880 
Packet(s) lost or reordered : 19375 was received, previous rcvd is 19308 
Packet(s) lost or reordered : 19848 was received, previous rcvd is 19749 
Packet(s) lost or reordered : 20323 was received, previous rcvd is 20253 
Packet(s) lost or reordered : 20800 was received, previous rcvd is 20728 
Packet(s) lost or reordered : 21279 was received, previous rcvd is 21204 
Packet(s) lost or reordered : 21760 was received, previous rcvd is 21656 
Packet(s) lost or reordered : 22242 was received, previous rcvd is 22163 
Packet(s) lost or reordered : 22726 was received, previous rcvd is 22647 
Packet(s) lost or reordered : 23212 was received, previous rcvd is 23104 
Packet(s) lost or reordered : 23700 was received, previous rcvd is 23629 
Packet(s) lost or reordered : 24190 was received, previous rcvd is 24091 
Packet(s) lost or reordered : 24682 was received, previous rcvd is 24609 
Packet(s) lost or reordered : 25176 was received, previous rcvd is 25073 
Packet(s) lost or reordered : 25672 was received, previous rcvd is 25567 
Packet(s) lost or reordered : 26170 was received, previous rcvd is 26063 
Packet(s) lost or reordered : 26670 was received, previous rcvd is 26589 
Packet(s) lost or reordered : 27171 was received, previous rcvd is 27033 
Packet(s) lost or reordered : 27674 was received, previous rcvd is 27590 
Packet(s) lost or reordered : 28179 was received, previous rcvd is 28065 
Packet(s) lost or reordered : 28686 was received, previous rcvd is 28583 
Packet(s) lost or reordered : 29195 was received, previous rcvd is 29091 
Packet(s) lost or reordered : 29706 was received, previous rcvd is 29571 
Packet(s) lost or reordered : 30219 was received, previous rcvd is 30140 
Packet(s) lost or reordered : 30734 was received, previous rcvd is 30595 
Packet(s) lost or reordered : 31251 was received, previous rcvd is 31139 
Packet(s) lost or reordered : 31635 was received, previous rcvd is 31628 
Packet(s) lost or reordered : 31770 was received, previous rcvd is 31635 
Packet(s) lost or reordered : 32291 was received, previous rcvd is 32202 
Packet(s) lost or reordered : 32814 was received, previous rcvd is 32667 
Packet(s) lost or reordered : 33332 was received, previous rcvd is 33201 
Packet(s) lost or reordered : 33339 was received, previous rcvd is 33332 
Packet(s) lost or reordered : 33866 was received, previous rcvd is 33757 
Packet(s) lost or reordered : 34395 was received, previous rcvd is 34255 
Packet(s) lost or reordered : 34926 was received, previous rcvd is 34784 
Packet(s) lost or reordered : 35459 was received, previous rcvd is 35315 
Packet(s) lost or reordered : 35994 was received, previous rcvd is 35878 
Packet(s) lost or reordered : 36531 was received, previous rcvd is 36383 
Packet(s) lost or reordered : 37070 was received, previous rcvd is 36920 
Packet(s) lost or reordered : 37611 was received, previous rcvd is 37471 
Packet(s) lost or reordered : 38154 was received, previous rcvd is 38013 
Packet(s) lost or reordered : 38699 was received, previous rcvd is 38556 
Packet(s) lost or reordered : 39247 was received, previous rcvd is 39101 
Packet(s) lost or reordered : 39797 was received, previous rcvd is 39649 
Packet(s) lost or reordered : 40349 was received, previous rcvd is 40168 
Packet(s) lost or reordered : 40903 was received, previous rcvd is 40782 
Packet(s) lost or reordered : 41459 was received, previous rcvd is 41305 
Packet(s) lost or reordered : 42017 was received, previous rcvd is 41830 
Packet(s) lost or reordered : 42414 was received, previous rcvd is 42398 
Packet(s) lost or reordered : 42577 was received, previous rcvd is 42445 
Packet(s) lost or reordered : 43139 was received, previous rcvd is 42960 
Packet(s) lost or reordered : 43703 was received, previous rcvd is 43554 
Packet(s) lost or reordered : 44269 was received, previous rcvd is 44086 
Packet(s) lost or reordered : 44837 was received, previous rcvd is 44684 
Packet(s) lost or reordered : 45407 was received, previous rcvd is 45220 
Packet(s) lost or reordered : 45979 was received, previous rcvd is 45822 
Packet(s) lost or reordered : 46553 was received, previous rcvd is 46362 
Packet(s) lost or reordered : 47129 was received, previous rcvd is 46936 
Packet(s) lost or reordered : 47707 was received, previous rcvd is 47523 
Packet(s) lost or reordered : 48287 was received, previous rcvd is 48135 
Packet(s) lost or reordered : 48869 was received, previous rcvd is 48682 
Packet(s) lost or reordered : 49454 was received, previous rcvd is 49264 
Packet(s) lost or reordered : 50040 was received, previous rcvd is 49849 
Packet(s) lost or reordered : 50629 was received, previous rcvd is 50435 
Packet(s) lost or reordered : 51220 was received, previous rcvd is 51024 
Packet(s) lost or reordered : 51813 was received, previous rcvd is 51615 
Packet(s) lost or reordered : 52408 was received, previous rcvd is 52208 
Packet(s) lost or reordered : 53005 was received, previous rcvd is 52814 
Packet(s) lost or reordered : 53604 was received, previous rcvd is 53412 
Packet(s) lost or reordered : 54205 was received, previous rcvd is 54011 
Packet(s) lost or reordered : 54809 was received, previous rcvd is 54578 
Packet(s) lost or reordered : 55415 was received, previous rcvd is 55182 
Packet(s) lost or reordered : 56023 was received, previous rcvd is 55816 
Packet(s) lost or reordered : 56633 was received, previous rcvd is 56429 
Packet(s) lost or reordered : 57063 was received, previous rcvd is 57039 
Packet(s) lost or reordered : 57245 was received, previous rcvd is 57099 
Packet(s) lost or reordered : 57860 was received, previous rcvd is 57632 
Packet(s) lost or reordered : 58477 was received, previous rcvd is 58244 
Packet(s) lost or reordered : 59096 was received, previous rcvd is 58853 
Packet(s) lost or reordered : 59717 was received, previous rcvd is 59513 
Packet(s) lost or reordered : 60340 was received, previous rcvd is 60134 
Packet(s) lost or reordered : 60966 was received, previous rcvd is 60727 
Packet(s) lost or reordered : 61594 was received, previous rcvd is 61350 
Packet(s) lost or reordered : 62224 was received, previous rcvd is 61978 
Packet(s) lost or reordered : 62855 was received, previous rcvd is 62618 
Packet(s) lost or reordered : 63489 was received, previous rcvd is 63286 
Packet(s) lost or reordered : 64125 was received, previous rcvd is 63884 
Packet(s) lost or reordered : 64763 was received, previous rcvd is 64520 
Packet(s) lost or reordered : 65136 was received, previous rcvd is 65122 
Packet(s) lost or reordered : 65148 was received, previous rcvd is 65143 
Packet(s) lost or reordered : 65153 was received, previous rcvd is 65148 
Packet(s) lost or reordered : 65403 was received, previous rcvd is 65179 
Packet(s) lost or reordered :   509 was received, previous rcvd is   262 
Packet(s) lost or reordered :  1154 was received, previous rcvd is   904 
Packet(s) lost or reordered :  1801 was received, previous rcvd is  1549 
Packet(s) lost or reordered :  2450 was received, previous rcvd is  2196 
Packet(s) lost or reordered :  3101 was received, previous rcvd is  2856 
Packet(s) lost or reordered :  9514 was received, previous rcvd is  9471 
Packet(s) lost or reordered :  9972 was received, previous rcvd is  9903 
Packet(s) lost or reordered : 10430 was received, previous rcvd is 10361 
Packet(s) lost or reordered : 10888 was received, previous rcvd is 10845 
Packet(s) lost or reordered : 11346 was received, previous rcvd is 11277 
Packet(s) lost or reordered : 11804 was received, previous rcvd is 11761 
Packet(s) lost or reordered : 12262 was received, previous rcvd is 12167 
Packet(s) lost or reordered : 12720 was received, previous rcvd is 12677 
Packet(s) lost or reordered : 13178 was received, previous rcvd is 13109 
Packet(s) lost or reordered : 13636 was received, previous rcvd is 13593 
Packet(s) lost or reordered : 14094 was received, previous rcvd is 14025 
Packet(s) lost or reordered : 14552 was received, previous rcvd is 14509 
Packet(s) lost or reordered : 15010 was received, previous rcvd is 14941 
Packet(s) lost or reordered : 15468 was received, previous rcvd is 15399 
Packet(s) lost or reordered : 15927 was received, previous rcvd is 15857 
Packet(s) lost or reordered : 16386 was received, previous rcvd is 16342 
Packet(s) lost or reordered : 16845 was received, previous rcvd is 16775 
Packet(s) lost or reordered : 17304 was received, previous rcvd is 17234 
Packet(s) lost or reordered : 17763 was received, previous rcvd is 17719 
Packet(s) lost or reordered : 18222 was received, previous rcvd is 18152 
Packet(s) lost or reordered : 18681 was received, previous rcvd is 18611 
Packet(s) lost or reordered : 19140 was received, previous rcvd is 19096 
Packet(s) lost or reordered : 19599 was received, previous rcvd is 19529 
Packet(s) lost or reordered : 20058 was received, previous rcvd is 20014 
Packet(s) lost or reordered : 20517 was received, previous rcvd is 20447 
Packet(s) lost or reordered : 20977 was received, previous rcvd is 20906 
Packet(s) lost or reordered : 21437 was received, previous rcvd is 21392 
Packet(s) lost or reordered : 21897 was received, previous rcvd is 21839 
Packet(s) lost or reordered : 22357 was received, previous rcvd is 22273 
Packet(s) lost or reordered : 22817 was received, previous rcvd is 22762 
Packet(s) lost or reordered : 23278 was received, previous rcvd is 23208 
Packet(s) lost or reordered : 23738 was received, previous rcvd is 23667 
Packet(s) lost or reordered : 24152 was received, previous rcvd is 24127 
Packet(s) lost or reordered : 24198 was received, previous rcvd is 24177 
Packet(s) lost or reordered : 24659 was received, previous rcvd is 24600 
Packet(s) lost or reordered : 25120 was received, previous rcvd is 25035 
Packet(s) lost or reordered : 25581 was received, previous rcvd is 25540 
Packet(s) lost or reordered : 26042 was received, previous rcvd is 25970 
Packet(s) lost or reordered : 26503 was received, previous rcvd is 26457 
Packet(s) lost or reordered : 26964 was received, previous rcvd is 26892 
Packet(s) lost or reordered : 27425 was received, previous rcvd is 27353 
Packet(s) lost or reordered : 27887 was received, previous rcvd is 27814 
Packet(s) lost or reordered : 28310 was received, previous rcvd is 28276 
Packet(s) lost or reordered : 28349 was received, previous rcvd is 28335 
Packet(s) lost or reordered : 28811 was received, previous rcvd is 28738 
Packet(s) lost or reordered : 29273 was received, previous rcvd is 29200 
Packet(s) lost or reordered : 29735 was received, previous rcvd is 29688 
Packet(s) lost or reordered : 30197 was received, previous rcvd is 30124 
Packet(s) lost or reordered : 30659 was received, previous rcvd is 30586 
Packet(s) lost or reordered : 31121 was received, previous rcvd is 31074 
Packet(s) lost or reordered : 31584 was received, previous rcvd is 31510 
Packet(s) lost or reordered : 32047 was received, previous rcvd is 31999 
Packet(s) lost or reordered : 32510 was received, previous rcvd is 32436 
Packet(s) lost or reordered : 32973 was received, previous rcvd is 32899 
Packet(s) lost or reordered : 33436 was received, previous rcvd is 33362 
Packet(s) lost or reordered : 33899 was received, previous rcvd is 33825 
Packet(s) lost or reordered : 34363 was received, previous rcvd is 34314 
Packet(s) lost or reordered : 34827 was received, previous rcvd is 34752 
Packet(s) lost or reordered : 35291 was received, previous rcvd is 35242 
Packet(s) lost or reordered : 35756 was received, previous rcvd is 35680 
Packet(s) lost or reordered : 36220 was received, previous rcvd is 36145 
Packet(s) lost or reordered : 36685 was received, previous rcvd is 36635 
Packet(s) lost or reordered : 37150 was received, previous rcvd is 37074 
Packet(s) lost or reordered : 37615 was received, previous rcvd is 37539 
Packet(s) lost or reordered : 38080 was received, previous rcvd is 38030 
Packet(s) lost or reordered : 38546 was received, previous rcvd is 38469 
Packet(s) lost or reordered : 39012 was received, previous rcvd is 38935 
Packet(s) lost or reordered : 39438 was received, previous rcvd is 39401 
Packet(s) lost or reordered : 39478 was received, previous rcvd is 39463 
Packet(s) lost or reordered : 39944 was received, previous rcvd is 39867 
Packet(s) lost or reordered : 40410 was received, previous rcvd is 40333 
Packet(s) lost or reordered : 40876 was received, previous rcvd is 40825 
Packet(s) lost or reordered : 41342 was received, previous rcvd is 41265 
Packet(s) lost or reordered : 41809 was received, previous rcvd is 41731 
Packet(s) lost or reordered : 42276 was received, previous rcvd is 42224 
Packet(s) lost or reordered : 42743 was received, previous rcvd is 42665 
Packet(s) lost or reordered : 43210 was received, previous rcvd is 43145 
Packet(s) lost or reordered : 43677 was received, previous rcvd is 43614 
Packet(s) lost or reordered : 44145 was received, previous rcvd is 44054 
Packet(s) lost or reordered : 44613 was received, previous rcvd is 44549 
Packet(s) lost or reordered : 45081 was received, previous rcvd is 45017 
Packet(s) lost or reordered : 45549 was received, previous rcvd is 45485 
Packet(s) lost or reordered : 46018 was received, previous rcvd is 45926 
Packet(s) lost or reordered : 46487 was received, previous rcvd is 46422 
Packet(s) lost or reordered : 46956 was received, previous rcvd is 46891 
Packet(s) lost or reordered : 47425 was received, previous rcvd is 47333 
Packet(s) lost or reordered : 47895 was received, previous rcvd is 47829 
Packet(s) lost or reordered : 48365 was received, previous rcvd is 48326 
Packet(s) lost or reordered : 48835 was received, previous rcvd is 48742 
Packet(s) lost or reordered : 49292 was received, previous rcvd is 49212 
Packet(s) lost or reordered : 49776 was received, previous rcvd is 49723 
Packet(s) lost or reordered : 50247 was received, previous rcvd is 50180 
Packet(s) lost or reordered : 50718 was received, previous rcvd is 50624 
Packet(s) lost or reordered : 51189 was received, previous rcvd is 51122 
Packet(s) lost or reordered : 51660 was received, previous rcvd is 51566 
Packet(s) lost or reordered : 52132 was received, previous rcvd is 52064 
Packet(s) lost or reordered : 52604 was received, previous rcvd is 52536 
Packet(s) lost or reordered : 53076 was received, previous rcvd is 53008 
Packet(s) lost or reordered : 53548 was received, previous rcvd is 53453 
Packet(s) lost or reordered : 54021 was received, previous rcvd is 53979 
Packet(s) lost or reordered : 54494 was received, previous rcvd is 54425 
Packet(s) lost or reordered : 54967 was received, previous rcvd is 54871 
Packet(s) lost or reordered : 55440 was received, previous rcvd is 55344 
Packet(s) lost or reordered : 55914 was received, previous rcvd is 55871 
Packet(s) lost or reordered : 56388 was received, previous rcvd is 56318 
Packet(s) lost or reordered : 56862 was received, previous rcvd is 56765 
Packet(s) lost or reordered : 57336 was received, previous rcvd is 57266 
Packet(s) lost or reordered : 57811 was received, previous rcvd is 57713 
Packet(s) lost or reordered : 58286 was received, previous rcvd is 58242 
Packet(s) lost or reordered : 58761 was received, previous rcvd is 58687 
Packet(s) lost or reordered : 59236 was received, previous rcvd is 59137 
Packet(s) lost or reordered : 59712 was received, previous rcvd is 59615 
Packet(s) lost or reordered : 60188 was received, previous rcvd is 60143 
Packet(s) lost or reordered : 60664 was received, previous rcvd is 60592 
Packet(s) lost or reordered : 61141 was received, previous rcvd is 61050 
Packet(s) lost or reordered : 61618 was received, previous rcvd is 61530 
Packet(s) lost or reordered : 62095 was received, previous rcvd is 61997 
Packet(s) lost or reordered : 62572 was received, previous rcvd is 62526 
Packet(s) lost or reordered : 63050 was received, previous rcvd is 62976 
Packet(s) lost or reordered : 63528 was received, previous rcvd is 63400 
Packet(s) lost or reordered : 64006 was received, previous rcvd is 63932 
Packet(s) lost or reordered : 64485 was received, previous rcvd is 64437 
Packet(s) lost or reordered : 64964 was received, previous rcvd is 64862 
Packet(s) lost or reordered : 65443 was received, previous rcvd is 65368 
Packet(s) lost or reordered :   387 was received, previous rcvd is   311 
Packet(s) lost or reordered :   863 was received, previous rcvd is   764 
Packet(s) lost or reordered :  1347 was received, previous rcvd is  1294 
Packet(s) lost or reordered :  1827 was received, previous rcvd is  1724 
Packet(s) lost or reordered :  2308 was received, previous rcvd is  2204 
Packet(s) lost or reordered :  2789 was received, previous rcvd is  2712 
Packet(s) lost or reordered :  3270 was received, previous rcvd is  3220 
Packet(s) lost or reordered :  3752 was received, previous rcvd is  3647 
Packet(s) lost or reordered :  4234 was received, previous rcvd is  4156 
Packet(s) lost or reordered :  4716 was received, previous rcvd is  4638 
Packet(s) lost or reordered :  5199 was received, previous rcvd is  5093 
Packet(s) lost or reordered :  5682 was received, previous rcvd is  5630 
Packet(s) lost or reordered :  6166 was received, previous rcvd is  6059 
Packet(s) lost or reordered :  6650 was received, previous rcvd is  6543 
Packet(s) lost or reordered :  7134 was received, previous rcvd is  7054 
Packet(s) lost or reordered :  7618 was received, previous rcvd is  7565 
Packet(s) lost or reordered :  8103 was received, previous rcvd is  8022 
Packet(s) lost or reordered :  8588 was received, previous rcvd is  8480 
Packet(s) lost or reordered :  9073 was received, previous rcvd is  8992 
Packet(s) lost or reordered :  9559 was received, previous rcvd is  9450 
Packet(s) lost or reordered : 10046 was received, previous rcvd is  9977 
Packet(s) lost or reordered : 10533 was received, previous rcvd is 10409 
Packet(s) lost or reordered : 11020 was received, previous rcvd is 10952 
Packet(s) lost or reordered : 11507 was received, previous rcvd is 11439 
Packet(s) lost or reordered : 11995 was received, previous rcvd is 11898 
Packet(s) lost or reordered : 12483 was received, previous rcvd is 12386 
Packet(s) lost or reordered : 12971 was received, previous rcvd is 12902 
Packet(s) lost or reordered : 13460 was received, previous rcvd is 13334 
Packet(s) lost or reordered : 13949 was received, previous rcvd is 13879 
Packet(s) lost or reordered : 14439 was received, previous rcvd is 14312 
Packet(s) lost or reordered : 14929 was received, previous rcvd is 14858 
Packet(s) lost or reordered : 15419 was received, previous rcvd is 15320 
Packet(s) lost or reordered : 15910 was received, previous rcvd is 15836 
Packet(s) lost or reordered : 16401 was received, previous rcvd is 16299 
Packet(s) lost or reordered : 16892 was received, previous rcvd is 16820 
Packet(s) lost or reordered : 17384 was received, previous rcvd is 17287 
Packet(s) lost or reordered : 17876 was received, previous rcvd is 17747 
Packet(s) lost or reordered : 18369 was received, previous rcvd is 18267 
Packet(s) lost or reordered : 18862 was received, previous rcvd is 18784 
Packet(s) lost or reordered : 19355 was received, previous rcvd is 19251 
Packet(s) lost or reordered : 19849 was received, previous rcvd is 19778 
Packet(s) lost or reordered : 20343 was received, previous rcvd is 20240 
Packet(s) lost or reordered : 20837 was received, previous rcvd is 20734 
Packet(s) lost or reordered : 21332 was received, previous rcvd is 21256 
Packet(s) lost or reordered : 21827 was received, previous rcvd is 21723 
Packet(s) lost or reordered : 22323 was received, previous rcvd is 22190 
Packet(s) lost or reordered : 22819 was received, previous rcvd is 22742 
Packet(s) lost or reordered : 23315 was received, previous rcvd is 23210 
Packet(s) lost or reordered : 23812 was received, previous rcvd is 23706 
Packet(s) lost or reordered : 24309 was received, previous rcvd is 24231 
Packet(s) lost or reordered : 24807 was received, previous rcvd is 24700 
Packet(s) lost or reordered : 25305 was received, previous rcvd is 25198 
Packet(s) lost or reordered : 25803 was received, previous rcvd is 25696 
Packet(s) lost or reordered : 26302 was received, previous rcvd is 26194 
Packet(s) lost or reordered : 26801 was received, previous rcvd is 26721 
Packet(s) lost or reordered : 27301 was received, previous rcvd is 27220 
Packet(s) lost or reordered : 27801 was received, previous rcvd is 27692 
Packet(s) lost or reordered : 28302 was received, previous rcvd is 28164 
Packet(s) lost or reordered : 28803 was received, previous rcvd is 28721 
Packet(s) lost or reordered : 29203 was received, previous rcvd is 29194 
Packet(s) lost or reordered : 29221 was received, previous rcvd is 29218 
Packet(s) lost or reordered : 29230 was received, previous rcvd is 29221 
Packet(s) lost or reordered : 29304 was received, previous rcvd is 29240 
Packet(s) lost or reordered : 29806 was received, previous rcvd is 29695 
Packet(s) lost or reordered : 30308 was received, previous rcvd is 30169 
Packet(s) lost or reordered : 30811 was received, previous rcvd is 30727 
Packet(s) lost or reordered : 31314 was received, previous rcvd is 31202 
Packet(s) lost or reordered : 31817 was received, previous rcvd is 31733 
Packet(s) lost or reordered : 32321 was received, previous rcvd is 32191 
Packet(s) lost or reordered : 32825 was received, previous rcvd is 32726 
Packet(s) lost or reordered : 33330 was received, previous rcvd is 33230 
Packet(s) lost or reordered : 33835 was received, previous rcvd is 33735 
Packet(s) lost or reordered : 34341 was received, previous rcvd is 34211 
Packet(s) lost or reordered : 34847 was received, previous rcvd is 34746 
Packet(s) lost or reordered : 35354 was received, previous rcvd is 35252 
Packet(s) lost or reordered : 35861 was received, previous rcvd is 35730 
Packet(s) lost or reordered : 36369 was received, previous rcvd is 36266 
Packet(s) lost or reordered : 36877 was received, previous rcvd is 36774 
Packet(s) lost or reordered : 37386 was received, previous rcvd is 37282 
Packet(s) lost or reordered : 37895 was received, previous rcvd is 37762 
Packet(s) lost or reordered : 38405 was received, previous rcvd is 38300 
Packet(s) lost or reordered : 38916 was received, previous rcvd is 38810 
Packet(s) lost or reordered : 39427 was received, previous rcvd is 39321 
Packet(s) lost or reordered : 39938 was received, previous rcvd is 39803 
Packet(s) lost or reordered : 40450 was received, previous rcvd is 40343 
Packet(s) lost or reordered : 40962 was received, previous rcvd is 40855 
Packet(s) lost or reordered : 41418 was received, previous rcvd is 41338 
Packet(s) lost or reordered : 41475 was received, previous rcvd is 41446 
Packet(s) lost or reordered : 41988 was received, previous rcvd is 41851 
Packet(s) lost or reordered : 42501 was received, previous rcvd is 42393 
Packet(s) lost or reordered : 43015 was received, previous rcvd is 42906 
Packet(s) lost or reordered : 43530 was received, previous rcvd is 43420 
Packet(s) lost or reordered : 44045 was received, previous rcvd is 43906 
Packet(s) lost or reordered : 44561 was received, previous rcvd is 44450 
Packet(s) lost or reordered : 45077 was received, previous rcvd is 44966 
Packet(s) lost or reordered : 45594 was received, previous rcvd is 45482 
Packet(s) lost or reordered : 46111 was received, previous rcvd is 45970 
Packet(s) lost or reordered : 46628 was received, previous rcvd is 46516 
Packet(s) lost or reordered : 47146 was received, previous rcvd is 47033 
Packet(s) lost or reordered : 47665 was received, previous rcvd is 47527 
Packet(s) lost or reordered : 48184 was received, previous rcvd is 48080 
Packet(s) lost or reordered : 48704 was received, previous rcvd is 48567 
Packet(s) lost or reordered : 49224 was received, previous rcvd is 49115 
Packet(s) lost or reordered : 49745 was received, previous rcvd is 49629 
Packet(s) lost or reordered : 50266 was received, previous rcvd is 50122 
Packet(s) lost or reordered : 50788 was received, previous rcvd is 50681 
Packet(s) lost or reordered : 51310 was received, previous rcvd is 51171 
Packet(s) lost or reordered : 51833 was received, previous rcvd is 51701 
Packet(s) lost or reordered : 52357 was received, previous rcvd is 52252 
Packet(s) lost or reordered : 52881 was received, previous rcvd is 52746 
Packet(s) lost or reordered : 53405 was received, previous rcvd is 53270 
Packet(s) lost or reordered : 53930 was received, previous rcvd is 53824 
Packet(s) lost or reordered : 54455 was received, previous rcvd is 54319 
Packet(s) lost or reordered : 54981 was received, previous rcvd is 54844 
Packet(s) lost or reordered : 55507 was received, previous rcvd is 55400 
Packet(s) lost or reordered : 56034 was received, previous rcvd is 55896 
Packet(s) lost or reordered : 56562 was received, previous rcvd is 56423 
Packet(s) lost or reordered : 57090 was received, previous rcvd is 56981 
Packet(s) lost or reordered : 57619 was received, previous rcvd is 57479 
Packet(s) lost or reordered : 58148 was received, previous rcvd is 58008 
Packet(s) lost or reordered : 58678 was received, previous rcvd is 58537 
Packet(s) lost or reordered : 59208 was received, previous rcvd is 59097 
Packet(s) lost or reordered : 59739 was received, previous rcvd is 59597 
Packet(s) lost or reordered : 60270 was received, previous rcvd is 60128 
Packet(s) lost or reordered : 60802 was received, previous rcvd is 60689 
Packet(s) lost or reordered : 61335 was received, previous rcvd is 61191 
Packet(s) lost or reordered : 61868 was received, previous rcvd is 61724 
Packet(s) lost or reordered : 62402 was received, previous rcvd is 62287 
Packet(s) lost or reordered : 62936 was received, previous rcvd is 62791 
Packet(s) lost or reordered : 63471 was received, previous rcvd is 63325 
Packet(s) lost or reordered : 64007 was received, previous rcvd is 63890 
Packet(s) lost or reordered : 64543 was received, previous rcvd is 64396 
Packet(s) lost or reordered : 65080 was received, previous rcvd is 64932 
Packet(s) lost or reordered :    81 was received, previous rcvd is 65469 
Packet(s) lost or reordered :   619 was received, previous rcvd is   500 
Packet(s) lost or reordered :  1158 was received, previous rcvd is  1008 
Packet(s) lost or reordered :  1697 was received, previous rcvd is  1547 
Packet(s) lost or reordered :  2178 was received, previous rcvd is  2086 
Packet(s) lost or reordered :  2237 was received, previous rcvd is  2207 
Packet(s) lost or reordered :  2777 was received, previous rcvd is  2607 
Packet(s) lost or reordered :  3318 was received, previous rcvd is  3179 
Packet(s) lost or reordered :  3860 was received, previous rcvd is  3720 
Packet(s) lost or reordered :  4402 was received, previous rcvd is  4262 
Packet(s) lost or reordered : 49167 was received, previous rcvd is 49165 
Packet(s) lost or reordered : 55321 was received, previous rcvd is 55319 
