socket set to IP_RECVTOS
socket SO_RCVBUF set to 20971520
Listen on port 8080 to receive RTP from sender 
.
.
Packet(s) lost or reordered : 14218 was received, previous rcvd is 14192 
Packet(s) lost or reordered : 14671 was received, previous rcvd is 14606 
Packet(s) lost or reordered : 15126 was received, previous rcvd is 15060 
Packet(s) lost or reordered : 15583 was received, previous rcvd is 15515 
Packet(s) lost or reordered : 16041 was received, previous rcvd is 15998 
Packet(s) lost or reordered : 16501 was received, previous rcvd is 16430 
Packet(s) lost or reordered : 16963 was received, previous rcvd is 16890 
Packet(s) lost or reordered : 17427 was received, previous rcvd is 17378 
Packet(s) lost or reordered : 17893 was received, previous rcvd is 17816 
Packet(s) lost or reordered : 18361 was received, previous rcvd is 18282 
Packet(s) lost or reordered : 18831 was received, previous rcvd is 18764 
Packet(s) lost or reordered : 19303 was received, previous rcvd is 19235 
Packet(s) lost or reordered : 19777 was received, previous rcvd is 19680 
Packet(s) lost or reordered : 20253 was received, previous rcvd is 20181 
Packet(s) lost or reordered : 20731 was received, previous rcvd is 20684 
Packet(s) lost or reordered : 21211 was received, previous rcvd is 21108 
Packet(s) lost or reordered : 21693 was received, previous rcvd is 21588 
Packet(s) lost or reordered : 22176 was received, previous rcvd is 22097 
Packet(s) lost or reordered : 22662 was received, previous rcvd is 22607 
Packet(s) lost or reordered : 23148 was received, previous rcvd is 23023 
Packet(s) lost or reordered : 23638 was received, previous rcvd is 23567 
Packet(s) lost or reordered : 24129 was received, previous rcvd is 24029 
Packet(s) lost or reordered : 24622 was received, previous rcvd is 24520 
Packet(s) lost or reordered : 25118 was received, previous rcvd is 25013 
Packet(s) lost or reordered : 25616 was received, previous rcvd is 25509 
Packet(s) lost or reordered : 26115 was received, previous rcvd is 26035 
Packet(s) lost or reordered : 26616 was received, previous rcvd is 26506 
Packet(s) lost or reordered : 27119 was received, previous rcvd is 27035 
Packet(s) lost or reordered : 27625 was received, previous rcvd is 27493 
Packet(s) lost or reordered : 28119 was received, previous rcvd is 28030 
Packet(s) lost or reordered : 28641 was received, previous rcvd is 28524 
Packet(s) lost or reordered : 29152 was received, previous rcvd is 29046 
Packet(s) lost or reordered : 29665 was received, previous rcvd is 29528 
Packet(s) lost or reordered : 30180 was received, previous rcvd is 30070 
Packet(s) lost or reordered : 30697 was received, previous rcvd is 30578 
Packet(s) lost or reordered : 31216 was received, previous rcvd is 31099 
Packet(s) lost or reordered : 31737 was received, previous rcvd is 31623 
Packet(s) lost or reordered : 32260 was received, previous rcvd is 32142 
Packet(s) lost or reordered : 32785 was received, previous rcvd is 32640 
Packet(s) lost or reordered : 33312 was received, previous rcvd is 33168 
Packet(s) lost or reordered : 33841 was received, previous rcvd is 33727 
Packet(s) lost or reordered : 34255 was received, previous rcvd is 34232 
Packet(s) lost or reordered : 34372 was received, previous rcvd is 34284 
Packet(s) lost or reordered : 34869 was received, previous rcvd is 34731 
Packet(s) lost or reordered : 34905 was received, previous rcvd is 34898 
Packet(s) lost or reordered : 35440 was received, previous rcvd is 35294 
Packet(s) lost or reordered : 35977 was received, previous rcvd is 35829 
Packet(s) lost or reordered : 36516 was received, previous rcvd is 36396 
Packet(s) lost or reordered : 37057 was received, previous rcvd is 36905 
Packet(s) lost or reordered : 37600 was received, previous rcvd is 37428 
Packet(s) lost or reordered : 38145 was received, previous rcvd is 38002 
Packet(s) lost or reordered : 38692 was received, previous rcvd is 38578 
Packet(s) lost or reordered : 39242 was received, previous rcvd is 39063 
Packet(s) lost or reordered : 39793 was received, previous rcvd is 39644 
Packet(s) lost or reordered : 40346 was received, previous rcvd is 40195 
Packet(s) lost or reordered : 40901 was received, previous rcvd is 40748 
Packet(s) lost or reordered : 41459 was received, previous rcvd is 41303 
Packet(s) lost or reordered : 42019 was received, previous rcvd is 41841 
Packet(s) lost or reordered : 42581 was received, previous rcvd is 42434 
Packet(s) lost or reordered : 43145 was received, previous rcvd is 42964 
Packet(s) lost or reordered : 43711 was received, previous rcvd is 43528 
Packet(s) lost or reordered : 44279 was received, previous rcvd is 44126 
Packet(s) lost or reordered : 44849 was received, previous rcvd is 44662 
Packet(s) lost or reordered : 45421 was received, previous rcvd is 45264 
Packet(s) lost or reordered : 45995 was received, previous rcvd is 45804 
Packet(s) lost or reordered : 46571 was received, previous rcvd is 46410 
Packet(s) lost or reordered : 47149 was received, previous rcvd is 46964 
Packet(s) lost or reordered : 47729 was received, previous rcvd is 47544 
Packet(s) lost or reordered : 48311 was received, previous rcvd is 48124 
Packet(s) lost or reordered : 48895 was received, previous rcvd is 48706 
Packet(s) lost or reordered : 49481 was received, previous rcvd is 49323 
Packet(s) lost or reordered : 50070 was received, previous rcvd is 49843 
Packet(s) lost or reordered : 50661 was received, previous rcvd is 50465 
Packet(s) lost or reordered : 51254 was received, previous rcvd is 51089 
Packet(s) lost or reordered : 51849 was received, previous rcvd is 51616 
Packet(s) lost or reordered : 52446 was received, previous rcvd is 52255 
Packet(s) lost or reordered : 53045 was received, previous rcvd is 52853 
Packet(s) lost or reordered : 53646 was received, previous rcvd is 53452 
Packet(s) lost or reordered : 54185 was received, previous rcvd is 54019 
Packet(s) lost or reordered : 54190 was received, previous rcvd is 54186 
Packet(s) lost or reordered : 54249 was received, previous rcvd is 54221 
Packet(s) lost or reordered : 54854 was received, previous rcvd is 54622 
Packet(s) lost or reordered : 55461 was received, previous rcvd is 55261 
Packet(s) lost or reordered : 56071 was received, previous rcvd is 55868 
Packet(s) lost or reordered : 56683 was received, previous rcvd is 56478 
Packet(s) lost or reordered : 57081 was received, previous rcvd is 57051 
Packet(s) lost or reordered : 57297 was received, previous rcvd is 57117 
Packet(s) lost or reordered : 57914 was received, previous rcvd is 57666 
Packet(s) lost or reordered : 58532 was received, previous rcvd is 58320 
Packet(s) lost or reordered : 59152 was received, previous rcvd is 58918 
Packet(s) lost or reordered : 59774 was received, previous rcvd is 59536 
Packet(s) lost or reordered : 60399 was received, previous rcvd is 60193 
Packet(s) lost or reordered : 61026 was received, previous rcvd is 60776 
Packet(s) lost or reordered : 61655 was received, previous rcvd is 61443 
Packet(s) lost or reordered : 62287 was received, previous rcvd is 62051 
Packet(s) lost or reordered : 62921 was received, previous rcvd is 62682 
Packet(s) lost or reordered : 63557 was received, previous rcvd is 63316 
Packet(s) lost or reordered : 64195 was received, previous rcvd is 63952 
Packet(s) lost or reordered : 64835 was received, previous rcvd is 64626 
Packet(s) lost or reordered : 65477 was received, previous rcvd is 65221 
Packet(s) lost or reordered :   586 was received, previous rcvd is   335 
Packet(s) lost or reordered :  1233 was received, previous rcvd is   981 
Packet(s) lost or reordered :  1882 was received, previous rcvd is  1637 
Packet(s) lost or reordered :  8276 was received, previous rcvd is  8230 
Packet(s) lost or reordered :  8676 was received, previous rcvd is  8674 
Packet(s) lost or reordered :  8691 was received, previous rcvd is  8680 
Packet(s) lost or reordered :  8733 was received, previous rcvd is  8702 
Packet(s) lost or reordered :  9190 was received, previous rcvd is  9122 
Packet(s) lost or reordered :  9647 was received, previous rcvd is  9579 
Packet(s) lost or reordered : 10104 was received, previous rcvd is 10062 
Packet(s) lost or reordered : 10561 was received, previous rcvd is 10493 
Packet(s) lost or reordered : 11018 was received, previous rcvd is 10950 
Packet(s) lost or reordered : 11475 was received, previous rcvd is 11433 
Packet(s) lost or reordered : 11932 was received, previous rcvd is 11864 
Packet(s) lost or reordered : 12389 was received, previous rcvd is 12347 
Packet(s) lost or reordered : 12846 was received, previous rcvd is 12778 
Packet(s) lost or reordered : 13303 was received, previous rcvd is 13235 
Packet(s) lost or reordered : 13761 was received, previous rcvd is 13718 
Packet(s) lost or reordered : 14219 was received, previous rcvd is 14150 
Packet(s) lost or reordered : 14677 was received, previous rcvd is 14608 
Packet(s) lost or reordered : 15135 was received, previous rcvd is 15092 
Packet(s) lost or reordered : 15593 was received, previous rcvd is 15524 
Packet(s) lost or reordered : 16051 was received, previous rcvd is 15956 
Packet(s) lost or reordered : 16509 was received, previous rcvd is 16466 
Packet(s) lost or reordered : 16967 was received, previous rcvd is 16924 
Packet(s) lost or reordered : 17425 was received, previous rcvd is 17356 
Packet(s) lost or reordered : 17883 was received, previous rcvd is 17814 
Packet(s) lost or reordered : 18341 was received, previous rcvd is 18302 
Packet(s) lost or reordered : 18799 was received, previous rcvd is 18732 
Packet(s) lost or reordered : 19257 was received, previous rcvd is 19190 
Packet(s) lost or reordered : 19658 was received, previous rcvd is 19646 
Packet(s) lost or reordered : 19715 was received, previous rcvd is 19683 
Packet(s) lost or reordered : 20174 was received, previous rcvd is 20086 
Packet(s) lost or reordered : 20633 was received, previous rcvd is 20579 
Packet(s) lost or reordered : 21092 was received, previous rcvd is 21038 
Packet(s) lost or reordered : 21551 was received, previous rcvd is 21483 
Packet(s) lost or reordered : 22010 was received, previous rcvd is 21940 
Packet(s) lost or reordered : 22470 was received, previous rcvd is 22425 
Packet(s) lost or reordered : 22929 was received, previous rcvd is 22859 
Packet(s) lost or reordered : 23386 was received, previous rcvd is 23318 
Packet(s) lost or reordered : 23388 was received, previous rcvd is 23386 
Packet(s) lost or reordered : 23848 was received, previous rcvd is 23802 
Packet(s) lost or reordered : 24308 was received, previous rcvd is 24263 
Packet(s) lost or reordered : 24768 was received, previous rcvd is 24697 
Packet(s) lost or reordered : 25228 was received, previous rcvd is 25157 
Packet(s) lost or reordered : 25688 was received, previous rcvd is 25617 
Packet(s) lost or reordered : 26148 was received, previous rcvd is 26103 
Packet(s) lost or reordered : 26608 was received, previous rcvd is 26537 
Packet(s) lost or reordered : 27068 was received, previous rcvd is 26997 
Packet(s) lost or reordered : 27528 was received, previous rcvd is 27483 
Packet(s) lost or reordered : 27988 was received, previous rcvd is 27917 
Packet(s) lost or reordered : 28449 was received, previous rcvd is 28377 
Packet(s) lost or reordered : 28910 was received, previous rcvd is 28864 
Packet(s) lost or reordered : 29371 was received, previous rcvd is 29299 
Packet(s) lost or reordered : 29832 was received, previous rcvd is 29760 
Packet(s) lost or reordered : 30293 was received, previous rcvd is 30247 
Packet(s) lost or reordered : 30755 was received, previous rcvd is 30682 
Packet(s) lost or reordered : 31216 was received, previous rcvd is 31144 
Packet(s) lost or reordered : 31678 was received, previous rcvd is 31605 
Packet(s) lost or reordered : 32140 was received, previous rcvd is 32093 
Packet(s) lost or reordered : 32602 was received, previous rcvd is 32529 
Packet(s) lost or reordered : 33064 was received, previous rcvd is 33017 
Packet(s) lost or reordered : 33527 was received, previous rcvd is 33453 
Packet(s) lost or reordered : 33990 was received, previous rcvd is 33916 
Packet(s) lost or reordered : 34453 was received, previous rcvd is 34405 
Packet(s) lost or reordered : 34916 was received, previous rcvd is 34842 
Packet(s) lost or reordered : 35379 was received, previous rcvd is 35305 
Packet(s) lost or reordered : 35842 was received, previous rcvd is 35794 
Packet(s) lost or reordered : 36306 was received, previous rcvd is 36231 
Packet(s) lost or reordered : 36770 was received, previous rcvd is 36695 
Packet(s) lost or reordered : 37234 was received, previous rcvd is 37185 
Packet(s) lost or reordered : 37699 was received, previous rcvd is 37623 
Packet(s) lost or reordered : 38164 was received, previous rcvd is 38088 
Packet(s) lost or reordered : 38629 was received, previous rcvd is 38579 
Packet(s) lost or reordered : 39094 was received, previous rcvd is 39018 
Packet(s) lost or reordered : 39559 was received, previous rcvd is 39509 
Packet(s) lost or reordered : 40024 was received, previous rcvd is 39948 
Packet(s) lost or reordered : 40489 was received, previous rcvd is 40413 
Packet(s) lost or reordered : 40955 was received, previous rcvd is 40878 
Packet(s) lost or reordered : 41420 was received, previous rcvd is 41370 
Packet(s) lost or reordered : 41886 was received, previous rcvd is 41809 
Packet(s) lost or reordered : 42351 was received, previous rcvd is 42275 
Packet(s) lost or reordered : 42818 was received, previous rcvd is 42766 
Packet(s) lost or reordered : 43284 was received, previous rcvd is 43207 
Packet(s) lost or reordered : 43751 was received, previous rcvd is 43673 
Packet(s) lost or reordered : 44218 was received, previous rcvd is 44166 
Packet(s) lost or reordered : 44685 was received, previous rcvd is 44621 
Packet(s) lost or reordered : 45152 was received, previous rcvd is 45062 
Packet(s) lost or reordered : 45620 was received, previous rcvd is 45556 
Packet(s) lost or reordered : 46088 was received, previous rcvd is 46024 
Packet(s) lost or reordered : 46556 was received, previous rcvd is 46465 
Packet(s) lost or reordered : 47024 was received, previous rcvd is 46987 
Packet(s) lost or reordered : 47493 was received, previous rcvd is 47401 
Packet(s) lost or reordered : 47962 was received, previous rcvd is 47897 
Packet(s) lost or reordered : 48431 was received, previous rcvd is 48339 
Packet(s) lost or reordered : 48900 was received, previous rcvd is 48835 
Packet(s) lost or reordered : 49370 was received, previous rcvd is 49331 
Packet(s) lost or reordered : 49840 was received, previous rcvd is 49747 
Packet(s) lost or reordered : 50310 was received, previous rcvd is 50244 
Packet(s) lost or reordered : 50780 was received, previous rcvd is 50687 
Packet(s) lost or reordered : 51251 was received, previous rcvd is 51184 
Packet(s) lost or reordered : 51722 was received, previous rcvd is 51652 
Packet(s) lost or reordered : 52193 was received, previous rcvd is 52127 
Packet(s) lost or reordered : 52664 was received, previous rcvd is 52569 
Packet(s) lost or reordered : 53135 was received, previous rcvd is 53072 
Packet(s) lost or reordered : 53607 was received, previous rcvd is 53539 
Packet(s) lost or reordered : 53997 was received, previous rcvd is 53985 
Packet(s) lost or reordered : 54015 was received, previous rcvd is 54013 
Packet(s) lost or reordered : 54079 was received, previous rcvd is 54023 
Packet(s) lost or reordered : 54551 was received, previous rcvd is 54453 
Packet(s) lost or reordered : 55023 was received, previous rcvd is 54956 
Packet(s) lost or reordered : 55496 was received, previous rcvd is 55431 
Packet(s) lost or reordered : 55894 was received, previous rcvd is 55874 
Packet(s) lost or reordered : 55896 was received, previous rcvd is 55894 
Packet(s) lost or reordered : 55969 was received, previous rcvd is 55920 
Packet(s) lost or reordered : 56443 was received, previous rcvd is 56373 
Packet(s) lost or reordered : 56917 was received, previous rcvd is 56820 
Packet(s) lost or reordered : 57391 was received, previous rcvd is 57321 
Packet(s) lost or reordered : 57865 was received, previous rcvd is 57795 
Packet(s) lost or reordered : 58340 was received, previous rcvd is 58269 
Packet(s) lost or reordered : 58815 was received, previous rcvd is 58717 
Packet(s) lost or reordered : 59290 was received, previous rcvd is 59219 
Packet(s) lost or reordered : 59765 was received, previous rcvd is 59694 
Packet(s) lost or reordered : 60241 was received, previous rcvd is 60169 
Packet(s) lost or reordered : 60717 was received, previous rcvd is 60618 
Packet(s) lost or reordered : 61193 was received, previous rcvd is 61148 
Packet(s) lost or reordered : 61669 was received, previous rcvd is 61570 
Packet(s) lost or reordered : 62146 was received, previous rcvd is 62073 
Packet(s) lost or reordered : 62623 was received, previous rcvd is 62523 
Packet(s) lost or reordered : 63100 was received, previous rcvd is 63054 
Packet(s) lost or reordered : 63578 was received, previous rcvd is 63477 
Packet(s) lost or reordered : 63975 was received, previous rcvd is 63955 
Packet(s) lost or reordered : 63978 was received, previous rcvd is 63975 
Packet(s) lost or reordered : 64056 was received, previous rcvd is 64003 
Packet(s) lost or reordered : 64535 was received, previous rcvd is 64460 
Packet(s) lost or reordered : 65014 was received, previous rcvd is 64912 
Packet(s) lost or reordered : 65493 was received, previous rcvd is 65418 
Packet(s) lost or reordered :   436 was received, previous rcvd is   361 
Packet(s) lost or reordered :   916 was received, previous rcvd is   813 
Packet(s) lost or reordered :  1396 was received, previous rcvd is  1320 
Packet(s) lost or reordered :  1876 was received, previous rcvd is  1827 
Packet(s) lost or reordered :  2357 was received, previous rcvd is  2253 
Packet(s) lost or reordered :  2810 was received, previous rcvd is  2734 
Packet(s) lost or reordered :  2838 was received, previous rcvd is  2836 
Packet(s) lost or reordered :  3319 was received, previous rcvd is  3242 
Packet(s) lost or reordered :  3801 was received, previous rcvd is  3696 
Packet(s) lost or reordered :  4283 was received, previous rcvd is  4205 
Packet(s) lost or reordered :  4765 was received, previous rcvd is  4660 
Packet(s) lost or reordered :  5248 was received, previous rcvd is  5196 
Packet(s) lost or reordered :  5731 was received, previous rcvd is  5625 
Packet(s) lost or reordered :  6214 was received, previous rcvd is  6135 
Packet(s) lost or reordered :  6698 was received, previous rcvd is  6591 
Packet(s) lost or reordered :  7182 was received, previous rcvd is  7129 
Packet(s) lost or reordered :  7667 was received, previous rcvd is  7586 
Packet(s) lost or reordered :  8152 was received, previous rcvd is  8044 
Packet(s) lost or reordered :  8637 was received, previous rcvd is  8556 
Packet(s) lost or reordered :  9122 was received, previous rcvd is  9041 
Packet(s) lost or reordered :  9608 was received, previous rcvd is  9526 
Packet(s) lost or reordered : 10094 was received, previous rcvd is  9998 
Packet(s) lost or reordered : 10580 was received, previous rcvd is 10485 
Packet(s) lost or reordered : 11067 was received, previous rcvd is 10971 
Packet(s) lost or reordered : 11554 was received, previous rcvd is 11484 
Packet(s) lost or reordered : 12042 was received, previous rcvd is 11943 
Packet(s) lost or reordered : 12530 was received, previous rcvd is 12431 
Packet(s) lost or reordered : 13018 was received, previous rcvd is 12952 
Packet(s) lost or reordered : 13507 was received, previous rcvd is 13409 
Packet(s) lost or reordered : 13996 was received, previous rcvd is 13892 
Packet(s) lost or reordered : 14485 was received, previous rcvd is 14415 
Packet(s) lost or reordered : 14975 was received, previous rcvd is 14874 
Packet(s) lost or reordered : 15465 was received, previous rcvd is 15368 
Packet(s) lost or reordered : 15956 was received, previous rcvd is 15856 
Packet(s) lost or reordered : 16447 was received, previous rcvd is 16347 
Packet(s) lost or reordered : 16938 was received, previous rcvd is 16838 
Packet(s) lost or reordered : 17430 was received, previous rcvd is 17357 
Packet(s) lost or reordered : 17922 was received, previous rcvd is 17821 
Packet(s) lost or reordered : 18415 was received, previous rcvd is 18313 
Packet(s) lost or reordered : 18908 was received, previous rcvd is 18806 
Packet(s) lost or reordered : 19402 was received, previous rcvd is 19299 
Packet(s) lost or reordered : 19896 was received, previous rcvd is 19821 
Packet(s) lost or reordered : 20390 was received, previous rcvd is 20287 
Packet(s) lost or reordered : 20885 was received, previous rcvd is 20809 
Packet(s) lost or reordered : 21280 was received, previous rcvd is 21248 
Packet(s) lost or reordered : 21380 was received, previous rcvd is 21307 
Packet(s) lost or reordered : 21875 was received, previous rcvd is 21771 
Packet(s) lost or reordered : 22276 was received, previous rcvd is 22266 
Packet(s) lost or reordered : 22371 was received, previous rcvd is 22303 
Packet(s) lost or reordered : 22867 was received, previous rcvd is 22734 
Packet(s) lost or reordered : 23364 was received, previous rcvd is 23258 
Packet(s) lost or reordered : 23861 was received, previous rcvd is 23783 
Packet(s) lost or reordered : 24358 was received, previous rcvd is 24252 
Packet(s) lost or reordered : 24856 was received, previous rcvd is 24749 
Packet(s) lost or reordered : 25354 was received, previous rcvd is 25247 
Packet(s) lost or reordered : 25853 was received, previous rcvd is 25773 
Packet(s) lost or reordered : 26352 was received, previous rcvd is 26244 
Packet(s) lost or reordered : 26851 was received, previous rcvd is 26743 
Packet(s) lost or reordered : 27351 was received, previous rcvd is 27270 
Packet(s) lost or reordered : 27851 was received, previous rcvd is 27742 
Packet(s) lost or reordered : 28352 was received, previous rcvd is 28242 
Packet(s) lost or reordered : 28853 was received, previous rcvd is 28743 
Packet(s) lost or reordered : 29355 was received, previous rcvd is 29244 
Packet(s) lost or reordered : 29749 was received, previous rcvd is 29746 
Packet(s) lost or reordered : 29857 was received, previous rcvd is 29776 
Packet(s) lost or reordered : 30360 was received, previous rcvd is 30248 
Packet(s) lost or reordered : 30863 was received, previous rcvd is 30751 
Packet(s) lost or reordered : 31366 was received, previous rcvd is 31254 
Packet(s) lost or reordered : 31870 was received, previous rcvd is 31769 
Packet(s) lost or reordered : 32374 was received, previous rcvd is 32275 
Packet(s) lost or reordered : 32879 was received, previous rcvd is 32779 
Packet(s) lost or reordered : 33384 was received, previous rcvd is 33255 
Packet(s) lost or reordered : 33890 was received, previous rcvd is 33818 
Packet(s) lost or reordered : 34396 was received, previous rcvd is 34266 
Packet(s) lost or reordered : 34903 was received, previous rcvd is 34801 
Packet(s) lost or reordered : 35410 was received, previous rcvd is 35279 
Packet(s) lost or reordered : 35918 was received, previous rcvd is 35815 
Packet(s) lost or reordered : 36426 was received, previous rcvd is 36323 
Packet(s) lost or reordered : 36935 was received, previous rcvd is 36831 
Packet(s) lost or reordered : 37444 was received, previous rcvd is 37311 
Packet(s) lost or reordered : 37953 was received, previous rcvd is 37873 
Packet(s) lost or reordered : 38463 was received, previous rcvd is 38355 
Packet(s) lost or reordered : 38973 was received, previous rcvd is 38834 
Packet(s) lost or reordered : 39484 was received, previous rcvd is 39380 
Packet(s) lost or reordered : 39996 was received, previous rcvd is 39889 
Packet(s) lost or reordered : 40508 was received, previous rcvd is 40401 
Packet(s) lost or reordered : 41020 was received, previous rcvd is 40888 
Packet(s) lost or reordered : 41533 was received, previous rcvd is 41403 
Packet(s) lost or reordered : 42046 was received, previous rcvd is 41942 
Packet(s) lost or reordered : 42560 was received, previous rcvd is 42451 
Packet(s) lost or reordered : 43074 was received, previous rcvd is 42965 
Packet(s) lost or reordered : 43589 was received, previous rcvd is 43479 
Packet(s) lost or reordered : 44046 was received, previous rcvd is 43965 
Packet(s) lost or reordered : 44104 was received, previous rcvd is 44074 
Packet(s) lost or reordered : 44620 was received, previous rcvd is 44480 
Packet(s) lost or reordered : 45137 was received, previous rcvd is 44996 
Packet(s) lost or reordered : 45654 was received, previous rcvd is 45571 
Packet(s) lost or reordered : 46171 was received, previous rcvd is 46030 
Packet(s) lost or reordered : 46689 was received, previous rcvd is 46576 
Packet(s) lost or reordered : 47207 was received, previous rcvd is 47094 
Packet(s) lost or reordered : 47726 was received, previous rcvd is 47583 
Packet(s) lost or reordered : 48245 was received, previous rcvd is 48131 
Packet(s) lost or reordered : 48765 was received, previous rcvd is 48650 
Packet(s) lost or reordered : 49286 was received, previous rcvd is 49141 
Packet(s) lost or reordered : 49807 was received, previous rcvd is 49691 
Packet(s) lost or reordered : 50329 was received, previous rcvd is 50212 
Packet(s) lost or reordered : 50851 was received, previous rcvd is 50716 
Packet(s) lost or reordered : 51374 was received, previous rcvd is 51240 
Packet(s) lost or reordered : 51897 was received, previous rcvd is 51793 
Packet(s) lost or reordered : 52371 was received, previous rcvd is 52286 
Packet(s) lost or reordered : 52378 was received, previous rcvd is 52375 
Packet(s) lost or reordered : 52421 was received, previous rcvd is 52402 
Packet(s) lost or reordered : 52945 was received, previous rcvd is 52780 
Packet(s) lost or reordered : 53470 was received, previous rcvd is 53364 
Packet(s) lost or reordered : 53996 was received, previous rcvd is 53889 
Packet(s) lost or reordered : 54522 was received, previous rcvd is 54385 
Packet(s) lost or reordered : 55049 was received, previous rcvd is 54911 
Packet(s) lost or reordered : 55577 was received, previous rcvd is 55438 
Packet(s) lost or reordered : 56105 was received, previous rcvd is 55996 
Packet(s) lost or reordered : 56633 was received, previous rcvd is 56464 
Packet(s) lost or reordered : 57162 was received, previous rcvd is 57052 
Packet(s) lost or reordered : 57692 was received, previous rcvd is 57551 
Packet(s) lost or reordered : 58222 was received, previous rcvd is 58111 
Packet(s) lost or reordered : 58753 was received, previous rcvd is 58611 
Packet(s) lost or reordered : 59284 was received, previous rcvd is 59142 
Packet(s) lost or reordered : 59816 was received, previous rcvd is 59703 
Packet(s) lost or reordered : 60348 was received, previous rcvd is 60205 
Packet(s) lost or reordered : 60881 was received, previous rcvd is 60737 
Packet(s) lost or reordered : 61415 was received, previous rcvd is 61270 
Packet(s) lost or reordered : 61949 was received, previous rcvd is 61834 
Packet(s) lost or reordered : 62484 was received, previous rcvd is 62338 
Packet(s) lost or reordered : 63019 was received, previous rcvd is 62873 
Packet(s) lost or reordered : 63555 was received, previous rcvd is 63438 
Packet(s) lost or reordered : 64092 was received, previous rcvd is 63944 
Packet(s) lost or reordered : 64629 was received, previous rcvd is 64481 
Packet(s) lost or reordered : 65167 was received, previous rcvd is 65048 
Packet(s) lost or reordered :   170 was received, previous rcvd is     1 
Packet(s) lost or reordered :   709 was received, previous rcvd is   572 
Packet(s) lost or reordered :  1249 was received, previous rcvd is  1111 
Packet(s) lost or reordered :  1789 was received, previous rcvd is  1651 
Packet(s) lost or reordered :  2330 was received, previous rcvd is  2191 
Packet(s) lost or reordered :  2872 was received, previous rcvd is  2723 
Packet(s) lost or reordered :  3414 was received, previous rcvd is  3267 
Packet(s) lost or reordered :  3957 was received, previous rcvd is  3809 
Packet(s) lost or reordered :  4500 was received, previous rcvd is  4361 
Packet(s) lost or reordered :  5002 was received, previous rcvd is  4871 
Packet(s) lost or reordered :  5044 was received, previous rcvd is  5032 
Packet(s) lost or reordered :  5589 was received, previous rcvd is  5404 
Packet(s) lost or reordered :  6134 was received, previous rcvd is  6017 
Packet(s) lost or reordered :  6680 was received, previous rcvd is  6529 
Packet(s) lost or reordered :  7226 was received, previous rcvd is  7083 
Packet(s) lost or reordered :  7773 was received, previous rcvd is  7597 
Packet(s) lost or reordered :  8321 was received, previous rcvd is  8206 
Packet(s) lost or reordered :  8869 was received, previous rcvd is  8692 
Packet(s) lost or reordered :  9418 was received, previous rcvd is  9302 
Packet(s) lost or reordered :  9968 was received, previous rcvd is  9789 
Packet(s) lost or reordered : 10518 was received, previous rcvd is 10370 
Packet(s) lost or reordered : 11069 was received, previous rcvd is 10920 
Packet(s) lost or reordered : 11621 was received, previous rcvd is 11471 
Packet(s) lost or reordered : 12173 was received, previous rcvd is 11992 
Packet(s) lost or reordered : 12726 was received, previous rcvd is 12575 
Packet(s) lost or reordered : 13279 was received, previous rcvd is 13159 
Packet(s) lost or reordered : 13833 was received, previous rcvd is 13650 
Packet(s) lost or reordered : 14388 was received, previous rcvd is 14235 
Packet(s) lost or reordered : 14943 was received, previous rcvd is 14790 
Packet(s) lost or reordered : 15499 was received, previous rcvd is 15345 
Packet(s) lost or reordered : 16056 was received, previous rcvd is 15901 
Packet(s) lost or reordered : 16613 was received, previous rcvd is 16458 
Packet(s) lost or reordered : 17171 was received, previous rcvd is 17015 
Packet(s) lost or reordered : 17729 was received, previous rcvd is 17554 
Packet(s) lost or reordered : 18288 was received, previous rcvd is 18112 
Packet(s) lost or reordered : 18848 was received, previous rcvd is 18703 
Packet(s) lost or reordered : 19365 was received, previous rcvd is 19231 
Packet(s) lost or reordered : 19367 was received, previous rcvd is 19365 
Packet(s) lost or reordered : 19370 was received, previous rcvd is 19367 
Packet(s) lost or reordered : 19409 was received, previous rcvd is 19399 
Packet(s) lost or reordered : 19970 was received, previous rcvd is 19792 
Packet(s) lost or reordered : 20532 was received, previous rcvd is 20353 
Packet(s) lost or reordered : 21094 was received, previous rcvd is 20947 
Packet(s) lost or reordered : 21657 was received, previous rcvd is 21477 
Packet(s) lost or reordered : 22221 was received, previous rcvd is 22072 
Packet(s) lost or reordered : 22786 was received, previous rcvd is 22604 
Packet(s) lost or reordered : 23351 was received, previous rcvd is 23201 
Packet(s) lost or reordered : 23917 was received, previous rcvd is 23734 
Packet(s) lost or reordered : 24484 was received, previous rcvd is 24332 
Packet(s) lost or reordered : 25051 was received, previous rcvd is 24867 
Packet(s) lost or reordered : 25619 was received, previous rcvd is 25434 
Packet(s) lost or reordered : 26188 was received, previous rcvd is 26034 
Packet(s) lost or reordered : 26757 was received, previous rcvd is 26571 
Packet(s) lost or reordered : 27327 was received, previous rcvd is 27140 
Packet(s) lost or reordered : 27898 was received, previous rcvd is 27742 
Packet(s) lost or reordered : 28469 was received, previous rcvd is 28313 
Packet(s) lost or reordered : 29041 was received, previous rcvd is 28852 
Packet(s) lost or reordered : 29614 was received, previous rcvd is 29456 
Packet(s) lost or reordered : 30187 was received, previous rcvd is 29994 
Packet(s) lost or reordered : 30761 was received, previous rcvd is 30606 
Packet(s) lost or reordered : 31335 was received, previous rcvd is 31147 
Packet(s) lost or reordered : 31910 was received, previous rcvd is 31718 
Packet(s) lost or reordered : 32486 was received, previous rcvd is 32325 
Packet(s) lost or reordered : 33062 was received, previous rcvd is 32868 
Packet(s) lost or reordered : 33639 was received, previous rcvd is 33446 
Packet(s) lost or reordered : 34216 was received, previous rcvd is 34069 
Packet(s) lost or reordered : 34794 was received, previous rcvd is 34611 
Packet(s) lost or reordered : 35372 was received, previous rcvd is 35189 
Packet(s) lost or reordered : 35951 was received, previous rcvd is 35767 
Packet(s) lost or reordered : 36530 was received, previous rcvd is 36346 
Packet(s) lost or reordered : 37110 was received, previous rcvd is 36925 
Packet(s) lost or reordered : 37690 was received, previous rcvd is 37505 
Packet(s) lost or reordered : 38270 was received, previous rcvd is 38085 
Packet(s) lost or reordered : 38851 was received, previous rcvd is 38665 
Packet(s) lost or reordered : 39432 was received, previous rcvd is 39279 
Packet(s) lost or reordered : 40014 was received, previous rcvd is 39794 
Packet(s) lost or reordered : 40596 was received, previous rcvd is 40442 
Packet(s) lost or reordered : 41178 was received, previous rcvd is 40991 
Packet(s) lost or reordered : 41761 was received, previous rcvd is 41573 
Packet(s) lost or reordered : 42344 was received, previous rcvd is 42156 
Packet(s) lost or reordered : 42928 was received, previous rcvd is 42739 
Packet(s) lost or reordered : 43512 was received, previous rcvd is 43323 
Packet(s) lost or reordered : 44096 was received, previous rcvd is 43907 
Packet(s) lost or reordered : 44681 was received, previous rcvd is 44491 
Packet(s) lost or reordered : 45266 was received, previous rcvd is 45109 
Packet(s) lost or reordered : 45851 was received, previous rcvd is 45628 
Packet(s) lost or reordered : 46437 was received, previous rcvd is 46279 
Packet(s) lost or reordered : 47023 was received, previous rcvd is 46832 
Packet(s) lost or reordered : 47609 was received, previous rcvd is 47418 
Packet(s) lost or reordered : 48196 was received, previous rcvd is 48004 
Packet(s) lost or reordered : 48717 was received, previous rcvd is 48558 
Packet(s) lost or reordered : 48783 was received, previous rcvd is 48749 
Packet(s) lost or reordered : 49370 was received, previous rcvd is 49178 
Packet(s) lost or reordered : 49958 was received, previous rcvd is 49765 
Packet(s) lost or reordered : 50546 was received, previous rcvd is 50353 
Packet(s) lost or reordered : 51134 was received, previous rcvd is 50941 
Packet(s) lost or reordered : 51699 was received, previous rcvd is 51526 
Packet(s) lost or reordered : 52313 was received, previous rcvd is 52094 
Packet(s) lost or reordered : 52902 was received, previous rcvd is 52708 
Packet(s) lost or reordered : 53334 was received, previous rcvd is 53302 
Packet(s) lost or reordered : 53352 was received, previous rcvd is 53334 
Packet(s) lost or reordered : 53363 was received, previous rcvd is 53361 
Packet(s) lost or reordered : 53491 was received, previous rcvd is 53384 
Packet(s) lost or reordered : 54081 was received, previous rcvd is 53853 
Packet(s) lost or reordered : 54671 was received, previous rcvd is 54509 
Packet(s) lost or reordered : 55261 was received, previous rcvd is 55034 
Packet(s) lost or reordered : 55852 was received, previous rcvd is 55667 
Packet(s) lost or reordered : 56443 was received, previous rcvd is 56250 
Packet(s) lost or reordered : 56970 was received, previous rcvd is 56838 
Packet(s) lost or reordered : 57034 was received, previous rcvd is 57002 
Packet(s) lost or reordered : 57625 was received, previous rcvd is 57429 
Packet(s) lost or reordered : 58217 was received, previous rcvd is 58020 
Packet(s) lost or reordered : 58809 was received, previous rcvd is 58612 
Packet(s) lost or reordered : 59401 was received, previous rcvd is 59204 
Packet(s) lost or reordered : 59993 was received, previous rcvd is 59796 
Packet(s) lost or reordered : 60586 was received, previous rcvd is 60388 
Packet(s) lost or reordered : 61179 was received, previous rcvd is 60981 
Packet(s) lost or reordered : 61772 was received, previous rcvd is 61574 
Packet(s) lost or reordered : 62365 was received, previous rcvd is 62178 
Packet(s) lost or reordered : 62958 was received, previous rcvd is 62772 
Packet(s) lost or reordered : 63552 was received, previous rcvd is 63331 
Packet(s) lost or reordered : 64146 was received, previous rcvd is 63959 
Packet(s) lost or reordered : 64740 was received, previous rcvd is 64519 
Packet(s) lost or reordered : 65334 was received, previous rcvd is 65181 
Packet(s) lost or reordered :   393 was received, previous rcvd is   171 
Packet(s) lost or reordered :   988 was received, previous rcvd is   800 
Packet(s) lost or reordered :  1583 was received, previous rcvd is  1361 
Packet(s) lost or reordered :  2178 was received, previous rcvd is  2024 
Packet(s) lost or reordered :  2773 was received, previous rcvd is  2551 
Packet(s) lost or reordered :  3369 was received, previous rcvd is  3180 
Packet(s) lost or reordered :  3965 was received, previous rcvd is  3776 
Packet(s) lost or reordered :  4561 was received, previous rcvd is  4338 
Packet(s) lost or reordered :  5157 was received, previous rcvd is  4968 
Packet(s) lost or reordered :  5753 was received, previous rcvd is  5530 
Packet(s) lost or reordered :  6349 was received, previous rcvd is  6194 
Packet(s) lost or reordered :  6945 was received, previous rcvd is  6722 
Packet(s) lost or reordered :  7542 was received, previous rcvd is  7352 
Packet(s) lost or reordered :  8139 was received, previous rcvd is  7949 
Packet(s) lost or reordered :  8736 was received, previous rcvd is  8546 
Packet(s) lost or reordered :  9334 was received, previous rcvd is  9109 
Packet(s) lost or reordered :  9933 was received, previous rcvd is  9741 
Packet(s) lost or reordered : 10531 was received, previous rcvd is 10340 
Packet(s) lost or reordered : 10910 was received, previous rcvd is 10904 
Packet(s) lost or reordered : 11129 was received, previous rcvd is 10943 
Packet(s) lost or reordered : 11727 was received, previous rcvd is 11502 
Packet(s) lost or reordered : 12326 was received, previous rcvd is 12134 
Packet(s) lost or reordered : 12925 was received, previous rcvd is 12699 
Packet(s) lost or reordered : 13524 was received, previous rcvd is 13366 
Packet(s) lost or reordered : 14123 was received, previous rcvd is 13897 
Packet(s) lost or reordered : 14722 was received, previous rcvd is 14530 
Packet(s) lost or reordered : 15321 was received, previous rcvd is 15129 
Packet(s) lost or reordered : 15920 was received, previous rcvd is 15694 
Packet(s) lost or reordered : 16519 was received, previous rcvd is 16327 
Packet(s) lost or reordered : 17118 was received, previous rcvd is 16926 
Packet(s) lost or reordered : 17718 was received, previous rcvd is 17525 
Packet(s) lost or reordered : 18318 was received, previous rcvd is 18057 
Packet(s) lost or reordered : 18918 was received, previous rcvd is 18759 
Packet(s) lost or reordered : 19518 was received, previous rcvd is 19325 
Packet(s) lost or reordered : 19964 was received, previous rcvd is 19891 
Packet(s) lost or reordered : 20119 was received, previous rcvd is 19997 
Packet(s) lost or reordered : 20719 was received, previous rcvd is 20486 
Packet(s) lost or reordered : 21320 was received, previous rcvd is 21125 
Packet(s) lost or reordered : 21921 was received, previous rcvd is 21726 
Packet(s) lost or reordered : 22522 was received, previous rcvd is 22296 
Packet(s) lost or reordered : 23124 was received, previous rcvd is 22929 
Packet(s) lost or reordered : 23725 was received, previous rcvd is 23531 
Packet(s) lost or reordered : 24326 was received, previous rcvd is 24125 
Packet(s) lost or reordered : 24899 was received, previous rcvd is 24695 
Packet(s) lost or reordered : 24927 was received, previous rcvd is 24904 
Packet(s) lost or reordered : 25529 was received, previous rcvd is 25331 
Packet(s) lost or reordered : 26131 was received, previous rcvd is 25936 
Packet(s) lost or reordered : 26733 was received, previous rcvd is 26538 
Packet(s) lost or reordered : 27335 was received, previous rcvd is 27106 
Packet(s) lost or reordered : 27937 was received, previous rcvd is 27742 
Packet(s) lost or reordered : 28540 was received, previous rcvd is 28344 
Packet(s) lost or reordered : 29143 was received, previous rcvd is 28947 
Packet(s) lost or reordered : 29746 was received, previous rcvd is 29516 
Packet(s) lost or reordered : 30349 was received, previous rcvd is 30153 
Packet(s) lost or reordered : 30952 was received, previous rcvd is 30722 
Packet(s) lost or reordered : 31555 was received, previous rcvd is 31393 
Packet(s) lost or reordered : 31986 was received, previous rcvd is 31928 
Packet(s) lost or reordered : 31991 was received, previous rcvd is 31988 
Packet(s) lost or reordered : 32158 was received, previous rcvd is 32021 
Packet(s) lost or reordered : 32761 was received, previous rcvd is 32497 
Packet(s) lost or reordered : 33365 was received, previous rcvd is 33202 
Packet(s) lost or reordered : 33969 was received, previous rcvd is 33738 
Packet(s) lost or reordered : 34573 was received, previous rcvd is 34376 
Packet(s) lost or reordered : 35177 was received, previous rcvd is 34980 
Packet(s) lost or reordered : 35781 was received, previous rcvd is 35584 
Packet(s) lost or reordered : 36264 was received, previous rcvd is 36154 
Packet(s) lost or reordered : 36272 was received, previous rcvd is 36270 
Packet(s) lost or reordered : 36385 was received, previous rcvd is 36298 
Packet(s) lost or reordered : 36958 was received, previous rcvd is 36724 
Packet(s) lost or reordered : 37593 was received, previous rcvd is 37399 
Packet(s) lost or reordered : 38198 was received, previous rcvd is 38000 
Packet(s) lost or reordered : 38803 was received, previous rcvd is 38571 
Packet(s) lost or reordered : 39408 was received, previous rcvd is 39210 
Packet(s) lost or reordered : 40013 was received, previous rcvd is 39815 
Packet(s) lost or reordered : 40618 was received, previous rcvd is 40386 
Packet(s) lost or reordered : 41223 was received, previous rcvd is 41025 
Packet(s) lost or reordered : 41829 was received, previous rcvd is 41630 
Packet(s) lost or reordered : 42434 was received, previous rcvd is 42236 
Packet(s) lost or reordered : 43040 was received, previous rcvd is 42807 
Packet(s) lost or reordered : 43646 was received, previous rcvd is 43447 
Packet(s) lost or reordered : 44252 was received, previous rcvd is 44053 
Packet(s) lost or reordered : 44858 was received, previous rcvd is 44659 
Packet(s) lost or reordered : 45464 was received, previous rcvd is 45231 
Packet(s) lost or reordered : 46070 was received, previous rcvd is 45871 
Packet(s) lost or reordered : 46676 was received, previous rcvd is 46477 
Packet(s) lost or reordered : 47282 was received, previous rcvd is 47083 
Packet(s) lost or reordered : 47888 was received, previous rcvd is 47655 
Packet(s) lost or reordered : 48494 was received, previous rcvd is 48295 
Packet(s) lost or reordered : 49100 was received, previous rcvd is 48901 
Packet(s) lost or reordered : 49707 was received, previous rcvd is 49507 
Packet(s) lost or reordered : 50314 was received, previous rcvd is 50080 
Packet(s) lost or reordered : 50921 was received, previous rcvd is 50687 
Packet(s) lost or reordered : 51528 was received, previous rcvd is 51328 
Packet(s) lost or reordered : 52135 was received, previous rcvd is 51935 
Packet(s) lost or reordered : 52742 was received, previous rcvd is 52512 
Packet(s) lost or reordered : 53349 was received, previous rcvd is 53159 
Packet(s) lost or reordered : 53956 was received, previous rcvd is 53766 
Packet(s) lost or reordered : 54563 was received, previous rcvd is 54331 
Packet(s) lost or reordered : 55170 was received, previous rcvd is 54970 
Packet(s) lost or reordered : 55778 was received, previous rcvd is 55583 
Packet(s) lost or reordered : 56386 was received, previous rcvd is 56157 
Packet(s) lost or reordered : 56994 was received, previous rcvd is 56765 
Packet(s) lost or reordered : 57602 was received, previous rcvd is 57405 
Packet(s) lost or reordered : 58210 was received, previous rcvd is 58009 
Packet(s) lost or reordered : 58818 was received, previous rcvd is 58617 
Packet(s) lost or reordered : 59427 was received, previous rcvd is 59191 
Packet(s) lost or reordered : 60035 was received, previous rcvd is 59834 
Packet(s) lost or reordered : 60643 was received, previous rcvd is 60442 
Packet(s) lost or reordered : 61127 was received, previous rcvd is 61016 
Packet(s) lost or reordered : 61252 was received, previous rcvd is 61160 
Packet(s) lost or reordered : 61861 was received, previous rcvd is 61625 
Packet(s) lost or reordered : 62470 was received, previous rcvd is 62268 
Packet(s) lost or reordered : 63079 was received, previous rcvd is 62877 
Packet(s) lost or reordered : 63688 was received, previous rcvd is 63486 
Packet(s) lost or reordered : 64297 was received, previous rcvd is 64061 
Packet(s) lost or reordered : 64906 was received, previous rcvd is 64704 
Packet(s) lost or reordered : 65515 was received, previous rcvd is 65279 
Packet(s) lost or reordered :   588 was received, previous rcvd is   386 
Packet(s) lost or reordered :  1197 was received, previous rcvd is   995 
Packet(s) lost or reordered :  1806 was received, previous rcvd is  1604 
Packet(s) lost or reordered :  2415 was received, previous rcvd is  2213 
Packet(s) lost or reordered :  3024 was received, previous rcvd is  2822 
Packet(s) lost or reordered :  3634 was received, previous rcvd is  3397 
Packet(s) lost or reordered :  4244 was received, previous rcvd is  4041 
Packet(s) lost or reordered :  4854 was received, previous rcvd is  4651 
Packet(s) lost or reordered :  5464 was received, previous rcvd is  5227 
Packet(s) lost or reordered :  6042 was received, previous rcvd is  5846 
Packet(s) lost or reordered :  6045 was received, previous rcvd is  6042 
Packet(s) lost or reordered :  6684 was received, previous rcvd is  6463 
Packet(s) lost or reordered :  7294 was received, previous rcvd is  7092 
Packet(s) lost or reordered :  7904 was received, previous rcvd is  7701 
Packet(s) lost or reordered :  8514 was received, previous rcvd is  8277 
Packet(s) lost or reordered :  9124 was received, previous rcvd is  8921 
Packet(s) lost or reordered :  9734 was received, previous rcvd is  9531 
Packet(s) lost or reordered : 10344 was received, previous rcvd is 10107 
Packet(s) lost or reordered : 10954 was received, previous rcvd is 10751 
Packet(s) lost or reordered : 11565 was received, previous rcvd is 11361 
Packet(s) lost or reordered : 12176 was received, previous rcvd is 11972 
Packet(s) lost or reordered : 12787 was received, previous rcvd is 12583 
Packet(s) lost or reordered : 13398 was received, previous rcvd is 13170 
Packet(s) lost or reordered : 14009 was received, previous rcvd is 13782 
Packet(s) lost or reordered : 14620 was received, previous rcvd is 14428 
Packet(s) lost or reordered : 15044 was received, previous rcvd is 14969 
Packet(s) lost or reordered : 15097 was received, previous rcvd is 15057 
Packet(s) lost or reordered : 15231 was received, previous rcvd is 15117 
Packet(s) lost or reordered : 15842 was received, previous rcvd is 15615 
Packet(s) lost or reordered : 16453 was received, previous rcvd is 16261 
Packet(s) lost or reordered : 17062 was received, previous rcvd is 16837 
Packet(s) lost or reordered : 17675 was received, previous rcvd is 17446 
Packet(s) lost or reordered : 18286 was received, previous rcvd is 18094 
Packet(s) lost or reordered : 18717 was received, previous rcvd is 18670 
Packet(s) lost or reordered : 18897 was received, previous rcvd is 18751 
Packet(s) lost or reordered : 19328 was received, previous rcvd is 19265 
Packet(s) lost or reordered : 19509 was received, previous rcvd is 19364 
Packet(s) lost or reordered : 20121 was received, previous rcvd is 19878 
Packet(s) lost or reordered : 20733 was received, previous rcvd is 20527 
Packet(s) lost or reordered : 21345 was received, previous rcvd is 21119 
Packet(s) lost or reordered : 21957 was received, previous rcvd is 21729 
Packet(s) lost or reordered : 22569 was received, previous rcvd is 22376 
Packet(s) lost or reordered : 23181 was received, previous rcvd is 22945 
Packet(s) lost or reordered : 23793 was received, previous rcvd is 23598 
Packet(s) lost or reordered : 24393 was received, previous rcvd is 24179 
Packet(s) lost or reordered : 25017 was received, previous rcvd is 24812 
Packet(s) lost or reordered : 25629 was received, previous rcvd is 25401 
Packet(s) lost or reordered : 26133 was received, previous rcvd is 26013 
Packet(s) lost or reordered : 26242 was received, previous rcvd is 26167 
Packet(s) lost or reordered : 26854 was received, previous rcvd is 26626 
Packet(s) lost or reordered : 27466 was received, previous rcvd is 27238 
Packet(s) lost or reordered : 28078 was received, previous rcvd is 27885 
Packet(s) lost or reordered : 28690 was received, previous rcvd is 28462 
Packet(s) lost or reordered : 29303 was received, previous rcvd is 29109 
Packet(s) lost or reordered : 29916 was received, previous rcvd is 29687 
Packet(s) lost or reordered : 30529 was received, previous rcvd is 30300 
Packet(s) lost or reordered : 31142 was received, previous rcvd is 30913 
Packet(s) lost or reordered : 31755 was received, previous rcvd is 31561 
Packet(s) lost or reordered : 32368 was received, previous rcvd is 32174 
Packet(s) lost or reordered : 32981 was received, previous rcvd is 32752 
Packet(s) lost or reordered : 33594 was received, previous rcvd is 33365 
Packet(s) lost or reordered : 34207 was received, previous rcvd is 34013 
Packet(s) lost or reordered : 34820 was received, previous rcvd is 34591 
Packet(s) lost or reordered : 35297 was received, previous rcvd is 35204 
Packet(s) lost or reordered : 35433 was received, previous rcvd is 35331 
Packet(s) lost or reordered : 36046 was received, previous rcvd is 35817 
Packet(s) lost or reordered : 36660 was received, previous rcvd is 36430 
Packet(s) lost or reordered : 37155 was received, previous rcvd is 37044 
Packet(s) lost or reordered : 37274 was received, previous rcvd is 37189 
Packet(s) lost or reordered : 37888 was received, previous rcvd is 37658 
Packet(s) lost or reordered : 38502 was received, previous rcvd is 38272 
Packet(s) lost or reordered : 39116 was received, previous rcvd is 38921 
Packet(s) lost or reordered : 39730 was received, previous rcvd is 39500 
Packet(s) lost or reordered : 40344 was received, previous rcvd is 40149 
Packet(s) lost or reordered : 40958 was received, previous rcvd is 40728 
Packet(s) lost or reordered : 41572 was received, previous rcvd is 41342 
Packet(s) lost or reordered : 42186 was received, previous rcvd is 41991 
Packet(s) lost or reordered : 42800 was received, previous rcvd is 42570 
Packet(s) lost or reordered : 43414 was received, previous rcvd is 43219 
Packet(s) lost or reordered : 44028 was received, previous rcvd is 43798 
Packet(s) lost or reordered : 44642 was received, previous rcvd is 44412 
Packet(s) lost or reordered : 45256 was received, previous rcvd is 45061 
Packet(s) lost or reordered : 45870 was received, previous rcvd is 45640 
Packet(s) lost or reordered : 46485 was received, previous rcvd is 46254 
Packet(s) lost or reordered : 47100 was received, previous rcvd is 46904 
Packet(s) lost or reordered : 47716 was received, previous rcvd is 47484 
Packet(s) lost or reordered : 48331 was received, previous rcvd is 48135 
Packet(s) lost or reordered : 48946 was received, previous rcvd is 48708 
Packet(s) lost or reordered : 49561 was received, previous rcvd is 49363 
Packet(s) lost or reordered : 50094 was received, previous rcvd is 49940 
Packet(s) lost or reordered : 50176 was received, previous rcvd is 50131 
Packet(s) lost or reordered : 50791 was received, previous rcvd is 50563 
Packet(s) lost or reordered : 51406 was received, previous rcvd is 51175 
Packet(s) lost or reordered : 52021 was received, previous rcvd is 51782 
Packet(s) lost or reordered : 52638 was received, previous rcvd is 52438 
Packet(s) lost or reordered : 53253 was received, previous rcvd is 53017 
Packet(s) lost or reordered : 53869 was received, previous rcvd is 53676 
Packet(s) lost or reordered : 54484 was received, previous rcvd is 54253 
Packet(s) lost or reordered : 55043 was received, previous rcvd is 54868 
Packet(s) lost or reordered : 55046 was received, previous rcvd is 55044 
Packet(s) lost or reordered : 55099 was received, previous rcvd is 55078 
Packet(s) lost or reordered : 55714 was received, previous rcvd is 55448 
Packet(s) lost or reordered : 56329 was received, previous rcvd is 56133 
Packet(s) lost or reordered : 56944 was received, previous rcvd is 56713 
Packet(s) lost or reordered : 57559 was received, previous rcvd is 57363 
Packet(s) lost or reordered : 57995 was received, previous rcvd is 57943 
Packet(s) lost or reordered : 58174 was received, previous rcvd is 58029 
Packet(s) lost or reordered : 58790 was received, previous rcvd is 58558 
Packet(s) lost or reordered : 59406 was received, previous rcvd is 59174 
Packet(s) lost or reordered : 60022 was received, previous rcvd is 59825 
Packet(s) lost or reordered : 60638 was received, previous rcvd is 60406 
Packet(s) lost or reordered : 61254 was received, previous rcvd is 61022 
Packet(s) lost or reordered : 61871 was received, previous rcvd is 61673 
Packet(s) lost or reordered : 62487 was received, previous rcvd is 62255 
Packet(s) lost or reordered : 63103 was received, previous rcvd is 62906 
Packet(s) lost or reordered : 63719 was received, previous rcvd is 63487 
Packet(s) lost or reordered : 64335 was received, previous rcvd is 64103 
Packet(s) lost or reordered : 64951 was received, previous rcvd is 64754 
Packet(s) lost or reordered :    32 was received, previous rcvd is 65335 
Packet(s) lost or reordered :   496 was received, previous rcvd is   416 
Packet(s) lost or reordered :   649 was received, previous rcvd is   530 
Packet(s) lost or reordered :  1265 was received, previous rcvd is  1033 
Packet(s) lost or reordered :  1881 was received, previous rcvd is  1649 
Packet(s) lost or reordered :  2497 was received, previous rcvd is  2300 
Packet(s) lost or reordered :  3114 was received, previous rcvd is  2881 
Packet(s) lost or reordered :  3730 was received, previous rcvd is  3498 
Packet(s) lost or reordered :  4346 was received, previous rcvd is  4149 
Packet(s) lost or reordered :  4962 was received, previous rcvd is  4730 
Packet(s) lost or reordered : 10579 was received, previous rcvd is 10549 
Packet(s) lost or reordered : 11011 was received, previous rcvd is 10978 
Packet(s) lost or reordered : 11443 was received, previous rcvd is 11410 
Packet(s) lost or reordered : 11875 was received, previous rcvd is 11817 
Packet(s) lost or reordered : 12307 was received, previous rcvd is 12275 
Packet(s) lost or reordered : 13171 was received, previous rcvd is 13116 
Packet(s) lost or reordered : 13603 was received, previous rcvd is 13574 
Packet(s) lost or reordered : 14035 was received, previous rcvd is 14002 
Packet(s) lost or reordered : 14467 was received, previous rcvd is 14435 
Packet(s) lost or reordered : 14900 was received, previous rcvd is 14871 
Packet(s) lost or reordered : 15334 was received, previous rcvd is 15304 
Packet(s) lost or reordered : 15767 was received, previous rcvd is 15710 
Packet(s) lost or reordered : 16200 was received, previous rcvd is 16191 
Packet(s) lost or reordered : 16633 was received, previous rcvd is 16574 
Packet(s) lost or reordered : 17066 was received, previous rcvd is 17032 
Packet(s) lost or reordered : 17499 was received, previous rcvd is 17465 
Packet(s) lost or reordered : 17932 was received, previous rcvd is 17898 
Packet(s) lost or reordered : 18365 was received, previous rcvd is 18331 
Packet(s) lost or reordered : 18798 was received, previous rcvd is 18764 
Packet(s) lost or reordered : 19232 was received, previous rcvd is 19197 
Packet(s) lost or reordered : 19666 was received, previous rcvd is 19631 
Packet(s) lost or reordered : 20100 was received, previous rcvd is 20065 
Packet(s) lost or reordered : 20534 was received, previous rcvd is 20499 
Packet(s) lost or reordered : 20968 was received, previous rcvd is 20933 
Packet(s) lost or reordered : 21402 was received, previous rcvd is 21367 
Packet(s) lost or reordered : 21836 was received, previous rcvd is 21801 
Packet(s) lost or reordered : 22270 was received, previous rcvd is 22235 
Packet(s) lost or reordered : 22704 was received, previous rcvd is 22669 
Packet(s) lost or reordered : 23139 was received, previous rcvd is 23103 
Packet(s) lost or reordered : 23573 was received, previous rcvd is 23538 
Packet(s) lost or reordered : 24007 was received, previous rcvd is 23972 
Packet(s) lost or reordered : 24442 was received, previous rcvd is 24406 
Packet(s) lost or reordered : 24877 was received, previous rcvd is 24841 
Packet(s) lost or reordered : 25312 was received, previous rcvd is 25276 
Packet(s) lost or reordered : 25747 was received, previous rcvd is 25711 
Packet(s) lost or reordered : 26182 was received, previous rcvd is 26146 
Packet(s) lost or reordered : 26617 was received, previous rcvd is 26581 
Packet(s) lost or reordered : 27008 was received, previous rcvd is 26991 
Packet(s) lost or reordered : 27052 was received, previous rcvd is 27032 
Packet(s) lost or reordered : 27486 was received, previous rcvd is 27426 
Packet(s) lost or reordered : 27922 was received, previous rcvd is 27885 
Packet(s) lost or reordered : 28358 was received, previous rcvd is 28321 
Packet(s) lost or reordered : 28794 was received, previous rcvd is 28757 
Packet(s) lost or reordered : 29230 was received, previous rcvd is 29193 
Packet(s) lost or reordered : 29666 was received, previous rcvd is 29629 
Packet(s) lost or reordered : 30102 was received, previous rcvd is 30065 
Packet(s) lost or reordered : 30538 was received, previous rcvd is 30501 
Packet(s) lost or reordered : 30974 was received, previous rcvd is 30937 
Packet(s) lost or reordered : 31410 was received, previous rcvd is 31373 
Packet(s) lost or reordered : 31847 was received, previous rcvd is 31809 
Packet(s) lost or reordered : 32284 was received, previous rcvd is 32246 
Packet(s) lost or reordered : 32721 was received, previous rcvd is 32683 
Packet(s) lost or reordered : 33158 was received, previous rcvd is 33120 
Packet(s) lost or reordered : 33595 was received, previous rcvd is 33557 
Packet(s) lost or reordered : 34033 was received, previous rcvd is 33994 
Packet(s) lost or reordered : 34471 was received, previous rcvd is 34432 
Packet(s) lost or reordered : 34909 was received, previous rcvd is 34870 
Packet(s) lost or reordered : 35347 was received, previous rcvd is 35308 
Packet(s) lost or reordered : 35723 was received, previous rcvd is 35721 
Packet(s) lost or reordered : 35763 was received, previous rcvd is 35723 
Packet(s) lost or reordered : 36223 was received, previous rcvd is 36161 
Packet(s) lost or reordered : 36661 was received, previous rcvd is 36622 
Packet(s) lost or reordered : 37100 was received, previous rcvd is 37060 
Packet(s) lost or reordered : 37539 was received, previous rcvd is 37499 
Packet(s) lost or reordered : 37978 was received, previous rcvd is 37938 
Packet(s) lost or reordered : 38417 was received, previous rcvd is 38377 
Packet(s) lost or reordered : 38856 was received, previous rcvd is 38816 
Packet(s) lost or reordered : 39295 was received, previous rcvd is 39255 
Packet(s) lost or reordered : 39735 was received, previous rcvd is 39694 
Packet(s) lost or reordered : 40175 was received, previous rcvd is 40134 
Packet(s) lost or reordered : 40615 was received, previous rcvd is 40574 
Packet(s) lost or reordered : 41055 was received, previous rcvd is 41014 
Packet(s) lost or reordered : 41496 was received, previous rcvd is 41454 
Packet(s) lost or reordered : 41937 was received, previous rcvd is 41895 
Packet(s) lost or reordered : 42378 was received, previous rcvd is 42336 
Packet(s) lost or reordered : 42819 was received, previous rcvd is 42777 
Packet(s) lost or reordered : 43260 was received, previous rcvd is 43218 
Packet(s) lost or reordered : 43701 was received, previous rcvd is 43659 
Packet(s) lost or reordered : 44143 was received, previous rcvd is 44100 
Packet(s) lost or reordered : 44522 was received, previous rcvd is 44517 
Packet(s) lost or reordered : 44585 was received, previous rcvd is 44546 
Packet(s) lost or reordered : 45027 was received, previous rcvd is 44959 
Packet(s) lost or reordered : 45469 was received, previous rcvd is 45426 
Packet(s) lost or reordered : 45911 was received, previous rcvd is 45868 
Packet(s) lost or reordered : 46354 was received, previous rcvd is 46310 
Packet(s) lost or reordered : 46797 was received, previous rcvd is 46753 
Packet(s) lost or reordered : 47240 was received, previous rcvd is 47196 
Packet(s) lost or reordered : 47683 was received, previous rcvd is 47639 
