socket set to IP_RECVTOS
socket SO_RCVBUF set to 20971520
Listen on port 8080 to receive RTP from sender 
.
.
Packet(s) lost or reordered :  2087 was received, previous rcvd is  2085 
Packet(s) lost or reordered :  2090 was received, previous rcvd is  2088 
Packet(s) lost or reordered :  2267 was received, previous rcvd is  2265 
Packet(s) lost or reordered :  2284 was received, previous rcvd is  2282 
Packet(s) lost or reordered :  2380 was received, previous rcvd is  2378 
Packet(s) lost or reordered :  2402 was received, previous rcvd is  2400 
Packet(s) lost or reordered :  5086 was received, previous rcvd is  5084 
Packet(s) lost or reordered :  7494 was received, previous rcvd is  7492 
Packet(s) lost or reordered :  9014 was received, previous rcvd is  9012 
Packet(s) lost or reordered : 16133 was received, previous rcvd is 16131 
Packet(s) lost or reordered : 24023 was received, previous rcvd is 24021 
Packet(s) lost or reordered : 29370 was received, previous rcvd is 29368 
Packet(s) lost or reordered : 29870 was received, previous rcvd is 29868 
Packet(s) lost or reordered : 30330 was received, previous rcvd is 30328 
Packet(s) lost or reordered : 33297 was received, previous rcvd is 33295 
Packet(s) lost or reordered : 36851 was received, previous rcvd is 36849 
Packet(s) lost or reordered : 37373 was received, previous rcvd is 37371 
Packet(s) lost or reordered : 40109 was received, previous rcvd is 40107 
