socket set to IP_RECVTOS
socket SO_RCVBUF set to 20971520
Listen on port 8080 to receive RTP from sender 
.
.
Packet(s) lost or reordered :  2086 was received, previous rcvd is  2084 
Packet(s) lost or reordered :  2245 was received, previous rcvd is  2243 
Packet(s) lost or reordered :  4784 was received, previous rcvd is  4782 
Packet(s) lost or reordered :  4882 was received, previous rcvd is  4880 
Packet(s) lost or reordered :  7233 was received, previous rcvd is  7231 
Packet(s) lost or reordered : 11487 was received, previous rcvd is 11485 
Packet(s) lost or reordered : 15525 was received, previous rcvd is 15523 
Packet(s) lost or reordered : 21381 was received, previous rcvd is 21379 
Packet(s) lost or reordered : 21521 was received, previous rcvd is 21519 
Packet(s) lost or reordered : 26392 was received, previous rcvd is 26390 
Packet(s) lost or reordered : 26636 was received, previous rcvd is 26634 
Packet(s) lost or reordered : 26855 was received, previous rcvd is 26853 
Packet(s) lost or reordered : 29076 was received, previous rcvd is 29074 
Packet(s) lost or reordered : 31367 was received, previous rcvd is 31365 
Packet(s) lost or reordered : 35442 was received, previous rcvd is 35440 
Packet(s) lost or reordered : 37947 was received, previous rcvd is 37945 
Packet(s) lost or reordered : 38073 was received, previous rcvd is 38071 
