Listen on port 8080 to receive RTCP from decoder 
Scream sender started! 
 summary   2.0  Transmit rate =  6410kbps, PLR =  0.02%( 0.05%), CE =  0.00%( 0.00%)[100.0%,  0.0%,  0.0%,  0.0%], RTT = 0.038s, Queue delay = 0.004s, MTU = 1200
 summary   4.0  Transmit rate =  9083kbps, PLR =  0.02%( 0.05%), CE =  0.00%( 0.00%)[100.0%,  0.0%,  0.0%,  0.0%], RTT = 0.034s, Queue delay = 0.008s, MTU = 1200
 summary   6.0  Transmit rate = 10161kbps, PLR =  0.05%( 0.05%), CE =  0.00%( 0.00%)[100.0%,  0.0%,  0.0%,  0.0%], RTT = 0.031s, Queue delay = 0.008s, MTU = 1200
 summary   8.0  Transmit rate = 10598kbps, PLR =  0.06%( 0.05%), CE =  0.00%( 0.00%)[100.0%,  0.0%,  0.0%,  0.0%], RTT = 0.028s, Queue delay = 0.008s, MTU = 1200
 summary  10.0  Transmit rate = 11155kbps, PLR =  0.04%( 0.04%), CE =  0.00%( 0.00%)[100.0%,  0.0%,  0.0%,  0.0%], RTT = 0.030s, Queue delay = 0.009s, MTU = 1200
 summary  12.0  Transmit rate = 11325kbps, PLR =  0.00%( 0.03%), CE =  0.00%( 0.00%)[100.0%,  0.0%,  0.0%,  0.0%], RTT = 0.031s, Queue delay = 0.012s, MTU = 1200
 summary  14.0  Transmit rate = 11120kbps, PLR =  0.04%( 0.04%), CE =  0.00%( 0.00%)[100.0%,  0.0%,  0.0%,  0.0%], RTT = 0.029s, Queue delay = 0.009s, MTU = 1200
 summary  16.0  Transmit rate = 11087kbps, PLR =  0.07%( 0.04%), CE =  0.00%( 0.00%)[100.0%,  0.0%,  0.0%,  0.0%], RTT = 0.027s, Queue delay = 0.007s, MTU = 1200
 summary  18.0  Transmit rate = 11139kbps, PLR =  0.07%( 0.03%), CE =  0.00%( 0.00%)[100.0%,  0.0%,  0.0%,  0.0%], RTT = 0.027s, Queue delay = 0.007s, MTU = 1200
 summary  20.0  Transmit rate = 11116kbps, PLR =  0.03%( 0.04%), CE =  0.00%( 0.00%)[100.0%,  0.0%,  0.0%,  0.0%], RTT = 0.027s, Queue delay = 0.006s, MTU = 1200
 summary  22.0  Transmit rate = 11162kbps, PLR =  0.04%( 0.04%), CE =  0.00%( 0.00%)[100.0%,  0.0%,  0.0%,  0.0%], RTT = 0.026s, Queue delay = 0.006s, MTU = 1200
 summary  24.0  Transmit rate = 11390kbps, PLR =  0.04%( 0.03%), CE =  0.00%( 0.00%)[100.0%,  0.0%,  0.0%,  0.0%], RTT = 0.027s, Queue delay = 0.007s, MTU = 1200
 summary  26.0  Transmit rate = 11520kbps, PLR =  0.02%( 0.03%), CE =  0.00%( 0.00%)[100.0%,  0.0%,  0.0%,  0.0%], RTT = 0.030s, Queue delay = 0.011s, MTU = 1200
 summary  28.0  Transmit rate = 10709kbps, PLR =  0.04%( 0.03%), CE =  0.00%( 0.00%)[100.0%,  0.0%,  0.0%,  0.0%], RTT = 0.028s, Queue delay = 0.008s, MTU = 1200
 summary  30.1  Transmit rate = 11165kbps, PLR =  0.04%( 0.03%), CE =  0.00%( 0.00%)[100.0%,  0.0%,  0.0%,  0.0%], RTT = 0.027s, Queue delay = 0.007s, MTU = 1200
 summary  32.1  Transmit rate = 11157kbps, PLR =  0.04%( 0.03%), CE =  0.00%( 0.00%)[100.0%,  0.0%,  0.0%,  0.0%], RTT = 0.027s, Queue delay = 0.007s, MTU = 1200
 summary  34.1  Transmit rate = 11118kbps, PLR =  0.04%( 0.03%), CE =  0.00%( 0.00%)[100.0%,  0.0%,  0.0%,  0.0%], RTT = 0.027s, Queue delay = 0.006s, MTU = 1200

======================== Summary ==========================
 Bitrate min/max/avg [kbps]          :  3083/14618/11082
 RTT     min/max/avg [s]             : 0.022/0.049/0.028
 Queue delay max/avg [s]             : 0.027/0.008
 Packet loss avg [%]                 : 0.033
 ECN/L4S NotECT/ECT(0)/ECT(1)/CE [%] : 100.0/ 0.0/ 0.0/ 0.0
===========================================================
