Listen on port 8080 to receive RTCP from decoder 
Scream sender started! 
 summary   2.0  Transmit rate =  6623kbps, PLR =  0.00%( 0.00%), CE =  0.00%( 0.00%)[100.0%,  0.0%,  0.0%,  0.0%], RTT = 0.039s, Queue delay = 0.006s, MTU = 1200
 summary   4.0  Transmit rate =  7906kbps, PLR =  0.12%( 0.11%), CE =  0.00%( 0.00%)[100.0%,  0.0%,  0.0%,  0.0%], RTT = 0.031s, Queue delay = 0.005s, MTU = 1200
 summary   6.0  Transmit rate =  9799kbps, PLR =  0.14%( 0.08%), CE =  0.00%( 0.00%)[100.0%,  0.0%,  0.0%,  0.0%], RTT = 0.029s, Queue delay = 0.007s, MTU = 1200
 summary   8.0  Transmit rate = 10497kbps, PLR =  0.08%( 0.07%), CE =  0.00%( 0.00%)[100.0%,  0.0%,  0.0%,  0.0%], RTT = 0.029s, Queue delay = 0.007s, MTU = 1200
 summary  10.0  Transmit rate = 11114kbps, PLR =  0.04%( 0.06%), CE =  0.00%( 0.00%)[100.0%,  0.0%,  0.0%,  0.0%], RTT = 0.028s, Queue delay = 0.008s, MTU = 1200
 summary  12.0  Transmit rate = 11148kbps, PLR =  0.04%( 0.05%), CE =  0.00%( 0.00%)[100.0%,  0.0%,  0.0%,  0.0%], RTT = 0.028s, Queue delay = 0.008s, MTU = 1200
 summary  14.0  Transmit rate = 11417kbps, PLR =  0.02%( 0.05%), CE =  0.00%( 0.00%)[100.0%,  0.0%,  0.0%,  0.0%], RTT = 0.029s, Queue delay = 0.009s, MTU = 1200
 summary  16.0  Transmit rate = 11272kbps, PLR =  0.03%( 0.04%), CE =  0.00%( 0.00%)[100.0%,  0.0%,  0.0%,  0.0%], RTT = 0.028s, Queue delay = 0.008s, MTU = 1200
 summary  18.0  Transmit rate = 11417kbps, PLR =  0.02%( 0.04%), CE =  0.00%( 0.00%)[100.0%,  0.0%,  0.0%,  0.0%], RTT = 0.029s, Queue delay = 0.009s, MTU = 1200
 summary  20.0  Transmit rate = 11360kbps, PLR =  0.02%( 0.04%), CE =  0.00%( 0.00%)[100.0%,  0.0%,  0.0%,  0.0%], RTT = 0.028s, Queue delay = 0.008s, MTU = 1200
 summary  22.0  Transmit rate = 11434kbps, PLR =  0.02%( 0.04%), CE =  0.00%( 0.00%)[100.0%,  0.0%,  0.0%,  0.0%], RTT = 0.029s, Queue delay = 0.009s, MTU = 1200
 summary  24.0  Transmit rate = 11513kbps, PLR =  0.00%( 0.03%), CE =  0.00%( 0.00%)[100.0%,  0.0%,  0.0%,  0.0%], RTT = 0.030s, Queue delay = 0.011s, MTU = 1200
 summary  26.0  Transmit rate = 10597kbps, PLR =  0.05%( 0.04%), CE =  0.00%( 0.00%)[100.0%,  0.0%,  0.0%,  0.0%], RTT = 0.028s, Queue delay = 0.007s, MTU = 1200
 summary  28.1  Transmit rate = 11129kbps, PLR =  0.05%( 0.03%), CE =  0.00%( 0.00%)[100.0%,  0.0%,  0.0%,  0.0%], RTT = 0.028s, Queue delay = 0.008s, MTU = 1200
 summary  30.1  Transmit rate = 11204kbps, PLR =  0.05%( 0.04%), CE =  0.00%( 0.00%)[100.0%,  0.0%,  0.0%,  0.0%], RTT = 0.027s, Queue delay = 0.007s, MTU = 1200
 summary  32.1  Transmit rate = 11198kbps, PLR =  0.04%( 0.04%), CE =  0.00%( 0.00%)[100.0%,  0.0%,  0.0%,  0.0%], RTT = 0.027s, Queue delay = 0.007s, MTU = 1200
 summary  34.1  Transmit rate = 11426kbps, PLR =  0.02%( 0.03%), CE =  0.00%( 0.00%)[100.0%,  0.0%,  0.0%,  0.0%], RTT = 0.028s, Queue delay = 0.008s, MTU = 1200

======================== Summary ==========================
 Bitrate min/max/avg [kbps]          :  3879/14559/11042
 RTT     min/max/avg [s]             : 0.021/0.049/0.028
 Queue delay max/avg [s]             : 0.028/0.008
 Packet loss avg [%]                 : 0.033
 ECN/L4S NotECT/ECT(0)/ECT(1)/CE [%] : 100.0/ 0.0/ 0.0/ 0.0
===========================================================
