socket set to IP_RECVTOS
socket SO_RCVBUF set to 20971520
Listen on port 8080 to receive RTP from sender 
.
.
Packet(s) lost or reordered :  1003 was received, previous rcvd is  1001 
Packet(s) lost or reordered :  1112 was received, previous rcvd is  1110 
Packet(s) lost or reordered :  3024 was received, previous rcvd is  3022 
Packet(s) lost or reordered :  6859 was received, previous rcvd is  6857 
Packet(s) lost or reordered :  7402 was received, previous rcvd is  7400 
Packet(s) lost or reordered : 11685 was received, previous rcvd is 11683 
Packet(s) lost or reordered : 14184 was received, previous rcvd is 14182 
Packet(s) lost or reordered : 14676 was received, previous rcvd is 14674 
Packet(s) lost or reordered : 23207 was received, previous rcvd is 23205 
Packet(s) lost or reordered : 23450 was received, previous rcvd is 23448 
Packet(s) lost or reordered : 23601 was received, previous rcvd is 23599 
Packet(s) lost or reordered : 27928 was received, previous rcvd is 27926 
Packet(s) lost or reordered : 28026 was received, previous rcvd is 28024 
Packet(s) lost or reordered : 34596 was received, previous rcvd is 34594 
Packet(s) lost or reordered : 39317 was received, previous rcvd is 39315 
Packet(s) lost or reordered : 39618 was received, previous rcvd is 39616 
