socket set to IP_RECVTOS
socket SO_RCVBUF set to 20971520
Listen on port 8080 to receive RTP from sender 
.
.
Packet(s) lost or reordered :  2302 was received, previous rcvd is  2300 
Packet(s) lost or reordered :  2640 was received, previous rcvd is  2638 
Packet(s) lost or reordered :  2744 was received, previous rcvd is  2742 
Packet(s) lost or reordered :  2756 was received, previous rcvd is  2754 
Packet(s) lost or reordered :  2799 was received, previous rcvd is  2797 
Packet(s) lost or reordered :  2872 was received, previous rcvd is  2870 
Packet(s) lost or reordered :  2880 was received, previous rcvd is  2878 
Packet(s) lost or reordered :  5454 was received, previous rcvd is  5452 
Packet(s) lost or reordered :  5546 was received, previous rcvd is  5544 
Packet(s) lost or reordered :  6119 was received, previous rcvd is  6117 
Packet(s) lost or reordered : 10256 was received, previous rcvd is 10254 
Packet(s) lost or reordered : 10831 was received, previous rcvd is 10829 
Packet(s) lost or reordered : 14970 was received, previous rcvd is 14968 
Packet(s) lost or reordered : 16794 was received, previous rcvd is 16792 
Packet(s) lost or reordered : 22645 was received, previous rcvd is 22642 
Packet(s) lost or reordered : 22862 was received, previous rcvd is 22860 
Packet(s) lost or reordered : 23087 was received, previous rcvd is 23085 
Packet(s) lost or reordered : 26038 was received, previous rcvd is 26036 
Packet(s) lost or reordered : 31782 was received, previous rcvd is 31780 
Packet(s) lost or reordered : 36267 was received, previous rcvd is 36265 
