Listen on port 8081 to receive RTCP from decoder 
Scream sender started! 
 summary   2.0  Transmit rate =  1585kbps, PLR =  0.00%( 0.00%), CE =  0.00%( 0.00%)[ 0.0%,  0.0%, 100.0%,  0.0%], RTT = 0.067s, Queue delay = 0.000s, MTU = 1200
 summary   4.0  Transmit rate =  2732kbps, PLR =  0.00%( 0.00%), CE =  0.00%( 0.00%)[ 0.0%,  0.0%, 100.0%,  0.0%], RTT = 0.085s, Queue delay = 0.000s, MTU = 1200
 summary   6.0  Transmit rate =  4461kbps, PLR =  0.00%( 0.00%), CE =  0.00%( 0.00%)[ 0.0%,  0.0%, 100.0%,  0.0%], RTT = 0.093s, Queue delay = 0.000s, MTU = 1200
 summary   8.0  Transmit rate =  6965kbps, PLR =  0.00%( 0.00%), CE =  0.00%( 0.00%)[ 0.0%,  0.0%, 100.0%,  0.0%], RTT = 0.097s, Queue delay = 0.000s, MTU = 1200
 summary  10.0  Transmit rate = 10976kbps, PLR =  0.00%( 0.00%), CE =  0.00%( 0.00%)[ 0.0%,  0.0%, 100.0%,  0.0%], RTT = 0.099s, Queue delay = 0.000s, MTU = 1200
 summary  12.0  Transmit rate = 17851kbps, PLR =  0.00%( 0.00%), CE =  0.00%( 0.00%)[ 0.0%,  0.0%, 100.0%,  0.0%], RTT = 0.100s, Queue delay = 0.000s, MTU = 1200
 summary  14.0  Transmit rate = 30280kbps, PLR =  0.00%( 0.00%), CE =  0.00%( 0.00%)[ 0.0%,  0.0%, 100.0%,  0.0%], RTT = 0.100s, Queue delay = 0.000s, MTU = 1200
 summary  16.0  Transmit rate = 54537kbps, PLR =  0.00%( 0.00%), CE =  0.00%( 0.00%)[ 0.0%,  0.0%, 100.0%,  0.0%], RTT = 0.100s, Queue delay = 0.000s, MTU = 1200
 summary  18.0  Transmit rate = 68592kbps, PLR =  0.00%( 0.00%), CE =  1.12%( 0.72%)[ 0.0%,  0.0%, 99.3%,  0.7%], RTT = 0.100s, Queue delay = 0.000s, MTU = 1200
 summary  20.0  Transmit rate = 71051kbps, PLR =  0.00%( 0.00%), CE =  1.13%( 0.56%)[ 0.0%,  0.0%, 99.4%,  0.6%], RTT = 0.100s, Queue delay = 0.000s, MTU = 1200
 summary  22.0  Transmit rate = 79536kbps, PLR =  0.00%( 0.00%), CE =  0.74%( 0.44%)[ 0.0%,  0.0%, 99.6%,  0.4%], RTT = 0.100s, Queue delay = 0.000s, MTU = 1200
 summary  24.0  Transmit rate = 93939kbps, PLR =  0.00%( 0.00%), CE =  0.64%( 0.63%)[ 0.0%,  0.0%, 99.4%,  0.6%], RTT = 0.100s, Queue delay = 0.000s, MTU = 1200
 summary  26.0  Transmit rate = 101814kbps, PLR =  0.00%( 0.00%), CE =  0.78%( 0.68%)[ 0.0%,  0.0%, 99.3%,  0.7%], RTT = 0.100s, Queue delay = 0.000s, MTU = 1200
 summary  28.0  Transmit rate = 105049kbps, PLR =  0.00%( 0.00%), CE =  1.04%( 0.58%)[ 0.0%,  0.0%, 99.4%,  0.6%], RTT = 0.100s, Queue delay = 0.000s, MTU = 1200
 summary  30.1  Transmit rate = 106452kbps, PLR =  0.00%( 0.00%), CE =  0.92%( 0.65%)[ 0.0%,  0.0%, 99.3%,  0.7%], RTT = 0.100s, Queue delay = 0.000s, MTU = 1200
 summary  32.1  Transmit rate = 106970kbps, PLR =  0.00%( 0.00%), CE =  0.84%( 0.66%)[ 0.0%,  0.0%, 99.3%,  0.7%], RTT = 0.100s, Queue delay = 0.000s, MTU = 1200
 summary  34.1  Transmit rate = 107020kbps, PLR =  0.00%( 0.00%), CE =  0.34%( 0.64%)[ 0.0%,  0.0%, 99.3%,  0.7%], RTT = 0.100s, Queue delay = 0.000s, MTU = 1200

======================== Summary ==========================
 Bitrate min/max/avg [kbps]          :  5585/130006/63108
 RTT     min/max/avg [s]             : 0.050/0.100/0.099
 Queue delay max/avg [s]             : 0.001/0.000
 Packet loss avg [%]                 : 0.000
 ECN/L4S NotECT/ECT(0)/ECT(1)/CE [%] :  0.0/ 0.0/99.3/ 0.7
===========================================================
