Listen on port 8081 to receive RTCP from decoder 
Scream sender started! 
 summary   2.0  Transmit rate =  1774kbps, PLR =  0.00%( 0.00%), CE =  0.00%( 0.00%)[ 0.0%,  0.0%, 100.0%,  0.0%], RTT = 0.067s, Queue delay = 0.000s, MTU = 1200
 summary   4.0  Transmit rate =  2821kbps, PLR =  0.00%( 0.00%), CE =  0.00%( 0.00%)[ 0.0%,  0.0%, 100.0%,  0.0%], RTT = 0.085s, Queue delay = 0.000s, MTU = 1200
 summary   6.0  Transmit rate =  4503kbps, PLR =  0.00%( 0.00%), CE =  0.00%( 0.00%)[ 0.0%,  0.0%, 100.0%,  0.0%], RTT = 0.093s, Queue delay = 0.000s, MTU = 1200
 summary   8.0  Transmit rate =  6986kbps, PLR =  0.00%( 0.00%), CE =  0.00%( 0.00%)[ 0.0%,  0.0%, 100.0%,  0.0%], RTT = 0.097s, Queue delay = 0.000s, MTU = 1200
 summary  10.0  Transmit rate = 10987kbps, PLR =  0.00%( 0.00%), CE =  0.00%( 0.00%)[ 0.0%,  0.0%, 100.0%,  0.0%], RTT = 0.099s, Queue delay = 0.000s, MTU = 1200
 summary  12.0  Transmit rate = 17810kbps, PLR =  0.00%( 0.00%), CE =  0.00%( 0.00%)[ 0.0%,  0.0%, 100.0%,  0.0%], RTT = 0.099s, Queue delay = 0.000s, MTU = 1200
 summary  14.0  Transmit rate = 30200kbps, PLR =  0.00%( 0.00%), CE =  0.00%( 0.00%)[ 0.0%,  0.0%, 100.0%,  0.0%], RTT = 0.100s, Queue delay = 0.000s, MTU = 1200
 summary  16.0  Transmit rate = 54358kbps, PLR =  0.00%( 0.00%), CE =  0.00%( 0.00%)[ 0.0%,  0.0%, 100.0%,  0.0%], RTT = 0.100s, Queue delay = 0.000s, MTU = 1200
 summary  18.0  Transmit rate = 70110kbps, PLR =  0.00%( 0.00%), CE =  0.97%( 0.65%)[ 0.0%,  0.0%, 99.3%,  0.7%], RTT = 0.100s, Queue delay = 0.000s, MTU = 1200
 summary  20.0  Transmit rate = 74625kbps, PLR =  0.00%( 0.00%), CE =  0.97%( 0.49%)[ 0.0%,  0.0%, 99.5%,  0.5%], RTT = 0.100s, Queue delay = 0.000s, MTU = 1200
 summary  22.0  Transmit rate = 84537kbps, PLR =  0.00%( 0.00%), CE =  0.39%( 0.39%)[ 0.0%,  0.0%, 99.6%,  0.4%], RTT = 0.100s, Queue delay = 0.000s, MTU = 1200
 summary  24.0  Transmit rate = 98520kbps, PLR =  0.00%( 0.00%), CE =  0.50%( 0.54%)[ 0.0%,  0.0%, 99.5%,  0.5%], RTT = 0.100s, Queue delay = 0.000s, MTU = 1200
 summary  26.0  Transmit rate = 105067kbps, PLR =  0.00%( 0.00%), CE =  0.55%( 0.44%)[ 0.0%,  0.0%, 99.6%,  0.4%], RTT = 0.100s, Queue delay = 0.000s, MTU = 1200
 summary  28.0  Transmit rate = 107971kbps, PLR =  0.00%( 0.00%), CE =  0.94%( 0.53%)[ 0.0%,  0.0%, 99.5%,  0.5%], RTT = 0.100s, Queue delay = 0.000s, MTU = 1200
 summary  30.0  Transmit rate = 109290kbps, PLR =  0.00%( 0.00%), CE =  0.86%( 0.59%)[ 0.0%,  0.0%, 99.4%,  0.6%], RTT = 0.100s, Queue delay = 0.000s, MTU = 1200
 summary  32.1  Transmit rate = 110068kbps, PLR =  0.00%( 0.00%), CE =  0.52%( 0.52%)[ 0.0%,  0.0%, 99.5%,  0.5%], RTT = 0.100s, Queue delay = 0.000s, MTU = 1200
 summary  34.1  Transmit rate = 110089kbps, PLR =  0.00%( 0.00%), CE =  0.92%( 0.57%)[ 0.0%,  0.0%, 99.4%,  0.6%], RTT = 0.100s, Queue delay = 0.000s, MTU = 1200

======================== Summary ==========================
 Bitrate min/max/avg [kbps]          :  5592/133576/65025
 RTT     min/max/avg [s]             : 0.050/0.100/0.099
 Queue delay max/avg [s]             : 0.001/0.000
 Packet loss avg [%]                 : 0.000
 ECN/L4S NotECT/ECT(0)/ECT(1)/CE [%] :  0.0/ 0.0/99.4/ 0.6
===========================================================
