Listen on port 8081 to receive RTCP from decoder 
Scream sender started! 
 summary   2.0  Transmit rate =  1676kbps, PLR =  0.00%( 0.00%), CE =  0.00%( 0.00%)[ 0.0%,  0.0%, 100.0%,  0.0%], RTT = 0.067s, Queue delay = 0.000s, MTU = 1200
 summary   4.0  Transmit rate =  2771kbps, PLR =  0.00%( 0.00%), CE =  0.00%( 0.00%)[ 0.0%,  0.0%, 100.0%,  0.0%], RTT = 0.085s, Queue delay = 0.000s, MTU = 1200
 summary   6.0  Transmit rate =  4470kbps, PLR =  0.00%( 0.00%), CE =  0.00%( 0.00%)[ 0.0%,  0.0%, 100.0%,  0.0%], RTT = 0.093s, Queue delay = 0.000s, MTU = 1200
 summary   8.0  Transmit rate =  6961kbps, PLR =  0.00%( 0.00%), CE =  0.00%( 0.00%)[ 0.0%,  0.0%, 100.0%,  0.0%], RTT = 0.097s, Queue delay = 0.000s, MTU = 1200
 summary  10.0  Transmit rate = 10976kbps, PLR =  0.00%( 0.00%), CE =  0.00%( 0.00%)[ 0.0%,  0.0%, 100.0%,  0.0%], RTT = 0.099s, Queue delay = 0.000s, MTU = 1200
 summary  12.0  Transmit rate = 17821kbps, PLR =  0.00%( 0.00%), CE =  0.00%( 0.00%)[ 0.0%,  0.0%, 100.0%,  0.0%], RTT = 0.100s, Queue delay = 0.000s, MTU = 1200
 summary  14.0  Transmit rate = 30270kbps, PLR =  0.00%( 0.00%), CE =  0.00%( 0.00%)[ 0.0%,  0.0%, 100.0%,  0.0%], RTT = 0.100s, Queue delay = 0.000s, MTU = 1200
 summary  16.0  Transmit rate = 54381kbps, PLR =  0.00%( 0.00%), CE =  0.00%( 0.00%)[ 0.0%,  0.0%, 100.0%,  0.0%], RTT = 0.100s, Queue delay = 0.000s, MTU = 1200
 summary  18.0  Transmit rate = 68333kbps, PLR =  0.00%( 0.00%), CE =  1.05%( 0.74%)[ 0.0%,  0.0%, 99.3%,  0.7%], RTT = 0.100s, Queue delay = 0.000s, MTU = 1200
 summary  20.0  Transmit rate = 70710kbps, PLR =  0.00%( 0.00%), CE =  1.06%( 0.57%)[ 0.0%,  0.0%, 99.4%,  0.6%], RTT = 0.100s, Queue delay = 0.000s, MTU = 1200
 summary  22.0  Transmit rate = 79014kbps, PLR =  0.00%( 0.00%), CE =  0.73%( 0.45%)[ 0.0%,  0.0%, 99.5%,  0.5%], RTT = 0.100s, Queue delay = 0.000s, MTU = 1200
 summary  24.0  Transmit rate = 93905kbps, PLR =  0.00%( 0.00%), CE =  0.21%( 0.46%)[ 0.0%,  0.0%, 99.5%,  0.5%], RTT = 0.100s, Queue delay = 0.000s, MTU = 1200
 summary  26.0  Transmit rate = 102615kbps, PLR =  0.00%( 0.00%), CE =  0.24%( 0.38%)[ 0.0%,  0.0%, 99.6%,  0.4%], RTT = 0.100s, Queue delay = 0.000s, MTU = 1200
 summary  28.1  Transmit rate = 106729kbps, PLR =  0.00%( 0.00%), CE =  0.64%( 0.48%)[ 0.0%,  0.0%, 99.5%,  0.5%], RTT = 0.100s, Queue delay = 0.000s, MTU = 1200
 summary  30.1  Transmit rate = 108075kbps, PLR =  0.00%( 0.00%), CE =  0.93%( 0.55%)[ 0.0%,  0.0%, 99.4%,  0.6%], RTT = 0.100s, Queue delay = 0.000s, MTU = 1200
 summary  32.1  Transmit rate = 109132kbps, PLR =  0.00%( 0.00%), CE =  0.54%( 0.58%)[ 0.0%,  0.0%, 99.4%,  0.6%], RTT = 0.100s, Queue delay = 0.000s, MTU = 1200
 summary  34.1  Transmit rate = 109095kbps, PLR =  0.00%( 0.00%), CE =  0.37%( 0.52%)[ 0.0%,  0.0%, 99.5%,  0.5%], RTT = 0.100s, Queue delay = 0.000s, MTU = 1200

======================== Summary ==========================
 Bitrate min/max/avg [kbps]          :  5580/130841/63666
 RTT     min/max/avg [s]             : 0.050/0.100/0.099
 Queue delay max/avg [s]             : 0.001/0.000
 Packet loss avg [%]                 : 0.000
 ECN/L4S NotECT/ECT(0)/ECT(1)/CE [%] :  0.0/ 0.0/99.4/ 0.6
===========================================================
