Listen on port 8081 to receive RTCP from decoder 
Scream sender started! 
 summary   2.0  Transmit rate =  1677kbps, PLR =  0.00%( 0.00%), CE =  0.00%( 0.00%)[ 0.0%,  0.0%, 100.0%,  0.0%], RTT = 0.067s, Queue delay = 0.000s, MTU = 1200
 summary   4.0  Transmit rate =  2778kbps, PLR =  0.00%( 0.00%), CE =  0.00%( 0.00%)[ 0.0%,  0.0%, 100.0%,  0.0%], RTT = 0.085s, Queue delay = 0.000s, MTU = 1200
 summary   6.0  Transmit rate =  4482kbps, PLR =  0.00%( 0.00%), CE =  0.00%( 0.00%)[ 0.0%,  0.0%, 100.0%,  0.0%], RTT = 0.093s, Queue delay = 0.000s, MTU = 1200
 summary   8.0  Transmit rate =  6982kbps, PLR =  0.00%( 0.00%), CE =  0.00%( 0.00%)[ 0.0%,  0.0%, 100.0%,  0.0%], RTT = 0.097s, Queue delay = 0.000s, MTU = 1200
 summary  10.0  Transmit rate = 11028kbps, PLR =  0.00%( 0.00%), CE =  0.00%( 0.00%)[ 0.0%,  0.0%, 100.0%,  0.0%], RTT = 0.099s, Queue delay = 0.000s, MTU = 1200
 summary  12.0  Transmit rate = 17842kbps, PLR =  0.00%( 0.00%), CE =  0.00%( 0.00%)[ 0.0%,  0.0%, 100.0%,  0.0%], RTT = 0.100s, Queue delay = 0.000s, MTU = 1200
 summary  14.0  Transmit rate = 30369kbps, PLR =  0.00%( 0.00%), CE =  0.00%( 0.00%)[ 0.0%,  0.0%, 100.0%,  0.0%], RTT = 0.100s, Queue delay = 0.000s, MTU = 1200
 summary  16.0  Transmit rate = 54603kbps, PLR =  0.00%( 0.00%), CE =  0.00%( 0.00%)[ 0.0%,  0.0%, 100.0%,  0.0%], RTT = 0.100s, Queue delay = 0.000s, MTU = 1200
 summary  18.0  Transmit rate = 64883kbps, PLR =  0.00%( 0.00%), CE =  0.39%( 0.26%)[ 0.0%,  0.0%, 99.7%,  0.3%], RTT = 0.100s, Queue delay = 0.000s, MTU = 1200
 summary  20.0  Transmit rate = 67973kbps, PLR =  0.00%( 0.00%), CE =  0.39%( 0.20%)[ 0.0%,  0.0%, 99.8%,  0.2%], RTT = 0.100s, Queue delay = 0.000s, MTU = 1200
 summary  22.0  Transmit rate = 76454kbps, PLR =  0.00%( 0.00%), CE =  0.04%( 0.16%)[ 0.0%,  0.0%, 99.8%,  0.2%], RTT = 0.100s, Queue delay = 0.000s, MTU = 1200
 summary  24.0  Transmit rate = 91343kbps, PLR =  0.00%( 0.00%), CE =  0.00%( 0.12%)[ 0.0%,  0.0%, 99.9%,  0.1%], RTT = 0.100s, Queue delay = 0.000s, MTU = 1200
 summary  26.0  Transmit rate = 100400kbps, PLR =  0.00%( 0.00%), CE =  0.49%( 0.27%)[ 0.0%,  0.0%, 99.7%,  0.3%], RTT = 0.100s, Queue delay = 0.000s, MTU = 1200
 summary  28.0  Transmit rate = 104608kbps, PLR =  0.00%( 0.00%), CE =  0.66%( 0.30%)[ 0.0%,  0.0%, 99.7%,  0.3%], RTT = 0.100s, Queue delay = 0.000s, MTU = 1200
 summary  30.0  Transmit rate = 106579kbps, PLR =  0.00%( 0.00%), CE =  0.24%( 0.26%)[ 0.0%,  0.0%, 99.7%,  0.3%], RTT = 0.100s, Queue delay = 0.000s, MTU = 1200
 summary  32.1  Transmit rate = 107579kbps, PLR =  0.00%( 0.00%), CE =  0.68%( 0.34%)[ 0.0%,  0.0%, 99.7%,  0.3%], RTT = 0.100s, Queue delay = 0.000s, MTU = 1200
 summary  34.1  Transmit rate = 108069kbps, PLR =  0.00%( 0.00%), CE =  0.83%( 0.40%)[ 0.0%,  0.0%, 99.6%,  0.4%], RTT = 0.100s, Queue delay = 0.000s, MTU = 1200

======================== Summary ==========================
 Bitrate min/max/avg [kbps]          :  5409/133455/62426
 RTT     min/max/avg [s]             : 0.050/0.100/0.099
 Queue delay max/avg [s]             : 0.001/0.000
 Packet loss avg [%]                 : 0.000
 ECN/L4S NotECT/ECT(0)/ECT(1)/CE [%] :  0.0/ 0.0/99.6/ 0.4
===========================================================
