Listen on port 5339 to receive RTCP from decoder 
Scream sender started! 
 summary   2.0  Transmit rate =  2327kbps, PLR =  0.00%( 0.00%), CE =  0.79%( 2.44%)[ 0.0%,  0.0%, 97.2%,  2.8%], RTT = 0.036s, Queue delay = 0.001s, MTU = 1200
 summary   4.0  Transmit rate =  2518kbps, PLR =  0.00%( 0.00%), CE =  2.41%( 2.79%)[ 0.0%,  0.0%, 97.0%,  3.0%], RTT = 0.029s, Queue delay = 0.001s, MTU = 1200
 summary   6.0  Transmit rate =  2504kbps, PLR =  0.00%( 0.00%), CE =  3.62%( 2.64%)[ 0.0%,  0.0%, 97.2%,  2.8%], RTT = 0.026s, Queue delay = 0.001s, MTU = 1200
 summary   8.0  Transmit rate =  2412kbps, PLR =  0.00%( 0.00%), CE =  3.98%( 2.78%)[ 0.0%,  0.0%, 97.2%,  2.8%], RTT = 0.024s, Queue delay = 0.002s, MTU = 1200
 summary  10.0  Transmit rate =  2761kbps, PLR =  0.00%( 0.00%), CE =  2.94%( 2.78%)[ 0.0%,  0.0%, 97.1%,  2.9%], RTT = 0.024s, Queue delay = 0.002s, MTU = 1200
 summary  12.0  Transmit rate =  2505kbps, PLR =  0.00%( 0.00%), CE =  3.18%( 2.78%)[ 0.0%,  0.0%, 97.1%,  2.9%], RTT = 0.023s, Queue delay = 0.002s, MTU = 1200
 summary  14.0  Transmit rate =  2558kbps, PLR =  0.00%( 0.00%), CE =  2.79%( 2.66%)[ 0.0%,  0.0%, 97.3%,  2.7%], RTT = 0.023s, Queue delay = 0.002s, MTU = 1200
 summary  16.0  Transmit rate =  2530kbps, PLR =  0.00%( 0.00%), CE =  2.39%( 2.57%)[ 0.0%,  0.0%, 97.3%,  2.7%], RTT = 0.023s, Queue delay = 0.002s, MTU = 1200
 summary  18.0  Transmit rate =  2475kbps, PLR =  0.00%( 0.00%), CE =  3.35%( 2.72%)[ 0.0%,  0.0%, 97.2%,  2.8%], RTT = 0.023s, Queue delay = 0.002s, MTU = 1200
 summary  20.0  Transmit rate =  2366kbps, PLR =  0.00%( 0.00%), CE =  3.60%( 2.74%)[ 0.0%,  0.0%, 97.2%,  2.8%], RTT = 0.023s, Queue delay = 0.002s, MTU = 1200
 summary  22.0  Transmit rate =  2144kbps, PLR =  0.00%( 0.00%), CE =  4.15%( 2.80%)[ 0.0%,  0.0%, 97.1%,  2.9%], RTT = 0.023s, Queue delay = 0.002s, MTU = 1200
 summary  24.0  Transmit rate =  1717kbps, PLR =  0.00%( 0.00%), CE =  5.28%( 2.94%)[ 0.0%,  0.0%, 96.9%,  3.1%], RTT = 0.023s, Queue delay = 0.002s, MTU = 1200
 summary  26.0  Transmit rate =  1989kbps, PLR =  0.00%( 0.00%), CE =  5.27%( 2.95%)[ 0.0%,  0.0%, 96.9%,  3.1%], RTT = 0.023s, Queue delay = 0.002s, MTU = 1200
 summary  28.0  Transmit rate =  2110kbps, PLR =  0.00%( 0.00%), CE =  3.99%( 2.90%)[ 0.0%,  0.0%, 97.0%,  3.0%], RTT = 0.023s, Queue delay = 0.002s, MTU = 1200

======================== Summary ==========================
 Bitrate min/max/avg [kbps]          :   829/ 4615/ 2372
 RTT     min/max/avg [s]             : 0.023/0.049/0.023
 Queue delay max/avg [s]             : 0.004/0.002
 Packet loss avg [%]                 : 0.000
 ECN/L4S NotECT/ECT(0)/ECT(1)/CE [%] :  0.0/ 0.0/97.0/ 3.0
===========================================================
