Listen on port 5316 to receive RTCP from decoder 
Scream sender started! 
 summary   2.0  Transmit rate =  5334kbps, PLR =  0.00%( 0.00%), CE =  0.00%( 0.00%)[ 0.0%, 100.0%,  0.0%,  0.0%], RTT = 0.039s, Queue delay = 0.006s, MTU = 1200
 summary   4.0  Transmit rate =  6681kbps, PLR =  0.00%( 0.00%), CE =  0.10%( 0.09%)[ 0.0%, 99.9%,  0.0%,  0.1%], RTT = 0.035s, Queue delay = 0.007s, MTU = 1200
 summary   6.0  Transmit rate =  7291kbps, PLR =  0.00%( 0.00%), CE =  0.14%( 0.08%)[ 0.0%, 99.9%,  0.0%,  0.1%], RTT = 0.032s, Queue delay = 0.007s, MTU = 1200
 summary   8.0  Transmit rate =  7716kbps, PLR =  0.00%( 0.00%), CE =  0.11%( 0.06%)[ 0.0%, 99.9%,  0.0%,  0.1%], RTT = 0.030s, Queue delay = 0.007s, MTU = 1200
 summary  10.0  Transmit rate =  8244kbps, PLR =  0.00%( 0.00%), CE =  0.05%( 0.06%)[ 0.0%, 99.9%,  0.0%,  0.1%], RTT = 0.030s, Queue delay = 0.008s, MTU = 1200
 summary  12.0  Transmit rate =  8215kbps, PLR =  0.00%( 0.00%), CE =  0.05%( 0.06%)[ 0.0%, 99.9%,  0.0%,  0.1%], RTT = 0.029s, Queue delay = 0.008s, MTU = 1200
 summary  14.0  Transmit rate =  8741kbps, PLR =  0.00%( 0.00%), CE =  0.05%( 0.05%)[ 0.0%, 100.0%,  0.0%,  0.0%], RTT = 0.030s, Queue delay = 0.009s, MTU = 1200
 summary  16.0  Transmit rate =  9363kbps, PLR =  0.00%( 0.00%), CE =  0.03%( 0.04%)[ 0.0%, 100.0%,  0.0%,  0.0%], RTT = 0.031s, Queue delay = 0.010s, MTU = 1200
 summary  18.0  Transmit rate =  7678kbps, PLR =  0.00%( 0.00%), CE =  0.11%( 0.06%)[ 0.0%, 99.9%,  0.0%,  0.1%], RTT = 0.030s, Queue delay = 0.008s, MTU = 1200
 summary  20.0  Transmit rate =  7757kbps, PLR =  0.00%( 0.00%), CE =  0.11%( 0.05%)[ 0.0%, 99.9%,  0.0%,  0.1%], RTT = 0.029s, Queue delay = 0.007s, MTU = 1200
 summary  22.0  Transmit rate =  8379kbps, PLR =  0.00%( 0.00%), CE =  0.08%( 0.05%)[ 0.0%, 99.9%,  0.0%,  0.1%], RTT = 0.030s, Queue delay = 0.009s, MTU = 1200
 summary  24.0  Transmit rate =  8668kbps, PLR =  0.00%( 0.00%), CE =  0.05%( 0.05%)[ 0.0%, 99.9%,  0.0%,  0.1%], RTT = 0.031s, Queue delay = 0.010s, MTU = 1200
 summary  26.0  Transmit rate =  8223kbps, PLR =  0.00%( 0.00%), CE =  0.11%( 0.06%)[ 0.0%, 99.9%,  0.0%,  0.1%], RTT = 0.030s, Queue delay = 0.008s, MTU = 1200
 summary  28.0  Transmit rate =  7773kbps, PLR =  0.00%( 0.00%), CE =  0.11%( 0.06%)[ 0.0%, 99.9%,  0.0%,  0.1%], RTT = 0.029s, Queue delay = 0.008s, MTU = 1200

======================== Summary ==========================
 Bitrate min/max/avg [kbps]          :     0/11348/ 8033
 RTT     min/max/avg [s]             : 0.026/0.049/0.030
 Queue delay max/avg [s]             : 0.031/0.008
 Packet loss avg [%]                 : 0.000
 ECN/L4S NotECT/ECT(0)/ECT(1)/CE [%] :  0.0/99.9/ 0.0/ 0.1
===========================================================
