Listen on port 5310 to receive RTCP from decoder 
Scream sender started! 
 summary   2.0  Transmit rate =  5067kbps, PLR =  0.00%( 0.00%), CE =  0.03%( 0.07%)[ 0.0%, 99.9%,  0.0%,  0.1%], RTT = 0.039s, Queue delay = 0.004s, MTU = 1200
 summary   4.0  Transmit rate =  7501kbps, PLR =  0.00%( 0.00%), CE =  0.03%( 0.03%)[ 0.0%, 100.0%,  0.0%,  0.0%], RTT = 0.035s, Queue delay = 0.008s, MTU = 1200
 summary   6.0  Transmit rate =  8058kbps, PLR =  0.00%( 0.00%), CE =  0.05%( 0.04%)[ 0.0%, 100.0%,  0.0%,  0.0%], RTT = 0.033s, Queue delay = 0.010s, MTU = 1200
 summary   8.0  Transmit rate =  7962kbps, PLR =  0.00%( 0.00%), CE =  0.06%( 0.04%)[ 0.0%, 100.0%,  0.0%,  0.0%], RTT = 0.032s, Queue delay = 0.009s, MTU = 1200
 summary  10.0  Transmit rate =  8631kbps, PLR =  0.00%( 0.00%), CE =  0.06%( 0.03%)[ 0.0%, 100.0%,  0.0%,  0.0%], RTT = 0.031s, Queue delay = 0.010s, MTU = 1200
 summary  12.0  Transmit rate =  9338kbps, PLR =  0.00%( 0.00%), CE =  0.03%( 0.03%)[ 0.0%, 100.0%,  0.0%,  0.0%], RTT = 0.031s, Queue delay = 0.010s, MTU = 1200
 summary  14.0  Transmit rate =  9727kbps, PLR =  0.00%( 0.00%), CE =  0.00%( 0.02%)[ 0.0%, 100.0%,  0.0%,  0.0%], RTT = 0.032s, Queue delay = 0.010s, MTU = 1200
 summary  16.0  Transmit rate =  9229kbps, PLR =  0.00%( 0.00%), CE =  0.03%( 0.03%)[ 0.0%, 100.0%,  0.0%,  0.0%], RTT = 0.030s, Queue delay = 0.009s, MTU = 1200
 summary  18.0  Transmit rate =  9220kbps, PLR =  0.00%( 0.00%), CE =  0.03%( 0.02%)[ 0.0%, 100.0%,  0.0%,  0.0%], RTT = 0.031s, Queue delay = 0.010s, MTU = 1200
 summary  20.0  Transmit rate =  9373kbps, PLR =  0.00%( 0.00%), CE =  0.00%( 0.03%)[ 0.0%, 100.0%,  0.0%,  0.0%], RTT = 0.032s, Queue delay = 0.010s, MTU = 1200
 summary  22.0  Transmit rate =  9341kbps, PLR =  0.00%( 0.00%), CE =  0.02%( 0.02%)[ 0.0%, 100.0%,  0.0%,  0.0%], RTT = 0.031s, Queue delay = 0.009s, MTU = 1200
 summary  24.0  Transmit rate =  9864kbps, PLR =  0.00%( 0.00%), CE =  0.02%( 0.02%)[ 0.0%, 100.0%,  0.0%,  0.0%], RTT = 0.031s, Queue delay = 0.010s, MTU = 1200
 summary  26.0  Transmit rate =  9691kbps, PLR =  0.00%( 0.00%), CE =  0.02%( 0.02%)[ 0.0%, 100.0%,  0.0%,  0.0%], RTT = 0.032s, Queue delay = 0.010s, MTU = 1200
 summary  28.0  Transmit rate =  9649kbps, PLR =  0.00%( 0.00%), CE =  0.03%( 0.02%)[ 0.0%, 100.0%,  0.0%,  0.0%], RTT = 0.031s, Queue delay = 0.010s, MTU = 1200

======================== Summary ==========================
 Bitrate min/max/avg [kbps]          :  5240/12752/ 9151
 RTT     min/max/avg [s]             : 0.027/0.049/0.031
 Queue delay max/avg [s]             : 0.029/0.010
 Packet loss avg [%]                 : 0.000
 ECN/L4S NotECT/ECT(0)/ECT(1)/CE [%] :  0.0/100.0/ 0.0/ 0.0
===========================================================
