Listen on port 5327 to receive RTCP from decoder 
Scream sender started! 
 summary   2.0  Transmit rate =  2404kbps, PLR =  0.00%( 0.00%), CE =  2.33%( 3.54%)[ 0.0%,  0.0%, 96.2%,  3.8%], RTT = 0.036s, Queue delay = 0.001s, MTU = 1200
 summary   4.0  Transmit rate =  1702kbps, PLR =  0.00%( 0.00%), CE =  7.95%( 6.07%)[ 0.0%,  0.0%, 93.6%,  6.4%], RTT = 0.029s, Queue delay = 0.001s, MTU = 1200
 summary   6.0  Transmit rate =  2093kbps, PLR =  0.00%( 0.00%), CE = 10.19%( 4.99%)[ 0.0%,  0.0%, 94.8%,  5.2%], RTT = 0.026s, Queue delay = 0.001s, MTU = 1200
 summary   8.0  Transmit rate =  2731kbps, PLR =  0.00%( 0.00%), CE =  7.01%( 4.09%)[ 0.0%,  0.0%, 95.8%,  4.2%], RTT = 0.024s, Queue delay = 0.001s, MTU = 1200
 summary  10.0  Transmit rate =  2515kbps, PLR =  0.00%( 0.00%), CE =  2.39%( 3.88%)[ 0.0%,  0.0%, 96.1%,  3.9%], RTT = 0.024s, Queue delay = 0.002s, MTU = 1200
 summary  12.0  Transmit rate =  2804kbps, PLR =  0.00%( 0.00%), CE =  2.90%( 3.53%)[ 0.0%,  0.0%, 96.4%,  3.6%], RTT = 0.023s, Queue delay = 0.001s, MTU = 1200
 summary  14.0  Transmit rate =  2671kbps, PLR =  0.00%( 0.00%), CE =  3.26%( 3.37%)[ 0.0%,  0.0%, 96.5%,  3.5%], RTT = 0.023s, Queue delay = 0.002s, MTU = 1200
 summary  16.0  Transmit rate =  2629kbps, PLR =  0.00%( 0.00%), CE =  3.18%( 3.30%)[ 0.0%,  0.0%, 96.7%,  3.3%], RTT = 0.023s, Queue delay = 0.002s, MTU = 1200
 summary  18.0  Transmit rate =  2591kbps, PLR =  0.00%( 0.00%), CE =  3.04%( 3.14%)[ 0.0%,  0.0%, 96.8%,  3.2%], RTT = 0.023s, Queue delay = 0.002s, MTU = 1200
 summary  20.0  Transmit rate =  2626kbps, PLR =  0.00%( 0.00%), CE =  3.42%( 3.16%)[ 0.0%,  0.0%, 96.8%,  3.2%], RTT = 0.023s, Queue delay = 0.001s, MTU = 1200
 summary  22.0  Transmit rate =  2328kbps, PLR =  0.00%( 0.00%), CE =  4.02%( 3.22%)[ 0.0%,  0.0%, 96.7%,  3.3%], RTT = 0.023s, Queue delay = 0.002s, MTU = 1200
 summary  24.0  Transmit rate =  2653kbps, PLR =  0.00%( 0.00%), CE =  4.31%( 3.12%)[ 0.0%,  0.0%, 96.9%,  3.1%], RTT = 0.023s, Queue delay = 0.002s, MTU = 1200
 summary  26.0  Transmit rate =  2530kbps, PLR =  0.00%( 0.00%), CE =  3.28%( 3.09%)[ 0.0%,  0.0%, 96.9%,  3.1%], RTT = 0.023s, Queue delay = 0.001s, MTU = 1200
 summary  28.0  Transmit rate =  2329kbps, PLR =  0.00%( 0.00%), CE =  3.56%( 3.11%)[ 0.0%,  0.0%, 96.9%,  3.1%], RTT = 0.023s, Queue delay = 0.001s, MTU = 1200

======================== Summary ==========================
 Bitrate min/max/avg [kbps]          :   868/ 4957/ 2489
 RTT     min/max/avg [s]             : 0.023/0.049/0.023
 Queue delay max/avg [s]             : 0.004/0.002
 Packet loss avg [%]                 : 0.000
 ECN/L4S NotECT/ECT(0)/ECT(1)/CE [%] :  0.0/ 0.0/96.8/ 3.2
===========================================================
