Listen on port 5337 to receive RTCP from decoder 
Scream sender started! 
 summary   2.0  Transmit rate =  2566kbps, PLR =  0.00%( 0.00%), CE =  1.25%( 3.20%)[ 0.0%,  0.0%, 96.8%,  3.2%], RTT = 0.036s, Queue delay = 0.001s, MTU = 1200
 summary   4.0  Transmit rate =  2695kbps, PLR =  0.00%( 0.00%), CE =  3.07%( 3.56%)[ 0.0%,  0.0%, 96.4%,  3.6%], RTT = 0.029s, Queue delay = 0.001s, MTU = 1200
 summary   6.0  Transmit rate =  2481kbps, PLR =  0.00%( 0.00%), CE =  4.10%( 3.46%)[ 0.0%,  0.0%, 96.5%,  3.5%], RTT = 0.026s, Queue delay = 0.001s, MTU = 1200
 summary   8.0  Transmit rate =  2017kbps, PLR =  0.00%( 0.00%), CE =  5.35%( 3.86%)[ 0.0%,  0.0%, 96.1%,  3.9%], RTT = 0.024s, Queue delay = 0.001s, MTU = 1200
 summary  10.0  Transmit rate =  1867kbps, PLR =  0.00%( 0.00%), CE =  6.06%( 3.78%)[ 0.0%,  0.0%, 96.1%,  3.9%], RTT = 0.024s, Queue delay = 0.002s, MTU = 1200
 summary  12.0  Transmit rate =  2043kbps, PLR =  0.00%( 0.00%), CE =  6.26%( 3.64%)[ 0.0%,  0.0%, 96.3%,  3.7%], RTT = 0.023s, Queue delay = 0.002s, MTU = 1200
 summary  14.0  Transmit rate =  2444kbps, PLR =  0.00%( 0.00%), CE =  3.02%( 3.36%)[ 0.0%,  0.0%, 96.6%,  3.4%], RTT = 0.023s, Queue delay = 0.002s, MTU = 1200
 summary  16.0  Transmit rate =  1988kbps, PLR =  0.00%( 0.00%), CE =  5.36%( 3.59%)[ 0.0%,  0.0%, 96.4%,  3.6%], RTT = 0.023s, Queue delay = 0.002s, MTU = 1200
 summary  18.0  Transmit rate =  1548kbps, PLR =  0.00%( 0.00%), CE =  7.66%( 3.78%)[ 0.0%,  0.0%, 96.2%,  3.8%], RTT = 0.023s, Queue delay = 0.002s, MTU = 1200
 summary  20.0  Transmit rate =  1988kbps, PLR =  0.00%( 0.00%), CE =  7.24%( 3.65%)[ 0.0%,  0.0%, 96.3%,  3.7%], RTT = 0.023s, Queue delay = 0.002s, MTU = 1200
 summary  22.0  Transmit rate =  3019kbps, PLR =  0.00%( 0.00%), CE =  4.04%( 3.26%)[ 0.0%,  0.0%, 96.7%,  3.3%], RTT = 0.023s, Queue delay = 0.002s, MTU = 1200
 summary  24.0  Transmit rate =  3022kbps, PLR =  0.00%( 0.00%), CE =  1.94%( 3.14%)[ 0.0%,  0.0%, 96.8%,  3.2%], RTT = 0.023s, Queue delay = 0.002s, MTU = 1200
 summary  26.0  Transmit rate =  2400kbps, PLR =  0.00%( 0.00%), CE =  3.95%( 3.28%)[ 0.0%,  0.0%, 96.7%,  3.3%], RTT = 0.023s, Queue delay = 0.002s, MTU = 1200
 summary  28.0  Transmit rate =  2278kbps, PLR =  0.00%( 0.00%), CE =  4.80%( 3.34%)[ 0.0%,  0.0%, 96.6%,  3.4%], RTT = 0.023s, Queue delay = 0.002s, MTU = 1200

======================== Summary ==========================
 Bitrate min/max/avg [kbps]          :   829/ 5409/ 2393
 RTT     min/max/avg [s]             : 0.023/0.049/0.023
 Queue delay max/avg [s]             : 0.004/0.002
 Packet loss avg [%]                 : 0.000
 ECN/L4S NotECT/ECT(0)/ECT(1)/CE [%] :  0.0/ 0.0/96.8/ 3.2
===========================================================
