Listen on port 5314 to receive RTCP from decoder 
Scream sender started! 
 summary   2.0  Transmit rate =  4626kbps, PLR =  0.00%( 0.00%), CE =  0.05%( 0.16%)[ 0.0%, 99.9%,  0.0%,  0.1%], RTT = 0.038s, Queue delay = 0.003s, MTU = 1200
 summary   4.0  Transmit rate =  7293kbps, PLR =  0.00%( 0.00%), CE =  0.05%( 0.06%)[ 0.0%, 99.9%,  0.0%,  0.1%], RTT = 0.035s, Queue delay = 0.008s, MTU = 1200
 summary   6.0  Transmit rate =  8108kbps, PLR =  0.00%( 0.00%), CE =  0.06%( 0.07%)[ 0.0%, 99.9%,  0.0%,  0.1%], RTT = 0.033s, Queue delay = 0.010s, MTU = 1200
 summary   8.0  Transmit rate =  7978kbps, PLR =  0.00%( 0.00%), CE =  0.08%( 0.08%)[ 0.0%, 99.9%,  0.0%,  0.1%], RTT = 0.031s, Queue delay = 0.008s, MTU = 1200
 summary  10.0  Transmit rate =  8529kbps, PLR =  0.00%( 0.00%), CE =  0.07%( 0.06%)[ 0.0%, 99.9%,  0.0%,  0.1%], RTT = 0.030s, Queue delay = 0.008s, MTU = 1200
 summary  12.0  Transmit rate =  8062kbps, PLR =  0.00%( 0.00%), CE =  0.10%( 0.07%)[ 0.0%, 99.9%,  0.0%,  0.1%], RTT = 0.031s, Queue delay = 0.009s, MTU = 1200
 summary  14.0  Transmit rate =  8130kbps, PLR =  0.00%( 0.00%), CE =  0.07%( 0.06%)[ 0.0%, 99.9%,  0.0%,  0.1%], RTT = 0.030s, Queue delay = 0.008s, MTU = 1200
 summary  16.0  Transmit rate =  8940kbps, PLR =  0.00%( 0.00%), CE =  0.07%( 0.05%)[ 0.0%, 99.9%,  0.0%,  0.1%], RTT = 0.030s, Queue delay = 0.009s, MTU = 1200
 summary  18.0  Transmit rate =  8654kbps, PLR =  0.00%( 0.00%), CE =  0.03%( 0.05%)[ 0.0%, 99.9%,  0.0%,  0.1%], RTT = 0.031s, Queue delay = 0.010s, MTU = 1200
 summary  20.0  Transmit rate =  9066kbps, PLR =  0.00%( 0.00%), CE =  0.03%( 0.05%)[ 0.0%, 99.9%,  0.0%,  0.1%], RTT = 0.030s, Queue delay = 0.009s, MTU = 1200
 summary  22.0  Transmit rate =  9315kbps, PLR =  0.00%( 0.00%), CE =  0.00%( 0.05%)[ 0.0%, 99.9%,  0.0%,  0.1%], RTT = 0.031s, Queue delay = 0.010s, MTU = 1200
 summary  24.0  Transmit rate =  9079kbps, PLR =  0.00%( 0.00%), CE =  0.06%( 0.05%)[ 0.0%, 99.9%,  0.0%,  0.1%], RTT = 0.030s, Queue delay = 0.009s, MTU = 1200
 summary  26.0  Transmit rate =  9150kbps, PLR =  0.00%( 0.00%), CE =  0.09%( 0.05%)[ 0.0%, 99.9%,  0.0%,  0.1%], RTT = 0.030s, Queue delay = 0.008s, MTU = 1200
 summary  28.0  Transmit rate =  7954kbps, PLR =  0.00%( 0.00%), CE =  0.12%( 0.05%)[ 0.0%, 99.9%,  0.0%,  0.1%], RTT = 0.029s, Queue delay = 0.008s, MTU = 1200

======================== Summary ==========================
 Bitrate min/max/avg [kbps]          :     0/11324/ 8351
 RTT     min/max/avg [s]             : 0.026/0.049/0.030
 Queue delay max/avg [s]             : 0.028/0.009
 Packet loss avg [%]                 : 0.000
 ECN/L4S NotECT/ECT(0)/ECT(1)/CE [%] :  0.0/99.9/ 0.0/ 0.1
===========================================================
