Listen on port 5301 to receive RTCP from decoder 
Scream sender started! 
 summary   2.0  Transmit rate =  2281kbps, PLR =  0.00%( 0.00%), CE =  1.99%( 3.42%)[ 0.0%,  0.0%, 96.4%,  3.6%], RTT = 0.036s, Queue delay = 0.001s, MTU = 1200
 summary   4.0  Transmit rate =  2310kbps, PLR =  0.00%( 0.00%), CE =  2.97%( 2.82%)[ 0.0%,  0.0%, 97.0%,  3.0%], RTT = 0.029s, Queue delay = 0.001s, MTU = 1200
 summary   6.0  Transmit rate =  2613kbps, PLR =  0.00%( 0.00%), CE =  4.78%( 2.83%)[ 0.0%,  0.0%, 97.1%,  2.9%], RTT = 0.026s, Queue delay = 0.001s, MTU = 1200
 summary   8.0  Transmit rate =  2575kbps, PLR =  0.00%( 0.00%), CE =  3.85%( 2.73%)[ 0.0%,  0.0%, 97.2%,  2.8%], RTT = 0.024s, Queue delay = 0.001s, MTU = 1200
 summary  10.0  Transmit rate =  2470kbps, PLR =  0.00%( 0.00%), CE =  2.64%( 2.62%)[ 0.0%,  0.0%, 97.4%,  2.6%], RTT = 0.024s, Queue delay = 0.002s, MTU = 1200
 summary  12.0  Transmit rate =  2308kbps, PLR =  0.00%( 0.00%), CE =  3.75%( 2.76%)[ 0.0%,  0.0%, 97.2%,  2.8%], RTT = 0.023s, Queue delay = 0.002s, MTU = 1200
 summary  14.0  Transmit rate =  2455kbps, PLR =  0.00%( 0.00%), CE =  3.76%( 2.80%)[ 0.0%,  0.0%, 97.2%,  2.8%], RTT = 0.023s, Queue delay = 0.001s, MTU = 1200
 summary  16.0  Transmit rate =  2969kbps, PLR =  0.00%( 0.00%), CE =  3.44%( 2.64%)[ 0.0%,  0.0%, 97.3%,  2.7%], RTT = 0.023s, Queue delay = 0.001s, MTU = 1200
 summary  18.0  Transmit rate =  2863kbps, PLR =  0.00%( 0.00%), CE =  2.72%( 2.62%)[ 0.0%,  0.0%, 97.4%,  2.6%], RTT = 0.023s, Queue delay = 0.001s, MTU = 1200
 summary  20.0  Transmit rate =  2934kbps, PLR =  0.00%( 0.00%), CE =  2.54%( 2.56%)[ 0.0%,  0.0%, 97.4%,  2.6%], RTT = 0.023s, Queue delay = 0.001s, MTU = 1200
 summary  22.0  Transmit rate =  2720kbps, PLR =  0.00%( 0.00%), CE =  2.91%( 2.53%)[ 0.0%,  0.0%, 97.5%,  2.5%], RTT = 0.023s, Queue delay = 0.001s, MTU = 1200
 summary  24.0  Transmit rate =  2494kbps, PLR =  0.00%( 0.00%), CE =  2.88%( 2.54%)[ 0.0%,  0.0%, 97.5%,  2.5%], RTT = 0.023s, Queue delay = 0.001s, MTU = 1200
 summary  26.0  Transmit rate =  2202kbps, PLR =  0.00%( 0.00%), CE =  3.93%( 2.62%)[ 0.0%,  0.0%, 97.4%,  2.6%], RTT = 0.023s, Queue delay = 0.002s, MTU = 1200
 summary  28.0  Transmit rate =  2733kbps, PLR =  0.00%( 0.00%), CE =  3.52%( 2.54%)[ 0.0%,  0.0%, 97.5%,  2.5%], RTT = 0.023s, Queue delay = 0.001s, MTU = 1200

======================== Summary ==========================
 Bitrate min/max/avg [kbps]          :  1095/ 5188/ 2625
 RTT     min/max/avg [s]             : 0.023/0.049/0.023
 Queue delay max/avg [s]             : 0.004/0.001
 Packet loss avg [%]                 : 0.000
 ECN/L4S NotECT/ECT(0)/ECT(1)/CE [%] :  0.0/ 0.0/97.5/ 2.5
===========================================================
