Listen on port 5331 to receive RTCP from decoder 
Scream sender started! 
 summary   2.0  Transmit rate =  2340kbps, PLR =  0.00%( 0.00%), CE =  1.07%( 3.44%)[ 0.0%,  0.0%, 96.6%,  3.4%], RTT = 0.036s, Queue delay = 0.001s, MTU = 1200
 summary   4.0  Transmit rate =  2125kbps, PLR =  0.00%( 0.00%), CE =  3.09%( 3.49%)[ 0.0%,  0.0%, 96.6%,  3.4%], RTT = 0.029s, Queue delay = 0.001s, MTU = 1200
 summary   6.0  Transmit rate =  2003kbps, PLR =  0.00%( 0.00%), CE =  4.74%( 3.53%)[ 0.0%,  0.0%, 96.6%,  3.4%], RTT = 0.026s, Queue delay = 0.001s, MTU = 1200
 summary   8.0  Transmit rate =  2133kbps, PLR =  0.00%( 0.00%), CE =  4.13%( 3.58%)[ 0.0%,  0.0%, 96.6%,  3.4%], RTT = 0.024s, Queue delay = 0.001s, MTU = 1200
 summary  10.0  Transmit rate =  2245kbps, PLR =  0.00%( 0.00%), CE =  4.30%( 3.69%)[ 0.0%,  0.0%, 96.5%,  3.5%], RTT = 0.024s, Queue delay = 0.001s, MTU = 1200
 summary  12.0  Transmit rate =  2244kbps, PLR =  0.00%( 0.00%), CE =  4.50%( 3.70%)[ 0.0%,  0.0%, 96.3%,  3.7%], RTT = 0.023s, Queue delay = 0.001s, MTU = 1200
 summary  14.0  Transmit rate =  2228kbps, PLR =  0.00%( 0.00%), CE =  4.36%( 3.65%)[ 0.0%,  0.0%, 96.5%,  3.5%], RTT = 0.023s, Queue delay = 0.002s, MTU = 1200
 summary  16.0  Transmit rate =  2403kbps, PLR =  0.00%( 0.00%), CE =  3.82%( 3.43%)[ 0.0%,  0.0%, 96.7%,  3.3%], RTT = 0.023s, Queue delay = 0.002s, MTU = 1200
 summary  18.0  Transmit rate =  2255kbps, PLR =  0.00%( 0.00%), CE =  3.31%( 3.37%)[ 0.0%,  0.0%, 96.7%,  3.3%], RTT = 0.023s, Queue delay = 0.001s, MTU = 1200
 summary  20.0  Transmit rate =  1970kbps, PLR =  0.00%( 0.00%), CE =  4.72%( 3.49%)[ 0.0%,  0.0%, 96.6%,  3.4%], RTT = 0.023s, Queue delay = 0.002s, MTU = 1200
 summary  22.0  Transmit rate =  2628kbps, PLR =  0.00%( 0.00%), CE =  4.36%( 3.44%)[ 0.0%,  0.0%, 96.7%,  3.3%], RTT = 0.023s, Queue delay = 0.001s, MTU = 1200
 summary  24.0  Transmit rate =  2696kbps, PLR =  0.00%( 0.00%), CE =  3.72%( 3.31%)[ 0.0%,  0.0%, 96.8%,  3.2%], RTT = 0.023s, Queue delay = 0.001s, MTU = 1200
 summary  26.0  Transmit rate =  2788kbps, PLR =  0.00%( 0.00%), CE =  3.08%( 3.24%)[ 0.0%,  0.0%, 96.8%,  3.2%], RTT = 0.023s, Queue delay = 0.001s, MTU = 1200
 summary  28.0  Transmit rate =  2314kbps, PLR =  0.00%( 0.00%), CE =  3.20%( 3.20%)[ 0.0%,  0.0%, 96.8%,  3.2%], RTT = 0.023s, Queue delay = 0.001s, MTU = 1200

======================== Summary ==========================
 Bitrate min/max/avg [kbps]          :   957/ 4941/ 2318
 RTT     min/max/avg [s]             : 0.023/0.049/0.023
 Queue delay max/avg [s]             : 0.003/0.001
 Packet loss avg [%]                 : 0.000
 ECN/L4S NotECT/ECT(0)/ECT(1)/CE [%] :  0.0/ 0.0/96.8/ 3.2
===========================================================
