Listen on port 5308 to receive RTCP from decoder 
Scream sender started! 
 summary   2.0  Transmit rate =  4282kbps, PLR =  0.00%( 0.00%), CE =  0.06%( 0.17%)[ 0.0%, 99.8%,  0.0%,  0.2%], RTT = 0.039s, Queue delay = 0.005s, MTU = 1200
 summary   4.0  Transmit rate =  6741kbps, PLR =  0.00%( 0.00%), CE =  0.07%( 0.07%)[ 0.0%, 99.9%,  0.0%,  0.1%], RTT = 0.033s, Queue delay = 0.007s, MTU = 1200
 summary   6.0  Transmit rate =  7804kbps, PLR =  0.00%( 0.00%), CE =  0.09%( 0.06%)[ 0.0%, 99.9%,  0.0%,  0.1%], RTT = 0.032s, Queue delay = 0.008s, MTU = 1200
 summary   8.0  Transmit rate =  8194kbps, PLR =  0.00%( 0.00%), CE =  0.02%( 0.05%)[ 0.0%, 100.0%,  0.0%,  0.0%], RTT = 0.031s, Queue delay = 0.009s, MTU = 1200
 summary  10.0  Transmit rate =  8831kbps, PLR =  0.00%( 0.00%), CE =  0.02%( 0.04%)[ 0.0%, 100.0%,  0.0%,  0.0%], RTT = 0.031s, Queue delay = 0.009s, MTU = 1200
 summary  12.0  Transmit rate =  9308kbps, PLR =  0.00%( 0.00%), CE =  0.02%( 0.04%)[ 0.0%, 100.0%,  0.0%,  0.0%], RTT = 0.032s, Queue delay = 0.011s, MTU = 1200
 summary  14.0  Transmit rate =  8133kbps, PLR =  0.00%( 0.00%), CE =  0.09%( 0.05%)[ 0.0%, 100.0%,  0.0%,  0.0%], RTT = 0.031s, Queue delay = 0.009s, MTU = 1200
 summary  16.0  Transmit rate =  8423kbps, PLR =  0.00%( 0.00%), CE =  0.09%( 0.05%)[ 0.0%, 100.0%,  0.0%,  0.0%], RTT = 0.031s, Queue delay = 0.011s, MTU = 1200
 summary  18.0  Transmit rate =  9006kbps, PLR =  0.00%( 0.00%), CE =  0.08%( 0.04%)[ 0.0%, 100.0%,  0.0%,  0.0%], RTT = 0.031s, Queue delay = 0.010s, MTU = 1200
 summary  20.0  Transmit rate =  8877kbps, PLR =  0.00%( 0.00%), CE =  0.05%( 0.05%)[ 0.0%, 100.0%,  0.0%,  0.0%], RTT = 0.031s, Queue delay = 0.010s, MTU = 1200
 summary  22.0  Transmit rate =  8696kbps, PLR =  0.00%( 0.00%), CE =  0.05%( 0.05%)[ 0.0%, 100.0%,  0.0%,  0.0%], RTT = 0.030s, Queue delay = 0.009s, MTU = 1200
 summary  24.0  Transmit rate =  8862kbps, PLR =  0.00%( 0.00%), CE =  0.06%( 0.04%)[ 0.0%, 100.0%,  0.0%,  0.0%], RTT = 0.030s, Queue delay = 0.009s, MTU = 1200
 summary  26.0  Transmit rate =  9389kbps, PLR =  0.00%( 0.00%), CE =  0.03%( 0.04%)[ 0.0%, 100.0%,  0.0%,  0.0%], RTT = 0.031s, Queue delay = 0.010s, MTU = 1200
 summary  28.0  Transmit rate =  9131kbps, PLR =  0.00%( 0.00%), CE =  0.03%( 0.04%)[ 0.0%, 100.0%,  0.0%,  0.0%], RTT = 0.030s, Queue delay = 0.008s, MTU = 1200

======================== Summary ==========================
 Bitrate min/max/avg [kbps]          :  4171/11988/ 8722
 RTT     min/max/avg [s]             : 0.027/0.049/0.030
 Queue delay max/avg [s]             : 0.039/0.009
 Packet loss avg [%]                 : 0.000
 ECN/L4S NotECT/ECT(0)/ECT(1)/CE [%] :  0.0/100.0/ 0.0/ 0.0
===========================================================
