Listen on port 5338 to receive RTCP from decoder 
Scream sender started! 
 summary   2.0  Transmit rate =  4965kbps, PLR =  0.00%( 0.00%), CE =  0.03%( 0.07%)[ 0.0%, 99.9%,  0.0%,  0.1%], RTT = 0.038s, Queue delay = 0.004s, MTU = 1200
 summary   4.0  Transmit rate =  7087kbps, PLR =  0.00%( 0.00%), CE =  0.03%( 0.03%)[ 0.0%, 100.0%,  0.0%,  0.0%], RTT = 0.035s, Queue delay = 0.007s, MTU = 1200
 summary   6.0  Transmit rate =  7632kbps, PLR =  0.00%( 0.00%), CE =  0.09%( 0.06%)[ 0.0%, 99.9%,  0.0%,  0.1%], RTT = 0.032s, Queue delay = 0.008s, MTU = 1200
 summary   8.0  Transmit rate =  8174kbps, PLR =  0.00%( 0.00%), CE =  0.10%( 0.06%)[ 0.0%, 99.9%,  0.0%,  0.1%], RTT = 0.031s, Queue delay = 0.008s, MTU = 1200
 summary  10.0  Transmit rate =  8134kbps, PLR =  0.00%( 0.00%), CE =  0.13%( 0.06%)[ 0.0%, 99.9%,  0.0%,  0.1%], RTT = 0.030s, Queue delay = 0.008s, MTU = 1200
 summary  12.0  Transmit rate =  8474kbps, PLR =  0.00%( 0.00%), CE =  0.09%( 0.06%)[ 0.0%, 99.9%,  0.0%,  0.1%], RTT = 0.030s, Queue delay = 0.009s, MTU = 1200
 summary  14.0  Transmit rate =  8592kbps, PLR =  0.00%( 0.00%), CE =  0.04%( 0.05%)[ 0.0%, 100.0%,  0.0%,  0.0%], RTT = 0.029s, Queue delay = 0.008s, MTU = 1200
 summary  16.0  Transmit rate =  8647kbps, PLR =  0.00%( 0.00%), CE =  0.06%( 0.05%)[ 0.0%, 100.0%,  0.0%,  0.0%], RTT = 0.030s, Queue delay = 0.009s, MTU = 1200
 summary  18.0  Transmit rate =  8838kbps, PLR =  0.00%( 0.00%), CE =  0.03%( 0.04%)[ 0.0%, 100.0%,  0.0%,  0.0%], RTT = 0.031s, Queue delay = 0.010s, MTU = 1200
 summary  20.0  Transmit rate =  9081kbps, PLR =  0.00%( 0.00%), CE =  0.03%( 0.04%)[ 0.0%, 100.0%,  0.0%,  0.0%], RTT = 0.032s, Queue delay = 0.011s, MTU = 1200
 summary  22.0  Transmit rate =  9360kbps, PLR =  0.00%( 0.00%), CE =  0.00%( 0.04%)[ 0.0%, 100.0%,  0.0%,  0.0%], RTT = 0.032s, Queue delay = 0.011s, MTU = 1200
 summary  24.0  Transmit rate =  9627kbps, PLR =  0.00%( 0.00%), CE =  0.03%( 0.04%)[ 0.0%, 100.0%,  0.0%,  0.0%], RTT = 0.033s, Queue delay = 0.012s, MTU = 1200
 summary  26.0  Transmit rate =  9317kbps, PLR =  0.00%( 0.00%), CE =  0.03%( 0.03%)[ 0.0%, 100.0%,  0.0%,  0.0%], RTT = 0.031s, Queue delay = 0.010s, MTU = 1200
 summary  28.0  Transmit rate =  9392kbps, PLR =  0.00%( 0.00%), CE =  0.03%( 0.03%)[ 0.0%, 100.0%,  0.0%,  0.0%], RTT = 0.031s, Queue delay = 0.010s, MTU = 1200

======================== Summary ==========================
 Bitrate min/max/avg [kbps]          :  4007/12895/ 8785
 RTT     min/max/avg [s]             : 0.026/0.049/0.031
 Queue delay max/avg [s]             : 0.028/0.009
 Packet loss avg [%]                 : 0.000
 ECN/L4S NotECT/ECT(0)/ECT(1)/CE [%] :  0.0/100.0/ 0.0/ 0.0
===========================================================
