Listen on port 5303 to receive RTCP from decoder 
Scream sender started! 
 summary   2.0  Transmit rate =  2230kbps, PLR =  0.00%( 0.00%), CE =  1.51%( 4.84%)[ 0.0%,  0.0%, 95.2%,  4.8%], RTT = 0.036s, Queue delay = 0.001s, MTU = 1200
 summary   4.0  Transmit rate =  1958kbps, PLR =  0.00%( 0.00%), CE =  5.67%( 4.88%)[ 0.0%,  0.0%, 95.0%,  5.0%], RTT = 0.029s, Queue delay = 0.001s, MTU = 1200
 summary   6.0  Transmit rate =  2027kbps, PLR =  0.00%( 0.00%), CE =  7.34%( 5.03%)[ 0.0%,  0.0%, 95.1%,  4.9%], RTT = 0.026s, Queue delay = 0.001s, MTU = 1200
 summary   8.0  Transmit rate =  2467kbps, PLR =  0.00%( 0.00%), CE =  4.66%( 4.02%)[ 0.0%,  0.0%, 96.0%,  4.0%], RTT = 0.024s, Queue delay = 0.001s, MTU = 1200
 summary  10.0  Transmit rate =  2200kbps, PLR =  0.00%( 0.00%), CE =  4.31%( 4.16%)[ 0.0%,  0.0%, 96.0%,  4.0%], RTT = 0.024s, Queue delay = 0.002s, MTU = 1200
 summary  12.0  Transmit rate =  1887kbps, PLR =  0.00%( 0.00%), CE =  4.93%( 4.22%)[ 0.0%,  0.0%, 95.9%,  4.1%], RTT = 0.023s, Queue delay = 0.002s, MTU = 1200
 summary  14.0  Transmit rate =  2067kbps, PLR =  0.00%( 0.00%), CE =  5.34%( 4.01%)[ 0.0%,  0.0%, 96.1%,  3.9%], RTT = 0.023s, Queue delay = 0.002s, MTU = 1200
 summary  16.0  Transmit rate =  2594kbps, PLR =  0.00%( 0.00%), CE =  3.94%( 3.76%)[ 0.0%,  0.0%, 96.3%,  3.7%], RTT = 0.023s, Queue delay = 0.002s, MTU = 1200
 summary  18.0  Transmit rate =  3209kbps, PLR =  0.00%( 0.00%), CE =  3.18%( 3.44%)[ 0.0%,  0.0%, 96.6%,  3.4%], RTT = 0.023s, Queue delay = 0.002s, MTU = 1200
 summary  20.0  Transmit rate =  2628kbps, PLR =  0.00%( 0.00%), CE =  3.28%( 3.46%)[ 0.0%,  0.0%, 96.6%,  3.4%], RTT = 0.023s, Queue delay = 0.002s, MTU = 1200
 summary  22.0  Transmit rate =  2540kbps, PLR =  0.00%( 0.00%), CE =  3.29%( 3.33%)[ 0.0%,  0.0%, 96.8%,  3.2%], RTT = 0.023s, Queue delay = 0.002s, MTU = 1200
 summary  24.0  Transmit rate =  2260kbps, PLR =  0.00%( 0.00%), CE =  4.21%( 3.39%)[ 0.0%,  0.0%, 96.7%,  3.3%], RTT = 0.023s, Queue delay = 0.002s, MTU = 1200
 summary  26.0  Transmit rate =  2110kbps, PLR =  0.00%( 0.00%), CE =  3.59%( 3.38%)[ 0.0%,  0.0%, 96.7%,  3.3%], RTT = 0.023s, Queue delay = 0.002s, MTU = 1200
 summary  28.0  Transmit rate =  2008kbps, PLR =  0.00%( 0.00%), CE =  4.20%( 3.37%)[ 0.0%,  0.0%, 96.7%,  3.3%], RTT = 0.023s, Queue delay = 0.002s, MTU = 1200

======================== Summary ==========================
 Bitrate min/max/avg [kbps]          :   912/ 5751/ 2318
 RTT     min/max/avg [s]             : 0.023/0.049/0.023
 Queue delay max/avg [s]             : 0.004/0.002
 Packet loss avg [%]                 : 0.000
 ECN/L4S NotECT/ECT(0)/ECT(1)/CE [%] :  0.0/ 0.0/96.7/ 3.3
===========================================================
