Listen on port 5315 to receive RTCP from decoder 
Scream sender started! 
 summary   2.0  Transmit rate =  2508kbps, PLR =  0.00%( 0.00%), CE =  0.92%( 2.30%)[ 0.0%,  0.0%, 97.5%,  2.5%], RTT = 0.036s, Queue delay = 0.001s, MTU = 1200
 summary   4.0  Transmit rate =  2246kbps, PLR =  0.00%( 0.00%), CE =  2.56%( 2.82%)[ 0.0%,  0.0%, 97.0%,  3.0%], RTT = 0.029s, Queue delay = 0.001s, MTU = 1200
 summary   6.0  Transmit rate =  2329kbps, PLR =  0.00%( 0.00%), CE =  3.45%( 2.80%)[ 0.0%,  0.0%, 97.1%,  2.9%], RTT = 0.026s, Queue delay = 0.001s, MTU = 1200
 summary   8.0  Transmit rate =  2537kbps, PLR =  0.00%( 0.00%), CE =  3.08%( 2.53%)[ 0.0%,  0.0%, 97.3%,  2.7%], RTT = 0.024s, Queue delay = 0.002s, MTU = 1200
 summary  10.0  Transmit rate =  2530kbps, PLR =  0.00%( 0.00%), CE =  2.13%( 2.37%)[ 0.0%,  0.0%, 97.5%,  2.5%], RTT = 0.024s, Queue delay = 0.002s, MTU = 1200
 summary  12.0  Transmit rate =  2733kbps, PLR =  0.00%( 0.00%), CE =  2.44%( 2.29%)[ 0.0%,  0.0%, 97.6%,  2.4%], RTT = 0.023s, Queue delay = 0.001s, MTU = 1200
 summary  14.0  Transmit rate =  2874kbps, PLR =  0.00%( 0.00%), CE =  2.99%( 2.33%)[ 0.0%,  0.0%, 97.6%,  2.4%], RTT = 0.023s, Queue delay = 0.001s, MTU = 1200
 summary  16.0  Transmit rate =  2377kbps, PLR =  0.00%( 0.00%), CE =  3.00%( 2.40%)[ 0.0%,  0.0%, 97.5%,  2.5%], RTT = 0.023s, Queue delay = 0.002s, MTU = 1200
 summary  18.0  Transmit rate =  2670kbps, PLR =  0.00%( 0.00%), CE =  3.31%( 2.42%)[ 0.0%,  0.0%, 97.5%,  2.5%], RTT = 0.023s, Queue delay = 0.002s, MTU = 1200
 summary  20.0  Transmit rate =  2335kbps, PLR =  0.00%( 0.00%), CE =  3.31%( 2.47%)[ 0.0%,  0.0%, 97.5%,  2.5%], RTT = 0.023s, Queue delay = 0.002s, MTU = 1200
 summary  22.0  Transmit rate =  2075kbps, PLR =  0.00%( 0.00%), CE =  4.42%( 2.59%)[ 0.0%,  0.0%, 97.4%,  2.6%], RTT = 0.023s, Queue delay = 0.002s, MTU = 1200
 summary  24.0  Transmit rate =  2276kbps, PLR =  0.00%( 0.00%), CE =  3.52%( 2.54%)[ 0.0%,  0.0%, 97.4%,  2.6%], RTT = 0.023s, Queue delay = 0.002s, MTU = 1200
 summary  26.0  Transmit rate =  2172kbps, PLR =  0.00%( 0.00%), CE =  2.47%( 2.50%)[ 0.0%,  0.0%, 97.4%,  2.6%], RTT = 0.023s, Queue delay = 0.002s, MTU = 1200
 summary  28.0  Transmit rate =  2769kbps, PLR =  0.00%( 0.00%), CE =  2.35%( 2.48%)[ 0.0%,  0.0%, 97.5%,  2.5%], RTT = 0.023s, Queue delay = 0.002s, MTU = 1200

======================== Summary ==========================
 Bitrate min/max/avg [kbps]          :     0/ 6111/ 2536
 RTT     min/max/avg [s]             : 0.023/0.049/0.023
 Queue delay max/avg [s]             : 0.004/0.002
 Packet loss avg [%]                 : 0.000
 ECN/L4S NotECT/ECT(0)/ECT(1)/CE [%] :  0.0/ 0.0/97.4/ 2.6
===========================================================
