Listen on port 5312 to receive RTCP from decoder 
Scream sender started! 
 summary   2.0  Transmit rate =  4903kbps, PLR =  0.00%( 0.00%), CE =  0.00%( 0.03%)[ 0.0%, 99.9%,  0.0%,  0.1%], RTT = 0.039s, Queue delay = 0.005s, MTU = 1200
 summary   4.0  Transmit rate =  6386kbps, PLR =  0.00%( 0.00%), CE =  0.08%( 0.08%)[ 0.0%, 99.9%,  0.0%,  0.1%], RTT = 0.034s, Queue delay = 0.007s, MTU = 1200
 summary   6.0  Transmit rate =  7760kbps, PLR =  0.00%( 0.00%), CE =  0.08%( 0.05%)[ 0.0%, 99.9%,  0.0%,  0.1%], RTT = 0.032s, Queue delay = 0.008s, MTU = 1200
 summary   8.0  Transmit rate =  8894kbps, PLR =  0.00%( 0.00%), CE =  0.07%( 0.04%)[ 0.0%, 100.0%,  0.0%,  0.0%], RTT = 0.031s, Queue delay = 0.009s, MTU = 1200
 summary  10.0  Transmit rate =  9075kbps, PLR =  0.00%( 0.00%), CE =  0.03%( 0.04%)[ 0.0%, 100.0%,  0.0%,  0.0%], RTT = 0.030s, Queue delay = 0.008s, MTU = 1200
 summary  12.0  Transmit rate =  9293kbps, PLR =  0.00%( 0.00%), CE =  0.03%( 0.03%)[ 0.0%, 100.0%,  0.0%,  0.0%], RTT = 0.031s, Queue delay = 0.009s, MTU = 1200
 summary  14.0  Transmit rate =  8990kbps, PLR =  0.00%( 0.00%), CE =  0.03%( 0.04%)[ 0.0%, 100.0%,  0.0%,  0.0%], RTT = 0.031s, Queue delay = 0.009s, MTU = 1200
 summary  16.0  Transmit rate =  8617kbps, PLR =  0.00%( 0.00%), CE =  0.07%( 0.04%)[ 0.0%, 100.0%,  0.0%,  0.0%], RTT = 0.031s, Queue delay = 0.009s, MTU = 1200
 summary  18.0  Transmit rate =  8052kbps, PLR =  0.00%( 0.00%), CE =  0.10%( 0.05%)[ 0.0%, 99.9%,  0.0%,  0.1%], RTT = 0.030s, Queue delay = 0.008s, MTU = 1200
 summary  20.0  Transmit rate =  7856kbps, PLR =  0.00%( 0.00%), CE =  0.10%( 0.05%)[ 0.0%, 99.9%,  0.0%,  0.1%], RTT = 0.029s, Queue delay = 0.008s, MTU = 1200
 summary  22.0  Transmit rate =  8443kbps, PLR =  0.00%( 0.00%), CE =  0.06%( 0.04%)[ 0.0%, 100.0%,  0.0%,  0.0%], RTT = 0.030s, Queue delay = 0.009s, MTU = 1200
 summary  24.0  Transmit rate =  7691kbps, PLR =  0.00%( 0.00%), CE =  0.07%( 0.05%)[ 0.0%, 99.9%,  0.0%,  0.1%], RTT = 0.029s, Queue delay = 0.007s, MTU = 1200
 summary  26.0  Transmit rate =  7366kbps, PLR =  0.00%( 0.00%), CE =  0.11%( 0.05%)[ 0.0%, 99.9%,  0.0%,  0.1%], RTT = 0.028s, Queue delay = 0.007s, MTU = 1200
 summary  28.0  Transmit rate =  7481kbps, PLR =  0.00%( 0.00%), CE =  0.10%( 0.05%)[ 0.0%, 99.9%,  0.0%,  0.1%], RTT = 0.028s, Queue delay = 0.007s, MTU = 1200

======================== Summary ==========================
 Bitrate min/max/avg [kbps]          :  3758/11730/ 8174
 RTT     min/max/avg [s]             : 0.026/0.049/0.030
 Queue delay max/avg [s]             : 0.028/0.008
 Packet loss avg [%]                 : 0.000
 ECN/L4S NotECT/ECT(0)/ECT(1)/CE [%] :  0.0/99.9/ 0.0/ 0.1
===========================================================
