Listen on port 5333 to receive RTCP from decoder 
Scream sender started! 
 summary   2.0  Transmit rate =  2519kbps, PLR =  0.00%( 0.00%), CE =  1.48%( 3.63%)[ 0.0%,  0.0%, 96.1%,  3.9%], RTT = 0.036s, Queue delay = 0.001s, MTU = 1200
 summary   4.0  Transmit rate =  2711kbps, PLR =  0.00%( 0.00%), CE =  2.64%( 2.93%)[ 0.0%,  0.0%, 96.9%,  3.1%], RTT = 0.029s, Queue delay = 0.001s, MTU = 1200
 summary   6.0  Transmit rate =  2513kbps, PLR =  0.00%( 0.00%), CE =  4.38%( 2.93%)[ 0.0%,  0.0%, 96.9%,  3.1%], RTT = 0.026s, Queue delay = 0.001s, MTU = 1200
 summary   8.0  Transmit rate =  2190kbps, PLR =  0.00%( 0.00%), CE =  4.75%( 3.16%)[ 0.0%,  0.0%, 96.8%,  3.2%], RTT = 0.024s, Queue delay = 0.001s, MTU = 1200
 summary  10.0  Transmit rate =  1957kbps, PLR =  0.00%( 0.00%), CE =  5.67%( 3.20%)[ 0.0%,  0.0%, 96.8%,  3.2%], RTT = 0.024s, Queue delay = 0.001s, MTU = 1200
 summary  12.0  Transmit rate =  2150kbps, PLR =  0.00%( 0.00%), CE =  5.38%( 3.43%)[ 0.0%,  0.0%, 96.6%,  3.4%], RTT = 0.023s, Queue delay = 0.002s, MTU = 1200
 summary  14.0  Transmit rate =  2097kbps, PLR =  0.00%( 0.00%), CE =  4.80%( 3.28%)[ 0.0%,  0.0%, 96.7%,  3.3%], RTT = 0.023s, Queue delay = 0.002s, MTU = 1200
 summary  16.0  Transmit rate =  1988kbps, PLR =  0.00%( 0.00%), CE =  4.02%( 3.27%)[ 0.0%,  0.0%, 96.7%,  3.3%], RTT = 0.023s, Queue delay = 0.002s, MTU = 1200
 summary  18.0  Transmit rate =  1817kbps, PLR =  0.00%( 0.00%), CE =  3.77%( 3.33%)[ 0.0%,  0.0%, 96.6%,  3.4%], RTT = 0.023s, Queue delay = 0.002s, MTU = 1200
 summary  20.0  Transmit rate =  2229kbps, PLR =  0.00%( 0.00%), CE =  4.43%( 3.33%)[ 0.0%,  0.0%, 96.6%,  3.4%], RTT = 0.023s, Queue delay = 0.002s, MTU = 1200
 summary  22.0  Transmit rate =  2025kbps, PLR =  0.00%( 0.00%), CE =  5.33%( 3.39%)[ 0.0%,  0.0%, 96.6%,  3.4%], RTT = 0.023s, Queue delay = 0.002s, MTU = 1200
 summary  24.0  Transmit rate =  2035kbps, PLR =  0.00%( 0.00%), CE =  5.42%( 3.38%)[ 0.0%,  0.0%, 96.6%,  3.4%], RTT = 0.023s, Queue delay = 0.002s, MTU = 1200
 summary  26.0  Transmit rate =  1987kbps, PLR =  0.00%( 0.00%), CE =  5.11%( 3.35%)[ 0.0%,  0.0%, 96.7%,  3.3%], RTT = 0.023s, Queue delay = 0.002s, MTU = 1200
 summary  28.0  Transmit rate =  2054kbps, PLR =  0.00%( 0.00%), CE =  3.99%( 3.31%)[ 0.0%,  0.0%, 96.7%,  3.3%], RTT = 0.023s, Queue delay = 0.001s, MTU = 1200

======================== Summary ==========================
 Bitrate min/max/avg [kbps]          :   871/ 4980/ 2224
 RTT     min/max/avg [s]             : 0.023/0.049/0.023
 Queue delay max/avg [s]             : 0.004/0.002
 Packet loss avg [%]                 : 0.000
 ECN/L4S NotECT/ECT(0)/ECT(1)/CE [%] :  0.0/ 0.0/96.8/ 3.2
===========================================================
