Listen on port 5319 to receive RTCP from decoder 
Scream sender started! 
 summary   2.0  Transmit rate =  2660kbps, PLR =  0.00%( 0.00%), CE =  0.00%( 0.26%)[ 0.0%,  0.0%, 99.6%,  0.4%], RTT = 0.047s, Queue delay = 0.000s, MTU = 1200
 summary   4.0  Transmit rate =  4777kbps, PLR =  0.00%( 0.00%), CE =  0.12%( 0.24%)[ 0.0%,  0.0%, 99.7%,  0.3%], RTT = 0.044s, Queue delay = 0.001s, MTU = 1200
 summary   6.0  Transmit rate =  5008kbps, PLR =  0.00%( 0.00%), CE =  0.40%( 0.37%)[ 0.0%,  0.0%, 99.6%,  0.4%], RTT = 0.043s, Queue delay = 0.001s, MTU = 1200
 summary   8.0  Transmit rate =  4121kbps, PLR =  0.00%( 0.00%), CE =  0.72%( 0.38%)[ 0.0%,  0.0%, 99.6%,  0.4%], RTT = 0.043s, Queue delay = 0.001s, MTU = 1200
 summary  10.0  Transmit rate =  3768kbps, PLR =  0.00%( 0.00%), CE =  1.01%( 0.43%)[ 0.0%,  0.0%, 99.6%,  0.4%], RTT = 0.042s, Queue delay = 0.001s, MTU = 1200
 summary  12.0  Transmit rate =  2958kbps, PLR =  0.00%( 0.00%), CE =  1.48%( 0.60%)[ 0.0%,  0.0%, 99.4%,  0.6%], RTT = 0.042s, Queue delay = 0.001s, MTU = 1200
 summary  14.0  Transmit rate =  3047kbps, PLR =  0.00%( 0.00%), CE =  2.22%( 0.61%)[ 0.0%,  0.0%, 99.3%,  0.7%], RTT = 0.043s, Queue delay = 0.001s, MTU = 1200
 summary  16.0  Transmit rate =  3258kbps, PLR =  0.00%( 0.00%), CE =  2.44%( 0.66%)[ 0.0%,  0.0%, 99.3%,  0.7%], RTT = 0.042s, Queue delay = 0.001s, MTU = 1200
 summary  18.0  Transmit rate =  2950kbps, PLR =  0.00%( 0.00%), CE =  0.96%( 0.67%)[ 0.0%,  0.0%, 99.3%,  0.7%], RTT = 0.042s, Queue delay = 0.001s, MTU = 1200
 summary  20.0  Transmit rate =  3299kbps, PLR =  0.00%( 0.00%), CE =  0.95%( 0.68%)[ 0.0%,  0.0%, 99.3%,  0.7%], RTT = 0.042s, Queue delay = 0.001s, MTU = 1200
 summary  22.0  Transmit rate =  3149kbps, PLR =  0.00%( 0.00%), CE =  0.84%( 0.70%)[ 0.0%,  0.0%, 99.3%,  0.7%], RTT = 0.042s, Queue delay = 0.001s, MTU = 1200
 summary  24.0  Transmit rate =  2858kbps, PLR =  0.00%( 0.00%), CE =  1.15%( 0.71%)[ 0.0%,  0.0%, 99.3%,  0.7%], RTT = 0.042s, Queue delay = 0.001s, MTU = 1200
 summary  26.0  Transmit rate =  2525kbps, PLR =  0.00%( 0.00%), CE =  1.74%( 0.76%)[ 0.0%,  0.0%, 99.2%,  0.8%], RTT = 0.042s, Queue delay = 0.001s, MTU = 1200
 summary  28.0  Transmit rate =  2169kbps, PLR =  0.00%( 0.00%), CE =  2.23%( 0.83%)[ 0.0%,  0.0%, 99.1%,  0.9%], RTT = 0.042s, Queue delay = 0.001s, MTU = 1200

======================== Summary ==========================
 Bitrate min/max/avg [kbps]          :   861/ 6901/ 3277
 RTT     min/max/avg [s]             : 0.042/0.050/0.042
 Queue delay max/avg [s]             : 0.002/0.001
 Packet loss avg [%]                 : 0.000
 ECN/L4S NotECT/ECT(0)/ECT(1)/CE [%] :  0.0/ 0.0/99.1/ 0.9
===========================================================
