Listen on port 5331 to receive RTCP from decoder 
Scream sender started! 
 summary   2.0  Transmit rate =  2292kbps, PLR =  0.00%( 0.00%), CE =  0.05%( 0.49%)[ 0.0%,  0.0%, 99.4%,  0.6%], RTT = 0.047s, Queue delay = 0.001s, MTU = 1200
 summary   4.0  Transmit rate =  5507kbps, PLR =  0.00%( 0.00%), CE =  0.23%( 0.44%)[ 0.0%,  0.0%, 99.5%,  0.5%], RTT = 0.044s, Queue delay = 0.001s, MTU = 1200
 summary   6.0  Transmit rate =  4110kbps, PLR =  0.00%( 0.00%), CE =  1.12%( 0.67%)[ 0.0%,  0.0%, 99.3%,  0.7%], RTT = 0.043s, Queue delay = 0.001s, MTU = 1200
 summary   8.0  Transmit rate =  2733kbps, PLR =  0.00%( 0.00%), CE =  1.84%( 0.77%)[ 0.0%,  0.0%, 99.2%,  0.8%], RTT = 0.043s, Queue delay = 0.001s, MTU = 1200
 summary  10.0  Transmit rate =  2400kbps, PLR =  0.00%( 0.00%), CE =  2.22%( 0.87%)[ 0.0%,  0.0%, 99.1%,  0.9%], RTT = 0.043s, Queue delay = 0.001s, MTU = 1200
 summary  12.0  Transmit rate =  2712kbps, PLR =  0.00%( 0.00%), CE =  1.69%( 0.89%)[ 0.0%,  0.0%, 99.0%,  1.0%], RTT = 0.042s, Queue delay = 0.001s, MTU = 1200
 summary  14.0  Transmit rate =  3141kbps, PLR =  0.00%( 0.00%), CE =  0.96%( 0.81%)[ 0.0%,  0.0%, 99.1%,  0.9%], RTT = 0.042s, Queue delay = 0.001s, MTU = 1200
 summary  16.0  Transmit rate =  3566kbps, PLR =  0.00%( 0.00%), CE =  0.85%( 0.81%)[ 0.0%,  0.0%, 99.2%,  0.8%], RTT = 0.042s, Queue delay = 0.001s, MTU = 1200
 summary  18.0  Transmit rate =  3003kbps, PLR =  0.00%( 0.00%), CE =  0.85%( 0.78%)[ 0.0%,  0.0%, 99.2%,  0.8%], RTT = 0.042s, Queue delay = 0.001s, MTU = 1200
 summary  20.0  Transmit rate =  3471kbps, PLR =  0.00%( 0.00%), CE =  1.17%( 0.78%)[ 0.0%,  0.0%, 99.2%,  0.8%], RTT = 0.042s, Queue delay = 0.001s, MTU = 1200
 summary  22.0  Transmit rate =  2971kbps, PLR =  0.00%( 0.00%), CE =  1.03%( 0.79%)[ 0.0%,  0.0%, 99.2%,  0.8%], RTT = 0.042s, Queue delay = 0.001s, MTU = 1200
 summary  24.0  Transmit rate =  3008kbps, PLR =  0.00%( 0.00%), CE =  0.89%( 0.76%)[ 0.0%,  0.0%, 99.2%,  0.8%], RTT = 0.042s, Queue delay = 0.001s, MTU = 1200
 summary  26.0  Transmit rate =  3435kbps, PLR =  0.00%( 0.00%), CE =  0.98%( 0.79%)[ 0.0%,  0.0%, 99.2%,  0.8%], RTT = 0.042s, Queue delay = 0.001s, MTU = 1200
 summary  28.0  Transmit rate =  2906kbps, PLR =  0.00%( 0.00%), CE =  1.19%( 0.81%)[ 0.0%,  0.0%, 99.2%,  0.8%], RTT = 0.042s, Queue delay = 0.001s, MTU = 1200

======================== Summary ==========================
 Bitrate min/max/avg [kbps]          :  1006/ 6680/ 3388
 RTT     min/max/avg [s]             : 0.042/0.050/0.042
 Queue delay max/avg [s]             : 0.002/0.001
 Packet loss avg [%]                 : 0.000
 ECN/L4S NotECT/ECT(0)/ECT(1)/CE [%] :  0.0/ 0.0/99.2/ 0.8
===========================================================
