Listen on port 5311 to receive RTCP from decoder 
Scream sender started! 
 summary   2.0  Transmit rate =  2452kbps, PLR =  0.00%( 0.00%), CE =  0.00%( 0.44%)[ 0.0%,  0.0%, 99.4%,  0.6%], RTT = 0.047s, Queue delay = 0.000s, MTU = 1200
 summary   4.0  Transmit rate =  5747kbps, PLR =  0.00%( 0.00%), CE =  0.06%( 0.25%)[ 0.0%,  0.0%, 99.7%,  0.3%], RTT = 0.044s, Queue delay = 0.001s, MTU = 1200
 summary   6.0  Transmit rate =  4838kbps, PLR =  0.00%( 0.00%), CE =  0.63%( 0.52%)[ 0.0%,  0.0%, 99.5%,  0.5%], RTT = 0.043s, Queue delay = 0.001s, MTU = 1200
 summary   8.0  Transmit rate =  3600kbps, PLR =  0.00%( 0.00%), CE =  1.43%( 0.68%)[ 0.0%,  0.0%, 99.3%,  0.7%], RTT = 0.043s, Queue delay = 0.001s, MTU = 1200
 summary  10.0  Transmit rate =  2885kbps, PLR =  0.00%( 0.00%), CE =  1.77%( 0.74%)[ 0.0%,  0.0%, 99.3%,  0.7%], RTT = 0.043s, Queue delay = 0.001s, MTU = 1200
 summary  12.0  Transmit rate =  2455kbps, PLR =  0.00%( 0.00%), CE =  2.13%( 0.83%)[ 0.0%,  0.0%, 99.2%,  0.8%], RTT = 0.043s, Queue delay = 0.001s, MTU = 1200
 summary  14.0  Transmit rate =  2166kbps, PLR =  0.00%( 0.00%), CE =  1.66%( 0.86%)[ 0.0%,  0.0%, 99.2%,  0.8%], RTT = 0.043s, Queue delay = 0.001s, MTU = 1200
 summary  16.0  Transmit rate =  3008kbps, PLR =  0.00%( 0.00%), CE =  1.17%( 0.80%)[ 0.0%,  0.0%, 99.2%,  0.8%], RTT = 0.043s, Queue delay = 0.001s, MTU = 1200
 summary  18.0  Transmit rate =  3163kbps, PLR =  0.00%( 0.00%), CE =  0.95%( 0.81%)[ 0.0%,  0.0%, 99.2%,  0.8%], RTT = 0.042s, Queue delay = 0.001s, MTU = 1200
 summary  20.0  Transmit rate =  2906kbps, PLR =  0.00%( 0.00%), CE =  0.99%( 0.81%)[ 0.0%,  0.0%, 99.2%,  0.8%], RTT = 0.042s, Queue delay = 0.001s, MTU = 1200
 summary  22.0  Transmit rate =  2937kbps, PLR =  0.00%( 0.00%), CE =  1.15%( 0.80%)[ 0.0%,  0.0%, 99.2%,  0.8%], RTT = 0.042s, Queue delay = 0.001s, MTU = 1200
 summary  24.0  Transmit rate =  2986kbps, PLR =  0.00%( 0.00%), CE =  0.78%( 0.78%)[ 0.0%,  0.0%, 99.2%,  0.8%], RTT = 0.042s, Queue delay = 0.001s, MTU = 1200
 summary  26.0  Transmit rate =  2883kbps, PLR =  0.00%( 0.00%), CE =  0.85%( 0.78%)[ 0.0%,  0.0%, 99.2%,  0.8%], RTT = 0.042s, Queue delay = 0.001s, MTU = 1200
 summary  28.0  Transmit rate =  2652kbps, PLR =  0.00%( 0.00%), CE =  1.08%( 0.80%)[ 0.0%,  0.0%, 99.2%,  0.8%], RTT = 0.042s, Queue delay = 0.001s, MTU = 1200

======================== Summary ==========================
 Bitrate min/max/avg [kbps]          :  1066/ 5037/ 3197
 RTT     min/max/avg [s]             : 0.042/0.050/0.042
 Queue delay max/avg [s]             : 0.003/0.001
 Packet loss avg [%]                 : 0.000
 ECN/L4S NotECT/ECT(0)/ECT(1)/CE [%] :  0.0/ 0.0/99.2/ 0.8
===========================================================
