Listen on port 5339 to receive RTCP from decoder 
Scream sender started! 
 summary   2.0  Transmit rate =  2072kbps, PLR =  0.00%( 0.00%), CE =  0.08%( 0.59%)[ 0.0%,  0.0%, 99.1%,  0.9%], RTT = 0.047s, Queue delay = 0.000s, MTU = 1200
 summary   4.0  Transmit rate =  3181kbps, PLR =  0.00%( 0.00%), CE =  0.15%( 0.32%)[ 0.0%,  0.0%, 99.5%,  0.5%], RTT = 0.044s, Queue delay = 0.001s, MTU = 1200
 summary   6.0  Transmit rate =  3074kbps, PLR =  0.00%( 0.00%), CE =  0.60%( 0.52%)[ 0.0%,  0.0%, 99.4%,  0.6%], RTT = 0.043s, Queue delay = 0.001s, MTU = 1200
 summary   8.0  Transmit rate =  3457kbps, PLR =  0.00%( 0.00%), CE =  0.67%( 0.56%)[ 0.0%,  0.0%, 99.4%,  0.6%], RTT = 0.043s, Queue delay = 0.001s, MTU = 1200
 summary  10.0  Transmit rate =  2874kbps, PLR =  0.00%( 0.00%), CE =  1.39%( 0.72%)[ 0.0%,  0.0%, 99.2%,  0.8%], RTT = 0.042s, Queue delay = 0.001s, MTU = 1200
 summary  12.0  Transmit rate =  2303kbps, PLR =  0.00%( 0.00%), CE =  1.92%( 0.81%)[ 0.0%,  0.0%, 99.1%,  0.9%], RTT = 0.043s, Queue delay = 0.001s, MTU = 1200
 summary  14.0  Transmit rate =  2198kbps, PLR =  0.00%( 0.00%), CE =  2.06%( 0.89%)[ 0.0%,  0.0%, 99.1%,  0.9%], RTT = 0.043s, Queue delay = 0.001s, MTU = 1200
 summary  16.0  Transmit rate =  2072kbps, PLR =  0.00%( 0.00%), CE =  1.57%( 0.93%)[ 0.0%,  0.0%, 99.0%,  1.0%], RTT = 0.043s, Queue delay = 0.001s, MTU = 1200
 summary  18.0  Transmit rate =  1886kbps, PLR =  0.00%( 0.00%), CE =  2.09%( 1.04%)[ 0.0%,  0.0%, 99.0%,  1.0%], RTT = 0.043s, Queue delay = 0.001s, MTU = 1200
 summary  20.0  Transmit rate =  2087kbps, PLR =  0.00%( 0.00%), CE =  2.60%( 1.08%)[ 0.0%,  0.0%, 98.9%,  1.1%], RTT = 0.043s, Queue delay = 0.001s, MTU = 1200
 summary  22.0  Transmit rate =  2492kbps, PLR =  0.00%( 0.00%), CE =  2.63%( 1.10%)[ 0.0%,  0.0%, 98.9%,  1.1%], RTT = 0.043s, Queue delay = 0.001s, MTU = 1200
 summary  24.0  Transmit rate =  2165kbps, PLR =  0.00%( 0.00%), CE =  1.74%( 1.18%)[ 0.0%,  0.0%, 98.8%,  1.2%], RTT = 0.042s, Queue delay = 0.001s, MTU = 1200
 summary  26.0  Transmit rate =  2231kbps, PLR =  0.00%( 0.00%), CE =  1.94%( 1.15%)[ 0.0%,  0.0%, 98.8%,  1.2%], RTT = 0.043s, Queue delay = 0.001s, MTU = 1200
 summary  28.0  Transmit rate =  2925kbps, PLR =  0.00%( 0.00%), CE =  1.34%( 1.09%)[ 0.0%,  0.0%, 98.9%,  1.1%], RTT = 0.042s, Queue delay = 0.001s, MTU = 1200

======================== Summary ==========================
 Bitrate min/max/avg [kbps]          :   888/ 6015/ 2582
 RTT     min/max/avg [s]             : 0.042/0.050/0.043
 Queue delay max/avg [s]             : 0.003/0.001
 Packet loss avg [%]                 : 0.000
 ECN/L4S NotECT/ECT(0)/ECT(1)/CE [%] :  0.0/ 0.0/98.9/ 1.1
===========================================================
