Listen on port 5321 to receive RTCP from decoder 
Scream sender started! 
 summary   2.0  Transmit rate =  2630kbps, PLR =  0.00%( 0.00%), CE =  0.00%( 0.26%)[ 0.0%,  0.0%, 99.6%,  0.4%], RTT = 0.047s, Queue delay = 0.000s, MTU = 1200
 summary   4.0  Transmit rate =  5444kbps, PLR =  0.00%( 0.00%), CE =  0.25%( 0.49%)[ 0.0%,  0.0%, 99.5%,  0.5%], RTT = 0.044s, Queue delay = 0.001s, MTU = 1200
 summary   6.0  Transmit rate =  4849kbps, PLR =  0.00%( 0.00%), CE =  0.48%( 0.53%)[ 0.0%,  0.0%, 99.4%,  0.6%], RTT = 0.043s, Queue delay = 0.001s, MTU = 1200
 summary   8.0  Transmit rate =  4131kbps, PLR =  0.00%( 0.00%), CE =  0.82%( 0.56%)[ 0.0%,  0.0%, 99.4%,  0.6%], RTT = 0.043s, Queue delay = 0.001s, MTU = 1200
 summary  10.0  Transmit rate =  3796kbps, PLR =  0.00%( 0.00%), CE =  0.70%( 0.53%)[ 0.0%,  0.0%, 99.5%,  0.5%], RTT = 0.042s, Queue delay = 0.001s, MTU = 1200
 summary  12.0  Transmit rate =  3404kbps, PLR =  0.00%( 0.00%), CE =  0.79%( 0.58%)[ 0.0%,  0.0%, 99.4%,  0.6%], RTT = 0.042s, Queue delay = 0.001s, MTU = 1200
 summary  14.0  Transmit rate =  2954kbps, PLR =  0.00%( 0.00%), CE =  1.18%( 0.63%)[ 0.0%,  0.0%, 99.4%,  0.6%], RTT = 0.042s, Queue delay = 0.001s, MTU = 1200
 summary  16.0  Transmit rate =  2810kbps, PLR =  0.00%( 0.00%), CE =  1.17%( 0.62%)[ 0.0%,  0.0%, 99.4%,  0.6%], RTT = 0.042s, Queue delay = 0.001s, MTU = 1200
 summary  18.0  Transmit rate =  3985kbps, PLR =  0.00%( 0.00%), CE =  0.74%( 0.61%)[ 0.0%,  0.0%, 99.4%,  0.6%], RTT = 0.042s, Queue delay = 0.001s, MTU = 1200
 summary  20.0  Transmit rate =  3180kbps, PLR =  0.00%( 0.00%), CE =  1.09%( 0.66%)[ 0.0%,  0.0%, 99.4%,  0.6%], RTT = 0.042s, Queue delay = 0.001s, MTU = 1200
 summary  22.0  Transmit rate =  2575kbps, PLR =  0.00%( 0.00%), CE =  1.50%( 0.67%)[ 0.0%,  0.0%, 99.3%,  0.7%], RTT = 0.042s, Queue delay = 0.001s, MTU = 1200
 summary  24.0  Transmit rate =  3103kbps, PLR =  0.00%( 0.00%), CE =  1.39%( 0.69%)[ 0.0%,  0.0%, 99.3%,  0.7%], RTT = 0.042s, Queue delay = 0.001s, MTU = 1200
 summary  26.0  Transmit rate =  2614kbps, PLR =  0.00%( 0.00%), CE =  1.78%( 0.71%)[ 0.0%,  0.0%, 99.3%,  0.7%], RTT = 0.042s, Queue delay = 0.001s, MTU = 1200
 summary  28.0  Transmit rate =  2890kbps, PLR =  0.00%( 0.00%), CE =  1.64%( 0.73%)[ 0.0%,  0.0%, 99.3%,  0.7%], RTT = 0.042s, Queue delay = 0.001s, MTU = 1200

======================== Summary ==========================
 Bitrate min/max/avg [kbps]          :  1178/ 8300/ 3502
 RTT     min/max/avg [s]             : 0.042/0.050/0.042
 Queue delay max/avg [s]             : 0.002/0.001
 Packet loss avg [%]                 : 0.000
 ECN/L4S NotECT/ECT(0)/ECT(1)/CE [%] :  0.0/ 0.0/99.2/ 0.8
===========================================================
