Listen on port 5337 to receive RTCP from decoder 
Scream sender started! 
 summary   2.0  Transmit rate =  2678kbps, PLR =  0.00%( 0.00%), CE =  0.00%( 0.26%)[ 0.0%,  0.0%, 99.6%,  0.4%], RTT = 0.047s, Queue delay = 0.000s, MTU = 1200
 summary   4.0  Transmit rate =  5218kbps, PLR =  0.00%( 0.00%), CE =  0.31%( 0.43%)[ 0.0%,  0.0%, 99.5%,  0.5%], RTT = 0.044s, Queue delay = 0.001s, MTU = 1200
 summary   6.0  Transmit rate =  4284kbps, PLR =  0.00%( 0.00%), CE =  1.30%( 0.69%)[ 0.0%,  0.0%, 99.3%,  0.7%], RTT = 0.043s, Queue delay = 0.001s, MTU = 1200
 summary   8.0  Transmit rate =  3154kbps, PLR =  0.00%( 0.00%), CE =  2.40%( 0.86%)[ 0.0%,  0.0%, 99.1%,  0.9%], RTT = 0.043s, Queue delay = 0.001s, MTU = 1200
 summary  10.0  Transmit rate =  2796kbps, PLR =  0.00%( 0.00%), CE =  2.37%( 0.87%)[ 0.0%,  0.0%, 99.1%,  0.9%], RTT = 0.043s, Queue delay = 0.001s, MTU = 1200
 summary  12.0  Transmit rate =  2879kbps, PLR =  0.00%( 0.00%), CE =  1.30%( 0.91%)[ 0.0%,  0.0%, 99.1%,  0.9%], RTT = 0.042s, Queue delay = 0.001s, MTU = 1200
 summary  14.0  Transmit rate =  2535kbps, PLR =  0.00%( 0.00%), CE =  1.45%( 0.96%)[ 0.0%,  0.0%, 99.0%,  1.0%], RTT = 0.042s, Queue delay = 0.001s, MTU = 1200
 summary  16.0  Transmit rate =  2405kbps, PLR =  0.00%( 0.00%), CE =  1.51%( 0.94%)[ 0.0%,  0.0%, 99.0%,  1.0%], RTT = 0.042s, Queue delay = 0.001s, MTU = 1200
 summary  18.0  Transmit rate =  2531kbps, PLR =  0.00%( 0.00%), CE =  1.36%( 0.93%)[ 0.0%,  0.0%, 99.1%,  0.9%], RTT = 0.042s, Queue delay = 0.001s, MTU = 1200
 summary  20.0  Transmit rate =  2679kbps, PLR =  0.00%( 0.00%), CE =  0.98%( 0.93%)[ 0.0%,  0.0%, 99.1%,  0.9%], RTT = 0.042s, Queue delay = 0.001s, MTU = 1200
 summary  22.0  Transmit rate =  2542kbps, PLR =  0.00%( 0.00%), CE =  1.00%( 0.93%)[ 0.0%,  0.0%, 99.1%,  0.9%], RTT = 0.042s, Queue delay = 0.001s, MTU = 1200
 summary  24.0  Transmit rate =  2463kbps, PLR =  0.00%( 0.00%), CE =  1.21%( 0.94%)[ 0.0%,  0.0%, 99.1%,  0.9%], RTT = 0.042s, Queue delay = 0.001s, MTU = 1200
 summary  26.0  Transmit rate =  2470kbps, PLR =  0.00%( 0.00%), CE =  1.05%( 0.93%)[ 0.0%,  0.0%, 99.1%,  0.9%], RTT = 0.042s, Queue delay = 0.001s, MTU = 1200
 summary  28.0  Transmit rate =  3308kbps, PLR =  0.00%( 0.00%), CE =  1.13%( 0.91%)[ 0.0%,  0.0%, 99.1%,  0.9%], RTT = 0.042s, Queue delay = 0.001s, MTU = 1200

======================== Summary ==========================
 Bitrate min/max/avg [kbps]          :  1071/ 5693/ 3136
 RTT     min/max/avg [s]             : 0.042/0.050/0.042
 Queue delay max/avg [s]             : 0.002/0.001
 Packet loss avg [%]                 : 0.000
 ECN/L4S NotECT/ECT(0)/ECT(1)/CE [%] :  0.0/ 0.0/99.1/ 0.9
===========================================================
