Listen on port 5308 to receive RTCP from decoder 
Scream sender started! 
 summary   2.0  Transmit rate =  6109kbps, PLR =  0.00%( 0.00%), CE =  0.02%( 0.06%)[ 0.0%, 99.9%,  0.0%,  0.1%], RTT = 0.038s, Queue delay = 0.004s, MTU = 1200
 summary   4.0  Transmit rate =  9247kbps, PLR =  0.00%( 0.00%), CE =  0.02%( 0.02%)[ 0.0%, 100.0%,  0.0%,  0.0%], RTT = 0.034s, Queue delay = 0.007s, MTU = 1200
 summary   6.0  Transmit rate = 10348kbps, PLR =  0.00%( 0.00%), CE =  0.04%( 0.03%)[ 0.0%, 100.0%,  0.0%,  0.0%], RTT = 0.031s, Queue delay = 0.007s, MTU = 1200
 summary   8.0  Transmit rate = 10324kbps, PLR =  0.00%( 0.00%), CE =  0.09%( 0.05%)[ 0.0%, 100.0%,  0.0%,  0.0%], RTT = 0.029s, Queue delay = 0.007s, MTU = 1200
 summary  10.0  Transmit rate = 11098kbps, PLR =  0.00%( 0.00%), CE =  0.07%( 0.04%)[ 0.0%, 100.0%,  0.0%,  0.0%], RTT = 0.029s, Queue delay = 0.008s, MTU = 1200
 summary  12.0  Transmit rate = 11086kbps, PLR =  0.00%( 0.00%), CE =  0.08%( 0.04%)[ 0.0%, 100.0%,  0.0%,  0.0%], RTT = 0.030s, Queue delay = 0.008s, MTU = 1200
 summary  14.0  Transmit rate = 11455kbps, PLR =  0.00%( 0.00%), CE =  0.02%( 0.03%)[ 0.0%, 100.0%,  0.0%,  0.0%], RTT = 0.030s, Queue delay = 0.009s, MTU = 1200
 summary  16.0  Transmit rate = 11333kbps, PLR =  0.00%( 0.00%), CE =  0.02%( 0.03%)[ 0.0%, 100.0%,  0.0%,  0.0%], RTT = 0.030s, Queue delay = 0.009s, MTU = 1200
 summary  18.0  Transmit rate = 11291kbps, PLR =  0.00%( 0.00%), CE =  0.00%( 0.03%)[ 0.0%, 100.0%,  0.0%,  0.0%], RTT = 0.031s, Queue delay = 0.009s, MTU = 1200
 summary  20.0  Transmit rate = 11427kbps, PLR =  0.00%( 0.00%), CE =  0.02%( 0.03%)[ 0.0%, 100.0%,  0.0%,  0.0%], RTT = 0.030s, Queue delay = 0.009s, MTU = 1200
 summary  22.0  Transmit rate = 11305kbps, PLR =  0.00%( 0.00%), CE =  0.04%( 0.03%)[ 0.0%, 100.0%,  0.0%,  0.0%], RTT = 0.030s, Queue delay = 0.009s, MTU = 1200
 summary  24.0  Transmit rate = 11528kbps, PLR =  0.00%( 0.00%), CE =  0.02%( 0.03%)[ 0.0%, 100.0%,  0.0%,  0.0%], RTT = 0.030s, Queue delay = 0.009s, MTU = 1200
 summary  26.0  Transmit rate = 11397kbps, PLR =  0.00%( 0.00%), CE =  0.06%( 0.03%)[ 0.0%, 100.0%,  0.0%,  0.0%], RTT = 0.030s, Queue delay = 0.009s, MTU = 1200
 summary  28.0  Transmit rate = 11356kbps, PLR =  0.00%( 0.00%), CE =  0.06%( 0.03%)[ 0.0%, 100.0%,  0.0%,  0.0%], RTT = 0.029s, Queue delay = 0.008s, MTU = 1200

======================== Summary ==========================
 Bitrate min/max/avg [kbps]          :     0/14148/11013
 RTT     min/max/avg [s]             : 0.025/0.049/0.030
 Queue delay max/avg [s]             : 0.022/0.009
 Packet loss avg [%]                 : 0.000
 ECN/L4S NotECT/ECT(0)/ECT(1)/CE [%] :  0.0/100.0/ 0.0/ 0.0
===========================================================
