Listen on port 5336 to receive RTCP from decoder 
Scream sender started! 
 summary   2.0  Transmit rate =  6467kbps, PLR =  0.00%( 0.00%), CE =  0.00%( 0.00%)[ 0.0%, 100.0%,  0.0%,  0.0%], RTT = 0.039s, Queue delay = 0.006s, MTU = 1200
 summary   4.0  Transmit rate =  9197kbps, PLR =  0.00%( 0.00%), CE =  0.02%( 0.02%)[ 0.0%, 100.0%,  0.0%,  0.0%], RTT = 0.035s, Queue delay = 0.009s, MTU = 1200
 summary   6.0  Transmit rate = 10337kbps, PLR =  0.00%( 0.00%), CE =  0.04%( 0.03%)[ 0.0%, 100.0%,  0.0%,  0.0%], RTT = 0.032s, Queue delay = 0.009s, MTU = 1200
 summary   8.0  Transmit rate = 10796kbps, PLR =  0.00%( 0.00%), CE =  0.04%( 0.03%)[ 0.0%, 100.0%,  0.0%,  0.0%], RTT = 0.033s, Queue delay = 0.011s, MTU = 1200
 summary  10.0  Transmit rate = 10769kbps, PLR =  0.00%( 0.00%), CE =  0.05%( 0.04%)[ 0.0%, 100.0%,  0.0%,  0.0%], RTT = 0.030s, Queue delay = 0.008s, MTU = 1200
 summary  12.0  Transmit rate = 11276kbps, PLR =  0.00%( 0.00%), CE =  0.05%( 0.03%)[ 0.0%, 100.0%,  0.0%,  0.0%], RTT = 0.031s, Queue delay = 0.010s, MTU = 1200
 summary  14.0  Transmit rate = 11150kbps, PLR =  0.00%( 0.00%), CE =  0.05%( 0.03%)[ 0.0%, 100.0%,  0.0%,  0.0%], RTT = 0.031s, Queue delay = 0.009s, MTU = 1200
 summary  16.0  Transmit rate = 11449kbps, PLR =  0.00%( 0.00%), CE =  0.02%( 0.03%)[ 0.0%, 100.0%,  0.0%,  0.0%], RTT = 0.030s, Queue delay = 0.009s, MTU = 1200
 summary  18.0  Transmit rate = 11225kbps, PLR =  0.00%( 0.00%), CE =  0.04%( 0.03%)[ 0.0%, 100.0%,  0.0%,  0.0%], RTT = 0.030s, Queue delay = 0.008s, MTU = 1200
 summary  20.0  Transmit rate = 11490kbps, PLR =  0.00%( 0.00%), CE =  0.02%( 0.03%)[ 0.0%, 100.0%,  0.0%,  0.0%], RTT = 0.031s, Queue delay = 0.010s, MTU = 1200
 summary  22.0  Transmit rate = 11291kbps, PLR =  0.00%( 0.00%), CE =  0.04%( 0.03%)[ 0.0%, 100.0%,  0.0%,  0.0%], RTT = 0.032s, Queue delay = 0.010s, MTU = 1200
 summary  24.0  Transmit rate = 11482kbps, PLR =  0.00%( 0.00%), CE =  0.03%( 0.03%)[ 0.0%, 100.0%,  0.0%,  0.0%], RTT = 0.030s, Queue delay = 0.009s, MTU = 1200
 summary  26.0  Transmit rate = 11381kbps, PLR =  0.00%( 0.00%), CE =  0.05%( 0.03%)[ 0.0%, 100.0%,  0.0%,  0.0%], RTT = 0.030s, Queue delay = 0.009s, MTU = 1200
 summary  28.0  Transmit rate = 11257kbps, PLR =  0.00%( 0.00%), CE =  0.05%( 0.03%)[ 0.0%, 100.0%,  0.0%,  0.0%], RTT = 0.030s, Queue delay = 0.008s, MTU = 1200

======================== Summary ==========================
 Bitrate min/max/avg [kbps]          :     0/14470/10982
 RTT     min/max/avg [s]             : 0.025/0.049/0.031
 Queue delay max/avg [s]             : 0.027/0.009
 Packet loss avg [%]                 : 0.000
 ECN/L4S NotECT/ECT(0)/ECT(1)/CE [%] :  0.0/100.0/ 0.0/ 0.0
===========================================================
