socket set to IP_RECVTOS
socket SO_RCVBUF set to 20971520
Listen on port 8080 to receive RTP from sender 
.
.
Packet(s) lost or reordered : 14235 was received, previous rcvd is 14191 
Packet(s) lost or reordered : 14687 was received, previous rcvd is 14597 
Packet(s) lost or reordered : 15141 was received, previous rcvd is 15102 
Packet(s) lost or reordered : 15598 was received, previous rcvd is 15556 
Packet(s) lost or reordered : 15989 was received, previous rcvd is 15961 
Packet(s) lost or reordered : 16057 was received, previous rcvd is 16014 
Packet(s) lost or reordered : 16517 was received, previous rcvd is 16472 
Packet(s) lost or reordered : 16979 was received, previous rcvd is 16906 
Packet(s) lost or reordered : 17443 was received, previous rcvd is 17368 
Packet(s) lost or reordered : 17909 was received, previous rcvd is 17858 
Packet(s) lost or reordered : 18377 was received, previous rcvd is 18298 
Packet(s) lost or reordered : 18847 was received, previous rcvd is 18780 
Packet(s) lost or reordered : 19242 was received, previous rcvd is 19224 
Packet(s) lost or reordered : 19319 was received, previous rcvd is 19268 
Packet(s) lost or reordered : 19793 was received, previous rcvd is 19696 
Packet(s) lost or reordered : 20269 was received, previous rcvd is 20197 
Packet(s) lost or reordered : 20747 was received, previous rcvd is 20673 
Packet(s) lost or reordered : 21227 was received, previous rcvd is 21151 
Packet(s) lost or reordered : 21708 was received, previous rcvd is 21604 
Packet(s) lost or reordered : 22191 was received, previous rcvd is 22112 
Packet(s) lost or reordered : 22677 was received, previous rcvd is 22595 
Packet(s) lost or reordered : 23165 was received, previous rcvd is 23066 
Packet(s) lost or reordered : 23654 was received, previous rcvd is 23584 
Packet(s) lost or reordered : 24145 was received, previous rcvd is 24045 
Packet(s) lost or reordered : 24638 was received, previous rcvd is 24536 
Packet(s) lost or reordered : 25133 was received, previous rcvd is 25029 
Packet(s) lost or reordered : 25630 was received, previous rcvd is 25524 
Packet(s) lost or reordered : 26129 was received, previous rcvd is 26049 
Packet(s) lost or reordered : 26629 was received, previous rcvd is 26492 
Packet(s) lost or reordered : 27131 was received, previous rcvd is 27048 
Packet(s) lost or reordered : 27636 was received, previous rcvd is 27522 
Packet(s) lost or reordered : 28142 was received, previous rcvd is 28039 
Packet(s) lost or reordered : 28650 was received, previous rcvd is 28547 
Packet(s) lost or reordered : 29150 was received, previous rcvd is 29026 
Packet(s) lost or reordered : 29154 was received, previous rcvd is 29151 
Packet(s) lost or reordered : 29672 was received, previous rcvd is 29586 
Packet(s) lost or reordered : 30186 was received, previous rcvd is 30041 
Packet(s) lost or reordered : 30702 was received, previous rcvd is 30588 
Packet(s) lost or reordered : 31220 was received, previous rcvd is 31104 
Packet(s) lost or reordered : 31740 was received, previous rcvd is 31629 
Packet(s) lost or reordered : 32262 was received, previous rcvd is 32145 
Packet(s) lost or reordered : 32786 was received, previous rcvd is 32650 
Packet(s) lost or reordered : 33312 was received, previous rcvd is 33167 
Packet(s) lost or reordered : 33840 was received, previous rcvd is 33727 
Packet(s) lost or reordered : 34370 was received, previous rcvd is 34230 
Packet(s) lost or reordered : 34902 was received, previous rcvd is 34759 
Packet(s) lost or reordered : 35436 was received, previous rcvd is 35291 
Packet(s) lost or reordered : 35972 was received, previous rcvd is 35855 
Packet(s) lost or reordered : 36510 was received, previous rcvd is 36361 
Packet(s) lost or reordered : 37050 was received, previous rcvd is 36899 
Packet(s) lost or reordered : 37592 was received, previous rcvd is 37482 
Packet(s) lost or reordered : 38136 was received, previous rcvd is 37963 
Packet(s) lost or reordered : 38682 was received, previous rcvd is 38538 
Packet(s) lost or reordered : 39230 was received, previous rcvd is 39084 
Packet(s) lost or reordered : 39780 was received, previous rcvd is 39632 
Packet(s) lost or reordered : 40332 was received, previous rcvd is 40151 
Packet(s) lost or reordered : 40813 was received, previous rcvd is 40734 
Packet(s) lost or reordered : 40886 was received, previous rcvd is 40843 
Packet(s) lost or reordered : 41442 was received, previous rcvd is 41257 
Packet(s) lost or reordered : 42000 was received, previous rcvd is 41844 
Packet(s) lost or reordered : 42471 was received, previous rcvd is 42382 
Packet(s) lost or reordered : 42561 was received, previous rcvd is 42502 
Packet(s) lost or reordered : 43123 was received, previous rcvd is 42944 
Packet(s) lost or reordered : 43687 was received, previous rcvd is 43506 
Packet(s) lost or reordered : 44253 was received, previous rcvd is 44102 
Packet(s) lost or reordered : 44822 was received, previous rcvd is 44668 
Packet(s) lost or reordered : 45393 was received, previous rcvd is 45205 
Packet(s) lost or reordered : 45966 was received, previous rcvd is 45808 
Packet(s) lost or reordered : 46541 was received, previous rcvd is 46349 
Packet(s) lost or reordered : 47006 was received, previous rcvd is 46924 
Packet(s) lost or reordered : 47118 was received, previous rcvd is 47037 
Packet(s) lost or reordered : 47557 was received, previous rcvd is 47479 
Packet(s) lost or reordered : 47562 was received, previous rcvd is 47559 
Packet(s) lost or reordered : 47697 was received, previous rcvd is 47591 
Packet(s) lost or reordered : 48278 was received, previous rcvd is 48092 
Packet(s) lost or reordered : 48861 was received, previous rcvd is 48673 
Packet(s) lost or reordered : 49447 was received, previous rcvd is 49256 
Packet(s) lost or reordered : 50035 was received, previous rcvd is 49842 
Packet(s) lost or reordered : 50625 was received, previous rcvd is 50430 
Packet(s) lost or reordered : 51217 was received, previous rcvd is 51020 
Packet(s) lost or reordered : 51811 was received, previous rcvd is 51612 
Packet(s) lost or reordered : 52407 was received, previous rcvd is 52217 
Packet(s) lost or reordered : 53005 was received, previous rcvd is 52814 
Packet(s) lost or reordered : 53605 was received, previous rcvd is 53378 
Packet(s) lost or reordered : 54207 was received, previous rcvd is 54008 
Packet(s) lost or reordered : 54811 was received, previous rcvd is 54613 
Packet(s) lost or reordered : 55417 was received, previous rcvd is 55217 
Packet(s) lost or reordered : 55958 was received, previous rcvd is 55794 
Packet(s) lost or reordered : 56025 was received, previous rcvd is 55991 
Packet(s) lost or reordered : 56621 was received, previous rcvd is 56398 
Packet(s) lost or reordered : 57249 was received, previous rcvd is 57019 
Packet(s) lost or reordered : 57864 was received, previous rcvd is 57655 
Packet(s) lost or reordered : 58376 was received, previous rcvd is 58233 
Packet(s) lost or reordered : 58481 was received, previous rcvd is 58412 
Packet(s) lost or reordered : 59100 was received, previous rcvd is 58832 
Packet(s) lost or reordered : 59721 was received, previous rcvd is 59519 
Packet(s) lost or reordered : 60344 was received, previous rcvd is 60140 
Packet(s) lost or reordered : 60969 was received, previous rcvd is 60728 
Packet(s) lost or reordered : 61597 was received, previous rcvd is 61353 
Packet(s) lost or reordered : 62227 was received, previous rcvd is 62016 
Packet(s) lost or reordered : 62859 was received, previous rcvd is 62621 
Packet(s) lost or reordered : 63494 was received, previous rcvd is 63254 
Packet(s) lost or reordered : 64131 was received, previous rcvd is 63889 
Packet(s) lost or reordered : 64770 was received, previous rcvd is 64526 
Packet(s) lost or reordered : 65411 was received, previous rcvd is 65165 
Packet(s) lost or reordered :   518 was received, previous rcvd is   270 
Packet(s) lost or reordered :  1163 was received, previous rcvd is   949 
Packet(s) lost or reordered :  1810 was received, previous rcvd is  1558 
Packet(s) lost or reordered :  8184 was received, previous rcvd is  8173 
Packet(s) lost or reordered :  8639 was received, previous rcvd is  8573 
Packet(s) lost or reordered :  9095 was received, previous rcvd is  9054 
Packet(s) lost or reordered :  9551 was received, previous rcvd is  9458 
Packet(s) lost or reordered : 10007 was received, previous rcvd is  9940 
Packet(s) lost or reordered : 10463 was received, previous rcvd is 10422 
Packet(s) lost or reordered : 10919 was received, previous rcvd is 10880 
Packet(s) lost or reordered : 11375 was received, previous rcvd is 11310 
Packet(s) lost or reordered : 11831 was received, previous rcvd is 11766 
Packet(s) lost or reordered : 12287 was received, previous rcvd is 12250 
Packet(s) lost or reordered : 12743 was received, previous rcvd is 12650 
Packet(s) lost or reordered : 13199 was received, previous rcvd is 13158 
Packet(s) lost or reordered : 13655 was received, previous rcvd is 13588 
Packet(s) lost or reordered : 14111 was received, previous rcvd is 14074 
Packet(s) lost or reordered : 14567 was received, previous rcvd is 14478 
Packet(s) lost or reordered : 15024 was received, previous rcvd is 14982 
Packet(s) lost or reordered : 15481 was received, previous rcvd is 15439 
Packet(s) lost or reordered : 15938 was received, previous rcvd is 15870 
Packet(s) lost or reordered : 16395 was received, previous rcvd is 16327 
Packet(s) lost or reordered : 16852 was received, previous rcvd is 16810 
Packet(s) lost or reordered : 17309 was received, previous rcvd is 17241 
Packet(s) lost or reordered : 17766 was received, previous rcvd is 17698 
Packet(s) lost or reordered : 18223 was received, previous rcvd is 18155 
Packet(s) lost or reordered : 18680 was received, previous rcvd is 18638 
Packet(s) lost or reordered : 19137 was received, previous rcvd is 19069 
Packet(s) lost or reordered : 19594 was received, previous rcvd is 19552 
Packet(s) lost or reordered : 20051 was received, previous rcvd is 19983 
Packet(s) lost or reordered : 20509 was received, previous rcvd is 20440 
Packet(s) lost or reordered : 20967 was received, previous rcvd is 20898 
Packet(s) lost or reordered : 21425 was received, previous rcvd is 21382 
Packet(s) lost or reordered : 21883 was received, previous rcvd is 21814 
Packet(s) lost or reordered : 22341 was received, previous rcvd is 22298 
Packet(s) lost or reordered : 22799 was received, previous rcvd is 22730 
Packet(s) lost or reordered : 23257 was received, previous rcvd is 23188 
Packet(s) lost or reordered : 23715 was received, previous rcvd is 23646 
Packet(s) lost or reordered : 24174 was received, previous rcvd is 24130 
Packet(s) lost or reordered : 24633 was received, previous rcvd is 24563 
Packet(s) lost or reordered : 25092 was received, previous rcvd is 25048 
Packet(s) lost or reordered : 25551 was received, previous rcvd is 25481 
Packet(s) lost or reordered : 26010 was received, previous rcvd is 25940 
Packet(s) lost or reordered : 26469 was received, previous rcvd is 26399 
Packet(s) lost or reordered : 26928 was received, previous rcvd is 26884 
Packet(s) lost or reordered : 27387 was received, previous rcvd is 27317 
Packet(s) lost or reordered : 27846 was received, previous rcvd is 27776 
Packet(s) lost or reordered : 28306 was received, previous rcvd is 28261 
Packet(s) lost or reordered : 28766 was received, previous rcvd is 28695 
Packet(s) lost or reordered : 29226 was received, previous rcvd is 29181 
Packet(s) lost or reordered : 29686 was received, previous rcvd is 29615 
Packet(s) lost or reordered : 30146 was received, previous rcvd is 30075 
Packet(s) lost or reordered : 30606 was received, previous rcvd is 30561 
Packet(s) lost or reordered : 31067 was received, previous rcvd is 30995 
Packet(s) lost or reordered : 31528 was received, previous rcvd is 31456 
Packet(s) lost or reordered : 31989 was received, previous rcvd is 31943 
Packet(s) lost or reordered : 32450 was received, previous rcvd is 32378 
Packet(s) lost or reordered : 32911 was received, previous rcvd is 32839 
Packet(s) lost or reordered : 33373 was received, previous rcvd is 33326 
Packet(s) lost or reordered : 33834 was received, previous rcvd is 33762 
Packet(s) lost or reordered : 34296 was received, previous rcvd is 34223 
Packet(s) lost or reordered : 34738 was received, previous rcvd is 34685 
Packet(s) lost or reordered : 35220 was received, previous rcvd is 35166 
Packet(s) lost or reordered : 35682 was received, previous rcvd is 35596 
Packet(s) lost or reordered : 36144 was received, previous rcvd is 36087 
Packet(s) lost or reordered : 36606 was received, previous rcvd is 36538 
Packet(s) lost or reordered : 37069 was received, previous rcvd is 36995 
Packet(s) lost or reordered : 37509 was received, previous rcvd is 37458 
Packet(s) lost or reordered : 37996 was received, previous rcvd is 37940 
Packet(s) lost or reordered : 38459 was received, previous rcvd is 38372 
Packet(s) lost or reordered : 38923 was received, previous rcvd is 38854 
Packet(s) lost or reordered : 39387 was received, previous rcvd is 39338 
Packet(s) lost or reordered : 39851 was received, previous rcvd is 39776 
Packet(s) lost or reordered : 40315 was received, previous rcvd is 40266 
Packet(s) lost or reordered : 40779 was received, previous rcvd is 40704 
Packet(s) lost or reordered : 41244 was received, previous rcvd is 41168 
Packet(s) lost or reordered : 41709 was received, previous rcvd is 41633 
Packet(s) lost or reordered : 42174 was received, previous rcvd is 42124 
Packet(s) lost or reordered : 42639 was received, previous rcvd is 42563 
Packet(s) lost or reordered : 43104 was received, previous rcvd is 43054 
Packet(s) lost or reordered : 43570 was received, previous rcvd is 43493 
Packet(s) lost or reordered : 44036 was received, previous rcvd is 43959 
Packet(s) lost or reordered : 44466 was received, previous rcvd is 44425 
Packet(s) lost or reordered : 44502 was received, previous rcvd is 44491 
Packet(s) lost or reordered : 44968 was received, previous rcvd is 44891 
Packet(s) lost or reordered : 45434 was received, previous rcvd is 45357 
Packet(s) lost or reordered : 45859 was received, previous rcvd is 45823 
Packet(s) lost or reordered : 45901 was received, previous rcvd is 45884 
Packet(s) lost or reordered : 46368 was received, previous rcvd is 46290 
Packet(s) lost or reordered : 46835 was received, previous rcvd is 46757 
Packet(s) lost or reordered : 47275 was received, previous rcvd is 47224 
Packet(s) lost or reordered : 47302 was received, previous rcvd is 47300 
Packet(s) lost or reordered : 47770 was received, previous rcvd is 47705 
Packet(s) lost or reordered : 48238 was received, previous rcvd is 48147 
Packet(s) lost or reordered : 48706 was received, previous rcvd is 48642 
Packet(s) lost or reordered : 49175 was received, previous rcvd is 49110 
Packet(s) lost or reordered : 49644 was received, previous rcvd is 49552 
Packet(s) lost or reordered : 50113 was received, previous rcvd is 50048 
Packet(s) lost or reordered : 50582 was received, previous rcvd is 50517 
Packet(s) lost or reordered : 51051 was received, previous rcvd is 50959 
Packet(s) lost or reordered : 51521 was received, previous rcvd is 51482 
Packet(s) lost or reordered : 51991 was received, previous rcvd is 51898 
Packet(s) lost or reordered : 52461 was received, previous rcvd is 52395 
Packet(s) lost or reordered : 52931 was received, previous rcvd is 52865 
Packet(s) lost or reordered : 53402 was received, previous rcvd is 53308 
Packet(s) lost or reordered : 53873 was received, previous rcvd is 53833 
Packet(s) lost or reordered : 54344 was received, previous rcvd is 54250 
Packet(s) lost or reordered : 54815 was received, previous rcvd is 54748 
Packet(s) lost or reordered : 55287 was received, previous rcvd is 55190 
Packet(s) lost or reordered : 55759 was received, previous rcvd is 55692 
Packet(s) lost or reordered : 56231 was received, previous rcvd is 56164 
Packet(s) lost or reordered : 56704 was received, previous rcvd is 56639 
Packet(s) lost or reordered : 57177 was received, previous rcvd is 57108 
Packet(s) lost or reordered : 57650 was received, previous rcvd is 57554 
Packet(s) lost or reordered : 58124 was received, previous rcvd is 58054 
Packet(s) lost or reordered : 58598 was received, previous rcvd is 58528 
Packet(s) lost or reordered : 59072 was received, previous rcvd is 58975 
Packet(s) lost or reordered : 59546 was received, previous rcvd is 59503 
Packet(s) lost or reordered : 60021 was received, previous rcvd is 59923 
Packet(s) lost or reordered : 60496 was received, previous rcvd is 60425 
Packet(s) lost or reordered : 60972 was received, previous rcvd is 60900 
Packet(s) lost or reordered : 61448 was received, previous rcvd is 61349 
Packet(s) lost or reordered : 61924 was received, previous rcvd is 61852 
Packet(s) lost or reordered : 62400 was received, previous rcvd is 62328 
Packet(s) lost or reordered : 62877 was received, previous rcvd is 62787 
Packet(s) lost or reordered : 63354 was received, previous rcvd is 63296 
Packet(s) lost or reordered : 63831 was received, previous rcvd is 63735 
Packet(s) lost or reordered : 64308 was received, previous rcvd is 64235 
Packet(s) lost or reordered : 64786 was received, previous rcvd is 64712 
Packet(s) lost or reordered : 65264 was received, previous rcvd is 65163 
Packet(s) lost or reordered :   207 was received, previous rcvd is   159 
Packet(s) lost or reordered :   686 was received, previous rcvd is   584 
Packet(s) lost or reordered :  1165 was received, previous rcvd is  1090 
Packet(s) lost or reordered :  1645 was received, previous rcvd is  1542 
Packet(s) lost or reordered :  2125 was received, previous rcvd is  2076 
Packet(s) lost or reordered :  2606 was received, previous rcvd is  2502 
Packet(s) lost or reordered :  3087 was received, previous rcvd is  3010 
Packet(s) lost or reordered :  3568 was received, previous rcvd is  3464 
Packet(s) lost or reordered :  4049 was received, previous rcvd is  3999 
Packet(s) lost or reordered :  4530 was received, previous rcvd is  4426 
Packet(s) lost or reordered :  5012 was received, previous rcvd is  4934 
Packet(s) lost or reordered :  5494 was received, previous rcvd is  5416 
Packet(s) lost or reordered :  5976 was received, previous rcvd is  5871 
Packet(s) lost or reordered :  6459 was received, previous rcvd is  6407 
Packet(s) lost or reordered :  6942 was received, previous rcvd is  6836 
Packet(s) lost or reordered :  7426 was received, previous rcvd is  7346 
Packet(s) lost or reordered :  7910 was received, previous rcvd is  7803 
Packet(s) lost or reordered :  8394 was received, previous rcvd is  8341 
Packet(s) lost or reordered :  8879 was received, previous rcvd is  8771 
Packet(s) lost or reordered :  9364 was received, previous rcvd is  9283 
Packet(s) lost or reordered :  9849 was received, previous rcvd is  9768 
Packet(s) lost or reordered : 10335 was received, previous rcvd is 10239 
Packet(s) lost or reordered : 10821 was received, previous rcvd is 10726 
Packet(s) lost or reordered : 11307 was received, previous rcvd is 11212 
Packet(s) lost or reordered : 11794 was received, previous rcvd is 11726 
Packet(s) lost or reordered : 12281 was received, previous rcvd is 12185 
Packet(s) lost or reordered : 12769 was received, previous rcvd is 12672 
Packet(s) lost or reordered : 13257 was received, previous rcvd is 13188 
Packet(s) lost or reordered : 13745 was received, previous rcvd is 13620 
Packet(s) lost or reordered : 14234 was received, previous rcvd is 14164 
Packet(s) lost or reordered : 14723 was received, previous rcvd is 14625 
Packet(s) lost or reordered : 15212 was received, previous rcvd is 15114 
Packet(s) lost or reordered : 15702 was received, previous rcvd is 15603 
Packet(s) lost or reordered : 16192 was received, previous rcvd is 16121 
Packet(s) lost or reordered : 16683 was received, previous rcvd is 16583 
Packet(s) lost or reordered : 17174 was received, previous rcvd is 17102 
Packet(s) lost or reordered : 17665 was received, previous rcvd is 17565 
Packet(s) lost or reordered : 18157 was received, previous rcvd is 18028 
Packet(s) lost or reordered : 18649 was received, previous rcvd is 18576 
Packet(s) lost or reordered : 19141 was received, previous rcvd is 19040 
Packet(s) lost or reordered : 19634 was received, previous rcvd is 19532 
Packet(s) lost or reordered : 20127 was received, previous rcvd is 20030 
Packet(s) lost or reordered : 20621 was received, previous rcvd is 20529 
Packet(s) lost or reordered : 21115 was received, previous rcvd is 21023 
Packet(s) lost or reordered : 21609 was received, previous rcvd is 21509 
Packet(s) lost or reordered : 22104 was received, previous rcvd is 22000 
Packet(s) lost or reordered : 22599 was received, previous rcvd is 22532 
Packet(s) lost or reordered : 23095 was received, previous rcvd is 23001 
Packet(s) lost or reordered : 23591 was received, previous rcvd is 23466 
Packet(s) lost or reordered : 24088 was received, previous rcvd is 23987 
Packet(s) lost or reordered : 24585 was received, previous rcvd is 24507 
Packet(s) lost or reordered : 25082 was received, previous rcvd is 24976 
Packet(s) lost or reordered : 25580 was received, previous rcvd is 25473 
Packet(s) lost or reordered : 26078 was received, previous rcvd is 25971 
Packet(s) lost or reordered : 26577 was received, previous rcvd is 26497 
Packet(s) lost or reordered : 27076 was received, previous rcvd is 26968 
Packet(s) lost or reordered : 27576 was received, previous rcvd is 27467 
Packet(s) lost or reordered : 28076 was received, previous rcvd is 27967 
Packet(s) lost or reordered : 28576 was received, previous rcvd is 28467 
Packet(s) lost or reordered : 29077 was received, previous rcvd is 28995 
Packet(s) lost or reordered : 29578 was received, previous rcvd is 29468 
Packet(s) lost or reordered : 30080 was received, previous rcvd is 29997 
Packet(s) lost or reordered : 30582 was received, previous rcvd is 30443 
Packet(s) lost or reordered : 31085 was received, previous rcvd is 30973 
Packet(s) lost or reordered : 31588 was received, previous rcvd is 31488 
Packet(s) lost or reordered : 32091 was received, previous rcvd is 31993 
Packet(s) lost or reordered : 32595 was received, previous rcvd is 32496 
Packet(s) lost or reordered : 33099 was received, previous rcvd is 33000 
Packet(s) lost or reordered : 33604 was received, previous rcvd is 33475 
Packet(s) lost or reordered : 34109 was received, previous rcvd is 34009 
Packet(s) lost or reordered : 34615 was received, previous rcvd is 34514 
Packet(s) lost or reordered : 35121 was received, previous rcvd is 35020 
Packet(s) lost or reordered : 35628 was received, previous rcvd is 35497 
Packet(s) lost or reordered : 36135 was received, previous rcvd is 36033 
Packet(s) lost or reordered : 36642 was received, previous rcvd is 36540 
Packet(s) lost or reordered : 37151 was received, previous rcvd is 37047 
Packet(s) lost or reordered : 37660 was received, previous rcvd is 37527 
Packet(s) lost or reordered : 38170 was received, previous rcvd is 38065 
Packet(s) lost or reordered : 38679 was received, previous rcvd is 38575 
Packet(s) lost or reordered : 39189 was received, previous rcvd is 39055 
Packet(s) lost or reordered : 39699 was received, previous rcvd is 39594 
Packet(s) lost or reordered : 40210 was received, previous rcvd is 40133 
Packet(s) lost or reordered : 40722 was received, previous rcvd is 40586 
Packet(s) lost or reordered : 41166 was received, previous rcvd is 41098 
Packet(s) lost or reordered : 41234 was received, previous rcvd is 41194 
Packet(s) lost or reordered : 41746 was received, previous rcvd is 41610 
Packet(s) lost or reordered : 42259 was received, previous rcvd is 42180 
Packet(s) lost or reordered : 42772 was received, previous rcvd is 42635 
Packet(s) lost or reordered : 43286 was received, previous rcvd is 43148 
Packet(s) lost or reordered : 43800 was received, previous rcvd is 43691 
Packet(s) lost or reordered : 44315 was received, previous rcvd is 44205 
Packet(s) lost or reordered : 44831 was received, previous rcvd is 44720 
Packet(s) lost or reordered : 45347 was received, previous rcvd is 45207 
Packet(s) lost or reordered : 45864 was received, previous rcvd is 45781 
Packet(s) lost or reordered : 46253 was received, previous rcvd is 46240 
Packet(s) lost or reordered : 46381 was received, previous rcvd is 46281 
Packet(s) lost or reordered : 46899 was received, previous rcvd is 46757 
Packet(s) lost or reordered : 47417 was received, previous rcvd is 47275 
Packet(s) lost or reordered : 47935 was received, previous rcvd is 47822 
Packet(s) lost or reordered : 48454 was received, previous rcvd is 48369 
Packet(s) lost or reordered : 48974 was received, previous rcvd is 48830 
Packet(s) lost or reordered : 49494 was received, previous rcvd is 49350 
Packet(s) lost or reordered : 50015 was received, previous rcvd is 49928 
Packet(s) lost or reordered : 50537 was received, previous rcvd is 50391 
Packet(s) lost or reordered : 51059 was received, previous rcvd is 50925 
Packet(s) lost or reordered : 51581 was received, previous rcvd is 51478 
Packet(s) lost or reordered : 52104 was received, previous rcvd is 51970 
Packet(s) lost or reordered : 52627 was received, previous rcvd is 52523 
Packet(s) lost or reordered : 53151 was received, previous rcvd is 52986 
Packet(s) lost or reordered : 53675 was received, previous rcvd is 53570 
Packet(s) lost or reordered : 54200 was received, previous rcvd is 54064 
Packet(s) lost or reordered : 54726 was received, previous rcvd is 54625 
Packet(s) lost or reordered : 55252 was received, previous rcvd is 55121 
Packet(s) lost or reordered : 55779 was received, previous rcvd is 55647 
Packet(s) lost or reordered : 56306 was received, previous rcvd is 56172 
Packet(s) lost or reordered : 56833 was received, previous rcvd is 56695 
Packet(s) lost or reordered : 57361 was received, previous rcvd is 57225 
Packet(s) lost or reordered : 57769 was received, previous rcvd is 57756 
Packet(s) lost or reordered : 57890 was received, previous rcvd is 57801 
Packet(s) lost or reordered : 58419 was received, previous rcvd is 58285 
Packet(s) lost or reordered : 58949 was received, previous rcvd is 58809 
Packet(s) lost or reordered : 59479 was received, previous rcvd is 59338 
Packet(s) lost or reordered : 60010 was received, previous rcvd is 59868 
Packet(s) lost or reordered : 60541 was received, previous rcvd is 60399 
Packet(s) lost or reordered : 60944 was received, previous rcvd is 60931 
Packet(s) lost or reordered : 60968 was received, previous rcvd is 60963 
Packet(s) lost or reordered : 61073 was received, previous rcvd is 60976 
Packet(s) lost or reordered : 61606 was received, previous rcvd is 61462 
Packet(s) lost or reordered : 62139 was received, previous rcvd is 62025 
Packet(s) lost or reordered : 62673 was received, previous rcvd is 62528 
Packet(s) lost or reordered : 63207 was received, previous rcvd is 63062 
Packet(s) lost or reordered : 63742 was received, previous rcvd is 63596 
Packet(s) lost or reordered : 64278 was received, previous rcvd is 64161 
Packet(s) lost or reordered : 64814 was received, previous rcvd is 64667 
Packet(s) lost or reordered : 65351 was received, previous rcvd is 65203 
Packet(s) lost or reordered :   352 was received, previous rcvd is   204 
Packet(s) lost or reordered :   890 was received, previous rcvd is   771 
Packet(s) lost or reordered :  1428 was received, previous rcvd is  1279 
Packet(s) lost or reordered :  1967 was received, previous rcvd is  1817 
Packet(s) lost or reordered :  2506 was received, previous rcvd is  2386 
Packet(s) lost or reordered :  3046 was received, previous rcvd is  2907 
Packet(s) lost or reordered :  3587 was received, previous rcvd is  3417 
Packet(s) lost or reordered :  4128 was received, previous rcvd is  3989 
Packet(s) lost or reordered :  4670 was received, previous rcvd is  4530 
Packet(s) lost or reordered :  5212 was received, previous rcvd is  5072 
Packet(s) lost or reordered :  5755 was received, previous rcvd is  5614 
Packet(s) lost or reordered :  6299 was received, previous rcvd is  6157 
Packet(s) lost or reordered :  6843 was received, previous rcvd is  6701 
Packet(s) lost or reordered :  7277 was received, previous rcvd is  7214 
Packet(s) lost or reordered :  7388 was received, previous rcvd is  7307 
Packet(s) lost or reordered :  7934 was received, previous rcvd is  7790 
Packet(s) lost or reordered :  8480 was received, previous rcvd is  8305 
Packet(s) lost or reordered :  9027 was received, previous rcvd is  8882 
Packet(s) lost or reordered :  9574 was received, previous rcvd is  9429 
Packet(s) lost or reordered : 10122 was received, previous rcvd is  9976 
Packet(s) lost or reordered : 10671 was received, previous rcvd is 10524 
Packet(s) lost or reordered : 11220 was received, previous rcvd is 11073 
Packet(s) lost or reordered : 11770 was received, previous rcvd is 11591 
Packet(s) lost or reordered : 12320 was received, previous rcvd is 12172 
Packet(s) lost or reordered : 12871 was received, previous rcvd is 12722 
Packet(s) lost or reordered : 13423 was received, previous rcvd is 13273 
Packet(s) lost or reordered : 13975 was received, previous rcvd is 13825 
Packet(s) lost or reordered : 14528 was received, previous rcvd is 14377 
Packet(s) lost or reordered : 15081 was received, previous rcvd is 14930 
Packet(s) lost or reordered : 15618 was received, previous rcvd is 15452 
Packet(s) lost or reordered : 16190 was received, previous rcvd is 16020 
Packet(s) lost or reordered : 16745 was received, previous rcvd is 16592 
Packet(s) lost or reordered : 17301 was received, previous rcvd is 17147 
Packet(s) lost or reordered : 17857 was received, previous rcvd is 17703 
Packet(s) lost or reordered : 18414 was received, previous rcvd is 18259 
Packet(s) lost or reordered : 18972 was received, previous rcvd is 18795 
Packet(s) lost or reordered : 19530 was received, previous rcvd is 19387 
Packet(s) lost or reordered : 20089 was received, previous rcvd is 19913 
Packet(s) lost or reordered : 20530 was received, previous rcvd is 20472 
Packet(s) lost or reordered : 20649 was received, previous rcvd is 20561 
Packet(s) lost or reordered : 21209 was received, previous rcvd is 21032 
Packet(s) lost or reordered : 21770 was received, previous rcvd is 21592 
Packet(s) lost or reordered : 22332 was received, previous rcvd is 22185 
Packet(s) lost or reordered : 22896 was received, previous rcvd is 22747 
Packet(s) lost or reordered : 23459 was received, previous rcvd is 23279 
Packet(s) lost or reordered : 24023 was received, previous rcvd is 23842 
Packet(s) lost or reordered : 24588 was received, previous rcvd is 24438 
Packet(s) lost or reordered : 25154 was received, previous rcvd is 24971 
Packet(s) lost or reordered : 25720 was received, previous rcvd is 25569 
Packet(s) lost or reordered : 26287 was received, previous rcvd is 26099 
Packet(s) lost or reordered : 26854 was received, previous rcvd is 26706 
Packet(s) lost or reordered : 27422 was received, previous rcvd is 27238 
Packet(s) lost or reordered : 27991 was received, previous rcvd is 27808 
Packet(s) lost or reordered : 28562 was received, previous rcvd is 28406 
Packet(s) lost or reordered : 29132 was received, previous rcvd is 28945 
Packet(s) lost or reordered : 29703 was received, previous rcvd is 29548 
Packet(s) lost or reordered : 30274 was received, previous rcvd is 30087 
Packet(s) lost or reordered : 30815 was received, previous rcvd is 30660 
Packet(s) lost or reordered : 31419 was received, previous rcvd is 31230 
Packet(s) lost or reordered : 31993 was received, previous rcvd is 31802 
Packet(s) lost or reordered : 32567 was received, previous rcvd is 32408 
Packet(s) lost or reordered : 33142 was received, previous rcvd is 32950 
Packet(s) lost or reordered : 33717 was received, previous rcvd is 33557 
Packet(s) lost or reordered : 34293 was received, previous rcvd is 34100 
Packet(s) lost or reordered : 34869 was received, previous rcvd is 34688 
Packet(s) lost or reordered : 35445 was received, previous rcvd is 35264 
Packet(s) lost or reordered : 36022 was received, previous rcvd is 35873 
Packet(s) lost or reordered : 36599 was received, previous rcvd is 36417 
Packet(s) lost or reordered : 37177 was received, previous rcvd is 36994 
Packet(s) lost or reordered : 37755 was received, previous rcvd is 37572 
Packet(s) lost or reordered : 38334 was received, previous rcvd is 38117 
Packet(s) lost or reordered : 38913 was received, previous rcvd is 38762 
Packet(s) lost or reordered : 39493 was received, previous rcvd is 39308 
Packet(s) lost or reordered : 40073 was received, previous rcvd is 39888 
Packet(s) lost or reordered : 40653 was received, previous rcvd is 40468 
Packet(s) lost or reordered : 41234 was received, previous rcvd is 41081 
Packet(s) lost or reordered : 41815 was received, previous rcvd is 41629 
Packet(s) lost or reordered : 42397 was received, previous rcvd is 42177 
Packet(s) lost or reordered : 42979 was received, previous rcvd is 42792 
Packet(s) lost or reordered : 43561 was received, previous rcvd is 43407 
Packet(s) lost or reordered : 44144 was received, previous rcvd is 43956 
Packet(s) lost or reordered : 44728 was received, previous rcvd is 44539 
Packet(s) lost or reordered : 45312 was received, previous rcvd is 45123 
Packet(s) lost or reordered : 45896 was received, previous rcvd is 45707 
Packet(s) lost or reordered : 46481 was received, previous rcvd is 46291 
Packet(s) lost or reordered : 47066 was received, previous rcvd is 46876 
Packet(s) lost or reordered : 47651 was received, previous rcvd is 47461 
Packet(s) lost or reordered : 48236 was received, previous rcvd is 48042 
Packet(s) lost or reordered : 48822 was received, previous rcvd is 48667 
Packet(s) lost or reordered : 49408 was received, previous rcvd is 49181 
Packet(s) lost or reordered : 49994 was received, previous rcvd is 49841 
Packet(s) lost or reordered : 50580 was received, previous rcvd is 50356 
Packet(s) lost or reordered : 51167 was received, previous rcvd is 51008 
Packet(s) lost or reordered : 51754 was received, previous rcvd is 51558 
Packet(s) lost or reordered : 52341 was received, previous rcvd is 52149 
Packet(s) lost or reordered : 52929 was received, previous rcvd is 52739 
Packet(s) lost or reordered : 53517 was received, previous rcvd is 53324 
Packet(s) lost or reordered : 54105 was received, previous rcvd is 53912 
Packet(s) lost or reordered : 54693 was received, previous rcvd is 54500 
Packet(s) lost or reordered : 55282 was received, previous rcvd is 55121 
Packet(s) lost or reordered : 55871 was received, previous rcvd is 55644 
Packet(s) lost or reordered : 56460 was received, previous rcvd is 56299 
Packet(s) lost or reordered : 57049 was received, previous rcvd is 56855 
Packet(s) lost or reordered : 57639 was received, previous rcvd is 57444 
Packet(s) lost or reordered : 58229 was received, previous rcvd is 58001 
Packet(s) lost or reordered : 58819 was received, previous rcvd is 58657 
Packet(s) lost or reordered : 59409 was received, previous rcvd is 59214 
Packet(s) lost or reordered : 59958 was received, previous rcvd is 59771 
Packet(s) lost or reordered : 59961 was received, previous rcvd is 59958 
Packet(s) lost or reordered : 60000 was received, previous rcvd is 59992 
Packet(s) lost or reordered : 60591 was received, previous rcvd is 60395 
Packet(s) lost or reordered : 61182 was received, previous rcvd is 60986 
Packet(s) lost or reordered : 61773 was received, previous rcvd is 61577 
Packet(s) lost or reordered : 62174 was received, previous rcvd is 62168 
Packet(s) lost or reordered : 62364 was received, previous rcvd is 62206 
Packet(s) lost or reordered : 62956 was received, previous rcvd is 62726 
Packet(s) lost or reordered : 63548 was received, previous rcvd is 63384 
Packet(s) lost or reordered : 64140 was received, previous rcvd is 63943 
Packet(s) lost or reordered : 64732 was received, previous rcvd is 64511 
Packet(s) lost or reordered : 65325 was received, previous rcvd is 65139 
Packet(s) lost or reordered :   382 was received, previous rcvd is   196 
Packet(s) lost or reordered :   975 was received, previous rcvd is   778 
Packet(s) lost or reordered :  1552 was received, previous rcvd is  1337 
Packet(s) lost or reordered :  2123 was received, previous rcvd is  1958 
Packet(s) lost or reordered :  2161 was received, previous rcvd is  2156 
Packet(s) lost or reordered :  2755 was received, previous rcvd is  2568 
Packet(s) lost or reordered :  3349 was received, previous rcvd is  3128 
Packet(s) lost or reordered :  3943 was received, previous rcvd is  3756 
Packet(s) lost or reordered :  4537 was received, previous rcvd is  4350 
Packet(s) lost or reordered :  5131 was received, previous rcvd is  4910 
Packet(s) lost or reordered :  5725 was received, previous rcvd is  5538 
Packet(s) lost or reordered :  6320 was received, previous rcvd is  6132 
Packet(s) lost or reordered :  6915 was received, previous rcvd is  6727 
Packet(s) lost or reordered :  7492 was received, previous rcvd is  7288 
Packet(s) lost or reordered :  8106 was received, previous rcvd is  7893 
Packet(s) lost or reordered :  8701 was received, previous rcvd is  8512 
Packet(s) lost or reordered :  9297 was received, previous rcvd is  9107 
Packet(s) lost or reordered :  9831 was received, previous rcvd is  9672 
Packet(s) lost or reordered :  9894 was received, previous rcvd is  9864 
Packet(s) lost or reordered : 10490 was received, previous rcvd is 10267 
Packet(s) lost or reordered : 11087 was received, previous rcvd is 10897 
Packet(s) lost or reordered : 11685 was received, previous rcvd is 11491 
Packet(s) lost or reordered : 12191 was received, previous rcvd is 12054 
Packet(s) lost or reordered : 12281 was received, previous rcvd is 12191 
Packet(s) lost or reordered : 12877 was received, previous rcvd is 12689 
Packet(s) lost or reordered : 13474 was received, previous rcvd is 13284 
Packet(s) lost or reordered : 14071 was received, previous rcvd is 13881 
Packet(s) lost or reordered : 14668 was received, previous rcvd is 14444 
Packet(s) lost or reordered : 15266 was received, previous rcvd is 15075 
Packet(s) lost or reordered : 15863 was received, previous rcvd is 15673 
Packet(s) lost or reordered : 16246 was received, previous rcvd is 16236 
Packet(s) lost or reordered : 16461 was received, previous rcvd is 16279 
Packet(s) lost or reordered : 16998 was received, previous rcvd is 16834 
Packet(s) lost or reordered : 17059 was received, previous rcvd is 17031 
Packet(s) lost or reordered : 17657 was received, previous rcvd is 17432 
Packet(s) lost or reordered : 18255 was received, previous rcvd is 18064 
Packet(s) lost or reordered : 18853 was received, previous rcvd is 18662 
Packet(s) lost or reordered : 19451 was received, previous rcvd is 19226 
Packet(s) lost or reordered : 20050 was received, previous rcvd is 19858 
Packet(s) lost or reordered : 20649 was received, previous rcvd is 20457 
Packet(s) lost or reordered : 21248 was received, previous rcvd is 21056 
Packet(s) lost or reordered : 21847 was received, previous rcvd is 21621 
Packet(s) lost or reordered : 22446 was received, previous rcvd is 22254 
Packet(s) lost or reordered : 23045 was received, previous rcvd is 22853 
Packet(s) lost or reordered : 23645 was received, previous rcvd is 23418 
Packet(s) lost or reordered : 24245 was received, previous rcvd is 24052 
Packet(s) lost or reordered : 24845 was received, previous rcvd is 24652 
Packet(s) lost or reordered : 25445 was received, previous rcvd is 25252 
Packet(s) lost or reordered : 26045 was received, previous rcvd is 25818 
Packet(s) lost or reordered : 26645 was received, previous rcvd is 26452 
Packet(s) lost or reordered : 27245 was received, previous rcvd is 27052 
Packet(s) lost or reordered : 27747 was received, previous rcvd is 27618 
Packet(s) lost or reordered : 27770 was received, previous rcvd is 27747 
Packet(s) lost or reordered : 27846 was received, previous rcvd is 27802 
Packet(s) lost or reordered : 28446 was received, previous rcvd is 28219 
Packet(s) lost or reordered : 29048 was received, previous rcvd is 28853 
Packet(s) lost or reordered : 29649 was received, previous rcvd is 29455 
Packet(s) lost or reordered : 30250 was received, previous rcvd is 30022 
Packet(s) lost or reordered : 30851 was received, previous rcvd is 30657 
Packet(s) lost or reordered : 31452 was received, previous rcvd is 31258 
Packet(s) lost or reordered : 32053 was received, previous rcvd is 31825 
Packet(s) lost or reordered : 32654 was received, previous rcvd is 32460 
Packet(s) lost or reordered : 33256 was received, previous rcvd is 33061 
Packet(s) lost or reordered : 33857 was received, previous rcvd is 33663 
Packet(s) lost or reordered : 34459 was received, previous rcvd is 34230 
Packet(s) lost or reordered : 35061 was received, previous rcvd is 34866 
Packet(s) lost or reordered : 35663 was received, previous rcvd is 35468 
Packet(s) lost or reordered : 36266 was received, previous rcvd is 36070 
Packet(s) lost or reordered : 36789 was received, previous rcvd is 36639 
Packet(s) lost or reordered : 36868 was received, previous rcvd is 36822 
Packet(s) lost or reordered : 37471 was received, previous rcvd is 37241 
Packet(s) lost or reordered : 38073 was received, previous rcvd is 37878 
Packet(s) lost or reordered : 38676 was received, previous rcvd is 38480 
Packet(s) lost or reordered : 39279 was received, previous rcvd is 39049 
Packet(s) lost or reordered : 39882 was received, previous rcvd is 39657 
Packet(s) lost or reordered : 40485 was received, previous rcvd is 40299 
Packet(s) lost or reordered : 41088 was received, previous rcvd is 40902 
Packet(s) lost or reordered : 41692 was received, previous rcvd is 41464 
Packet(s) lost or reordered : 42296 was received, previous rcvd is 42099 
Packet(s) lost or reordered : 42899 was received, previous rcvd is 42710 
Packet(s) lost or reordered : 43503 was received, previous rcvd is 43278 
Packet(s) lost or reordered : 44107 was received, previous rcvd is 43920 
Packet(s) lost or reordered : 44711 was received, previous rcvd is 44483 
Packet(s) lost or reordered : 45253 was received, previous rcvd is 45084 
Packet(s) lost or reordered : 45276 was received, previous rcvd is 45253 
Packet(s) lost or reordered : 45316 was received, previous rcvd is 45308 
Packet(s) lost or reordered : 45920 was received, previous rcvd is 45723 
Packet(s) lost or reordered : 46501 was received, previous rcvd is 46293 
Packet(s) lost or reordered : 47128 was received, previous rcvd is 46908 
Packet(s) lost or reordered : 47732 was received, previous rcvd is 47535 
Packet(s) lost or reordered : 48336 was received, previous rcvd is 48105 
Packet(s) lost or reordered : 48929 was received, previous rcvd is 48743 
Packet(s) lost or reordered : 49546 was received, previous rcvd is 49336 
Packet(s) lost or reordered : 50151 was received, previous rcvd is 49919 
Packet(s) lost or reordered : 50756 was received, previous rcvd is 50558 
Packet(s) lost or reordered : 51361 was received, previous rcvd is 51163 
Packet(s) lost or reordered : 51966 was received, previous rcvd is 51768 
Packet(s) lost or reordered : 52571 was received, previous rcvd is 52373 
Packet(s) lost or reordered : 53176 was received, previous rcvd is 52978 
Packet(s) lost or reordered : 53781 was received, previous rcvd is 53549 
Packet(s) lost or reordered : 54387 was received, previous rcvd is 54188 
Packet(s) lost or reordered : 54993 was received, previous rcvd is 54794 
Packet(s) lost or reordered : 55599 was received, previous rcvd is 55366 
Packet(s) lost or reordered : 56205 was received, previous rcvd is 56006 
Packet(s) lost or reordered : 56811 was received, previous rcvd is 56612 
Packet(s) lost or reordered : 57417 was received, previous rcvd is 57218 
Packet(s) lost or reordered : 58023 was received, previous rcvd is 57790 
Packet(s) lost or reordered : 58629 was received, previous rcvd is 58430 
Packet(s) lost or reordered : 59235 was received, previous rcvd is 59036 
Packet(s) lost or reordered : 59752 was received, previous rcvd is 59608 
Packet(s) lost or reordered : 59842 was received, previous rcvd is 59785 
Packet(s) lost or reordered : 60449 was received, previous rcvd is 60215 
Packet(s) lost or reordered : 61056 was received, previous rcvd is 60822 
Packet(s) lost or reordered : 61663 was received, previous rcvd is 61497 
Packet(s) lost or reordered : 62261 was received, previous rcvd is 62036 
Packet(s) lost or reordered : 62877 was received, previous rcvd is 62668 
Packet(s) lost or reordered : 63484 was received, previous rcvd is 63284 
Packet(s) lost or reordered : 64091 was received, previous rcvd is 63891 
Packet(s) lost or reordered : 64698 was received, previous rcvd is 64464 
Packet(s) lost or reordered : 65305 was received, previous rcvd is 65105 
Packet(s) lost or reordered :   376 was received, previous rcvd is   176 
Packet(s) lost or reordered :   983 was received, previous rcvd is   749 
Packet(s) lost or reordered :  1591 was received, previous rcvd is  1390 
Packet(s) lost or reordered :  2199 was received, previous rcvd is  1998 
Packet(s) lost or reordered :  2807 was received, previous rcvd is  2606 
Packet(s) lost or reordered :  3353 was received, previous rcvd is  3180 
Packet(s) lost or reordered :  3415 was received, previous rcvd is  3386 
Packet(s) lost or reordered :  4023 was received, previous rcvd is  3788 
Packet(s) lost or reordered :  4631 was received, previous rcvd is  4430 
Packet(s) lost or reordered :  5239 was received, previous rcvd is  5038 
Packet(s) lost or reordered :  5847 was received, previous rcvd is  5612 
Packet(s) lost or reordered :  6455 was received, previous rcvd is  6220 
Packet(s) lost or reordered :  7063 was received, previous rcvd is  6896 
Packet(s) lost or reordered :  7671 was received, previous rcvd is  7470 
Packet(s) lost or reordered :  8279 was received, previous rcvd is  8044 
Packet(s) lost or reordered :  8888 was received, previous rcvd is  8686 
Packet(s) lost or reordered :  9497 was received, previous rcvd is  9295 
Packet(s) lost or reordered : 10106 was received, previous rcvd is  9870 
Packet(s) lost or reordered : 10715 was received, previous rcvd is 10513 
Packet(s) lost or reordered : 11324 was received, previous rcvd is 11122 
Packet(s) lost or reordered : 11933 was received, previous rcvd is 11731 
Packet(s) lost or reordered : 12488 was received, previous rcvd is 12281 
Packet(s) lost or reordered : 12542 was received, previous rcvd is 12522 
Packet(s) lost or reordered : 13151 was received, previous rcvd is 12926 
Packet(s) lost or reordered : 13761 was received, previous rcvd is 13570 
Packet(s) lost or reordered : 14370 was received, previous rcvd is 14145 
Packet(s) lost or reordered : 14979 was received, previous rcvd is 14754 
Packet(s) lost or reordered : 15589 was received, previous rcvd is 15393 
Packet(s) lost or reordered : 16198 was received, previous rcvd is 16006 
Packet(s) lost or reordered : 16681 was received, previous rcvd is 16539 
Packet(s) lost or reordered : 16808 was received, previous rcvd is 16718 
Packet(s) lost or reordered : 17205 was received, previous rcvd is 17183 
Packet(s) lost or reordered : 17418 was received, previous rcvd is 17238 
Packet(s) lost or reordered : 18028 was received, previous rcvd is 17791 
Packet(s) lost or reordered : 18638 was received, previous rcvd is 18435 
Packet(s) lost or reordered : 19248 was received, previous rcvd is 19051 
Packet(s) lost or reordered : 19858 was received, previous rcvd is 19627 
Packet(s) lost or reordered : 20468 was received, previous rcvd is 20269 
Packet(s) lost or reordered : 20952 was received, previous rcvd is 20841 
Packet(s) lost or reordered : 21078 was received, previous rcvd is 20985 
Packet(s) lost or reordered : 21688 was received, previous rcvd is 21451 
Packet(s) lost or reordered : 22298 was received, previous rcvd is 22095 
Packet(s) lost or reordered : 22908 was received, previous rcvd is 22671 
Packet(s) lost or reordered : 23518 was received, previous rcvd is 23315 
Packet(s) lost or reordered : 24130 was received, previous rcvd is 23925 
Packet(s) lost or reordered : 24741 was received, previous rcvd is 24548 
Packet(s) lost or reordered : 25352 was received, previous rcvd is 25115 
Packet(s) lost or reordered : 25963 was received, previous rcvd is 25759 
Packet(s) lost or reordered : 26574 was received, previous rcvd is 26370 
Packet(s) lost or reordered : 27185 was received, previous rcvd is 26947 
Packet(s) lost or reordered : 27796 was received, previous rcvd is 27592 
Packet(s) lost or reordered : 28306 was received, previous rcvd is 28179 
Packet(s) lost or reordered : 28407 was received, previous rcvd is 28306 
Packet(s) lost or reordered : 29018 was received, previous rcvd is 28825 
Packet(s) lost or reordered : 29629 was received, previous rcvd is 29437 
Packet(s) lost or reordered : 30240 was received, previous rcvd is 30013 
Packet(s) lost or reordered : 30852 was received, previous rcvd is 30624 
Packet(s) lost or reordered : 31464 was received, previous rcvd is 31271 
Packet(s) lost or reordered : 32076 was received, previous rcvd is 31848 
Packet(s) lost or reordered : 32688 was received, previous rcvd is 32460 
Packet(s) lost or reordered : 33079 was received, previous rcvd is 33072 
Packet(s) lost or reordered : 33300 was received, previous rcvd is 33113 
Packet(s) lost or reordered : 33912 was received, previous rcvd is 33684 
Packet(s) lost or reordered : 34418 was received, previous rcvd is 34296 
Packet(s) lost or reordered : 34524 was received, previous rcvd is 34452 
Packet(s) lost or reordered : 35136 was received, previous rcvd is 34908 
Packet(s) lost or reordered : 35748 was received, previous rcvd is 35520 
Packet(s) lost or reordered : 36360 was received, previous rcvd is 36167 
Packet(s) lost or reordered : 36972 was received, previous rcvd is 36744 
Packet(s) lost or reordered : 37584 was received, previous rcvd is 37391 
Packet(s) lost or reordered : 38196 was received, previous rcvd is 37968 
Packet(s) lost or reordered : 38808 was received, previous rcvd is 38580 
Packet(s) lost or reordered : 39420 was received, previous rcvd is 39192 
Packet(s) lost or reordered : 40032 was received, previous rcvd is 39839 
Packet(s) lost or reordered : 40644 was received, previous rcvd is 40451 
Packet(s) lost or reordered : 41256 was received, previous rcvd is 41028 
Packet(s) lost or reordered : 41868 was received, previous rcvd is 41640 
Packet(s) lost or reordered : 42480 was received, previous rcvd is 42252 
Packet(s) lost or reordered : 43092 was received, previous rcvd is 42899 
Packet(s) lost or reordered : 43705 was received, previous rcvd is 43476 
Packet(s) lost or reordered : 44318 was received, previous rcvd is 44124 
Packet(s) lost or reordered : 44932 was received, previous rcvd is 44695 
Packet(s) lost or reordered : 45545 was received, previous rcvd is 45311 
Packet(s) lost or reordered : 46158 was received, previous rcvd is 45962 
Packet(s) lost or reordered : 46771 was received, previous rcvd is 46545 
Packet(s) lost or reordered : 47384 was received, previous rcvd is 47190 
Packet(s) lost or reordered : 47997 was received, previous rcvd is 47760 
Packet(s) lost or reordered : 48611 was received, previous rcvd is 48414 
Packet(s) lost or reordered : 49224 was received, previous rcvd is 49028 
Packet(s) lost or reordered : 49838 was received, previous rcvd is 49577 
Packet(s) lost or reordered : 50452 was received, previous rcvd is 50257 
Packet(s) lost or reordered : 51066 was received, previous rcvd is 50836 
Packet(s) lost or reordered : 51680 was received, previous rcvd is 51485 
Packet(s) lost or reordered : 52294 was received, previous rcvd is 52064 
Packet(s) lost or reordered : 52908 was received, previous rcvd is 52678 
Packet(s) lost or reordered : 53522 was received, previous rcvd is 53327 
Packet(s) lost or reordered : 54136 was received, previous rcvd is 53941 
Packet(s) lost or reordered : 54750 was received, previous rcvd is 54520 
Packet(s) lost or reordered : 55364 was received, previous rcvd is 55134 
Packet(s) lost or reordered : 55850 was received, previous rcvd is 55748 
Packet(s) lost or reordered : 55978 was received, previous rcvd is 55884 
Packet(s) lost or reordered : 56594 was received, previous rcvd is 56362 
Packet(s) lost or reordered : 57209 was received, previous rcvd is 56978 
Packet(s) lost or reordered : 57823 was received, previous rcvd is 57628 
Packet(s) lost or reordered : 58437 was received, previous rcvd is 58207 
Packet(s) lost or reordered : 59051 was received, previous rcvd is 58856 
Packet(s) lost or reordered : 59665 was received, previous rcvd is 59435 
Packet(s) lost or reordered : 60280 was received, previous rcvd is 60049 
Packet(s) lost or reordered : 60895 was received, previous rcvd is 60699 
Packet(s) lost or reordered : 61510 was received, previous rcvd is 61279 
Packet(s) lost or reordered : 62125 was received, previous rcvd is 61929 
Packet(s) lost or reordered : 62740 was received, previous rcvd is 62509 
Packet(s) lost or reordered : 63355 was received, previous rcvd is 63124 
Packet(s) lost or reordered : 63970 was received, previous rcvd is 63774 
Packet(s) lost or reordered : 64585 was received, previous rcvd is 64354 
Packet(s) lost or reordered : 65189 was received, previous rcvd is 64969 
Packet(s) lost or reordered :   279 was received, previous rcvd is    72 
Packet(s) lost or reordered :   894 was received, previous rcvd is   663 
Packet(s) lost or reordered :  1509 was received, previous rcvd is  1313 
Packet(s) lost or reordered :  2124 was received, previous rcvd is  1893 
Packet(s) lost or reordered :  2739 was received, previous rcvd is  2543 
Packet(s) lost or reordered :  3354 was received, previous rcvd is  3123 
Packet(s) lost or reordered :  3969 was received, previous rcvd is  3738 
Packet(s) lost or reordered :  4584 was received, previous rcvd is  4388 
Packet(s) lost or reordered :  5199 was received, previous rcvd is  4968 
Packet(s) lost or reordered :  5665 was received, previous rcvd is  5583 
Packet(s) lost or reordered :  5667 was received, previous rcvd is  5665 
Packet(s) lost or reordered :  5814 was received, previous rcvd is  5700 
Packet(s) lost or reordered :  6429 was received, previous rcvd is  6198 
Packet(s) lost or reordered :  7045 was received, previous rcvd is  6813 
Packet(s) lost or reordered :  7661 was received, previous rcvd is  7464 
Packet(s) lost or reordered :  8277 was received, previous rcvd is  8045 
Packet(s) lost or reordered :  8893 was received, previous rcvd is  8696 
Packet(s) lost or reordered :  9509 was received, previous rcvd is  9277 
Packet(s) lost or reordered : 10125 was received, previous rcvd is  9893 
Packet(s) lost or reordered : 10741 was received, previous rcvd is 10544 
Packet(s) lost or reordered : 11357 was received, previous rcvd is 11125 
Packet(s) lost or reordered : 11973 was received, previous rcvd is 11776 
Packet(s) lost or reordered : 12589 was received, previous rcvd is 12357 
Packet(s) lost or reordered : 13205 was received, previous rcvd is 12973 
Packet(s) lost or reordered : 13821 was received, previous rcvd is 13624 
Packet(s) lost or reordered : 14437 was received, previous rcvd is 14205 
Packet(s) lost or reordered : 15053 was received, previous rcvd is 14856 
Packet(s) lost or reordered : 15669 was received, previous rcvd is 15437 
Packet(s) lost or reordered : 16285 was received, previous rcvd is 16053 
Packet(s) lost or reordered : 16901 was received, previous rcvd is 16704 
Packet(s) lost or reordered : 17517 was received, previous rcvd is 17285 
Packet(s) lost or reordered : 18133 was received, previous rcvd is 17936 
Packet(s) lost or reordered : 18749 was received, previous rcvd is 18517 
Packet(s) lost or reordered : 19366 was received, previous rcvd is 19133 
Packet(s) lost or reordered : 19753 was received, previous rcvd is 19751 
Packet(s) lost or reordered : 19983 was received, previous rcvd is 19786 
Packet(s) lost or reordered : 20600 was received, previous rcvd is 20367 
Packet(s) lost or reordered : 21217 was received, previous rcvd is 20984 
Packet(s) lost or reordered : 21834 was received, previous rcvd is 21636 
Packet(s) lost or reordered : 22451 was received, previous rcvd is 22218 
Packet(s) lost or reordered : 22841 was received, previous rcvd is 22835 
Packet(s) lost or reordered : 23068 was received, previous rcvd is 22875 
Packet(s) lost or reordered : 23685 was received, previous rcvd is 23452 
Packet(s) lost or reordered : 24302 was received, previous rcvd is 24061 
Packet(s) lost or reordered : 24919 was received, previous rcvd is 24719 
Packet(s) lost or reordered : 25536 was received, previous rcvd is 25298 
Packet(s) lost or reordered : 26154 was received, previous rcvd is 25958 
Packet(s) lost or reordered : 26771 was received, previous rcvd is 26538 
Packet(s) lost or reordered : 27388 was received, previous rcvd is 27190 
Packet(s) lost or reordered : 28005 was received, previous rcvd is 27764 
Packet(s) lost or reordered : 28622 was received, previous rcvd is 28422 
Packet(s) lost or reordered : 29239 was received, previous rcvd is 29008 
Packet(s) lost or reordered : 29857 was received, previous rcvd is 29623 
Packet(s) lost or reordered : 30475 was received, previous rcvd is 30276 
Packet(s) lost or reordered : 31093 was received, previous rcvd is 30859 
Packet(s) lost or reordered : 31711 was received, previous rcvd is 31512 
Packet(s) lost or reordered : 32329 was received, previous rcvd is 32095 
Packet(s) lost or reordered : 32947 was received, previous rcvd is 32713 
Packet(s) lost or reordered : 33565 was received, previous rcvd is 33366 
Packet(s) lost or reordered : 34183 was received, previous rcvd is 33949 
Packet(s) lost or reordered : 34801 was received, previous rcvd is 34567 
Packet(s) lost or reordered : 35419 was received, previous rcvd is 35220 
Packet(s) lost or reordered : 36037 was received, previous rcvd is 35803 
Packet(s) lost or reordered : 36655 was received, previous rcvd is 36456 
Packet(s) lost or reordered : 37273 was received, previous rcvd is 37039 
Packet(s) lost or reordered : 37891 was received, previous rcvd is 37657 
Packet(s) lost or reordered : 38509 was received, previous rcvd is 38310 
Packet(s) lost or reordered : 39128 was received, previous rcvd is 38893 
Packet(s) lost or reordered : 39746 was received, previous rcvd is 39547 
Packet(s) lost or reordered : 40364 was received, previous rcvd is 40130 
Packet(s) lost or reordered : 40982 was received, previous rcvd is 40748 
Packet(s) lost or reordered : 41600 was received, previous rcvd is 41401 
Packet(s) lost or reordered : 42219 was received, previous rcvd is 41984 
Packet(s) lost or reordered : 42610 was received, previous rcvd is 42603 
Packet(s) lost or reordered : 42659 was received, previous rcvd is 42610 
Packet(s) lost or reordered : 42838 was received, previous rcvd is 42692 
Packet(s) lost or reordered : 43457 was received, previous rcvd is 43222 
Packet(s) lost or reordered : 44076 was received, previous rcvd is 43841 
Packet(s) lost or reordered : 44695 was received, previous rcvd is 44495 
Packet(s) lost or reordered : 45314 was received, previous rcvd is 45079 
Packet(s) lost or reordered : 45933 was received, previous rcvd is 45698 
Packet(s) lost or reordered : 46553 was received, previous rcvd is 46352 
Packet(s) lost or reordered : 47172 was received, previous rcvd is 46937 
Packet(s) lost or reordered : 47791 was received, previous rcvd is 47591 
Packet(s) lost or reordered : 48410 was received, previous rcvd is 48175 
Packet(s) lost or reordered : 48796 was received, previous rcvd is 48794 
Packet(s) lost or reordered : 49029 was received, previous rcvd is 48830 
Packet(s) lost or reordered : 49648 was received, previous rcvd is 49413 
Packet(s) lost or reordered : 50267 was received, previous rcvd is 50032 
Packet(s) lost or reordered : 50887 was received, previous rcvd is 50686 
Packet(s) lost or reordered : 51506 was received, previous rcvd is 51271 
Packet(s) lost or reordered : 51992 was received, previous rcvd is 51890 
Packet(s) lost or reordered : 51995 was received, previous rcvd is 51992 
Packet(s) lost or reordered : 52126 was received, previous rcvd is 52028 
Packet(s) lost or reordered : 52746 was received, previous rcvd is 52510 
Packet(s) lost or reordered : 53366 was received, previous rcvd is 53130 
Packet(s) lost or reordered : 53986 was received, previous rcvd is 53780 
Packet(s) lost or reordered : 54606 was received, previous rcvd is 54365 
Packet(s) lost or reordered : 55226 was received, previous rcvd is 54985 
Packet(s) lost or reordered : 55846 was received, previous rcvd is 55650 
Packet(s) lost or reordered : 56466 was received, previous rcvd is 56230 
Packet(s) lost or reordered : 57086 was received, previous rcvd is 56885 
Packet(s) lost or reordered : 57706 was received, previous rcvd is 57500 
Packet(s) lost or reordered : 58326 was received, previous rcvd is 58085 
Packet(s) lost or reordered : 58946 was received, previous rcvd is 58747 
Packet(s) lost or reordered : 59566 was received, previous rcvd is 59295 
Packet(s) lost or reordered : 60186 was received, previous rcvd is 59985 
Packet(s) lost or reordered : 60806 was received, previous rcvd is 60570 
Packet(s) lost or reordered : 61426 was received, previous rcvd is 61225 
Packet(s) lost or reordered : 62046 was received, previous rcvd is 61810 
Packet(s) lost or reordered : 62666 was received, previous rcvd is 62465 
Packet(s) lost or reordered : 63286 was received, previous rcvd is 63050 
Packet(s) lost or reordered : 63906 was received, previous rcvd is 63705 
Packet(s) lost or reordered : 64526 was received, previous rcvd is 64290 
Packet(s) lost or reordered : 65146 was received, previous rcvd is 64910 
