socket set to IP_RECVTOS
socket SO_RCVBUF set to 20971520
Listen on port 8080 to receive RTP from sender 
.
.
Packet(s) lost or reordered : 13896 was received, previous rcvd is 13853 
Packet(s) lost or reordered : 14349 was received, previous rcvd is 14310 
Packet(s) lost or reordered : 14804 was received, previous rcvd is 14712 
Packet(s) lost or reordered : 15261 was received, previous rcvd is 15219 
Packet(s) lost or reordered : 15719 was received, previous rcvd is 15676 
Packet(s) lost or reordered : 16179 was received, previous rcvd is 16108 
Packet(s) lost or reordered : 16641 was received, previous rcvd is 16568 
Packet(s) lost or reordered : 17105 was received, previous rcvd is 17030 
Packet(s) lost or reordered : 17571 was received, previous rcvd is 17520 
Packet(s) lost or reordered : 18039 was received, previous rcvd is 17960 
Packet(s) lost or reordered : 18509 was received, previous rcvd is 18415 
Packet(s) lost or reordered : 18981 was received, previous rcvd is 18940 
Packet(s) lost or reordered : 19455 was received, previous rcvd is 19358 
Packet(s) lost or reordered : 19931 was received, previous rcvd is 19859 
Packet(s) lost or reordered : 20408 was received, previous rcvd is 20308 
Packet(s) lost or reordered : 20887 was received, previous rcvd is 20812 
Packet(s) lost or reordered : 21368 was received, previous rcvd is 21291 
Packet(s) lost or reordered : 21851 was received, previous rcvd is 21772 
Packet(s) lost or reordered : 22336 was received, previous rcvd is 22228 
Packet(s) lost or reordered : 22823 was received, previous rcvd is 22740 
Packet(s) lost or reordered : 23312 was received, previous rcvd is 23241 
Packet(s) lost or reordered : 23803 was received, previous rcvd is 23703 
Packet(s) lost or reordered : 24296 was received, previous rcvd is 24194 
Packet(s) lost or reordered : 24791 was received, previous rcvd is 24687 
Packet(s) lost or reordered : 25288 was received, previous rcvd is 25207 
Packet(s) lost or reordered : 25787 was received, previous rcvd is 25677 
Packet(s) lost or reordered : 26288 was received, previous rcvd is 26176 
Packet(s) lost or reordered : 26791 was received, previous rcvd is 26681 
Packet(s) lost or reordered : 27296 was received, previous rcvd is 27210 
Packet(s) lost or reordered : 27803 was received, previous rcvd is 27699 
Packet(s) lost or reordered : 28312 was received, previous rcvd is 28208 
Packet(s) lost or reordered : 28823 was received, previous rcvd is 28717 
Packet(s) lost or reordered : 29336 was received, previous rcvd is 29199 
Packet(s) lost or reordered : 29851 was received, previous rcvd is 29741 
Packet(s) lost or reordered : 30368 was received, previous rcvd is 30227 
Packet(s) lost or reordered : 30887 was received, previous rcvd is 30773 
Packet(s) lost or reordered : 31408 was received, previous rcvd is 31292 
Packet(s) lost or reordered : 31931 was received, previous rcvd is 31813 
Packet(s) lost or reordered : 32456 was received, previous rcvd is 32320 
Packet(s) lost or reordered : 32983 was received, previous rcvd is 32845 
Packet(s) lost or reordered : 33512 was received, previous rcvd is 33395 
Packet(s) lost or reordered : 33929 was received, previous rcvd is 33895 
Packet(s) lost or reordered : 34043 was received, previous rcvd is 33960 
Packet(s) lost or reordered : 34576 was received, previous rcvd is 34434 
Packet(s) lost or reordered : 35111 was received, previous rcvd is 34965 
Packet(s) lost or reordered : 35648 was received, previous rcvd is 35530 
Packet(s) lost or reordered : 36187 was received, previous rcvd is 36007 
Packet(s) lost or reordered : 36728 was received, previous rcvd is 36619 
Packet(s) lost or reordered : 37272 was received, previous rcvd is 37099 
Packet(s) lost or reordered : 37818 was received, previous rcvd is 37674 
Packet(s) lost or reordered : 38366 was received, previous rcvd is 38220 
Packet(s) lost or reordered : 38916 was received, previous rcvd is 38768 
Packet(s) lost or reordered : 39468 was received, previous rcvd is 39287 
Packet(s) lost or reordered : 40022 was received, previous rcvd is 39901 
Packet(s) lost or reordered : 40578 was received, previous rcvd is 40424 
Packet(s) lost or reordered : 41136 was received, previous rcvd is 40980 
Packet(s) lost or reordered : 41696 was received, previous rcvd is 41517 
Packet(s) lost or reordered : 42258 was received, previous rcvd is 42111 
Packet(s) lost or reordered : 42822 was received, previous rcvd is 42641 
Packet(s) lost or reordered : 43388 was received, previous rcvd is 43205 
Packet(s) lost or reordered : 43956 was received, previous rcvd is 43803 
Packet(s) lost or reordered : 44526 was received, previous rcvd is 44339 
Packet(s) lost or reordered : 45098 was received, previous rcvd is 44941 
Packet(s) lost or reordered : 45672 was received, previous rcvd is 45481 
Packet(s) lost or reordered : 46248 was received, previous rcvd is 46055 
Packet(s) lost or reordered : 46827 was received, previous rcvd is 46675 
Packet(s) lost or reordered : 47408 was received, previous rcvd is 47222 
Packet(s) lost or reordered : 47991 was received, previous rcvd is 47803 
Packet(s) lost or reordered : 48576 was received, previous rcvd is 48386 
Packet(s) lost or reordered : 49163 was received, previous rcvd is 48971 
Packet(s) lost or reordered : 49752 was received, previous rcvd is 49558 
Packet(s) lost or reordered : 50343 was received, previous rcvd is 50147 
Packet(s) lost or reordered : 50937 was received, previous rcvd is 50738 
Packet(s) lost or reordered : 51532 was received, previous rcvd is 51343 
Packet(s) lost or reordered : 52130 was received, previous rcvd is 51939 
Packet(s) lost or reordered : 52730 was received, previous rcvd is 52503 
Packet(s) lost or reordered : 53332 was received, previous rcvd is 53137 
Packet(s) lost or reordered : 53936 was received, previous rcvd is 53739 
Packet(s) lost or reordered : 54408 was received, previous rcvd is 54309 
Packet(s) lost or reordered : 54411 was received, previous rcvd is 54408 
Packet(s) lost or reordered : 54466 was received, previous rcvd is 54411 
Packet(s) lost or reordered : 54542 was received, previous rcvd is 54497 
Packet(s) lost or reordered : 55150 was received, previous rcvd is 54915 
Packet(s) lost or reordered : 55760 was received, previous rcvd is 55557 
Packet(s) lost or reordered : 56372 was received, previous rcvd is 56167 
Packet(s) lost or reordered : 56986 was received, previous rcvd is 56790 
Packet(s) lost or reordered : 57389 was received, previous rcvd is 57335 
Packet(s) lost or reordered : 57602 was received, previous rcvd is 57423 
Packet(s) lost or reordered : 58221 was received, previous rcvd is 57986 
Packet(s) lost or reordered : 58842 was received, previous rcvd is 58640 
Packet(s) lost or reordered : 59465 was received, previous rcvd is 59226 
Packet(s) lost or reordered : 60090 was received, previous rcvd is 59849 
Packet(s) lost or reordered : 60717 was received, previous rcvd is 60467 
Packet(s) lost or reordered : 61346 was received, previous rcvd is 61134 
Packet(s) lost or reordered : 61880 was received, previous rcvd is 61725 
Packet(s) lost or reordered : 61978 was received, previous rcvd is 61917 
Packet(s) lost or reordered : 62613 was received, previous rcvd is 62375 
Packet(s) lost or reordered : 63250 was received, previous rcvd is 63008 
Packet(s) lost or reordered : 63889 was received, previous rcvd is 63645 
Packet(s) lost or reordered : 64530 was received, previous rcvd is 64284 
Packet(s) lost or reordered : 65173 was received, previous rcvd is 64925 
Packet(s) lost or reordered :   282 was received, previous rcvd is    32 
Packet(s) lost or reordered :   878 was received, previous rcvd is   677 
Packet(s) lost or reordered :   930 was received, previous rcvd is   913 
Packet(s) lost or reordered :  1580 was received, previous rcvd is  1289 
Packet(s) lost or reordered :  7979 was received, previous rcvd is  7938 
Packet(s) lost or reordered :  8436 was received, previous rcvd is  8368 
Packet(s) lost or reordered :  8893 was received, previous rcvd is  8825 
Packet(s) lost or reordered :  9350 was received, previous rcvd is  9308 
Packet(s) lost or reordered :  9741 was received, previous rcvd is  9739 
Packet(s) lost or reordered :  9754 was received, previous rcvd is  9741 
Packet(s) lost or reordered :  9807 was received, previous rcvd is  9778 
Packet(s) lost or reordered : 10264 was received, previous rcvd is 10170 
Packet(s) lost or reordered : 10721 was received, previous rcvd is 10653 
Packet(s) lost or reordered : 11178 was received, previous rcvd is 11136 
Packet(s) lost or reordered : 11635 was received, previous rcvd is 11593 
Packet(s) lost or reordered : 12092 was received, previous rcvd is 12024 
Packet(s) lost or reordered : 12549 was received, previous rcvd is 12481 
Packet(s) lost or reordered : 13006 was received, previous rcvd is 12964 
Packet(s) lost or reordered : 13464 was received, previous rcvd is 13395 
Packet(s) lost or reordered : 13922 was received, previous rcvd is 13853 
Packet(s) lost or reordered : 14380 was received, previous rcvd is 14311 
Packet(s) lost or reordered : 14838 was received, previous rcvd is 14795 
Packet(s) lost or reordered : 15296 was received, previous rcvd is 15227 
Packet(s) lost or reordered : 15754 was received, previous rcvd is 15711 
Packet(s) lost or reordered : 16212 was received, previous rcvd is 16143 
Packet(s) lost or reordered : 16670 was received, previous rcvd is 16601 
Packet(s) lost or reordered : 17128 was received, previous rcvd is 17085 
Packet(s) lost or reordered : 17586 was received, previous rcvd is 17517 
Packet(s) lost or reordered : 18045 was received, previous rcvd is 17975 
Packet(s) lost or reordered : 18504 was received, previous rcvd is 18460 
Packet(s) lost or reordered : 18963 was received, previous rcvd is 18893 
Packet(s) lost or reordered : 19422 was received, previous rcvd is 19352 
Packet(s) lost or reordered : 19881 was received, previous rcvd is 19837 
Packet(s) lost or reordered : 20341 was received, previous rcvd is 20270 
Packet(s) lost or reordered : 20800 was received, previous rcvd is 20730 
Packet(s) lost or reordered : 21260 was received, previous rcvd is 21215 
Packet(s) lost or reordered : 21720 was received, previous rcvd is 21649 
Packet(s) lost or reordered : 22180 was received, previous rcvd is 22109 
Packet(s) lost or reordered : 22623 was received, previous rcvd is 22570 
Packet(s) lost or reordered : 23100 was received, previous rcvd is 23037 
Packet(s) lost or reordered : 23560 was received, previous rcvd is 23489 
Packet(s) lost or reordered : 24020 was received, previous rcvd is 23975 
Packet(s) lost or reordered : 24480 was received, previous rcvd is 24409 
Packet(s) lost or reordered : 24940 was received, previous rcvd is 24869 
Packet(s) lost or reordered : 25400 was received, previous rcvd is 25355 
Packet(s) lost or reordered : 25861 was received, previous rcvd is 25789 
Packet(s) lost or reordered : 26322 was received, previous rcvd is 26276 
Packet(s) lost or reordered : 26783 was received, previous rcvd is 26711 
Packet(s) lost or reordered : 27244 was received, previous rcvd is 27172 
Packet(s) lost or reordered : 27705 was received, previous rcvd is 27633 
Packet(s) lost or reordered : 28167 was received, previous rcvd is 28120 
Packet(s) lost or reordered : 28628 was received, previous rcvd is 28556 
Packet(s) lost or reordered : 29089 was received, previous rcvd is 29017 
Packet(s) lost or reordered : 29551 was received, previous rcvd is 29492 
Packet(s) lost or reordered : 30013 was received, previous rcvd is 29956 
Packet(s) lost or reordered : 30475 was received, previous rcvd is 30389 
Packet(s) lost or reordered : 30937 was received, previous rcvd is 30895 
Packet(s) lost or reordered : 31399 was received, previous rcvd is 31326 
Packet(s) lost or reordered : 31862 was received, previous rcvd is 31799 
Packet(s) lost or reordered : 32325 was received, previous rcvd is 32267 
Packet(s) lost or reordered : 32788 was received, previous rcvd is 32701 
Packet(s) lost or reordered : 33251 was received, previous rcvd is 33208 
Packet(s) lost or reordered : 33714 was received, previous rcvd is 33640 
Packet(s) lost or reordered : 34177 was received, previous rcvd is 34103 
Packet(s) lost or reordered : 34640 was received, previous rcvd is 34592 
Packet(s) lost or reordered : 35104 was received, previous rcvd is 35029 
Packet(s) lost or reordered : 35568 was received, previous rcvd is 35519 
Packet(s) lost or reordered : 36032 was received, previous rcvd is 35957 
Packet(s) lost or reordered : 36496 was received, previous rcvd is 36421 
Packet(s) lost or reordered : 36960 was received, previous rcvd is 36911 
Packet(s) lost or reordered : 37424 was received, previous rcvd is 37349 
Packet(s) lost or reordered : 37889 was received, previous rcvd is 37813 
Packet(s) lost or reordered : 38354 was received, previous rcvd is 38278 
Packet(s) lost or reordered : 38819 was received, previous rcvd is 38769 
Packet(s) lost or reordered : 39284 was received, previous rcvd is 39208 
Packet(s) lost or reordered : 39750 was received, previous rcvd is 39673 
Packet(s) lost or reordered : 40216 was received, previous rcvd is 40165 
Packet(s) lost or reordered : 40682 was received, previous rcvd is 40605 
Packet(s) lost or reordered : 41148 was received, previous rcvd is 41071 
Packet(s) lost or reordered : 41614 was received, previous rcvd is 41563 
Packet(s) lost or reordered : 42080 was received, previous rcvd is 42003 
Packet(s) lost or reordered : 42547 was received, previous rcvd is 42482 
Packet(s) lost or reordered : 43014 was received, previous rcvd is 42951 
Packet(s) lost or reordered : 43481 was received, previous rcvd is 43391 
Packet(s) lost or reordered : 43948 was received, previous rcvd is 43912 
Packet(s) lost or reordered : 44416 was received, previous rcvd is 44325 
Packet(s) lost or reordered : 44884 was received, previous rcvd is 44793 
Packet(s) lost or reordered : 45319 was received, previous rcvd is 45288 
Packet(s) lost or reordered : 45352 was received, previous rcvd is 45345 
Packet(s) lost or reordered : 45821 was received, previous rcvd is 45729 
Packet(s) lost or reordered : 46276 was received, previous rcvd is 46225 
Packet(s) lost or reordered : 46279 was received, previous rcvd is 46276 
Packet(s) lost or reordered : 46759 was received, previous rcvd is 46682 
Packet(s) lost or reordered : 47228 was received, previous rcvd is 47136 
Packet(s) lost or reordered : 47697 was received, previous rcvd is 47632 
Packet(s) lost or reordered : 48166 was received, previous rcvd is 48101 
Packet(s) lost or reordered : 48636 was received, previous rcvd is 48543 
Packet(s) lost or reordered : 49106 was received, previous rcvd is 49067 
Packet(s) lost or reordered : 49576 was received, previous rcvd is 49483 
Packet(s) lost or reordered : 50046 was received, previous rcvd is 50007 
Packet(s) lost or reordered : 50516 was received, previous rcvd is 50423 
Packet(s) lost or reordered : 50987 was received, previous rcvd is 50893 
Packet(s) lost or reordered : 51458 was received, previous rcvd is 51418 
Packet(s) lost or reordered : 51929 was received, previous rcvd is 51835 
Packet(s) lost or reordered : 52401 was received, previous rcvd is 52333 
Packet(s) lost or reordered : 52873 was received, previous rcvd is 52805 
Packet(s) lost or reordered : 53345 was received, previous rcvd is 53277 
Packet(s) lost or reordered : 53817 was received, previous rcvd is 53722 
Packet(s) lost or reordered : 54289 was received, previous rcvd is 54248 
Packet(s) lost or reordered : 54762 was received, previous rcvd is 54666 
Packet(s) lost or reordered : 55235 was received, previous rcvd is 55166 
Packet(s) lost or reordered : 55708 was received, previous rcvd is 55639 
Packet(s) lost or reordered : 56181 was received, previous rcvd is 56085 
Packet(s) lost or reordered : 56655 was received, previous rcvd is 56611 
Packet(s) lost or reordered : 57129 was received, previous rcvd is 57031 
Packet(s) lost or reordered : 57603 was received, previous rcvd is 57505 
Packet(s) lost or reordered : 58078 was received, previous rcvd is 58011 
Packet(s) lost or reordered : 58553 was received, previous rcvd is 58482 
Packet(s) lost or reordered : 59006 was received, previous rcvd is 58936 
Packet(s) lost or reordered : 59009 was received, previous rcvd is 59006 
Packet(s) lost or reordered : 59503 was received, previous rcvd is 59427 
Packet(s) lost or reordered : 59979 was received, previous rcvd is 59892 
Packet(s) lost or reordered : 60455 was received, previous rcvd is 60386 
Packet(s) lost or reordered : 60931 was received, previous rcvd is 60859 
Packet(s) lost or reordered : 61408 was received, previous rcvd is 61308 
Packet(s) lost or reordered : 61885 was received, previous rcvd is 61812 
Packet(s) lost or reordered : 62362 was received, previous rcvd is 62289 
Packet(s) lost or reordered : 62839 was received, previous rcvd is 62766 
Packet(s) lost or reordered : 63317 was received, previous rcvd is 63243 
Packet(s) lost or reordered : 63795 was received, previous rcvd is 63694 
Packet(s) lost or reordered : 64273 was received, previous rcvd is 64199 
Packet(s) lost or reordered : 64752 was received, previous rcvd is 64677 
Packet(s) lost or reordered : 65231 was received, previous rcvd is 65129 
Packet(s) lost or reordered :   174 was received, previous rcvd is   126 
Packet(s) lost or reordered :   654 was received, previous rcvd is   551 
Packet(s) lost or reordered :  1134 was received, previous rcvd is  1058 
Packet(s) lost or reordered :  1614 was received, previous rcvd is  1538 
Packet(s) lost or reordered :  2095 was received, previous rcvd is  1991 
Packet(s) lost or reordered :  2576 was received, previous rcvd is  2499 
Packet(s) lost or reordered :  3058 was received, previous rcvd is  2980 
Packet(s) lost or reordered :  3540 was received, previous rcvd is  3462 
Packet(s) lost or reordered :  4023 was received, previous rcvd is  3917 
Packet(s) lost or reordered :  4506 was received, previous rcvd is  4454 
Packet(s) lost or reordered :  4989 was received, previous rcvd is  4883 
Packet(s) lost or reordered :  5452 was received, previous rcvd is  5366 
Packet(s) lost or reordered :  5956 was received, previous rcvd is  5883 
Packet(s) lost or reordered :  6440 was received, previous rcvd is  6333 
Packet(s) lost or reordered :  6924 was received, previous rcvd is  6844 
Packet(s) lost or reordered :  7409 was received, previous rcvd is  7328 
Packet(s) lost or reordered :  7894 was received, previous rcvd is  7813 
Packet(s) lost or reordered :  8379 was received, previous rcvd is  8271 
Packet(s) lost or reordered :  8865 was received, previous rcvd is  8783 
Packet(s) lost or reordered :  9351 was received, previous rcvd is  9256 
Packet(s) lost or reordered :  9837 was received, previous rcvd is  9742 
Packet(s) lost or reordered : 10324 was received, previous rcvd is 10256 
Packet(s) lost or reordered : 10811 was received, previous rcvd is 10715 
Packet(s) lost or reordered : 11298 was received, previous rcvd is 11230 
Packet(s) lost or reordered : 11786 was received, previous rcvd is 11661 
Packet(s) lost or reordered : 12274 was received, previous rcvd is 12205 
Packet(s) lost or reordered : 12763 was received, previous rcvd is 12665 
Packet(s) lost or reordered : 13252 was received, previous rcvd is 13154 
Packet(s) lost or reordered : 13741 was received, previous rcvd is 13643 
Packet(s) lost or reordered : 14231 was received, previous rcvd is 14132 
Packet(s) lost or reordered : 14721 was received, previous rcvd is 14650 
Packet(s) lost or reordered : 15211 was received, previous rcvd is 15140 
Packet(s) lost or reordered : 15702 was received, previous rcvd is 15574 
Packet(s) lost or reordered : 16193 was received, previous rcvd is 16121 
Packet(s) lost or reordered : 16684 was received, previous rcvd is 16584 
Packet(s) lost or reordered : 17176 was received, previous rcvd is 17075 
Packet(s) lost or reordered : 17669 was received, previous rcvd is 17567 
Packet(s) lost or reordered : 18162 was received, previous rcvd is 18088 
Packet(s) lost or reordered : 18655 was received, previous rcvd is 18553 
Packet(s) lost or reordered : 19148 was received, previous rcvd is 19046 
Packet(s) lost or reordered : 19642 was received, previous rcvd is 19563 
Packet(s) lost or reordered : 20136 was received, previous rcvd is 20031 
Packet(s) lost or reordered : 20631 was received, previous rcvd is 20531 
Packet(s) lost or reordered : 21126 was received, previous rcvd is 21022 
Packet(s) lost or reordered : 21622 was received, previous rcvd is 21517 
Packet(s) lost or reordered : 22118 was received, previous rcvd is 22018 
Packet(s) lost or reordered : 22614 was received, previous rcvd is 22520 
Packet(s) lost or reordered : 23111 was received, previous rcvd is 23035 
Packet(s) lost or reordered : 23608 was received, previous rcvd is 23502 
Packet(s) lost or reordered : 24106 was received, previous rcvd is 23999 
Packet(s) lost or reordered : 24580 was received, previous rcvd is 24497 
Packet(s) lost or reordered : 25000 was received, previous rcvd is 24971 
Packet(s) lost or reordered : 25002 was received, previous rcvd is 25000 
Packet(s) lost or reordered : 25103 was received, previous rcvd is 25028 
Packet(s) lost or reordered : 25602 was received, previous rcvd is 25494 
Packet(s) lost or reordered : 26101 was received, previous rcvd is 25993 
Packet(s) lost or reordered : 26601 was received, previous rcvd is 26520 
Packet(s) lost or reordered : 27101 was received, previous rcvd is 26964 
Packet(s) lost or reordered : 27603 was received, previous rcvd is 27492 
Packet(s) lost or reordered : 28104 was received, previous rcvd is 28022 
Packet(s) lost or reordered : 28606 was received, previous rcvd is 28495 
Packet(s) lost or reordered : 29108 was received, previous rcvd is 28997 
Packet(s) lost or reordered : 29610 was received, previous rcvd is 29527 
Packet(s) lost or reordered : 30113 was received, previous rcvd is 30001 
Packet(s) lost or reordered : 30617 was received, previous rcvd is 30488 
Packet(s) lost or reordered : 31121 was received, previous rcvd is 31022 
Packet(s) lost or reordered : 31625 was received, previous rcvd is 31526 
Packet(s) lost or reordered : 32130 was received, previous rcvd is 32030 
Packet(s) lost or reordered : 32635 was received, previous rcvd is 32535 
Packet(s) lost or reordered : 33141 was received, previous rcvd is 33011 
Packet(s) lost or reordered : 33647 was received, previous rcvd is 33546 
Packet(s) lost or reordered : 34153 was received, previous rcvd is 34052 
Packet(s) lost or reordered : 34660 was received, previous rcvd is 34558 
Packet(s) lost or reordered : 35167 was received, previous rcvd is 35036 
Packet(s) lost or reordered : 35675 was received, previous rcvd is 35601 
Packet(s) lost or reordered : 36184 was received, previous rcvd is 36051 
Packet(s) lost or reordered : 36639 was received, previous rcvd is 36560 
Packet(s) lost or reordered : 36693 was received, previous rcvd is 36667 
Packet(s) lost or reordered : 37202 was received, previous rcvd is 37069 
Packet(s) lost or reordered : 37712 was received, previous rcvd is 37636 
Packet(s) lost or reordered : 38222 was received, previous rcvd is 38088 
Packet(s) lost or reordered : 38677 was received, previous rcvd is 38598 
Packet(s) lost or reordered : 38679 was received, previous rcvd is 38677 
Packet(s) lost or reordered : 38733 was received, previous rcvd is 38706 
Packet(s) lost or reordered : 39244 was received, previous rcvd is 39109 
Packet(s) lost or reordered : 39756 was received, previous rcvd is 39649 
Packet(s) lost or reordered : 40268 was received, previous rcvd is 40161 
Packet(s) lost or reordered : 40781 was received, previous rcvd is 40677 
Packet(s) lost or reordered : 41294 was received, previous rcvd is 41164 
Packet(s) lost or reordered : 41808 was received, previous rcvd is 41709 
Packet(s) lost or reordered : 42322 was received, previous rcvd is 42189 
Packet(s) lost or reordered : 42836 was received, previous rcvd is 42727 
Packet(s) lost or reordered : 43351 was received, previous rcvd is 43241 
Packet(s) lost or reordered : 43866 was received, previous rcvd is 43731 
Packet(s) lost or reordered : 44382 was received, previous rcvd is 44281 
Packet(s) lost or reordered : 44898 was received, previous rcvd is 44761 
Packet(s) lost or reordered : 45415 was received, previous rcvd is 45303 
Packet(s) lost or reordered : 45932 was received, previous rcvd is 45820 
Packet(s) lost or reordered : 46450 was received, previous rcvd is 46337 
Packet(s) lost or reordered : 46934 was received, previous rcvd is 46826 
Packet(s) lost or reordered : 46969 was received, previous rcvd is 46962 
Packet(s) lost or reordered : 47488 was received, previous rcvd is 47345 
Packet(s) lost or reordered : 48007 was received, previous rcvd is 47893 
Packet(s) lost or reordered : 48527 was received, previous rcvd is 48383 
Packet(s) lost or reordered : 49047 was received, previous rcvd is 48932 
Packet(s) lost or reordered : 49568 was received, previous rcvd is 49452 
Packet(s) lost or reordered : 50090 was received, previous rcvd is 49973 
Packet(s) lost or reordered : 50612 was received, previous rcvd is 50477 
Packet(s) lost or reordered : 51134 was received, previous rcvd is 51001 
Packet(s) lost or reordered : 51657 was received, previous rcvd is 51553 
Packet(s) lost or reordered : 52181 was received, previous rcvd is 52046 
Packet(s) lost or reordered : 52705 was received, previous rcvd is 52570 
Packet(s) lost or reordered : 53230 was received, previous rcvd is 53124 
Packet(s) lost or reordered : 53755 was received, previous rcvd is 53589 
Packet(s) lost or reordered : 54281 was received, previous rcvd is 54174 
Packet(s) lost or reordered : 54746 was received, previous rcvd is 54670 
Packet(s) lost or reordered : 54763 was received, previous rcvd is 54746 
Packet(s) lost or reordered : 54807 was received, previous rcvd is 54791 
Packet(s) lost or reordered : 55334 was received, previous rcvd is 55196 
Packet(s) lost or reordered : 55861 was received, previous rcvd is 55723 
Packet(s) lost or reordered : 56389 was received, previous rcvd is 56250 
Packet(s) lost or reordered : 56918 was received, previous rcvd is 56808 
Packet(s) lost or reordered : 57447 was received, previous rcvd is 57307 
Packet(s) lost or reordered : 57977 was received, previous rcvd is 57836 
Packet(s) lost or reordered : 58437 was received, previous rcvd is 58366 
Packet(s) lost or reordered : 58450 was received, previous rcvd is 58447 
Packet(s) lost or reordered : 58507 was received, previous rcvd is 58468 
Packet(s) lost or reordered : 59038 was received, previous rcvd is 58896 
Packet(s) lost or reordered : 59569 was received, previous rcvd is 59427 
Packet(s) lost or reordered : 60101 was received, previous rcvd is 59988 
Packet(s) lost or reordered : 60633 was received, previous rcvd is 60490 
Packet(s) lost or reordered : 61166 was received, previous rcvd is 61022 
Packet(s) lost or reordered : 61700 was received, previous rcvd is 61555 
Packet(s) lost or reordered : 62235 was received, previous rcvd is 62119 
Packet(s) lost or reordered : 62770 was received, previous rcvd is 62624 
Packet(s) lost or reordered : 63305 was received, previous rcvd is 63159 
Packet(s) lost or reordered : 63841 was received, previous rcvd is 63724 
Packet(s) lost or reordered : 64378 was received, previous rcvd is 64230 
Packet(s) lost or reordered : 64915 was received, previous rcvd is 64767 
Packet(s) lost or reordered : 65441 was received, previous rcvd is 65304 
Packet(s) lost or reordered :   455 was received, previous rcvd is   328 
Packet(s) lost or reordered :   994 was received, previous rcvd is   850 
Packet(s) lost or reordered :  1534 was received, previous rcvd is  1389 
Packet(s) lost or reordered :  2074 was received, previous rcvd is  1939 
Packet(s) lost or reordered :  2615 was received, previous rcvd is  2476 
Packet(s) lost or reordered :  3156 was received, previous rcvd is  2986 
Packet(s) lost or reordered :  3698 was received, previous rcvd is  3558 
Packet(s) lost or reordered :  4240 was received, previous rcvd is  4100 
Packet(s) lost or reordered :  4784 was received, previous rcvd is  4642 
Packet(s) lost or reordered :  5328 was received, previous rcvd is  5186 
Packet(s) lost or reordered :  5872 was received, previous rcvd is  5699 
Packet(s) lost or reordered :  6417 was received, previous rcvd is  6305 
Packet(s) lost or reordered :  6963 was received, previous rcvd is  6788 
Packet(s) lost or reordered :  7509 was received, previous rcvd is  7365 
Packet(s) lost or reordered :  8056 was received, previous rcvd is  7911 
Packet(s) lost or reordered :  8604 was received, previous rcvd is  8458 
Packet(s) lost or reordered :  9152 was received, previous rcvd is  9005 
Packet(s) lost or reordered :  9701 was received, previous rcvd is  9559 
Packet(s) lost or reordered : 10251 was received, previous rcvd is 10075 
Packet(s) lost or reordered : 10801 was received, previous rcvd is 10653 
Packet(s) lost or reordered : 11352 was received, previous rcvd is 11203 
Packet(s) lost or reordered : 11904 was received, previous rcvd is 11723 
Packet(s) lost or reordered : 12456 was received, previous rcvd is 12306 
Packet(s) lost or reordered : 13009 was received, previous rcvd is 12889 
Packet(s) lost or reordered : 13562 was received, previous rcvd is 13411 
Packet(s) lost or reordered : 14116 was received, previous rcvd is 13933 
Packet(s) lost or reordered : 14671 was received, previous rcvd is 14518 
Packet(s) lost or reordered : 15226 was received, previous rcvd is 15073 
Packet(s) lost or reordered : 15782 was received, previous rcvd is 15628 
Packet(s) lost or reordered : 16339 was received, previous rcvd is 16184 
Packet(s) lost or reordered : 16896 was received, previous rcvd is 16710 
Packet(s) lost or reordered : 17454 was received, previous rcvd is 17298 
Packet(s) lost or reordered : 18012 was received, previous rcvd is 17869 
Packet(s) lost or reordered : 18571 was received, previous rcvd is 18395 
Packet(s) lost or reordered : 19102 was received, previous rcvd is 18954 
Packet(s) lost or reordered : 19691 was received, previous rcvd is 19517 
Packet(s) lost or reordered : 20252 was received, previous rcvd is 20106 
Packet(s) lost or reordered : 20814 was received, previous rcvd is 20635 
Packet(s) lost or reordered : 21376 was received, previous rcvd is 21229 
Packet(s) lost or reordered : 21940 was received, previous rcvd is 21759 
Packet(s) lost or reordered : 22504 was received, previous rcvd is 22323 
Packet(s) lost or reordered : 23068 was received, previous rcvd is 22919 
Packet(s) lost or reordered : 23633 was received, previous rcvd is 23483 
Packet(s) lost or reordered : 23988 was received, previous rcvd is 23984 
Packet(s) lost or reordered : 24199 was received, previous rcvd is 24019 
Packet(s) lost or reordered : 24766 was received, previous rcvd is 24582 
Packet(s) lost or reordered : 25333 was received, previous rcvd is 25149 
Packet(s) lost or reordered : 25901 was received, previous rcvd is 25748 
Packet(s) lost or reordered : 26469 was received, previous rcvd is 26316 
Packet(s) lost or reordered : 27038 was received, previous rcvd is 26852 
Packet(s) lost or reordered : 27608 was received, previous rcvd is 27453 
Packet(s) lost or reordered : 28178 was received, previous rcvd is 27991 
Packet(s) lost or reordered : 28749 was received, previous rcvd is 28593 
Packet(s) lost or reordered : 29321 was received, previous rcvd is 29132 
Packet(s) lost or reordered : 29893 was received, previous rcvd is 29735 
Packet(s) lost or reordered : 30466 was received, previous rcvd is 30277 
Packet(s) lost or reordered : 31040 was received, previous rcvd is 30850 
Packet(s) lost or reordered : 31444 was received, previous rcvd is 31426 
Packet(s) lost or reordered : 31614 was received, previous rcvd is 31475 
Packet(s) lost or reordered : 32189 was received, previous rcvd is 31997 
Packet(s) lost or reordered : 32764 was received, previous rcvd is 32572 
Packet(s) lost or reordered : 33340 was received, previous rcvd is 33180 
Packet(s) lost or reordered : 33917 was received, previous rcvd is 33724 
Packet(s) lost or reordered : 34494 was received, previous rcvd is 34347 
Packet(s) lost or reordered : 35072 was received, previous rcvd is 34889 
Packet(s) lost or reordered : 35650 was received, previous rcvd is 35467 
Packet(s) lost or reordered : 36229 was received, previous rcvd is 36045 
Packet(s) lost or reordered : 36808 was received, previous rcvd is 36624 
Packet(s) lost or reordered : 37387 was received, previous rcvd is 37203 
Packet(s) lost or reordered : 37967 was received, previous rcvd is 37782 
Packet(s) lost or reordered : 38547 was received, previous rcvd is 38362 
Packet(s) lost or reordered : 39128 was received, previous rcvd is 38942 
Packet(s) lost or reordered : 39709 was received, previous rcvd is 39556 
Packet(s) lost or reordered : 40291 was received, previous rcvd is 40104 
Packet(s) lost or reordered : 40873 was received, previous rcvd is 40686 
Packet(s) lost or reordered : 41456 was received, previous rcvd is 41268 
Packet(s) lost or reordered : 42039 was received, previous rcvd is 41851 
Packet(s) lost or reordered : 42622 was received, previous rcvd is 42434 
Packet(s) lost or reordered : 43206 was received, previous rcvd is 43017 
Packet(s) lost or reordered : 43790 was received, previous rcvd is 43601 
Packet(s) lost or reordered : 44374 was received, previous rcvd is 44185 
Packet(s) lost or reordered : 44960 was received, previous rcvd is 44736 
Packet(s) lost or reordered : 45546 was received, previous rcvd is 45388 
Packet(s) lost or reordered : 46132 was received, previous rcvd is 45941 
Packet(s) lost or reordered : 46718 was received, previous rcvd is 46527 
Packet(s) lost or reordered : 47305 was received, previous rcvd is 47146 
Packet(s) lost or reordered : 47892 was received, previous rcvd is 47700 
Packet(s) lost or reordered : 48479 was received, previous rcvd is 48254 
Packet(s) lost or reordered : 49067 was received, previous rcvd is 48874 
Packet(s) lost or reordered : 49655 was received, previous rcvd is 49495 
Packet(s) lost or reordered : 50070 was received, previous rcvd is 50017 
Packet(s) lost or reordered : 50073 was received, previous rcvd is 50070 
Packet(s) lost or reordered : 50243 was received, previous rcvd is 50104 
Packet(s) lost or reordered : 50831 was received, previous rcvd is 50638 
Packet(s) lost or reordered : 51420 was received, previous rcvd is 51226 
Packet(s) lost or reordered : 52009 was received, previous rcvd is 51815 
Packet(s) lost or reordered : 52598 was received, previous rcvd is 52404 
Packet(s) lost or reordered : 53188 was received, previous rcvd is 52993 
Packet(s) lost or reordered : 53779 was received, previous rcvd is 53583 
Packet(s) lost or reordered : 54369 was received, previous rcvd is 54207 
Packet(s) lost or reordered : 54959 was received, previous rcvd is 54764 
Packet(s) lost or reordered : 55550 was received, previous rcvd is 55354 
Packet(s) lost or reordered : 56141 was received, previous rcvd is 55912 
Packet(s) lost or reordered : 56732 was received, previous rcvd is 56569 
Packet(s) lost or reordered : 57323 was received, previous rcvd is 57127 
Packet(s) lost or reordered : 57915 was received, previous rcvd is 57718 
Packet(s) lost or reordered : 58507 was received, previous rcvd is 58310 
Packet(s) lost or reordered : 59099 was received, previous rcvd is 58902 
Packet(s) lost or reordered : 59691 was received, previous rcvd is 59494 
Packet(s) lost or reordered : 60284 was received, previous rcvd is 60086 
Packet(s) lost or reordered : 60877 was received, previous rcvd is 60679 
Packet(s) lost or reordered : 61470 was received, previous rcvd is 61277 
Packet(s) lost or reordered : 62063 was received, previous rcvd is 61876 
Packet(s) lost or reordered : 62657 was received, previous rcvd is 62438 
Packet(s) lost or reordered : 63251 was received, previous rcvd is 63064 
Packet(s) lost or reordered : 63845 was received, previous rcvd is 63658 
Packet(s) lost or reordered : 64439 was received, previous rcvd is 64248 
Packet(s) lost or reordered : 65033 was received, previous rcvd is 64845 
Packet(s) lost or reordered :    92 was received, previous rcvd is 65443 
Packet(s) lost or reordered :   687 was received, previous rcvd is   465 
Packet(s) lost or reordered :  1282 was received, previous rcvd is  1094 
Packet(s) lost or reordered :  1877 was received, previous rcvd is  1689 
Packet(s) lost or reordered :  2472 was received, previous rcvd is  2250 
Packet(s) lost or reordered :  3068 was received, previous rcvd is  2879 
Packet(s) lost or reordered :  3664 was received, previous rcvd is  3475 
Packet(s) lost or reordered :  4260 was received, previous rcvd is  4071 
Packet(s) lost or reordered :  4856 was received, previous rcvd is  4633 
Packet(s) lost or reordered : 13216 was received, previous rcvd is 13209 
Packet(s) lost or reordered : 14052 was received, previous rcvd is 14031 
Packet(s) lost or reordered : 14470 was received, previous rcvd is 14459 
Packet(s) lost or reordered : 14888 was received, previous rcvd is 14877 
Packet(s) lost or reordered : 15306 was received, previous rcvd is 15271 
Packet(s) lost or reordered : 15725 was received, previous rcvd is 15719 
Packet(s) lost or reordered : 16144 was received, previous rcvd is 16114 
Packet(s) lost or reordered : 16563 was received, previous rcvd is 16533 
Packet(s) lost or reordered : 16982 was received, previous rcvd is 16974 
Packet(s) lost or reordered : 17401 was received, previous rcvd is 17365 
Packet(s) lost or reordered : 17820 was received, previous rcvd is 17813 
Packet(s) lost or reordered : 18239 was received, previous rcvd is 18209 
Packet(s) lost or reordered : 18658 was received, previous rcvd is 18654 
Packet(s) lost or reordered : 19064 was received, previous rcvd is 19042 
Packet(s) lost or reordered : 19077 was received, previous rcvd is 19064 
Packet(s) lost or reordered : 19496 was received, previous rcvd is 19483 
Packet(s) lost or reordered : 19915 was received, previous rcvd is 19879 
Packet(s) lost or reordered : 20335 was received, previous rcvd is 20322 
Packet(s) lost or reordered : 20755 was received, previous rcvd is 20742 
Packet(s) lost or reordered : 21175 was received, previous rcvd is 21138 
Packet(s) lost or reordered : 21595 was received, previous rcvd is 21582 
Packet(s) lost or reordered : 22015 was received, previous rcvd is 21978 
Packet(s) lost or reordered : 22435 was received, previous rcvd is 22422 
Packet(s) lost or reordered : 22855 was received, previous rcvd is 22842 
Packet(s) lost or reordered : 23275 was received, previous rcvd is 23238 
Packet(s) lost or reordered : 23696 was received, previous rcvd is 23682 
Packet(s) lost or reordered : 24118 was received, previous rcvd is 24103 
Packet(s) lost or reordered : 24539 was received, previous rcvd is 24501 
Packet(s) lost or reordered : 24960 was received, previous rcvd is 24946 
Packet(s) lost or reordered : 25381 was received, previous rcvd is 25367 
Packet(s) lost or reordered : 25802 was received, previous rcvd is 25764 
Packet(s) lost or reordered : 26223 was received, previous rcvd is 26209 
Packet(s) lost or reordered : 26644 was received, previous rcvd is 26606 
Packet(s) lost or reordered : 27065 was received, previous rcvd is 27051 
Packet(s) lost or reordered : 27487 was received, previous rcvd is 27448 
Packet(s) lost or reordered : 27909 was received, previous rcvd is 27894 
Packet(s) lost or reordered : 28331 was received, previous rcvd is 28316 
Packet(s) lost or reordered : 28754 was received, previous rcvd is 28714 
Packet(s) lost or reordered : 29176 was received, previous rcvd is 29161 
Packet(s) lost or reordered : 29599 was received, previous rcvd is 29559 
Packet(s) lost or reordered : 30021 was received, previous rcvd is 30006 
Packet(s) lost or reordered : 30443 was received, previous rcvd is 30428 
Packet(s) lost or reordered : 30866 was received, previous rcvd is 30850 
Packet(s) lost or reordered : 31289 was received, previous rcvd is 31249 
Packet(s) lost or reordered : 31712 was received, previous rcvd is 31696 
Packet(s) lost or reordered : 32135 was received, previous rcvd is 32095 
Packet(s) lost or reordered : 32558 was received, previous rcvd is 32542 
Packet(s) lost or reordered : 32982 was received, previous rcvd is 32965 
Packet(s) lost or reordered : 33406 was received, previous rcvd is 33365 
Packet(s) lost or reordered : 33830 was received, previous rcvd is 33813 
Packet(s) lost or reordered : 34254 was received, previous rcvd is 34213 
Packet(s) lost or reordered : 34678 was received, previous rcvd is 34661 
Packet(s) lost or reordered : 35103 was received, previous rcvd is 35061 
Packet(s) lost or reordered : 35527 was received, previous rcvd is 35510 
Packet(s) lost or reordered : 35953 was received, previous rcvd is 35934 
Packet(s) lost or reordered : 36379 was received, previous rcvd is 36336 
Packet(s) lost or reordered : 36804 was received, previous rcvd is 36786 
Packet(s) lost or reordered : 37229 was received, previous rcvd is 37211 
Packet(s) lost or reordered : 37654 was received, previous rcvd is 37612 
Packet(s) lost or reordered : 38079 was received, previous rcvd is 38065 
Packet(s) lost or reordered : 38505 was received, previous rcvd is 38468 
Packet(s) lost or reordered : 38931 was received, previous rcvd is 38920 
Packet(s) lost or reordered : 39357 was received, previous rcvd is 39318 
Packet(s) lost or reordered : 39784 was received, previous rcvd is 39764 
Packet(s) lost or reordered : 40211 was received, previous rcvd is 40167 
Packet(s) lost or reordered : 40638 was received, previous rcvd is 40594 
Packet(s) lost or reordered : 41066 was received, previous rcvd is 41045 
Packet(s) lost or reordered : 41493 was received, previous rcvd is 41473 
Packet(s) lost or reordered : 41921 was received, previous rcvd is 41876 
Packet(s) lost or reordered : 42349 was received, previous rcvd is 42328 
Packet(s) lost or reordered : 42777 was received, previous rcvd is 42756 
Packet(s) lost or reordered : 43205 was received, previous rcvd is 43160 
Packet(s) lost or reordered : 43633 was received, previous rcvd is 43612 
Packet(s) lost or reordered : 44062 was received, previous rcvd is 44040 
Packet(s) lost or reordered : 44491 was received, previous rcvd is 44445 
Packet(s) lost or reordered : 44921 was received, previous rcvd is 44890 
Packet(s) lost or reordered : 45350 was received, previous rcvd is 45325 
Packet(s) lost or reordered : 45779 was received, previous rcvd is 45760 
Packet(s) lost or reordered : 46157 was received, previous rcvd is 46138 
Packet(s) lost or reordered : 46159 was received, previous rcvd is 46157 
Packet(s) lost or reordered : 46209 was received, previous rcvd is 46181 
Packet(s) lost or reordered : 46639 was received, previous rcvd is 46616 
Packet(s) lost or reordered : 47070 was received, previous rcvd is 47022 
Packet(s) lost or reordered : 47501 was received, previous rcvd is 47453 
Packet(s) lost or reordered : 47932 was received, previous rcvd is 47923 
Packet(s) lost or reordered : 48363 was received, previous rcvd is 48331 
Packet(s) lost or reordered : 48794 was received, previous rcvd is 48762 
Packet(s) lost or reordered : 49226 was received, previous rcvd is 49178 
Packet(s) lost or reordered : 49658 was received, previous rcvd is 49625 
Packet(s) lost or reordered : 50090 was received, previous rcvd is 50057 
Packet(s) lost or reordered : 50523 was received, previous rcvd is 50489 
Packet(s) lost or reordered : 50956 was received, previous rcvd is 50897 
Packet(s) lost or reordered : 51389 was received, previous rcvd is 51380 
Packet(s) lost or reordered : 51822 was received, previous rcvd is 51788 
Packet(s) lost or reordered : 52255 was received, previous rcvd is 52196 
Packet(s) lost or reordered : 52689 was received, previous rcvd is 52679 
Packet(s) lost or reordered : 53123 was received, previous rcvd is 53088 
Packet(s) lost or reordered : 53557 was received, previous rcvd is 53522 
Packet(s) lost or reordered : 53991 was received, previous rcvd is 53956 
Packet(s) lost or reordered : 54426 was received, previous rcvd is 54365 
Packet(s) lost or reordered : 54861 was received, previous rcvd is 54850 
Packet(s) lost or reordered : 55296 was received, previous rcvd is 55260 
Packet(s) lost or reordered : 55732 was received, previous rcvd is 55670 
Packet(s) lost or reordered : 56168 was received, previous rcvd is 56131 
Packet(s) lost or reordered : 56604 was received, previous rcvd is 56592 
Packet(s) lost or reordered : 57040 was received, previous rcvd is 57003 
Packet(s) lost or reordered : 57435 was received, previous rcvd is 57414 
Packet(s) lost or reordered : 57477 was received, previous rcvd is 57459 
Packet(s) lost or reordered : 57914 was received, previous rcvd is 57851 
Packet(s) lost or reordered : 58351 was received, previous rcvd is 58313 
Packet(s) lost or reordered : 58789 was received, previous rcvd is 58750 
Packet(s) lost or reordered : 59227 was received, previous rcvd is 59188 
Packet(s) lost or reordered : 59665 was received, previous rcvd is 59626 
Packet(s) lost or reordered : 60103 was received, previous rcvd is 60064 
Packet(s) lost or reordered : 60542 was received, previous rcvd is 60502 
Packet(s) lost or reordered : 60981 was received, previous rcvd is 60941 
Packet(s) lost or reordered : 61420 was received, previous rcvd is 61380 
Packet(s) lost or reordered : 61860 was received, previous rcvd is 61819 
Packet(s) lost or reordered : 62300 was received, previous rcvd is 62259 
Packet(s) lost or reordered : 62740 was received, previous rcvd is 62699 
Packet(s) lost or reordered : 63181 was received, previous rcvd is 63139 
Packet(s) lost or reordered : 63623 was received, previous rcvd is 63580 
Packet(s) lost or reordered : 64064 was received, previous rcvd is 64022 
Packet(s) lost or reordered : 64506 was received, previous rcvd is 64463 
Packet(s) lost or reordered : 64948 was received, previous rcvd is 64905 
Packet(s) lost or reordered : 65390 was received, previous rcvd is 65347 
Packet(s) lost or reordered :   297 was received, previous rcvd is   253 
Packet(s) lost or reordered :   725 was received, previous rcvd is   671 
Packet(s) lost or reordered :  1183 was received, previous rcvd is  1124 
Packet(s) lost or reordered :  1626 was received, previous rcvd is  1582 
Packet(s) lost or reordered :  2070 was received, previous rcvd is  2015 
Packet(s) lost or reordered :  2514 was received, previous rcvd is  2461 
Packet(s) lost or reordered :  2959 was received, previous rcvd is  2933 
Packet(s) lost or reordered :  3404 was received, previous rcvd is  3359 
Packet(s) lost or reordered :  3849 was received, previous rcvd is  3803 
Packet(s) lost or reordered :  4295 was received, previous rcvd is  4238 
Packet(s) lost or reordered :  4741 was received, previous rcvd is  4686 
Packet(s) lost or reordered :  5187 was received, previous rcvd is  5132 
Packet(s) lost or reordered :  5634 was received, previous rcvd is  5592 
Packet(s) lost or reordered :  6082 was received, previous rcvd is  6033 
Packet(s) lost or reordered :  6530 was received, previous rcvd is  6506 
Packet(s) lost or reordered :  6978 was received, previous rcvd is  6904 
Packet(s) lost or reordered :  7427 was received, previous rcvd is  7377 
Packet(s) lost or reordered :  7876 was received, previous rcvd is  7826 
Packet(s) lost or reordered :  8326 was received, previous rcvd is  8275 
Packet(s) lost or reordered :  8776 was received, previous rcvd is  8714 
Packet(s) lost or reordered :  9226 was received, previous rcvd is  9165 
Packet(s) lost or reordered :  9676 was received, previous rcvd is  9641 
Packet(s) lost or reordered : 10126 was received, previous rcvd is 10065 
Packet(s) lost or reordered : 10577 was received, previous rcvd is 10541 
Packet(s) lost or reordered : 11028 was received, previous rcvd is 10966 
Packet(s) lost or reordered : 11480 was received, previous rcvd is 11443 
Packet(s) lost or reordered : 11932 was received, previous rcvd is 11869 
Packet(s) lost or reordered : 12385 was received, previous rcvd is 12321 
Packet(s) lost or reordered : 12838 was received, previous rcvd is 12774 
Packet(s) lost or reordered : 13291 was received, previous rcvd is 13253 
Packet(s) lost or reordered : 13745 was received, previous rcvd is 13680 
Packet(s) lost or reordered : 14199 was received, previous rcvd is 14160 
Packet(s) lost or reordered : 14654 was received, previous rcvd is 14588 
Packet(s) lost or reordered : 15109 was received, previous rcvd is 15043 
Packet(s) lost or reordered : 15564 was received, previous rcvd is 15498 
Packet(s) lost or reordered : 16020 was received, previous rcvd is 15979 
Packet(s) lost or reordered : 16476 was received, previous rcvd is 16409 
Packet(s) lost or reordered : 16933 was received, previous rcvd is 16891 
Packet(s) lost or reordered : 17390 was received, previous rcvd is 17322 
Packet(s) lost or reordered : 17847 was received, previous rcvd is 17779 
Packet(s) lost or reordered : 18305 was received, previous rcvd is 18236 
Packet(s) lost or reordered : 18763 was received, previous rcvd is 18720 
Packet(s) lost or reordered : 19222 was received, previous rcvd is 19152 
Packet(s) lost or reordered : 19681 was received, previous rcvd is 19611 
Packet(s) lost or reordered : 20141 was received, previous rcvd is 20096 
Packet(s) lost or reordered : 20601 was received, previous rcvd is 20530 
Packet(s) lost or reordered : 21061 was received, previous rcvd is 20990 
Packet(s) lost or reordered : 21522 was received, previous rcvd is 21476 
Packet(s) lost or reordered : 21983 was received, previous rcvd is 21911 
Packet(s) lost or reordered : 22445 was received, previous rcvd is 22398 
Packet(s) lost or reordered : 22907 was received, previous rcvd is 22834 
Packet(s) lost or reordered : 23370 was received, previous rcvd is 23296 
Packet(s) lost or reordered : 23833 was received, previous rcvd is 23785 
Packet(s) lost or reordered : 24296 was received, previous rcvd is 24222 
Packet(s) lost or reordered : 24760 was received, previous rcvd is 24685 
Packet(s) lost or reordered : 25225 was received, previous rcvd is 25175 
Packet(s) lost or reordered : 25690 was received, previous rcvd is 25614 
Packet(s) lost or reordered : 26156 was received, previous rcvd is 26079 
Packet(s) lost or reordered : 26622 was received, previous rcvd is 26545 
Packet(s) lost or reordered : 27088 was received, previous rcvd is 27037 
Packet(s) lost or reordered : 27555 was received, previous rcvd is 27477 
Packet(s) lost or reordered : 28022 was received, previous rcvd is 27944 
Packet(s) lost or reordered : 28490 was received, previous rcvd is 28452 
Packet(s) lost or reordered : 28959 was received, previous rcvd is 28867 
Packet(s) lost or reordered : 29428 was received, previous rcvd is 29363 
Packet(s) lost or reordered : 29897 was received, previous rcvd is 29805 
Packet(s) lost or reordered : 30367 was received, previous rcvd is 30328 
Packet(s) lost or reordered : 30837 was received, previous rcvd is 30744 
Packet(s) lost or reordered : 31308 was received, previous rcvd is 31241 
Packet(s) lost or reordered : 31779 was received, previous rcvd is 31685 
Packet(s) lost or reordered : 32251 was received, previous rcvd is 32183 
Packet(s) lost or reordered : 32723 was received, previous rcvd is 32655 
Packet(s) lost or reordered : 33196 was received, previous rcvd is 33127 
Packet(s) lost or reordered : 33669 was received, previous rcvd is 33600 
Packet(s) lost or reordered : 34143 was received, previous rcvd is 34046 
Packet(s) lost or reordered : 34617 was received, previous rcvd is 34547 
Packet(s) lost or reordered : 35092 was received, previous rcvd is 35021 
Packet(s) lost or reordered : 35568 was received, previous rcvd is 35496 
Packet(s) lost or reordered : 36044 was received, previous rcvd is 35945 
Packet(s) lost or reordered : 36520 was received, previous rcvd is 36475 
Packet(s) lost or reordered : 36997 was received, previous rcvd is 36897 
Packet(s) lost or reordered : 37474 was received, previous rcvd is 37401 
Packet(s) lost or reordered : 37952 was received, previous rcvd is 37851 
Packet(s) lost or reordered : 38430 was received, previous rcvd is 38383 
Packet(s) lost or reordered : 38909 was received, previous rcvd is 38807 
Packet(s) lost or reordered : 39388 was received, previous rcvd is 39313 
Packet(s) lost or reordered : 39868 was received, previous rcvd is 39792 
Packet(s) lost or reordered : 40348 was received, previous rcvd is 40251 
Packet(s) lost or reordered : 40829 was received, previous rcvd is 40767 
Packet(s) lost or reordered : 41310 was received, previous rcvd is 41218 
Packet(s) lost or reordered : 41792 was received, previous rcvd is 41690 
Packet(s) lost or reordered : 42274 was received, previous rcvd is 42196 
Packet(s) lost or reordered : 42757 was received, previous rcvd is 42678 
Packet(s) lost or reordered : 43240 was received, previous rcvd is 43173 
Packet(s) lost or reordered : 43724 was received, previous rcvd is 43599 
Packet(s) lost or reordered : 44209 was received, previous rcvd is 44160 
Packet(s) lost or reordered : 44695 was received, previous rcvd is 44586 
Packet(s) lost or reordered : 45181 was received, previous rcvd is 45085 
Packet(s) lost or reordered : 45667 was received, previous rcvd is 45572 
Packet(s) lost or reordered : 46154 was received, previous rcvd is 46086 
Packet(s) lost or reordered : 46641 was received, previous rcvd is 46545 
Packet(s) lost or reordered : 47129 was received, previous rcvd is 47032 
Packet(s) lost or reordered : 47617 was received, previous rcvd is 47520 
Packet(s) lost or reordered : 48106 was received, previous rcvd is 48036 
Packet(s) lost or reordered : 48596 was received, previous rcvd is 48497 
Packet(s) lost or reordered : 49086 was received, previous rcvd is 48987 
Packet(s) lost or reordered : 49577 was received, previous rcvd is 49477 
Packet(s) lost or reordered : 50068 was received, previous rcvd is 49996 
Packet(s) lost or reordered : 50560 was received, previous rcvd is 50459 
Packet(s) lost or reordered : 51052 was received, previous rcvd is 50951 
Packet(s) lost or reordered : 51545 was received, previous rcvd is 51443 
Packet(s) lost or reordered : 52038 was received, previous rcvd is 51964 
Packet(s) lost or reordered : 52532 was received, previous rcvd is 52429 
Packet(s) lost or reordered : 53004 was received, previous rcvd is 52923 
Packet(s) lost or reordered : 53007 was received, previous rcvd is 53004 
Packet(s) lost or reordered : 53018 was received, previous rcvd is 53015 
Packet(s) lost or reordered : 53021 was received, previous rcvd is 53018 
Packet(s) lost or reordered : 53522 was received, previous rcvd is 53401 
Packet(s) lost or reordered : 54018 was received, previous rcvd is 53913 
Packet(s) lost or reordered : 54514 was received, previous rcvd is 54437 
Packet(s) lost or reordered : 55011 was received, previous rcvd is 54905 
Packet(s) lost or reordered : 55508 was received, previous rcvd is 55402 
Packet(s) lost or reordered : 56006 was received, previous rcvd is 55899 
Packet(s) lost or reordered : 56504 was received, previous rcvd is 56425 
Packet(s) lost or reordered : 56927 was received, previous rcvd is 56895 
Packet(s) lost or reordered : 56930 was received, previous rcvd is 56927 
Packet(s) lost or reordered : 56932 was received, previous rcvd is 56930 
Packet(s) lost or reordered : 57003 was received, previous rcvd is 56957 
Packet(s) lost or reordered : 57503 was received, previous rcvd is 57394 
Packet(s) lost or reordered : 58003 was received, previous rcvd is 57866 
Packet(s) lost or reordered : 58504 was received, previous rcvd is 58422 
Packet(s) lost or reordered : 59005 was received, previous rcvd is 58895 
Packet(s) lost or reordered : 59507 was received, previous rcvd is 59396 
Packet(s) lost or reordered : 60010 was received, previous rcvd is 59926 
Packet(s) lost or reordered : 60513 was received, previous rcvd is 60401 
Packet(s) lost or reordered : 61017 was received, previous rcvd is 60888 
Packet(s) lost or reordered : 61522 was received, previous rcvd is 61422 
Packet(s) lost or reordered : 62028 was received, previous rcvd is 61927 
Packet(s) lost or reordered : 62534 was received, previous rcvd is 62433 
Packet(s) lost or reordered : 63040 was received, previous rcvd is 62910 
Packet(s) lost or reordered : 63547 was received, previous rcvd is 63445 
Packet(s) lost or reordered : 64055 was received, previous rcvd is 63952 
Packet(s) lost or reordered : 64563 was received, previous rcvd is 64460 
Packet(s) lost or reordered : 65072 was received, previous rcvd is 64939 
Packet(s) lost or reordered :    45 was received, previous rcvd is 65477 
Packet(s) lost or reordered :   555 was received, previous rcvd is   450 
Packet(s) lost or reordered :  1066 was received, previous rcvd is   960 
Packet(s) lost or reordered :  1577 was received, previous rcvd is  1442 
Packet(s) lost or reordered :  2089 was received, previous rcvd is  1982 
Packet(s) lost or reordered :  2602 was received, previous rcvd is  2494 
Packet(s) lost or reordered :  3115 was received, previous rcvd is  2978 
Packet(s) lost or reordered :  3629 was received, previous rcvd is  3520 
Packet(s) lost or reordered :  4143 was received, previous rcvd is  4038 
Packet(s) lost or reordered :  4658 was received, previous rcvd is  4526 
Packet(s) lost or reordered :  5174 was received, previous rcvd is  5066 
Packet(s) lost or reordered :  5553 was received, previous rcvd is  5550 
Packet(s) lost or reordered :  5690 was received, previous rcvd is  5581 
Packet(s) lost or reordered :  6207 was received, previous rcvd is  6066 
Packet(s) lost or reordered :  6725 was received, previous rcvd is  6619 
Packet(s) lost or reordered :  7243 was received, previous rcvd is  7108 
Packet(s) lost or reordered :  7762 was received, previous rcvd is  7654 
Packet(s) lost or reordered :  8282 was received, previous rcvd is  8167 
Packet(s) lost or reordered :  8802 was received, previous rcvd is  8687 
Packet(s) lost or reordered :  9323 was received, previous rcvd is  9178 
Packet(s) lost or reordered :  9845 was received, previous rcvd is  9728 
Packet(s) lost or reordered : 10367 was received, previous rcvd is 10232 
Packet(s) lost or reordered : 10890 was received, previous rcvd is 10786 
Packet(s) lost or reordered : 11413 was received, previous rcvd is 11279 
Packet(s) lost or reordered : 11937 was received, previous rcvd is 11802 
Packet(s) lost or reordered : 12462 was received, previous rcvd is 12326 
Packet(s) lost or reordered : 12987 was received, previous rcvd is 12881 
Packet(s) lost or reordered : 13513 was received, previous rcvd is 13376 
Packet(s) lost or reordered : 14040 was received, previous rcvd is 13902 
Packet(s) lost or reordered : 14567 was received, previous rcvd is 14459 
Packet(s) lost or reordered : 15095 was received, previous rcvd is 14956 
Packet(s) lost or reordered : 15624 was received, previous rcvd is 15484 
Packet(s) lost or reordered : 16153 was received, previous rcvd is 16043 
Packet(s) lost or reordered : 16683 was received, previous rcvd is 16542 
Packet(s) lost or reordered : 17214 was received, previous rcvd is 17072 
