socket set to IP_RECVTOS
socket SO_RCVBUF set to 20971520
Listen on port 8080 to receive RTP from sender 
.
.
Packet(s) lost or reordered : 13465 was received, previous rcvd is 13460 
Packet(s) lost or reordered : 13917 was received, previous rcvd is 13879 
Packet(s) lost or reordered : 14371 was received, previous rcvd is 14280 
Packet(s) lost or reordered : 14826 was received, previous rcvd is 14786 
Packet(s) lost or reordered : 15283 was received, previous rcvd is 15215 
Packet(s) lost or reordered : 15742 was received, previous rcvd is 15672 
Packet(s) lost or reordered : 16203 was received, previous rcvd is 16157 
Packet(s) lost or reordered : 16666 was received, previous rcvd is 16592 
Packet(s) lost or reordered : 17131 was received, previous rcvd is 17081 
Packet(s) lost or reordered : 17597 was received, previous rcvd is 17520 
Packet(s) lost or reordered : 18065 was received, previous rcvd is 17986 
Packet(s) lost or reordered : 18535 was received, previous rcvd is 18468 
Packet(s) lost or reordered : 19007 was received, previous rcvd is 18939 
Packet(s) lost or reordered : 19481 was received, previous rcvd is 19411 
Packet(s) lost or reordered : 19957 was received, previous rcvd is 19885 
Packet(s) lost or reordered : 20435 was received, previous rcvd is 20334 
Packet(s) lost or reordered : 20915 was received, previous rcvd is 20839 
Packet(s) lost or reordered : 21397 was received, previous rcvd is 21319 
Packet(s) lost or reordered : 21881 was received, previous rcvd is 21800 
Packet(s) lost or reordered : 22366 was received, previous rcvd is 22286 
Packet(s) lost or reordered : 22853 was received, previous rcvd is 22742 
Packet(s) lost or reordered : 23342 was received, previous rcvd is 23246 
Packet(s) lost or reordered : 23833 was received, previous rcvd is 23761 
Packet(s) lost or reordered : 24327 was received, previous rcvd is 24224 
Packet(s) lost or reordered : 24822 was received, previous rcvd is 24718 
Packet(s) lost or reordered : 25319 was received, previous rcvd is 25213 
Packet(s) lost or reordered : 25818 was received, previous rcvd is 25710 
Packet(s) lost or reordered : 26319 was received, previous rcvd is 26237 
Packet(s) lost or reordered : 26822 was received, previous rcvd is 26710 
Packet(s) lost or reordered : 27327 was received, previous rcvd is 27213 
Packet(s) lost or reordered : 27834 was received, previous rcvd is 27731 
Packet(s) lost or reordered : 28343 was received, previous rcvd is 28239 
Packet(s) lost or reordered : 28854 was received, previous rcvd is 28748 
Packet(s) lost or reordered : 29367 was received, previous rcvd is 29254 
Packet(s) lost or reordered : 29882 was received, previous rcvd is 29738 
Packet(s) lost or reordered : 30399 was received, previous rcvd is 30315 
Packet(s) lost or reordered : 30918 was received, previous rcvd is 30776 
Packet(s) lost or reordered : 31439 was received, previous rcvd is 31323 
Packet(s) lost or reordered : 31962 was received, previous rcvd is 31844 
Packet(s) lost or reordered : 32487 was received, previous rcvd is 32351 
Packet(s) lost or reordered : 33013 was received, previous rcvd is 32876 
Packet(s) lost or reordered : 33541 was received, previous rcvd is 33432 
Packet(s) lost or reordered : 34071 was received, previous rcvd is 33930 
Packet(s) lost or reordered : 34603 was received, previous rcvd is 34460 
Packet(s) lost or reordered : 35137 was received, previous rcvd is 34992 
Packet(s) lost or reordered : 35673 was received, previous rcvd is 35526 
Packet(s) lost or reordered : 36211 was received, previous rcvd is 36092 
Packet(s) lost or reordered : 36751 was received, previous rcvd is 36600 
Packet(s) lost or reordered : 37293 was received, previous rcvd is 37152 
Packet(s) lost or reordered : 37837 was received, previous rcvd is 37695 
Packet(s) lost or reordered : 38383 was received, previous rcvd is 38239 
Packet(s) lost or reordered : 38931 was received, previous rcvd is 38754 
Packet(s) lost or reordered : 39481 was received, previous rcvd is 39364 
Packet(s) lost or reordered : 40033 was received, previous rcvd is 39852 
Packet(s) lost or reordered : 40587 was received, previous rcvd is 40435 
Packet(s) lost or reordered : 41143 was received, previous rcvd is 40989 
Packet(s) lost or reordered : 41701 was received, previous rcvd is 41545 
Packet(s) lost or reordered : 42261 was received, previous rcvd is 42082 
Packet(s) lost or reordered : 42823 was received, previous rcvd is 42676 
Packet(s) lost or reordered : 43387 was received, previous rcvd is 43206 
Packet(s) lost or reordered : 43954 was received, previous rcvd is 43802 
Packet(s) lost or reordered : 44523 was received, previous rcvd is 44337 
Packet(s) lost or reordered : 45094 was received, previous rcvd is 44938 
Packet(s) lost or reordered : 45667 was received, previous rcvd is 45477 
Packet(s) lost or reordered : 46242 was received, previous rcvd is 46082 
Packet(s) lost or reordered : 46819 was received, previous rcvd is 46625 
Packet(s) lost or reordered : 47398 was received, previous rcvd is 47213 
Packet(s) lost or reordered : 47855 was received, previous rcvd is 47793 
Packet(s) lost or reordered : 47979 was received, previous rcvd is 47887 
Packet(s) lost or reordered : 48562 was received, previous rcvd is 48341 
Packet(s) lost or reordered : 49011 was received, previous rcvd is 48957 
Packet(s) lost or reordered : 49147 was received, previous rcvd is 49043 
Packet(s) lost or reordered : 49735 was received, previous rcvd is 49542 
Packet(s) lost or reordered : 50125 was received, previous rcvd is 50091 
Packet(s) lost or reordered : 50325 was received, previous rcvd is 50160 
Packet(s) lost or reordered : 50917 was received, previous rcvd is 50720 
Packet(s) lost or reordered : 51511 was received, previous rcvd is 51312 
Packet(s) lost or reordered : 51970 was received, previous rcvd is 51886 
Packet(s) lost or reordered : 52084 was received, previous rcvd is 51970 
Packet(s) lost or reordered : 52618 was received, previous rcvd is 52490 
Packet(s) lost or reordered : 52705 was received, previous rcvd is 52651 
Packet(s) lost or reordered : 53080 was received, previous rcvd is 53061 
Packet(s) lost or reordered : 53082 was received, previous rcvd is 53080 
Packet(s) lost or reordered : 53086 was received, previous rcvd is 53084 
Packet(s) lost or reordered : 53306 was received, previous rcvd is 53117 
Packet(s) lost or reordered : 53909 was received, previous rcvd is 53701 
Packet(s) lost or reordered : 54514 was received, previous rcvd is 54304 
Packet(s) lost or reordered : 55121 was received, previous rcvd is 54889 
Packet(s) lost or reordered : 55730 was received, previous rcvd is 55528 
Packet(s) lost or reordered : 56341 was received, previous rcvd is 56137 
Packet(s) lost or reordered : 56955 was received, previous rcvd is 56723 
Packet(s) lost or reordered : 57571 was received, previous rcvd is 57374 
Packet(s) lost or reordered : 58189 was received, previous rcvd is 57955 
Packet(s) lost or reordered : 58809 was received, previous rcvd is 58573 
Packet(s) lost or reordered : 59431 was received, previous rcvd is 59228 
Packet(s) lost or reordered : 60056 was received, previous rcvd is 59815 
Packet(s) lost or reordered : 60683 was received, previous rcvd is 60475 
Packet(s) lost or reordered : 61312 was received, previous rcvd is 61067 
Packet(s) lost or reordered : 61841 was received, previous rcvd is 61696 
Packet(s) lost or reordered : 61943 was received, previous rcvd is 61875 
Packet(s) lost or reordered : 62576 was received, previous rcvd is 62302 
Packet(s) lost or reordered : 63212 was received, previous rcvd is 62971 
Packet(s) lost or reordered : 63850 was received, previous rcvd is 63607 
Packet(s) lost or reordered : 64490 was received, previous rcvd is 64281 
Packet(s) lost or reordered : 65132 was received, previous rcvd is 64849 
Packet(s) lost or reordered :   240 was received, previous rcvd is    27 
Packet(s) lost or reordered :   886 was received, previous rcvd is   635 
Packet(s) lost or reordered :  7249 was received, previous rcvd is  7232 
Packet(s) lost or reordered :  7704 was received, previous rcvd is  7664 
Packet(s) lost or reordered :  8159 was received, previous rcvd is  8093 
Packet(s) lost or reordered :  8614 was received, previous rcvd is  8548 
Packet(s) lost or reordered :  9069 was received, previous rcvd is  9029 
Packet(s) lost or reordered :  9524 was received, previous rcvd is  9458 
Packet(s) lost or reordered :  9979 was received, previous rcvd is  9913 
Packet(s) lost or reordered : 10434 was received, previous rcvd is 10394 
Packet(s) lost or reordered : 10889 was received, previous rcvd is 10823 
Packet(s) lost or reordered : 11344 was received, previous rcvd is 11304 
Packet(s) lost or reordered : 11799 was received, previous rcvd is 11733 
Packet(s) lost or reordered : 12254 was received, previous rcvd is 12188 
Packet(s) lost or reordered : 12709 was received, previous rcvd is 12669 
Packet(s) lost or reordered : 13164 was received, previous rcvd is 13098 
Packet(s) lost or reordered : 13619 was received, previous rcvd is 13553 
Packet(s) lost or reordered : 14074 was received, previous rcvd is 14034 
Packet(s) lost or reordered : 14530 was received, previous rcvd is 14463 
Packet(s) lost or reordered : 14986 was received, previous rcvd is 14919 
Packet(s) lost or reordered : 15442 was received, previous rcvd is 15401 
Packet(s) lost or reordered : 15898 was received, previous rcvd is 15831 
Packet(s) lost or reordered : 16354 was received, previous rcvd is 16287 
Packet(s) lost or reordered : 16810 was received, previous rcvd is 16769 
Packet(s) lost or reordered : 17266 was received, previous rcvd is 17199 
Packet(s) lost or reordered : 17722 was received, previous rcvd is 17655 
Packet(s) lost or reordered : 18178 was received, previous rcvd is 18137 
Packet(s) lost or reordered : 18634 was received, previous rcvd is 18567 
Packet(s) lost or reordered : 19090 was received, previous rcvd is 19023 
Packet(s) lost or reordered : 19547 was received, previous rcvd is 19505 
Packet(s) lost or reordered : 20004 was received, previous rcvd is 19936 
Packet(s) lost or reordered : 20461 was received, previous rcvd is 20393 
Packet(s) lost or reordered : 20918 was received, previous rcvd is 20850 
Packet(s) lost or reordered : 21375 was received, previous rcvd is 21320 
Packet(s) lost or reordered : 21832 was received, previous rcvd is 21780 
Packet(s) lost or reordered : 22289 was received, previous rcvd is 22237 
Packet(s) lost or reordered : 22746 was received, previous rcvd is 22682 
Packet(s) lost or reordered : 23204 was received, previous rcvd is 23135 
Packet(s) lost or reordered : 23662 was received, previous rcvd is 23593 
Packet(s) lost or reordered : 24120 was received, previous rcvd is 24079 
Packet(s) lost or reordered : 24578 was received, previous rcvd is 24511 
Packet(s) lost or reordered : 25036 was received, previous rcvd is 24971 
Packet(s) lost or reordered : 25494 was received, previous rcvd is 25451 
Packet(s) lost or reordered : 25952 was received, previous rcvd is 25883 
Packet(s) lost or reordered : 26410 was received, previous rcvd is 26367 
Packet(s) lost or reordered : 26868 was received, previous rcvd is 26799 
Packet(s) lost or reordered : 27327 was received, previous rcvd is 27257 
Packet(s) lost or reordered : 27786 was received, previous rcvd is 27716 
Packet(s) lost or reordered : 28245 was received, previous rcvd is 28201 
Packet(s) lost or reordered : 28704 was received, previous rcvd is 28634 
Packet(s) lost or reordered : 29163 was received, previous rcvd is 29093 
Packet(s) lost or reordered : 29622 was received, previous rcvd is 29578 
Packet(s) lost or reordered : 30081 was received, previous rcvd is 30011 
Packet(s) lost or reordered : 30541 was received, previous rcvd is 30470 
Packet(s) lost or reordered : 31001 was received, previous rcvd is 30956 
Packet(s) lost or reordered : 31461 was received, previous rcvd is 31390 
Packet(s) lost or reordered : 31921 was received, previous rcvd is 31876 
Packet(s) lost or reordered : 32381 was received, previous rcvd is 32310 
Packet(s) lost or reordered : 32841 was received, previous rcvd is 32770 
Packet(s) lost or reordered : 33301 was received, previous rcvd is 33256 
Packet(s) lost or reordered : 33762 was received, previous rcvd is 33690 
Packet(s) lost or reordered : 34223 was received, previous rcvd is 34151 
Packet(s) lost or reordered : 34684 was received, previous rcvd is 34638 
Packet(s) lost or reordered : 35145 was received, previous rcvd is 35073 
Packet(s) lost or reordered : 35606 was received, previous rcvd is 35534 
Packet(s) lost or reordered : 36067 was received, previous rcvd is 35995 
Packet(s) lost or reordered : 36529 was received, previous rcvd is 36482 
Packet(s) lost or reordered : 36991 was received, previous rcvd is 36918 
Packet(s) lost or reordered : 37396 was received, previous rcvd is 37380 
Packet(s) lost or reordered : 37453 was received, previous rcvd is 37421 
Packet(s) lost or reordered : 37915 was received, previous rcvd is 37842 
Packet(s) lost or reordered : 38377 was received, previous rcvd is 38304 
Packet(s) lost or reordered : 38840 was received, previous rcvd is 38792 
Packet(s) lost or reordered : 39303 was received, previous rcvd is 39229 
Packet(s) lost or reordered : 39766 was received, previous rcvd is 39692 
Packet(s) lost or reordered : 40229 was received, previous rcvd is 40181 
Packet(s) lost or reordered : 40692 was received, previous rcvd is 40618 
Packet(s) lost or reordered : 41155 was received, previous rcvd is 41081 
Packet(s) lost or reordered : 41619 was received, previous rcvd is 41570 
Packet(s) lost or reordered : 42083 was received, previous rcvd is 42008 
Packet(s) lost or reordered : 42547 was received, previous rcvd is 42472 
Packet(s) lost or reordered : 43012 was received, previous rcvd is 42962 
Packet(s) lost or reordered : 43477 was received, previous rcvd is 43415 
Packet(s) lost or reordered : 43942 was received, previous rcvd is 43854 
Packet(s) lost or reordered : 44388 was received, previous rcvd is 44319 
Packet(s) lost or reordered : 44872 was received, previous rcvd is 44831 
Packet(s) lost or reordered : 45337 was received, previous rcvd is 45235 
Packet(s) lost or reordered : 45803 was received, previous rcvd is 45737 
Packet(s) lost or reordered : 46260 was received, previous rcvd is 46208 
Packet(s) lost or reordered : 46735 was received, previous rcvd is 46665 
Packet(s) lost or reordered : 47201 was received, previous rcvd is 47129 
Packet(s) lost or reordered : 47668 was received, previous rcvd is 47616 
Packet(s) lost or reordered : 48135 was received, previous rcvd is 48031 
Packet(s) lost or reordered : 48602 was received, previous rcvd is 48550 
Packet(s) lost or reordered : 49069 was received, previous rcvd is 49005 
Packet(s) lost or reordered : 49537 was received, previous rcvd is 49446 
Packet(s) lost or reordered : 50005 was received, previous rcvd is 49968 
Packet(s) lost or reordered : 50473 was received, previous rcvd is 50382 
Packet(s) lost or reordered : 50941 was received, previous rcvd is 50877 
Packet(s) lost or reordered : 51410 was received, previous rcvd is 51345 
Packet(s) lost or reordered : 51879 was received, previous rcvd is 51787 
Packet(s) lost or reordered : 52348 was received, previous rcvd is 52283 
Packet(s) lost or reordered : 52817 was received, previous rcvd is 52752 
Packet(s) lost or reordered : 53286 was received, previous rcvd is 53191 
Packet(s) lost or reordered : 53756 was received, previous rcvd is 53691 
Packet(s) lost or reordered : 54226 was received, previous rcvd is 54189 
Packet(s) lost or reordered : 54697 was received, previous rcvd is 54603 
Packet(s) lost or reordered : 55082 was received, previous rcvd is 55074 
Packet(s) lost or reordered : 55100 was received, previous rcvd is 55082 
Packet(s) lost or reordered : 55168 was received, previous rcvd is 55125 
Packet(s) lost or reordered : 55639 was received, previous rcvd is 55572 
Packet(s) lost or reordered : 56110 was received, previous rcvd is 56016 
Packet(s) lost or reordered : 56581 was received, previous rcvd is 56514 
Packet(s) lost or reordered : 57053 was received, previous rcvd is 56985 
Packet(s) lost or reordered : 57525 was received, previous rcvd is 57430 
Packet(s) lost or reordered : 57997 was received, previous rcvd is 57929 
Packet(s) lost or reordered : 58469 was received, previous rcvd is 58401 
Packet(s) lost or reordered : 58942 was received, previous rcvd is 58873 
Packet(s) lost or reordered : 59415 was received, previous rcvd is 59346 
Packet(s) lost or reordered : 59888 was received, previous rcvd is 59792 
Packet(s) lost or reordered : 60362 was received, previous rcvd is 60319 
Packet(s) lost or reordered : 60836 was received, previous rcvd is 60739 
Packet(s) lost or reordered : 61310 was received, previous rcvd is 61213 
Packet(s) lost or reordered : 61785 was received, previous rcvd is 61741 
Packet(s) lost or reordered : 62260 was received, previous rcvd is 62162 
Packet(s) lost or reordered : 62735 was received, previous rcvd is 62664 
Packet(s) lost or reordered : 63211 was received, previous rcvd is 63139 
Packet(s) lost or reordered : 63687 was received, previous rcvd is 63588 
Packet(s) lost or reordered : 64163 was received, previous rcvd is 64091 
Packet(s) lost or reordered : 64639 was received, previous rcvd is 64567 
Packet(s) lost or reordered : 65116 was received, previous rcvd is 65016 
Packet(s) lost or reordered :    57 was received, previous rcvd is 65520 
Packet(s) lost or reordered :   534 was received, previous rcvd is   488 
Packet(s) lost or reordered :  1012 was received, previous rcvd is   911 
Packet(s) lost or reordered :  1490 was received, previous rcvd is  1416 
Packet(s) lost or reordered :  1968 was received, previous rcvd is  1867 
Packet(s) lost or reordered :  2446 was received, previous rcvd is  2372 
Packet(s) lost or reordered :  2925 was received, previous rcvd is  2877 
Packet(s) lost or reordered :  3404 was received, previous rcvd is  3302 
Packet(s) lost or reordered :  3884 was received, previous rcvd is  3781 
Packet(s) lost or reordered :  4364 was received, previous rcvd is  4288 
Packet(s) lost or reordered :  4844 was received, previous rcvd is  4795 
Packet(s) lost or reordered :  5324 was received, previous rcvd is  5221 
Packet(s) lost or reordered :  5805 was received, previous rcvd is  5701 
Packet(s) lost or reordered :  6287 was received, previous rcvd is  6236 
Packet(s) lost or reordered :  6770 was received, previous rcvd is  6664 
Packet(s) lost or reordered :  7252 was received, previous rcvd is  7201 
Packet(s) lost or reordered :  7700 was received, previous rcvd is  7608 
Packet(s) lost or reordered :  7734 was received, previous rcvd is  7729 
Packet(s) lost or reordered :  8217 was received, previous rcvd is  8123 
Packet(s) lost or reordered :  8700 was received, previous rcvd is  8606 
Packet(s) lost or reordered :  9183 was received, previous rcvd is  9107 
Packet(s) lost or reordered :  9667 was received, previous rcvd is  9560 
Packet(s) lost or reordered : 10151 was received, previous rcvd is 10098 
Packet(s) lost or reordered : 10635 was received, previous rcvd is 10537 
Packet(s) lost or reordered : 11120 was received, previous rcvd is 11024 
Packet(s) lost or reordered : 11606 was received, previous rcvd is 11527 
Packet(s) lost or reordered : 12092 was received, previous rcvd is 11995 
Packet(s) lost or reordered : 12578 was received, previous rcvd is 12511 
Packet(s) lost or reordered : 13064 was received, previous rcvd is 12969 
Packet(s) lost or reordered : 13551 was received, previous rcvd is 13455 
Packet(s) lost or reordered : 14038 was received, previous rcvd is 13942 
Packet(s) lost or reordered : 14525 was received, previous rcvd is 14429 
Packet(s) lost or reordered : 15013 was received, previous rcvd is 14944 
Packet(s) lost or reordered : 15501 was received, previous rcvd is 15404 
Packet(s) lost or reordered : 15989 was received, previous rcvd is 15892 
Packet(s) lost or reordered : 16478 was received, previous rcvd is 16380 
Packet(s) lost or reordered : 16967 was received, previous rcvd is 16897 
Packet(s) lost or reordered : 17457 was received, previous rcvd is 17330 
Packet(s) lost or reordered : 17947 was received, previous rcvd is 17876 
Packet(s) lost or reordered : 18437 was received, previous rcvd is 18338 
Packet(s) lost or reordered : 18928 was received, previous rcvd is 18856 
Packet(s) lost or reordered : 19419 was received, previous rcvd is 19319 
Packet(s) lost or reordered : 19911 was received, previous rcvd is 19810 
Packet(s) lost or reordered : 20403 was received, previous rcvd is 20302 
Packet(s) lost or reordered : 20895 was received, previous rcvd is 20822 
Packet(s) lost or reordered : 21388 was received, previous rcvd is 21258 
Packet(s) lost or reordered : 21881 was received, previous rcvd is 21807 
Packet(s) lost or reordered : 22375 was received, previous rcvd is 22272 
Packet(s) lost or reordered : 22869 was received, previous rcvd is 22766 
Packet(s) lost or reordered : 23363 was received, previous rcvd is 23260 
Packet(s) lost or reordered : 23858 was received, previous rcvd is 23782 
Packet(s) lost or reordered : 24353 was received, previous rcvd is 24249 
Packet(s) lost or reordered : 24849 was received, previous rcvd is 24744 
Packet(s) lost or reordered : 25345 was received, previous rcvd is 25268 
Packet(s) lost or reordered : 25842 was received, previous rcvd is 25736 
Packet(s) lost or reordered : 26339 was received, previous rcvd is 26261 
Packet(s) lost or reordered : 26837 was received, previous rcvd is 26730 
Packet(s) lost or reordered : 27335 was received, previous rcvd is 27200 
Packet(s) lost or reordered : 27833 was received, previous rcvd is 27754 
Packet(s) lost or reordered : 28332 was received, previous rcvd is 28224 
Packet(s) lost or reordered : 28831 was received, previous rcvd is 28751 
Packet(s) lost or reordered : 29260 was received, previous rcvd is 29194 
Packet(s) lost or reordered : 29331 was received, previous rcvd is 29287 
Packet(s) lost or reordered : 29831 was received, previous rcvd is 29722 
Packet(s) lost or reordered : 30332 was received, previous rcvd is 30222 
Packet(s) lost or reordered : 30833 was received, previous rcvd is 30723 
Packet(s) lost or reordered : 31336 was received, previous rcvd is 31231 
Packet(s) lost or reordered : 31838 was received, previous rcvd is 31738 
Packet(s) lost or reordered : 32340 was received, previous rcvd is 32240 
Packet(s) lost or reordered : 32843 was received, previous rcvd is 32733 
Packet(s) lost or reordered : 33346 was received, previous rcvd is 33234 
Packet(s) lost or reordered : 33850 was received, previous rcvd is 33749 
Packet(s) lost or reordered : 34354 was received, previous rcvd is 34281 
Packet(s) lost or reordered : 34859 was received, previous rcvd is 34725 
Packet(s) lost or reordered : 35364 was received, previous rcvd is 35267 
Packet(s) lost or reordered : 35870 was received, previous rcvd is 35769 
Packet(s) lost or reordered : 36376 was received, previous rcvd is 36246 
Packet(s) lost or reordered : 36883 was received, previous rcvd is 36781 
Packet(s) lost or reordered : 37390 was received, previous rcvd is 37288 
Packet(s) lost or reordered : 37898 was received, previous rcvd is 37766 
Packet(s) lost or reordered : 38406 was received, previous rcvd is 38332 
Packet(s) lost or reordered : 38915 was received, previous rcvd is 38782 
Packet(s) lost or reordered : 39424 was received, previous rcvd is 39291 
Packet(s) lost or reordered : 39934 was received, previous rcvd is 39858 
Packet(s) lost or reordered : 40444 was received, previous rcvd is 40310 
Packet(s) lost or reordered : 40955 was received, previous rcvd is 40849 
Packet(s) lost or reordered : 41466 was received, previous rcvd is 41331 
Packet(s) lost or reordered : 41978 was received, previous rcvd is 41871 
Packet(s) lost or reordered : 42417 was received, previous rcvd is 42383 
Packet(s) lost or reordered : 42441 was received, previous rcvd is 42436 
Packet(s) lost or reordered : 42490 was received, previous rcvd is 42449 
Packet(s) lost or reordered : 43003 was received, previous rcvd is 42866 
Packet(s) lost or reordered : 43516 was received, previous rcvd is 43379 
Packet(s) lost or reordered : 44030 was received, previous rcvd is 43950 
Packet(s) lost or reordered : 44545 was received, previous rcvd is 44406 
Packet(s) lost or reordered : 45061 was received, previous rcvd is 44950 
Packet(s) lost or reordered : 45577 was received, previous rcvd is 45437 
Packet(s) lost or reordered : 46093 was received, previous rcvd is 45982 
Packet(s) lost or reordered : 46610 was received, previous rcvd is 46498 
Packet(s) lost or reordered : 47127 was received, previous rcvd is 47015 
Packet(s) lost or reordered : 47645 was received, previous rcvd is 47503 
Packet(s) lost or reordered : 48163 was received, previous rcvd is 48050 
Packet(s) lost or reordered : 48682 was received, previous rcvd is 48597 
Packet(s) lost or reordered : 49202 was received, previous rcvd is 49058 
Packet(s) lost or reordered : 49722 was received, previous rcvd is 49578 
Packet(s) lost or reordered : 50242 was received, previous rcvd is 50127 
Packet(s) lost or reordered : 50737 was received, previous rcvd is 50647 
Packet(s) lost or reordered : 51284 was received, previous rcvd is 51142 
Packet(s) lost or reordered : 51806 was received, previous rcvd is 51671 
Packet(s) lost or reordered : 52328 was received, previous rcvd is 52225 
Packet(s) lost or reordered : 52851 was received, previous rcvd is 52717 
Packet(s) lost or reordered : 53375 was received, previous rcvd is 53240 
Packet(s) lost or reordered : 53899 was received, previous rcvd is 53764 
Packet(s) lost or reordered : 54424 was received, previous rcvd is 54318 
Packet(s) lost or reordered : 54949 was received, previous rcvd is 54813 
Packet(s) lost or reordered : 55475 was received, previous rcvd is 55338 
Packet(s) lost or reordered : 56002 was received, previous rcvd is 55894 
Packet(s) lost or reordered : 56529 was received, previous rcvd is 56391 
Packet(s) lost or reordered : 57056 was received, previous rcvd is 56918 
Packet(s) lost or reordered : 57584 was received, previous rcvd is 57475 
Packet(s) lost or reordered : 58113 was received, previous rcvd is 57973 
Packet(s) lost or reordered : 58643 was received, previous rcvd is 58502 
Packet(s) lost or reordered : 59060 was received, previous rcvd is 59032 
Packet(s) lost or reordered : 59173 was received, previous rcvd is 59089 
Packet(s) lost or reordered : 59704 was received, previous rcvd is 59562 
Packet(s) lost or reordered : 60236 was received, previous rcvd is 60093 
Packet(s) lost or reordered : 60768 was received, previous rcvd is 60625 
Packet(s) lost or reordered : 61300 was received, previous rcvd is 61193 
Packet(s) lost or reordered : 61833 was received, previous rcvd is 61695 
Packet(s) lost or reordered : 62366 was received, previous rcvd is 62228 
Packet(s) lost or reordered : 62900 was received, previous rcvd is 62758 
Packet(s) lost or reordered : 63434 was received, previous rcvd is 63289 
Packet(s) lost or reordered : 63970 was received, previous rcvd is 63826 
Packet(s) lost or reordered : 64506 was received, previous rcvd is 64365 
Packet(s) lost or reordered : 65042 was received, previous rcvd is 64901 
Packet(s) lost or reordered :    43 was received, previous rcvd is 65466 
Packet(s) lost or reordered :   581 was received, previous rcvd is   432 
Packet(s) lost or reordered :  1119 was received, previous rcvd is   970 
Packet(s) lost or reordered :  1658 was received, previous rcvd is  1508 
Packet(s) lost or reordered :  2197 was received, previous rcvd is  2077 
Packet(s) lost or reordered :  2737 was received, previous rcvd is  2598 
Packet(s) lost or reordered :  3279 was received, previous rcvd is  3139 
Packet(s) lost or reordered :  3821 was received, previous rcvd is  3650 
Packet(s) lost or reordered :  4364 was received, previous rcvd is  4223 
Packet(s) lost or reordered : 28261 was received, previous rcvd is 28259 
Packet(s) lost or reordered : 28365 was received, previous rcvd is 28363 
Packet(s) lost or reordered :  3185 was received, previous rcvd is  3183 
