socket set to IP_RECVTOS
socket SO_RCVBUF set to 20971520
Listen on port 8080 to receive RTP from sender 
.
.
Packet(s) lost or reordered : 14317 was received, previous rcvd is 14288 
Packet(s) lost or reordered : 14770 was received, previous rcvd is 14706 
Packet(s) lost or reordered : 15225 was received, previous rcvd is 15133 
Packet(s) lost or reordered : 15681 was received, previous rcvd is 15666 
Packet(s) lost or reordered : 16140 was received, previous rcvd is 16070 
Packet(s) lost or reordered : 16600 was received, previous rcvd is 16529 
Packet(s) lost or reordered : 17062 was received, previous rcvd is 17015 
Packet(s) lost or reordered : 17526 was received, previous rcvd is 17451 
Packet(s) lost or reordered : 17992 was received, previous rcvd is 17915 
Packet(s) lost or reordered : 18460 was received, previous rcvd is 18381 
Packet(s) lost or reordered : 18929 was received, previous rcvd is 18863 
Packet(s) lost or reordered : 19400 was received, previous rcvd is 19333 
Packet(s) lost or reordered : 19873 was received, previous rcvd is 19777 
Packet(s) lost or reordered : 20348 was received, previous rcvd is 20304 
Packet(s) lost or reordered : 20826 was received, previous rcvd is 20725 
Packet(s) lost or reordered : 21305 was received, previous rcvd is 21230 
Packet(s) lost or reordered : 21786 was received, previous rcvd is 21709 
Packet(s) lost or reordered : 22269 was received, previous rcvd is 22190 
Packet(s) lost or reordered : 22754 was received, previous rcvd is 22646 
Packet(s) lost or reordered : 23241 was received, previous rcvd is 23158 
Packet(s) lost or reordered : 23730 was received, previous rcvd is 23630 
Packet(s) lost or reordered : 24221 was received, previous rcvd is 24121 
Packet(s) lost or reordered : 24714 was received, previous rcvd is 24640 
Packet(s) lost or reordered : 25115 was received, previous rcvd is 25105 
Packet(s) lost or reordered : 25209 was received, previous rcvd is 25142 
Packet(s) lost or reordered : 25684 was received, previous rcvd is 25572 
Packet(s) lost or reordered : 26205 was received, previous rcvd is 26075 
Packet(s) lost or reordered : 26706 was received, previous rcvd is 26624 
Packet(s) lost or reordered : 27209 was received, previous rcvd is 27097 
Packet(s) lost or reordered : 27714 was received, previous rcvd is 27600 
Packet(s) lost or reordered : 28221 was received, previous rcvd is 28117 
Packet(s) lost or reordered : 28730 was received, previous rcvd is 28626 
Packet(s) lost or reordered : 29241 was received, previous rcvd is 29135 
Packet(s) lost or reordered : 29754 was received, previous rcvd is 29646 
Packet(s) lost or reordered : 30269 was received, previous rcvd is 30123 
Packet(s) lost or reordered : 30786 was received, previous rcvd is 30702 
Packet(s) lost or reordered : 31169 was received, previous rcvd is 31157 
Packet(s) lost or reordered : 31305 was received, previous rcvd is 31199 
Packet(s) lost or reordered : 31826 was received, previous rcvd is 31682 
Packet(s) lost or reordered : 32349 was received, previous rcvd is 32231 
Packet(s) lost or reordered : 32874 was received, previous rcvd is 32737 
Packet(s) lost or reordered : 33401 was received, previous rcvd is 33255 
Packet(s) lost or reordered : 33930 was received, previous rcvd is 33816 
Packet(s) lost or reordered : 34461 was received, previous rcvd is 34320 
Packet(s) lost or reordered : 34994 was received, previous rcvd is 34880 
Packet(s) lost or reordered : 35529 was received, previous rcvd is 35383 
Packet(s) lost or reordered : 36066 was received, previous rcvd is 35918 
Packet(s) lost or reordered : 36605 was received, previous rcvd is 36455 
Packet(s) lost or reordered : 37146 was received, previous rcvd is 37006 
Packet(s) lost or reordered : 37689 was received, previous rcvd is 37548 
Packet(s) lost or reordered : 38234 was received, previous rcvd is 38091 
Packet(s) lost or reordered : 38781 was received, previous rcvd is 38636 
Packet(s) lost or reordered : 39331 was received, previous rcvd is 39183 
Packet(s) lost or reordered : 39883 was received, previous rcvd is 39733 
Packet(s) lost or reordered : 40437 was received, previous rcvd is 40254 
Packet(s) lost or reordered : 40993 was received, previous rcvd is 40839 
Packet(s) lost or reordered : 41551 was received, previous rcvd is 41395 
Packet(s) lost or reordered : 42042 was received, previous rcvd is 41932 
Packet(s) lost or reordered : 42111 was received, previous rcvd is 42073 
Packet(s) lost or reordered : 42673 was received, previous rcvd is 42494 
Packet(s) lost or reordered : 43238 was received, previous rcvd is 43088 
Packet(s) lost or reordered : 43805 was received, previous rcvd is 43621 
Packet(s) lost or reordered : 44374 was received, previous rcvd is 44220 
Packet(s) lost or reordered : 44945 was received, previous rcvd is 44757 
Packet(s) lost or reordered : 45357 was received, previous rcvd is 45328 
Packet(s) lost or reordered : 45518 was received, previous rcvd is 45388 
Packet(s) lost or reordered : 46093 was received, previous rcvd is 45901 
Packet(s) lost or reordered : 46670 was received, previous rcvd is 46486 
Packet(s) lost or reordered : 47249 was received, previous rcvd is 47065 
Packet(s) lost or reordered : 47830 was received, previous rcvd is 47644 
Packet(s) lost or reordered : 48414 was received, previous rcvd is 48225 
Packet(s) lost or reordered : 49000 was received, previous rcvd is 48842 
Packet(s) lost or reordered : 49587 was received, previous rcvd is 49362 
Packet(s) lost or reordered : 50176 was received, previous rcvd is 50015 
Packet(s) lost or reordered : 50768 was received, previous rcvd is 50571 
Packet(s) lost or reordered : 51362 was received, previous rcvd is 51163 
Packet(s) lost or reordered : 51958 was received, previous rcvd is 51733 
Packet(s) lost or reordered : 52556 was received, previous rcvd is 52399 
Packet(s) lost or reordered : 53157 was received, previous rcvd is 52929 
Packet(s) lost or reordered : 53760 was received, previous rcvd is 53564 
Packet(s) lost or reordered : 54365 was received, previous rcvd is 54167 
Packet(s) lost or reordered : 54972 was received, previous rcvd is 54769 
Packet(s) lost or reordered : 55581 was received, previous rcvd is 55341 
Packet(s) lost or reordered : 56192 was received, previous rcvd is 55990 
Packet(s) lost or reordered : 56783 was received, previous rcvd is 56575 
Packet(s) lost or reordered : 57421 was received, previous rcvd is 57185 
Packet(s) lost or reordered : 58039 was received, previous rcvd is 57827 
Packet(s) lost or reordered : 58659 was received, previous rcvd is 58445 
Packet(s) lost or reordered : 59124 was received, previous rcvd is 59010 
Packet(s) lost or reordered : 59282 was received, previous rcvd is 59158 
Packet(s) lost or reordered : 59906 was received, previous rcvd is 59666 
Packet(s) lost or reordered : 60532 was received, previous rcvd is 60325 
Packet(s) lost or reordered : 61161 was received, previous rcvd is 60916 
Packet(s) lost or reordered : 61792 was received, previous rcvd is 61545 
Packet(s) lost or reordered : 62426 was received, previous rcvd is 62222 
Packet(s) lost or reordered : 63062 was received, previous rcvd is 62821 
Packet(s) lost or reordered : 63700 was received, previous rcvd is 63457 
Packet(s) lost or reordered : 64340 was received, previous rcvd is 64059 
Packet(s) lost or reordered : 64878 was received, previous rcvd is 64735 
Packet(s) lost or reordered : 64983 was received, previous rcvd is 64913 
Packet(s) lost or reordered :    92 was received, previous rcvd is 65378 
Packet(s) lost or reordered : 16938 was received, previous rcvd is 16936 
Packet(s) lost or reordered :  9067 was received, previous rcvd is  9065 
