socket set to IP_RECVTOS
socket SO_RCVBUF set to 20971520
Listen on port 8080 to receive RTP from sender 
.
.
Packet(s) lost or reordered : 13764 was received, previous rcvd is 13739 
Packet(s) lost or reordered : 14216 was received, previous rcvd is 14152 
Packet(s) lost or reordered : 14669 was received, previous rcvd is 14631 
Packet(s) lost or reordered : 15124 was received, previous rcvd is 15058 
Packet(s) lost or reordered : 15581 was received, previous rcvd is 15513 
Packet(s) lost or reordered : 16039 was received, previous rcvd is 15996 
Packet(s) lost or reordered : 16462 was received, previous rcvd is 16428 
Packet(s) lost or reordered : 16499 was received, previous rcvd is 16487 
Packet(s) lost or reordered : 16961 was received, previous rcvd is 16888 
Packet(s) lost or reordered : 17425 was received, previous rcvd is 17350 
Packet(s) lost or reordered : 17891 was received, previous rcvd is 17814 
Packet(s) lost or reordered : 18359 was received, previous rcvd is 18306 
Packet(s) lost or reordered : 18829 was received, previous rcvd is 18762 
Packet(s) lost or reordered : 19301 was received, previous rcvd is 19206 
Packet(s) lost or reordered : 19774 was received, previous rcvd is 19705 
Packet(s) lost or reordered : 20249 was received, previous rcvd is 20178 
Packet(s) lost or reordered : 20726 was received, previous rcvd is 20626 
Packet(s) lost or reordered : 21205 was received, previous rcvd is 21130 
Packet(s) lost or reordered : 21686 was received, previous rcvd is 21609 
Packet(s) lost or reordered : 22168 was received, previous rcvd is 22090 
Packet(s) lost or reordered : 22653 was received, previous rcvd is 22545 
Packet(s) lost or reordered : 23140 was received, previous rcvd is 23057 
Packet(s) lost or reordered : 23629 was received, previous rcvd is 23557 
Packet(s) lost or reordered : 24120 was received, previous rcvd is 24020 
Packet(s) lost or reordered : 24612 was received, previous rcvd is 24511 
Packet(s) lost or reordered : 25106 was received, previous rcvd is 25031 
Packet(s) lost or reordered : 25603 was received, previous rcvd is 25497 
Packet(s) lost or reordered : 26101 was received, previous rcvd is 25994 
Packet(s) lost or reordered : 26601 was received, previous rcvd is 26492 
Packet(s) lost or reordered : 27103 was received, previous rcvd is 27000 
Packet(s) lost or reordered : 27607 was received, previous rcvd is 27505 
Packet(s) lost or reordered : 28113 was received, previous rcvd is 28009 
Packet(s) lost or reordered : 28621 was received, previous rcvd is 28522 
Packet(s) lost or reordered : 29131 was received, previous rcvd is 28997 
Packet(s) lost or reordered : 29643 was received, previous rcvd is 29536 
Packet(s) lost or reordered : 30156 was received, previous rcvd is 30043 
Packet(s) lost or reordered : 30672 was received, previous rcvd is 30527 
Packet(s) lost or reordered : 31189 was received, previous rcvd is 31079 
Packet(s) lost or reordered : 31708 was received, previous rcvd is 31594 
Packet(s) lost or reordered : 32229 was received, previous rcvd is 32113 
Packet(s) lost or reordered : 32752 was received, previous rcvd is 32617 
Packet(s) lost or reordered : 33277 was received, previous rcvd is 33171 
Packet(s) lost or reordered : 33789 was received, previous rcvd is 33636 
Packet(s) lost or reordered : 34333 was received, previous rcvd is 34208 
Packet(s) lost or reordered : 34864 was received, previous rcvd is 34722 
Packet(s) lost or reordered : 35397 was received, previous rcvd is 35283 
Packet(s) lost or reordered : 35932 was received, previous rcvd is 35786 
Packet(s) lost or reordered : 36469 was received, previous rcvd is 36321 
Packet(s) lost or reordered : 37008 was received, previous rcvd is 36888 
Packet(s) lost or reordered : 37549 was received, previous rcvd is 37397 
Packet(s) lost or reordered : 38092 was received, previous rcvd is 37950 
Packet(s) lost or reordered : 38637 was received, previous rcvd is 38494 
Packet(s) lost or reordered : 39184 was received, previous rcvd is 39008 
Packet(s) lost or reordered : 39733 was received, previous rcvd is 39586 
Packet(s) lost or reordered : 40284 was received, previous rcvd is 40166 
Packet(s) lost or reordered : 40837 was received, previous rcvd is 40655 
Packet(s) lost or reordered : 41392 was received, previous rcvd is 41239 
Packet(s) lost or reordered : 41949 was received, previous rcvd is 41794 
Packet(s) lost or reordered : 42509 was received, previous rcvd is 42330 
Packet(s) lost or reordered : 43071 was received, previous rcvd is 42924 
Packet(s) lost or reordered : 43635 was received, previous rcvd is 43454 
Packet(s) lost or reordered : 44201 was received, previous rcvd is 44050 
Packet(s) lost or reordered : 44769 was received, previous rcvd is 44616 
Packet(s) lost or reordered : 45339 was received, previous rcvd is 45120 
Packet(s) lost or reordered : 45911 was received, previous rcvd is 45754 
Packet(s) lost or reordered : 46485 was received, previous rcvd is 46326 
Packet(s) lost or reordered : 47061 was received, previous rcvd is 46868 
Packet(s) lost or reordered : 47639 was received, previous rcvd is 47455 
Packet(s) lost or reordered : 48167 was received, previous rcvd is 48034 
Packet(s) lost or reordered : 48220 was received, previous rcvd is 48199 
Packet(s) lost or reordered : 48803 was received, previous rcvd is 48582 
Packet(s) lost or reordered : 49388 was received, previous rcvd is 49231 
Packet(s) lost or reordered : 49975 was received, previous rcvd is 49783 
Packet(s) lost or reordered : 50352 was received, previous rcvd is 50337 
Packet(s) lost or reordered : 50564 was received, previous rcvd is 50384 
Packet(s) lost or reordered : 51155 was received, previous rcvd is 50959 
Packet(s) lost or reordered : 51748 was received, previous rcvd is 51550 
Packet(s) lost or reordered : 52256 was received, previous rcvd is 52119 
Packet(s) lost or reordered : 52344 was received, previous rcvd is 52289 
Packet(s) lost or reordered : 52942 was received, previous rcvd is 52717 
Packet(s) lost or reordered : 53542 was received, previous rcvd is 53349 
Packet(s) lost or reordered : 54144 was received, previous rcvd is 53949 
Packet(s) lost or reordered : 54748 was received, previous rcvd is 54551 
Packet(s) lost or reordered : 55137 was received, previous rcvd is 55121 
Packet(s) lost or reordered : 55354 was received, previous rcvd is 55170 
Packet(s) lost or reordered : 55963 was received, previous rcvd is 55727 
Packet(s) lost or reordered : 56574 was received, previous rcvd is 56370 
Packet(s) lost or reordered : 57187 was received, previous rcvd is 56947 
Packet(s) lost or reordered : 57802 was received, previous rcvd is 57605 
Packet(s) lost or reordered : 58419 was received, previous rcvd is 58186 
Packet(s) lost or reordered : 59038 was received, previous rcvd is 58838 
Packet(s) lost or reordered : 59660 was received, previous rcvd is 59415 
Packet(s) lost or reordered : 60284 was received, previous rcvd is 60039 
Packet(s) lost or reordered : 60910 was received, previous rcvd is 60701 
Packet(s) lost or reordered : 61538 was received, previous rcvd is 61296 
Packet(s) lost or reordered : 62168 was received, previous rcvd is 61957 
Packet(s) lost or reordered : 62801 was received, previous rcvd is 62544 
Packet(s) lost or reordered : 63436 was received, previous rcvd is 63218 
Packet(s) lost or reordered : 64073 was received, previous rcvd is 63853 
Packet(s) lost or reordered : 64713 was received, previous rcvd is 64427 
Packet(s) lost or reordered : 65355 was received, previous rcvd is 65143 
Packet(s) lost or reordered :   463 was received, previous rcvd is   178 
Packet(s) lost or reordered :  7252 was received, previous rcvd is  7200 
Packet(s) lost or reordered :  7705 was received, previous rcvd is  7641 
Packet(s) lost or reordered :  8158 was received, previous rcvd is  8120 
Packet(s) lost or reordered :  8611 was received, previous rcvd is  8573 
Packet(s) lost or reordered :  9064 was received, previous rcvd is  8974 
Packet(s) lost or reordered :  9517 was received, previous rcvd is  9479 
Packet(s) lost or reordered :  9970 was received, previous rcvd is  9932 
Packet(s) lost or reordered : 10424 was received, previous rcvd is 10359 
Packet(s) lost or reordered : 10878 was received, previous rcvd is 10813 
Packet(s) lost or reordered : 11331 was received, previous rcvd is 11267 
Packet(s) lost or reordered : 11784 was received, previous rcvd is 11746 
Packet(s) lost or reordered : 12237 was received, previous rcvd is 12173 
Packet(s) lost or reordered : 12691 was received, previous rcvd is 12626 
Packet(s) lost or reordered : 13145 was received, previous rcvd is 13106 
Packet(s) lost or reordered : 13599 was received, previous rcvd is 13534 
Packet(s) lost or reordered : 14053 was received, previous rcvd is 13988 
Packet(s) lost or reordered : 14507 was received, previous rcvd is 14468 
Packet(s) lost or reordered : 14961 was received, previous rcvd is 14896 
Packet(s) lost or reordered : 15415 was received, previous rcvd is 15376 
Packet(s) lost or reordered : 15869 was received, previous rcvd is 15804 
Packet(s) lost or reordered : 16323 was received, previous rcvd is 16258 
Packet(s) lost or reordered : 16777 was received, previous rcvd is 16738 
Packet(s) lost or reordered : 17231 was received, previous rcvd is 17166 
Packet(s) lost or reordered : 17685 was received, previous rcvd is 17620 
Packet(s) lost or reordered : 18139 was received, previous rcvd is 18074 
Packet(s) lost or reordered : 18593 was received, previous rcvd is 18554 
Packet(s) lost or reordered : 19048 was received, previous rcvd is 18982 
Packet(s) lost or reordered : 19503 was received, previous rcvd is 19437 
Packet(s) lost or reordered : 19958 was received, previous rcvd is 19918 
Packet(s) lost or reordered : 20413 was received, previous rcvd is 20347 
Packet(s) lost or reordered : 20868 was received, previous rcvd is 20828 
Packet(s) lost or reordered : 21323 was received, previous rcvd is 21257 
Packet(s) lost or reordered : 21778 was received, previous rcvd is 21712 
Packet(s) lost or reordered : 22233 was received, previous rcvd is 22167 
Packet(s) lost or reordered : 22688 was received, previous rcvd is 22648 
Packet(s) lost or reordered : 23144 was received, previous rcvd is 23077 
Packet(s) lost or reordered : 23600 was received, previous rcvd is 23559 
Packet(s) lost or reordered : 24056 was received, previous rcvd is 23989 
Packet(s) lost or reordered : 24512 was received, previous rcvd is 24445 
Packet(s) lost or reordered : 24968 was received, previous rcvd is 24927 
Packet(s) lost or reordered : 25424 was received, previous rcvd is 25357 
Packet(s) lost or reordered : 25880 was received, previous rcvd is 25813 
Packet(s) lost or reordered : 26336 was received, previous rcvd is 26271 
Packet(s) lost or reordered : 26793 was received, previous rcvd is 26755 
Packet(s) lost or reordered : 27250 was received, previous rcvd is 27158 
Packet(s) lost or reordered : 27707 was received, previous rcvd is 27665 
Packet(s) lost or reordered : 28164 was received, previous rcvd is 28109 
Packet(s) lost or reordered : 28621 was received, previous rcvd is 28569 
Packet(s) lost or reordered : 29078 was received, previous rcvd is 29026 
Packet(s) lost or reordered : 29536 was received, previous rcvd is 29470 
Packet(s) lost or reordered : 29994 was received, previous rcvd is 29925 
Packet(s) lost or reordered : 30452 was received, previous rcvd is 30409 
Packet(s) lost or reordered : 30910 was received, previous rcvd is 30841 
Packet(s) lost or reordered : 31368 was received, previous rcvd is 31299 
Packet(s) lost or reordered : 31826 was received, previous rcvd is 31757 
Packet(s) lost or reordered : 32284 was received, previous rcvd is 32215 
Packet(s) lost or reordered : 32743 was received, previous rcvd is 32699 
Packet(s) lost or reordered : 33202 was received, previous rcvd is 33132 
Packet(s) lost or reordered : 33661 was received, previous rcvd is 33617 
Packet(s) lost or reordered : 34120 was received, previous rcvd is 34050 
Packet(s) lost or reordered : 34579 was received, previous rcvd is 34509 
Packet(s) lost or reordered : 35038 was received, previous rcvd is 34994 
Packet(s) lost or reordered : 35498 was received, previous rcvd is 35427 
Packet(s) lost or reordered : 35958 was received, previous rcvd is 35887 
Packet(s) lost or reordered : 36418 was received, previous rcvd is 36373 
Packet(s) lost or reordered : 36878 was received, previous rcvd is 36807 
Packet(s) lost or reordered : 37299 was received, previous rcvd is 37267 
Packet(s) lost or reordered : 37339 was received, previous rcvd is 37324 
Packet(s) lost or reordered : 37800 was received, previous rcvd is 37728 
Packet(s) lost or reordered : 38261 was received, previous rcvd is 38189 
Packet(s) lost or reordered : 38722 was received, previous rcvd is 38650 
Packet(s) lost or reordered : 39183 was received, previous rcvd is 39137 
Packet(s) lost or reordered : 39644 was received, previous rcvd is 39572 
Packet(s) lost or reordered : 40106 was received, previous rcvd is 40059 
Packet(s) lost or reordered : 40568 was received, previous rcvd is 40495 
Packet(s) lost or reordered : 41030 was received, previous rcvd is 40957 
Packet(s) lost or reordered : 41492 was received, previous rcvd is 41419 
Packet(s) lost or reordered : 41955 was received, previous rcvd is 41907 
Packet(s) lost or reordered : 42418 was received, previous rcvd is 42344 
Packet(s) lost or reordered : 42881 was received, previous rcvd is 42807 
Packet(s) lost or reordered : 43344 was received, previous rcvd is 43296 
Packet(s) lost or reordered : 43807 was received, previous rcvd is 43733 
Packet(s) lost or reordered : 44271 was received, previous rcvd is 44196 
Packet(s) lost or reordered : 44735 was received, previous rcvd is 44686 
Packet(s) lost or reordered : 45200 was received, previous rcvd is 45124 
Packet(s) lost or reordered : 45665 was received, previous rcvd is 45589 
Packet(s) lost or reordered : 46130 was received, previous rcvd is 46080 
Packet(s) lost or reordered : 46595 was received, previous rcvd is 46519 
Packet(s) lost or reordered : 47060 was received, previous rcvd is 46984 
Packet(s) lost or reordered : 47526 was received, previous rcvd is 47475 
Packet(s) lost or reordered : 47992 was received, previous rcvd is 47915 
Packet(s) lost or reordered : 48458 was received, previous rcvd is 48407 
Packet(s) lost or reordered : 48924 was received, previous rcvd is 48847 
Packet(s) lost or reordered : 49390 was received, previous rcvd is 49313 
Packet(s) lost or reordered : 49857 was received, previous rcvd is 49805 
Packet(s) lost or reordered : 50324 was received, previous rcvd is 50260 
Packet(s) lost or reordered : 50791 was received, previous rcvd is 50701 
Packet(s) lost or reordered : 51258 was received, previous rcvd is 51195 
Packet(s) lost or reordered : 51726 was received, previous rcvd is 51662 
Packet(s) lost or reordered : 52194 was received, previous rcvd is 52103 
Packet(s) lost or reordered : 52662 was received, previous rcvd is 52598 
Packet(s) lost or reordered : 53131 was received, previous rcvd is 53066 
Packet(s) lost or reordered : 53600 was received, previous rcvd is 53508 
Packet(s) lost or reordered : 54069 was received, previous rcvd is 54031 
Packet(s) lost or reordered : 54538 was received, previous rcvd is 54446 
Packet(s) lost or reordered : 55008 was received, previous rcvd is 54942 
Packet(s) lost or reordered : 55478 was received, previous rcvd is 55412 
Packet(s) lost or reordered : 55948 was received, previous rcvd is 55855 
Packet(s) lost or reordered : 56419 was received, previous rcvd is 56379 
Packet(s) lost or reordered : 56890 was received, previous rcvd is 56796 
Packet(s) lost or reordered : 57361 was received, previous rcvd is 57267 
Packet(s) lost or reordered : 57832 was received, previous rcvd is 57765 
Packet(s) lost or reordered : 58304 was received, previous rcvd is 58236 
Packet(s) lost or reordered : 58776 was received, previous rcvd is 58708 
Packet(s) lost or reordered : 59248 was received, previous rcvd is 59180 
Packet(s) lost or reordered : 59721 was received, previous rcvd is 59649 
Packet(s) lost or reordered : 60194 was received, previous rcvd is 60097 
Packet(s) lost or reordered : 60667 was received, previous rcvd is 60628 
Packet(s) lost or reordered : 61140 was received, previous rcvd is 61019 
Packet(s) lost or reordered : 61614 was received, previous rcvd is 61571 
Packet(s) lost or reordered : 62088 was received, previous rcvd is 61991 
Packet(s) lost or reordered : 62562 was received, previous rcvd is 62489 
Packet(s) lost or reordered : 63037 was received, previous rcvd is 62967 
Packet(s) lost or reordered : 63512 was received, previous rcvd is 63418 
Packet(s) lost or reordered : 63987 was received, previous rcvd is 63916 
Packet(s) lost or reordered : 64463 was received, previous rcvd is 64391 
Packet(s) lost or reordered : 64939 was received, previous rcvd is 64867 
Packet(s) lost or reordered : 65415 was received, previous rcvd is 65316 
Packet(s) lost or reordered :   355 was received, previous rcvd is   310 
Packet(s) lost or reordered :   832 was received, previous rcvd is   732 
Packet(s) lost or reordered :  1309 was received, previous rcvd is  1236 
Packet(s) lost or reordered :  1786 was received, previous rcvd is  1713 
Packet(s) lost or reordered :  2264 was received, previous rcvd is  2163 
Packet(s) lost or reordered :  2742 was received, previous rcvd is  2695 
Packet(s) lost or reordered :  3220 was received, previous rcvd is  3119 
Packet(s) lost or reordered :  3699 was received, previous rcvd is  3597 
Packet(s) lost or reordered :  4178 was received, previous rcvd is  4130 
Packet(s) lost or reordered :  4657 was received, previous rcvd is  4555 
Packet(s) lost or reordered :  5137 was received, previous rcvd is  5061 
Packet(s) lost or reordered :  5617 was received, previous rcvd is  5541 
Packet(s) lost or reordered :  6098 was received, previous rcvd is  6021 
Packet(s) lost or reordered :  6579 was received, previous rcvd is  6475 
Packet(s) lost or reordered :  7060 was received, previous rcvd is  7010 
Packet(s) lost or reordered :  7542 was received, previous rcvd is  7437 
Packet(s) lost or reordered :  7953 was received, previous rcvd is  7919 
Packet(s) lost or reordered :  8024 was received, previous rcvd is  7979 
Packet(s) lost or reordered :  8507 was received, previous rcvd is  8401 
Packet(s) lost or reordered :  8990 was received, previous rcvd is  8938 
Packet(s) lost or reordered :  9473 was received, previous rcvd is  9367 
Packet(s) lost or reordered :  9957 was received, previous rcvd is  9877 
Packet(s) lost or reordered : 10441 was received, previous rcvd is 10361 
Packet(s) lost or reordered : 10925 was received, previous rcvd is 10818 
Packet(s) lost or reordered : 11410 was received, previous rcvd is 11356 
Packet(s) lost or reordered : 11895 was received, previous rcvd is 11787 
Packet(s) lost or reordered : 12381 was received, previous rcvd is 12299 
Packet(s) lost or reordered : 12867 was received, previous rcvd is 12771 
Packet(s) lost or reordered : 13353 was received, previous rcvd is 13286 
Packet(s) lost or reordered : 13839 was received, previous rcvd is 13744 
Packet(s) lost or reordered : 14326 was received, previous rcvd is 14230 
Packet(s) lost or reordered : 14814 was received, previous rcvd is 14717 
Packet(s) lost or reordered : 15302 was received, previous rcvd is 15233 
Packet(s) lost or reordered : 15791 was received, previous rcvd is 15665 
Packet(s) lost or reordered : 16280 was received, previous rcvd is 16182 
Packet(s) lost or reordered : 16769 was received, previous rcvd is 16699 
Packet(s) lost or reordered : 17259 was received, previous rcvd is 17186 
Packet(s) lost or reordered : 17749 was received, previous rcvd is 17648 
Packet(s) lost or reordered : 18239 was received, previous rcvd is 18138 
Packet(s) lost or reordered : 18730 was received, previous rcvd is 18632 
Packet(s) lost or reordered : 19221 was received, previous rcvd is 19149 
Packet(s) lost or reordered : 19712 was received, previous rcvd is 19612 
Packet(s) lost or reordered : 20204 was received, previous rcvd is 20103 
Packet(s) lost or reordered : 20696 was received, previous rcvd is 20595 
Packet(s) lost or reordered : 21189 was received, previous rcvd is 21087 
Packet(s) lost or reordered : 21682 was received, previous rcvd is 21608 
Packet(s) lost or reordered : 22176 was received, previous rcvd is 22073 
Packet(s) lost or reordered : 22670 was received, previous rcvd is 22567 
Packet(s) lost or reordered : 23164 was received, previous rcvd is 23061 
Packet(s) lost or reordered : 23659 was received, previous rcvd is 23583 
Packet(s) lost or reordered : 24154 was received, previous rcvd is 24050 
Packet(s) lost or reordered : 24524 was received, previous rcvd is 24522 
Packet(s) lost or reordered : 24650 was received, previous rcvd is 24554 
Packet(s) lost or reordered : 25146 was received, previous rcvd is 25052 
Packet(s) lost or reordered : 25643 was received, previous rcvd is 25517 
Packet(s) lost or reordered : 26140 was received, previous rcvd is 26037 
Packet(s) lost or reordered : 26637 was received, previous rcvd is 26559 
Packet(s) lost or reordered : 27136 was received, previous rcvd is 27028 
Packet(s) lost or reordered : 27635 was received, previous rcvd is 27536 
Packet(s) lost or reordered : 28134 was received, previous rcvd is 28037 
Packet(s) lost or reordered : 28633 was received, previous rcvd is 28528 
Packet(s) lost or reordered : 29133 was received, previous rcvd is 29024 
Packet(s) lost or reordered : 29633 was received, previous rcvd is 29524 
Packet(s) lost or reordered : 30134 was received, previous rcvd is 30024 
Packet(s) lost or reordered : 30635 was received, previous rcvd is 30553 
Packet(s) lost or reordered : 31137 was received, previous rcvd is 31026 
Packet(s) lost or reordered : 31541 was received, previous rcvd is 31528 
Packet(s) lost or reordered : 31639 was received, previous rcvd is 31568 
Packet(s) lost or reordered : 32141 was received, previous rcvd is 32030 
Packet(s) lost or reordered : 32644 was received, previous rcvd is 32532 
Packet(s) lost or reordered : 33147 was received, previous rcvd is 33035 
Packet(s) lost or reordered : 33651 was received, previous rcvd is 33566 
Packet(s) lost or reordered : 34155 was received, previous rcvd is 34025 
Packet(s) lost or reordered : 34660 was received, previous rcvd is 34560 
Packet(s) lost or reordered : 35165 was received, previous rcvd is 35065 
Packet(s) lost or reordered : 35671 was received, previous rcvd is 35541 
Packet(s) lost or reordered : 36177 was received, previous rcvd is 36076 
Packet(s) lost or reordered : 36684 was received, previous rcvd is 36582 
Packet(s) lost or reordered : 37191 was received, previous rcvd is 37089 
Packet(s) lost or reordered : 37699 was received, previous rcvd is 37567 
Packet(s) lost or reordered : 38207 was received, previous rcvd is 38104 
Packet(s) lost or reordered : 38716 was received, previous rcvd is 38612 
Packet(s) lost or reordered : 39191 was received, previous rcvd is 39092 
Packet(s) lost or reordered : 39225 was received, previous rcvd is 39219 
Packet(s) lost or reordered : 39734 was received, previous rcvd is 39601 
Packet(s) lost or reordered : 40244 was received, previous rcvd is 40168 
Packet(s) lost or reordered : 40756 was received, previous rcvd is 40620 
Packet(s) lost or reordered : 41253 was received, previous rcvd is 41132 
Packet(s) lost or reordered : 41778 was received, previous rcvd is 41658 
Packet(s) lost or reordered : 42290 was received, previous rcvd is 42183 
Packet(s) lost or reordered : 42802 was received, previous rcvd is 42695 
Packet(s) lost or reordered : 43315 was received, previous rcvd is 43178 
Packet(s) lost or reordered : 43828 was received, previous rcvd is 43720 
Packet(s) lost or reordered : 44342 was received, previous rcvd is 44233 
Packet(s) lost or reordered : 44856 was received, previous rcvd is 44747 
Packet(s) lost or reordered : 45371 was received, previous rcvd is 45232 
Packet(s) lost or reordered : 45887 was received, previous rcvd is 45776 
Packet(s) lost or reordered : 46404 was received, previous rcvd is 46292 
Packet(s) lost or reordered : 46921 was received, previous rcvd is 46809 
Packet(s) lost or reordered : 47438 was received, previous rcvd is 47326 
Packet(s) lost or reordered : 47956 was received, previous rcvd is 47814 
Packet(s) lost or reordered : 48474 was received, previous rcvd is 48361 
Packet(s) lost or reordered : 48993 was received, previous rcvd is 48879 
Packet(s) lost or reordered : 49513 was received, previous rcvd is 49398 
Packet(s) lost or reordered : 50034 was received, previous rcvd is 49889 
Packet(s) lost or reordered : 50555 was received, previous rcvd is 50439 
Packet(s) lost or reordered : 51076 was received, previous rcvd is 50960 
Packet(s) lost or reordered : 51597 was received, previous rcvd is 51481 
Packet(s) lost or reordered : 52119 was received, previous rcvd is 51975 
Packet(s) lost or reordered : 52642 was received, previous rcvd is 52534 
Packet(s) lost or reordered : 53165 was received, previous rcvd is 53033 
Packet(s) lost or reordered : 53689 was received, previous rcvd is 53554 
Packet(s) lost or reordered : 54213 was received, previous rcvd is 54108 
Packet(s) lost or reordered : 54738 was received, previous rcvd is 54594 
Packet(s) lost or reordered : 55263 was received, previous rcvd is 55121 
Packet(s) lost or reordered : 55789 was received, previous rcvd is 55684 
Packet(s) lost or reordered : 56316 was received, previous rcvd is 56178 
Packet(s) lost or reordered : 56843 was received, previous rcvd is 56705 
Packet(s) lost or reordered : 57371 was received, previous rcvd is 57232 
Packet(s) lost or reordered : 57899 was received, previous rcvd is 57790 
Packet(s) lost or reordered : 58428 was received, previous rcvd is 58288 
Packet(s) lost or reordered : 58957 was received, previous rcvd is 58847 
Packet(s) lost or reordered : 59487 was received, previous rcvd is 59346 
Packet(s) lost or reordered : 60018 was received, previous rcvd is 59876 
Packet(s) lost or reordered : 60550 was received, previous rcvd is 60437 
Packet(s) lost or reordered : 61083 was received, previous rcvd is 60939 
Packet(s) lost or reordered : 61616 was received, previous rcvd is 61472 
Packet(s) lost or reordered : 62149 was received, previous rcvd is 62005 
Packet(s) lost or reordered : 62683 was received, previous rcvd is 62568 
Packet(s) lost or reordered : 63217 was received, previous rcvd is 63072 
Packet(s) lost or reordered : 63752 was received, previous rcvd is 63606 
Packet(s) lost or reordered : 64163 was received, previous rcvd is 64141 
Packet(s) lost or reordered : 64288 was received, previous rcvd is 64192 
Packet(s) lost or reordered : 64825 was received, previous rcvd is 64677 
Packet(s) lost or reordered : 65362 was received, previous rcvd is 65214 
Packet(s) lost or reordered :   364 was received, previous rcvd is   215 
Packet(s) lost or reordered :   902 was received, previous rcvd is   783 
Packet(s) lost or reordered :  1441 was received, previous rcvd is  1291 
Packet(s) lost or reordered :  1980 was received, previous rcvd is  1830 
Packet(s) lost or reordered :  2521 was received, previous rcvd is  2381 
Packet(s) lost or reordered :  3062 was received, previous rcvd is  2923 
Packet(s) lost or reordered :  3604 was received, previous rcvd is  3464 
Packet(s) lost or reordered :  4146 was received, previous rcvd is  4006 
Packet(s) lost or reordered :  4689 was received, previous rcvd is  4548 
Packet(s) lost or reordered :  5232 was received, previous rcvd is  5060 
Packet(s) lost or reordered :  5777 was received, previous rcvd is  5634 
Packet(s) lost or reordered :  6322 was received, previous rcvd is  6179 
Packet(s) lost or reordered :  6868 was received, previous rcvd is  6724 
Packet(s) lost or reordered :  7414 was received, previous rcvd is  7270 
Packet(s) lost or reordered :  7961 was received, previous rcvd is  7816 
Packet(s) lost or reordered :  8508 was received, previous rcvd is  8363 
Packet(s) lost or reordered :  9056 was received, previous rcvd is  8879 
Packet(s) lost or reordered :  9604 was received, previous rcvd is  9463 
Packet(s) lost or reordered : 10153 was received, previous rcvd is 10011 
Packet(s) lost or reordered : 10703 was received, previous rcvd is 10527 
Packet(s) lost or reordered : 11253 was received, previous rcvd is 11105 
Packet(s) lost or reordered : 11804 was received, previous rcvd is 11655 
Packet(s) lost or reordered : 12355 was received, previous rcvd is 12208 
Packet(s) lost or reordered : 12908 was received, previous rcvd is 12762 
Packet(s) lost or reordered : 13461 was received, previous rcvd is 13313 
Packet(s) lost or reordered : 14014 was received, previous rcvd is 13863 
Packet(s) lost or reordered : 14568 was received, previous rcvd is 14385 
Packet(s) lost or reordered : 15123 was received, previous rcvd is 14970 
Packet(s) lost or reordered : 15678 was received, previous rcvd is 15525 
Packet(s) lost or reordered : 16234 was received, previous rcvd is 16080 
Packet(s) lost or reordered : 16617 was received, previous rcvd is 16605 
Packet(s) lost or reordered : 16791 was received, previous rcvd is 16647 
Packet(s) lost or reordered : 17348 was received, previous rcvd is 17162 
Packet(s) lost or reordered : 17906 was received, previous rcvd is 17762 
Packet(s) lost or reordered : 18465 was received, previous rcvd is 18321 
Packet(s) lost or reordered : 19024 was received, previous rcvd is 18848 
Packet(s) lost or reordered : 19584 was received, previous rcvd is 19439 
Packet(s) lost or reordered : 20145 was received, previous rcvd is 19967 
Packet(s) lost or reordered : 20706 was received, previous rcvd is 20528 
Packet(s) lost or reordered : 21268 was received, previous rcvd is 21121 
Packet(s) lost or reordered : 21831 was received, previous rcvd is 21651 
Packet(s) lost or reordered : 22394 was received, previous rcvd is 22246 
Packet(s) lost or reordered : 22958 was received, previous rcvd is 22777 
Packet(s) lost or reordered : 23523 was received, previous rcvd is 23373 
Packet(s) lost or reordered : 24089 was received, previous rcvd is 23906 
Packet(s) lost or reordered : 24655 was received, previous rcvd is 24504 
Packet(s) lost or reordered : 25222 was received, previous rcvd is 25038 
Packet(s) lost or reordered : 25789 was received, previous rcvd is 25605 
Packet(s) lost or reordered : 26357 was received, previous rcvd is 26204 
Packet(s) lost or reordered : 26926 was received, previous rcvd is 26740 
Packet(s) lost or reordered : 27495 was received, previous rcvd is 27341 
Packet(s) lost or reordered : 28066 was received, previous rcvd is 27878 
Packet(s) lost or reordered : 28637 was received, previous rcvd is 28481 
Packet(s) lost or reordered : 29208 was received, previous rcvd is 29020 
Packet(s) lost or reordered : 29779 was received, previous rcvd is 29623 
Packet(s) lost or reordered : 30351 was received, previous rcvd is 30162 
Packet(s) lost or reordered : 30923 was received, previous rcvd is 30766 
Packet(s) lost or reordered : 31496 was received, previous rcvd is 31306 
Packet(s) lost or reordered : 32069 was received, previous rcvd is 31879 
Packet(s) lost or reordered : 32643 was received, previous rcvd is 32484 
Packet(s) lost or reordered : 33217 was received, previous rcvd is 33058 
Packet(s) lost or reordered : 33792 was received, previous rcvd is 33600 
Packet(s) lost or reordered : 34367 was received, previous rcvd is 34175 
Packet(s) lost or reordered : 34860 was received, previous rcvd is 34761 
Packet(s) lost or reordered : 34942 was received, previous rcvd is 34892 
Packet(s) lost or reordered : 35518 was received, previous rcvd is 35337 
Packet(s) lost or reordered : 36094 was received, previous rcvd is 35880 
Packet(s) lost or reordered : 36671 was received, previous rcvd is 36522 
Packet(s) lost or reordered : 37248 was received, previous rcvd is 37066 
Packet(s) lost or reordered : 37826 was received, previous rcvd is 37643 
Packet(s) lost or reordered : 38405 was received, previous rcvd is 38221 
Packet(s) lost or reordered : 38983 was received, previous rcvd is 38800 
Packet(s) lost or reordered : 39562 was received, previous rcvd is 39373 
Packet(s) lost or reordered : 40141 was received, previous rcvd is 39993 
Packet(s) lost or reordered : 40720 was received, previous rcvd is 40508 
Packet(s) lost or reordered : 41300 was received, previous rcvd is 41115 
Packet(s) lost or reordered : 41880 was received, previous rcvd is 41728 
Packet(s) lost or reordered : 42461 was received, previous rcvd is 42272 
Packet(s) lost or reordered : 43042 was received, previous rcvd is 42820 
Packet(s) lost or reordered : 43623 was received, previous rcvd is 43475 
Packet(s) lost or reordered : 44205 was received, previous rcvd is 44018 
Packet(s) lost or reordered : 44787 was received, previous rcvd is 44600 
Packet(s) lost or reordered : 45370 was received, previous rcvd is 45182 
Packet(s) lost or reordered : 45953 was received, previous rcvd is 45765 
Packet(s) lost or reordered : 46536 was received, previous rcvd is 46348 
Packet(s) lost or reordered : 47119 was received, previous rcvd is 46931 
Packet(s) lost or reordered : 47702 was received, previous rcvd is 47514 
Packet(s) lost or reordered : 48287 was received, previous rcvd is 48097 
Packet(s) lost or reordered : 48871 was received, previous rcvd is 48715 
Packet(s) lost or reordered : 49455 was received, previous rcvd is 49266 
Packet(s) lost or reordered : 50040 was received, previous rcvd is 49817 
Packet(s) lost or reordered : 50625 was received, previous rcvd is 50468 
Packet(s) lost or reordered : 51210 was received, previous rcvd is 51020 
Packet(s) lost or reordered : 51795 was received, previous rcvd is 51605 
Packet(s) lost or reordered : 52381 was received, previous rcvd is 52190 
Packet(s) lost or reordered : 52967 was received, previous rcvd is 52776 
Packet(s) lost or reordered : 53553 was received, previous rcvd is 53362 
Packet(s) lost or reordered : 54044 was received, previous rcvd is 53948 
Packet(s) lost or reordered : 54102 was received, previous rcvd is 54044 
Packet(s) lost or reordered : 54116 was received, previous rcvd is 54102 
Packet(s) lost or reordered : 54726 was received, previous rcvd is 54509 
Packet(s) lost or reordered : 55313 was received, previous rcvd is 55154 
Packet(s) lost or reordered : 55900 was received, previous rcvd is 55675 
Packet(s) lost or reordered : 56487 was received, previous rcvd is 56328 
Packet(s) lost or reordered : 57075 was received, previous rcvd is 56882 
Packet(s) lost or reordered : 57663 was received, previous rcvd is 57470 
Packet(s) lost or reordered : 58251 was received, previous rcvd is 58058 
Packet(s) lost or reordered : 58840 was received, previous rcvd is 58646 
Packet(s) lost or reordered : 59428 was received, previous rcvd is 59235 
Packet(s) lost or reordered : 60017 was received, previous rcvd is 59823 
Packet(s) lost or reordered : 60483 was received, previous rcvd is 60412 
Packet(s) lost or reordered : 60606 was received, previous rcvd is 60515 
Packet(s) lost or reordered : 61196 was received, previous rcvd is 60968 
Packet(s) lost or reordered : 61785 was received, previous rcvd is 61624 
Packet(s) lost or reordered : 62374 was received, previous rcvd is 62180 
Packet(s) lost or reordered : 62964 was received, previous rcvd is 62769 
Packet(s) lost or reordered : 63554 was received, previous rcvd is 63359 
Packet(s) lost or reordered : 64144 was received, previous rcvd is 63916 
Packet(s) lost or reordered : 64734 was received, previous rcvd is 64572 
Packet(s) lost or reordered : 65325 was received, previous rcvd is 65129 
Packet(s) lost or reordered :   380 was received, previous rcvd is   184 
Packet(s) lost or reordered :   971 was received, previous rcvd is   775 
Packet(s) lost or reordered :  1562 was received, previous rcvd is  1373 
Packet(s) lost or reordered :  2153 was received, previous rcvd is  1968 
Packet(s) lost or reordered :  2744 was received, previous rcvd is  2559 
Packet(s) lost or reordered :  3336 was received, previous rcvd is  3112 
Packet(s) lost or reordered :  3928 was received, previous rcvd is  3764 
Packet(s) lost or reordered :  4520 was received, previous rcvd is  4293 
Packet(s) lost or reordered :  5112 was received, previous rcvd is  4926 
Packet(s) lost or reordered :  5704 was received, previous rcvd is  5518 
Packet(s) lost or reordered :  6296 was received, previous rcvd is  6103 
Packet(s) lost or reordered :  6889 was received, previous rcvd is  6691 
Packet(s) lost or reordered :  7396 was received, previous rcvd is  7251 
Packet(s) lost or reordered :  7400 was received, previous rcvd is  7397 
Packet(s) lost or reordered :  7482 was received, previous rcvd is  7430 
Packet(s) lost or reordered :  8075 was received, previous rcvd is  7877 
Packet(s) lost or reordered :  8668 was received, previous rcvd is  8482 
Packet(s) lost or reordered :  9261 was received, previous rcvd is  9064 
Packet(s) lost or reordered :  9854 was received, previous rcvd is  9667 
Packet(s) lost or reordered : 10447 was received, previous rcvd is 10227 
Packet(s) lost or reordered : 11041 was received, previous rcvd is 10854 
Packet(s) lost or reordered : 11635 was received, previous rcvd is 11448 
Packet(s) lost or reordered : 12229 was received, previous rcvd is 12042 
Packet(s) lost or reordered : 12823 was received, previous rcvd is 12602 
Packet(s) lost or reordered : 13417 was received, previous rcvd is 13230 
Packet(s) lost or reordered : 14012 was received, previous rcvd is 13824 
Packet(s) lost or reordered : 14607 was received, previous rcvd is 14419 
Packet(s) lost or reordered : 15202 was received, previous rcvd is 14980 
Packet(s) lost or reordered : 15797 was received, previous rcvd is 15609 
Packet(s) lost or reordered : 16392 was received, previous rcvd is 16204 
Packet(s) lost or reordered : 16987 was received, previous rcvd is 16799 
Packet(s) lost or reordered : 17582 was received, previous rcvd is 17360 
Packet(s) lost or reordered : 18178 was received, previous rcvd is 17989 
Packet(s) lost or reordered : 18774 was received, previous rcvd is 18585 
Packet(s) lost or reordered : 19370 was received, previous rcvd is 19181 
Packet(s) lost or reordered : 19966 was received, previous rcvd is 19743 
Packet(s) lost or reordered : 20562 was received, previous rcvd is 20373 
Packet(s) lost or reordered : 21158 was received, previous rcvd is 20969 
Packet(s) lost or reordered : 21754 was received, previous rcvd is 21531 
Packet(s) lost or reordered : 22351 was received, previous rcvd is 22161 
Packet(s) lost or reordered : 22948 was received, previous rcvd is 22758 
Packet(s) lost or reordered : 23545 was received, previous rcvd is 23355 
Packet(s) lost or reordered : 24142 was received, previous rcvd is 23918 
Packet(s) lost or reordered : 24739 was received, previous rcvd is 24549 
Packet(s) lost or reordered : 25336 was received, previous rcvd is 25146 
Packet(s) lost or reordered : 25934 was received, previous rcvd is 25709 
Packet(s) lost or reordered : 26532 was received, previous rcvd is 26341 
Packet(s) lost or reordered : 27130 was received, previous rcvd is 26905 
Packet(s) lost or reordered : 27728 was received, previous rcvd is 27571 
Packet(s) lost or reordered : 28326 was received, previous rcvd is 28101 
Packet(s) lost or reordered : 28924 was received, previous rcvd is 28733 
Packet(s) lost or reordered : 29522 was received, previous rcvd is 29331 
Packet(s) lost or reordered : 30109 was received, previous rcvd is 29895 
Packet(s) lost or reordered : 30718 was received, previous rcvd is 30516 
Packet(s) lost or reordered : 31316 was received, previous rcvd is 31125 
Packet(s) lost or reordered : 31915 was received, previous rcvd is 31723 
Packet(s) lost or reordered : 32514 was received, previous rcvd is 32288 
Packet(s) lost or reordered : 33113 was received, previous rcvd is 32921 
Packet(s) lost or reordered : 33712 was received, previous rcvd is 33520 
Packet(s) lost or reordered : 34311 was received, previous rcvd is 34119 
Packet(s) lost or reordered : 34910 was received, previous rcvd is 34684 
Packet(s) lost or reordered : 35509 was received, previous rcvd is 35317 
Packet(s) lost or reordered : 36108 was received, previous rcvd is 35913 
Packet(s) lost or reordered : 36707 was received, previous rcvd is 36514 
Packet(s) lost or reordered : 37307 was received, previous rcvd is 37076 
Packet(s) lost or reordered : 37907 was received, previous rcvd is 37716 
Packet(s) lost or reordered : 38507 was received, previous rcvd is 38314 
Packet(s) lost or reordered : 39107 was received, previous rcvd is 38914 
Packet(s) lost or reordered : 39707 was received, previous rcvd is 39474 
Packet(s) lost or reordered : 40307 was received, previous rcvd is 40113 
Packet(s) lost or reordered : 40907 was received, previous rcvd is 40717 
Packet(s) lost or reordered : 41283 was received, previous rcvd is 41281 
Packet(s) lost or reordered : 41508 was received, previous rcvd is 41315 
Packet(s) lost or reordered : 42109 was received, previous rcvd is 41881 
Packet(s) lost or reordered : 42709 was received, previous rcvd is 42516 
Packet(s) lost or reordered : 43310 was received, previous rcvd is 43116 
Packet(s) lost or reordered : 43718 was received, previous rcvd is 43683 
Packet(s) lost or reordered : 43911 was received, previous rcvd is 43751 
Packet(s) lost or reordered : 44495 was received, previous rcvd is 44284 
Packet(s) lost or reordered : 45113 was received, previous rcvd is 44902 
Packet(s) lost or reordered : 45714 was received, previous rcvd is 45520 
Packet(s) lost or reordered : 46140 was received, previous rcvd is 46087 
Packet(s) lost or reordered : 46315 was received, previous rcvd is 46173 
Packet(s) lost or reordered : 46916 was received, previous rcvd is 46688 
Packet(s) lost or reordered : 47518 was received, previous rcvd is 47323 
Packet(s) lost or reordered : 48119 was received, previous rcvd is 47925 
Packet(s) lost or reordered : 48719 was received, previous rcvd is 48492 
Packet(s) lost or reordered : 49321 was received, previous rcvd is 49092 
Packet(s) lost or reordered : 49923 was received, previous rcvd is 49762 
Packet(s) lost or reordered : 50525 was received, previous rcvd is 50330 
Packet(s) lost or reordered : 51120 was received, previous rcvd is 50898 
Packet(s) lost or reordered : 51729 was received, previous rcvd is 51527 
Packet(s) lost or reordered : 52332 was received, previous rcvd is 52136 
Packet(s) lost or reordered : 52934 was received, previous rcvd is 52739 
Packet(s) lost or reordered : 53536 was received, previous rcvd is 53307 
Packet(s) lost or reordered : 54138 was received, previous rcvd is 53909 
Packet(s) lost or reordered : 54740 was received, previous rcvd is 54579 
Packet(s) lost or reordered : 55342 was received, previous rcvd is 55113 
Packet(s) lost or reordered : 55945 was received, previous rcvd is 55749 
Packet(s) lost or reordered : 56548 was received, previous rcvd is 56352 
Packet(s) lost or reordered : 57151 was received, previous rcvd is 56955 
Packet(s) lost or reordered : 57754 was received, previous rcvd is 57524 
Packet(s) lost or reordered : 58358 was received, previous rcvd is 58161 
Packet(s) lost or reordered : 58961 was received, previous rcvd is 58765 
Packet(s) lost or reordered : 59564 was received, previous rcvd is 59368 
Packet(s) lost or reordered : 60167 was received, previous rcvd is 59937 
Packet(s) lost or reordered : 60770 was received, previous rcvd is 60574 
Packet(s) lost or reordered : 61374 was received, previous rcvd is 61177 
Packet(s) lost or reordered : 61978 was received, previous rcvd is 61747 
Packet(s) lost or reordered : 62582 was received, previous rcvd is 62385 
Packet(s) lost or reordered : 63186 was received, previous rcvd is 62989 
Packet(s) lost or reordered : 63790 was received, previous rcvd is 63593 
Packet(s) lost or reordered : 64394 was received, previous rcvd is 64163 
Packet(s) lost or reordered : 64998 was received, previous rcvd is 64801 
Packet(s) lost or reordered :    66 was received, previous rcvd is 65405 
Packet(s) lost or reordered :   670 was received, previous rcvd is   473 
Packet(s) lost or reordered :  1274 was received, previous rcvd is  1043 
Packet(s) lost or reordered :  1878 was received, previous rcvd is  1681 
Packet(s) lost or reordered :  2482 was received, previous rcvd is  2285 
Packet(s) lost or reordered :  2934 was received, previous rcvd is  2855 
Packet(s) lost or reordered :  3086 was received, previous rcvd is  2967 
Packet(s) lost or reordered :  3691 was received, previous rcvd is  3459 
Packet(s) lost or reordered :  4296 was received, previous rcvd is  4098 
Packet(s) lost or reordered :  4901 was received, previous rcvd is  4669 
Packet(s) lost or reordered :  6213 was received, previous rcvd is  6211 
Packet(s) lost or reordered : 36753 was received, previous rcvd is 36751 
