socket set to IP_RECVTOS
socket SO_RCVBUF set to 20971520
Listen on port 8080 to receive RTP from sender 
.
.
Packet(s) lost or reordered : 14308 was received, previous rcvd is 14281 
Packet(s) lost or reordered : 14759 was received, previous rcvd is 14696 
Packet(s) lost or reordered : 15212 was received, previous rcvd is 15174 
Packet(s) lost or reordered : 15667 was received, previous rcvd is 15601 
Packet(s) lost or reordered : 16124 was received, previous rcvd is 16056 
Packet(s) lost or reordered : 16582 was received, previous rcvd is 16539 
Packet(s) lost or reordered : 17042 was received, previous rcvd is 16971 
Packet(s) lost or reordered : 17504 was received, previous rcvd is 17457 
Packet(s) lost or reordered : 17968 was received, previous rcvd is 17893 
Packet(s) lost or reordered : 18434 was received, previous rcvd is 18357 
Packet(s) lost or reordered : 18901 was received, previous rcvd is 18849 
Packet(s) lost or reordered : 19285 was received, previous rcvd is 19277 
Packet(s) lost or reordered : 19370 was received, previous rcvd is 19311 
Packet(s) lost or reordered : 19841 was received, previous rcvd is 19747 
Packet(s) lost or reordered : 20314 was received, previous rcvd is 20218 
Packet(s) lost or reordered : 20789 was received, previous rcvd is 20718 
Packet(s) lost or reordered : 21266 was received, previous rcvd is 21193 
Packet(s) lost or reordered : 21745 was received, previous rcvd is 21670 
Packet(s) lost or reordered : 22225 was received, previous rcvd is 22149 
Packet(s) lost or reordered : 22708 was received, previous rcvd is 22629 
Packet(s) lost or reordered : 23193 was received, previous rcvd is 23085 
Packet(s) lost or reordered : 23679 was received, previous rcvd is 23597 
Packet(s) lost or reordered : 24167 was received, previous rcvd is 24069 
Packet(s) lost or reordered : 24657 was received, previous rcvd is 24558 
Packet(s) lost or reordered : 25149 was received, previous rcvd is 25076 
Packet(s) lost or reordered : 25643 was received, previous rcvd is 25540 
Packet(s) lost or reordered : 26139 was received, previous rcvd is 26034 
Packet(s) lost or reordered : 26636 was received, previous rcvd is 26530 
Packet(s) lost or reordered : 27135 was received, previous rcvd is 27055 
Packet(s) lost or reordered : 27637 was received, previous rcvd is 27526 
Packet(s) lost or reordered : 28140 was received, previous rcvd is 28028 
Packet(s) lost or reordered : 28646 was received, previous rcvd is 28543 
Packet(s) lost or reordered : 29153 was received, previous rcvd is 29051 
Packet(s) lost or reordered : 29541 was received, previous rcvd is 29529 
Packet(s) lost or reordered : 29662 was received, previous rcvd is 29569 
Packet(s) lost or reordered : 30173 was received, previous rcvd is 30062 
Packet(s) lost or reordered : 30686 was received, previous rcvd is 30544 
Packet(s) lost or reordered : 31201 was received, previous rcvd is 31119 
Packet(s) lost or reordered : 31718 was received, previous rcvd is 31549 
Packet(s) lost or reordered : 32237 was received, previous rcvd is 32152 
Packet(s) lost or reordered : 32758 was received, previous rcvd is 32649 
Packet(s) lost or reordered : 33116 was received, previous rcvd is 33110 
Packet(s) lost or reordered : 33281 was received, previous rcvd is 33146 
Packet(s) lost or reordered : 33806 was received, previous rcvd is 33664 
Packet(s) lost or reordered : 34333 was received, previous rcvd is 34197 
Packet(s) lost or reordered : 34862 was received, previous rcvd is 34752 
Packet(s) lost or reordered : 35393 was received, previous rcvd is 35251 
Packet(s) lost or reordered : 35926 was received, previous rcvd is 35782 
Packet(s) lost or reordered : 36461 was received, previous rcvd is 36315 
Packet(s) lost or reordered : 36998 was received, previous rcvd is 36880 
Packet(s) lost or reordered : 37537 was received, previous rcvd is 37387 
Packet(s) lost or reordered : 38078 was received, previous rcvd is 37956 
Packet(s) lost or reordered : 38621 was received, previous rcvd is 38448 
Packet(s) lost or reordered : 39166 was received, previous rcvd is 39023 
Packet(s) lost or reordered : 39713 was received, previous rcvd is 39568 
Packet(s) lost or reordered : 40262 was received, previous rcvd is 40115 
Packet(s) lost or reordered : 40813 was received, previous rcvd is 40664 
Packet(s) lost or reordered : 41366 was received, previous rcvd is 41184 
Packet(s) lost or reordered : 41921 was received, previous rcvd is 41768 
Packet(s) lost or reordered : 42478 was received, previous rcvd is 42354 
Packet(s) lost or reordered : 43037 was received, previous rcvd is 42859 
Packet(s) lost or reordered : 43598 was received, previous rcvd is 43452 
Packet(s) lost or reordered : 44161 was received, previous rcvd is 43981 
Packet(s) lost or reordered : 44727 was received, previous rcvd is 44544 
Packet(s) lost or reordered : 45295 was received, previous rcvd is 45142 
Packet(s) lost or reordered : 45865 was received, previous rcvd is 45678 
Packet(s) lost or reordered : 46437 was received, previous rcvd is 46280 
Packet(s) lost or reordered : 47011 was received, previous rcvd is 46820 
Packet(s) lost or reordered : 47587 was received, previous rcvd is 47426 
Packet(s) lost or reordered : 48165 was received, previous rcvd is 47980 
Packet(s) lost or reordered : 48746 was received, previous rcvd is 48560 
Packet(s) lost or reordered : 49329 was received, previous rcvd is 49141 
Packet(s) lost or reordered : 49914 was received, previous rcvd is 49724 
Packet(s) lost or reordered : 50422 was received, previous rcvd is 50309 
Packet(s) lost or reordered : 50501 was received, previous rcvd is 50454 
Packet(s) lost or reordered : 51090 was received, previous rcvd is 50863 
Packet(s) lost or reordered : 51557 was received, previous rcvd is 51485 
Packet(s) lost or reordered : 51681 was received, previous rcvd is 51589 
Packet(s) lost or reordered : 52274 was received, previous rcvd is 52043 
Packet(s) lost or reordered : 52869 was received, previous rcvd is 52680 
Packet(s) lost or reordered : 53467 was received, previous rcvd is 53276 
Packet(s) lost or reordered : 54067 was received, previous rcvd is 53860 
Packet(s) lost or reordered : 54669 was received, previous rcvd is 54462 
Packet(s) lost or reordered : 55273 was received, previous rcvd is 55064 
Packet(s) lost or reordered : 55880 was received, previous rcvd is 55682 
Packet(s) lost or reordered : 56488 was received, previous rcvd is 56287 
Packet(s) lost or reordered : 57098 was received, previous rcvd is 56861 
Packet(s) lost or reordered : 57710 was received, previous rcvd is 57502 
Packet(s) lost or reordered : 58325 was received, previous rcvd is 58116 
Packet(s) lost or reordered : 58942 was received, previous rcvd is 58710 
Packet(s) lost or reordered : 59561 was received, previous rcvd is 59326 
Packet(s) lost or reordered : 60182 was received, previous rcvd is 59945 
Packet(s) lost or reordered : 60805 was received, previous rcvd is 60601 
Packet(s) lost or reordered : 61430 was received, previous rcvd is 61224 
Packet(s) lost or reordered : 62057 was received, previous rcvd is 61814 
Packet(s) lost or reordered : 62687 was received, previous rcvd is 62441 
Packet(s) lost or reordered : 63319 was received, previous rcvd is 63081 
Packet(s) lost or reordered : 63953 was received, previous rcvd is 63714 
Packet(s) lost or reordered : 64589 was received, previous rcvd is 64384 
Packet(s) lost or reordered : 65227 was received, previous rcvd is 64984 
Packet(s) lost or reordered :   331 was received, previous rcvd is    86 
Packet(s) lost or reordered :   973 was received, previous rcvd is   726 
Packet(s) lost or reordered :  1617 was received, previous rcvd is  1368 
Packet(s) lost or reordered :  2264 was received, previous rcvd is  2048 
Packet(s) lost or reordered :  2913 was received, previous rcvd is  2650 
Packet(s) lost or reordered :  3564 was received, previous rcvd is  3318 
Packet(s) lost or reordered :  4217 was received, previous rcvd is  3933 
Packet(s) lost or reordered : 10184 was received, previous rcvd is 10166 
Packet(s) lost or reordered : 10643 was received, previous rcvd is 10599 
Packet(s) lost or reordered : 11102 was received, previous rcvd is 11032 
Packet(s) lost or reordered : 11561 was received, previous rcvd is 11517 
Packet(s) lost or reordered : 12020 was received, previous rcvd is 11950 
Packet(s) lost or reordered : 12480 was received, previous rcvd is 12409 
Packet(s) lost or reordered : 12914 was received, previous rcvd is 12869 
Packet(s) lost or reordered : 13400 was received, previous rcvd is 13329 
Packet(s) lost or reordered : 13860 was received, previous rcvd is 13789 
Packet(s) lost or reordered : 14304 was received, previous rcvd is 14249 
Packet(s) lost or reordered : 14306 was received, previous rcvd is 14304 
Packet(s) lost or reordered : 14780 was received, previous rcvd is 14720 
Packet(s) lost or reordered : 15240 was received, previous rcvd is 15169 
Packet(s) lost or reordered : 15700 was received, previous rcvd is 15655 
Packet(s) lost or reordered : 16160 was received, previous rcvd is 16102 
Packet(s) lost or reordered : 16596 was received, previous rcvd is 16536 
Packet(s) lost or reordered : 17080 was received, previous rcvd is 17001 
Packet(s) lost or reordered : 17534 was received, previous rcvd is 17474 
Packet(s) lost or reordered : 18000 was received, previous rcvd is 17923 
Packet(s) lost or reordered : 18460 was received, previous rcvd is 18415 
Packet(s) lost or reordered : 18921 was received, previous rcvd is 18860 
Packet(s) lost or reordered : 19382 was received, previous rcvd is 19297 
Packet(s) lost or reordered : 19843 was received, previous rcvd is 19800 
Packet(s) lost or reordered : 20304 was received, previous rcvd is 20206 
Packet(s) lost or reordered : 20765 was received, previous rcvd is 20745 
Packet(s) lost or reordered : 21226 was received, previous rcvd is 21154 
Packet(s) lost or reordered : 21687 was received, previous rcvd is 21615 
Packet(s) lost or reordered : 22148 was received, previous rcvd is 22076 
Packet(s) lost or reordered : 22609 was received, previous rcvd is 22537 
Packet(s) lost or reordered : 23070 was received, previous rcvd is 23024 
Packet(s) lost or reordered : 23531 was received, previous rcvd is 23485 
Packet(s) lost or reordered : 23993 was received, previous rcvd is 23920 
Packet(s) lost or reordered : 24455 was received, previous rcvd is 24382 
Packet(s) lost or reordered : 24917 was received, previous rcvd is 24870 
Packet(s) lost or reordered : 25379 was received, previous rcvd is 25306 
Packet(s) lost or reordered : 25841 was received, previous rcvd is 25768 
Packet(s) lost or reordered : 26303 was received, previous rcvd is 26230 
Packet(s) lost or reordered : 26765 was received, previous rcvd is 26718 
Packet(s) lost or reordered : 27227 was received, previous rcvd is 27154 
Packet(s) lost or reordered : 27690 was received, previous rcvd is 27642 
Packet(s) lost or reordered : 28153 was received, previous rcvd is 28079 
Packet(s) lost or reordered : 28616 was received, previous rcvd is 28542 
Packet(s) lost or reordered : 29079 was received, previous rcvd is 29031 
Packet(s) lost or reordered : 29542 was received, previous rcvd is 29468 
Packet(s) lost or reordered : 30005 was received, previous rcvd is 29931 
Packet(s) lost or reordered : 30468 was received, previous rcvd is 30394 
Packet(s) lost or reordered : 30931 was received, previous rcvd is 30883 
Packet(s) lost or reordered : 31395 was received, previous rcvd is 31320 
Packet(s) lost or reordered : 31859 was received, previous rcvd is 31810 
Packet(s) lost or reordered : 32323 was received, previous rcvd is 32248 
Packet(s) lost or reordered : 32787 was received, previous rcvd is 32712 
Packet(s) lost or reordered : 33251 was received, previous rcvd is 33202 
Packet(s) lost or reordered : 33715 was received, previous rcvd is 33640 
Packet(s) lost or reordered : 34180 was received, previous rcvd is 34106 
Packet(s) lost or reordered : 34645 was received, previous rcvd is 34599 
Packet(s) lost or reordered : 35110 was received, previous rcvd is 35036 
Packet(s) lost or reordered : 35575 was received, previous rcvd is 35499 
Packet(s) lost or reordered : 36040 was received, previous rcvd is 35964 
Packet(s) lost or reordered : 36505 was received, previous rcvd is 36455 
Packet(s) lost or reordered : 36971 was received, previous rcvd is 36894 
Packet(s) lost or reordered : 37437 was received, previous rcvd is 37386 
Packet(s) lost or reordered : 37903 was received, previous rcvd is 37826 
Packet(s) lost or reordered : 38369 was received, previous rcvd is 38292 
Packet(s) lost or reordered : 38835 was received, previous rcvd is 38758 
Packet(s) lost or reordered : 39302 was received, previous rcvd is 39224 
Packet(s) lost or reordered : 39769 was received, previous rcvd is 39705 
Packet(s) lost or reordered : 40236 was received, previous rcvd is 40173 
Packet(s) lost or reordered : 40703 was received, previous rcvd is 40639 
Packet(s) lost or reordered : 41170 was received, previous rcvd is 41108 
Packet(s) lost or reordered : 41637 was received, previous rcvd is 41546 
Packet(s) lost or reordered : 42105 was received, previous rcvd is 42043 
Packet(s) lost or reordered : 42573 was received, previous rcvd is 42509 
Packet(s) lost or reordered : 43041 was received, previous rcvd is 42976 
Packet(s) lost or reordered : 43509 was received, previous rcvd is 43417 
Packet(s) lost or reordered : 43977 was received, previous rcvd is 43943 
Packet(s) lost or reordered : 44333 was received, previous rcvd is 44331 
Packet(s) lost or reordered : 44356 was received, previous rcvd is 44333 
Packet(s) lost or reordered : 44446 was received, previous rcvd is 44381 
Packet(s) lost or reordered : 44915 was received, previous rcvd is 44823 
Packet(s) lost or reordered : 45384 was received, previous rcvd is 45319 
Packet(s) lost or reordered : 45853 was received, previous rcvd is 45788 
Packet(s) lost or reordered : 46322 was received, previous rcvd is 46257 
Packet(s) lost or reordered : 46748 was received, previous rcvd is 46699 
Packet(s) lost or reordered : 46792 was received, previous rcvd is 46774 
Packet(s) lost or reordered : 47262 was received, previous rcvd is 47169 
Packet(s) lost or reordered : 47732 was received, previous rcvd is 47666 
Packet(s) lost or reordered : 48128 was received, previous rcvd is 48109 
Packet(s) lost or reordered : 48135 was received, previous rcvd is 48128 
Packet(s) lost or reordered : 48202 was received, previous rcvd is 48160 
Packet(s) lost or reordered : 48672 was received, previous rcvd is 48606 
Packet(s) lost or reordered : 49143 was received, previous rcvd is 49049 
Packet(s) lost or reordered : 49614 was received, previous rcvd is 49547 
Packet(s) lost or reordered : 50085 was received, previous rcvd is 50018 
Packet(s) lost or reordered : 50556 was received, previous rcvd is 50462 
Packet(s) lost or reordered : 51028 was received, previous rcvd is 50960 
Packet(s) lost or reordered : 51500 was received, previous rcvd is 51459 
Packet(s) lost or reordered : 51972 was received, previous rcvd is 51877 
Packet(s) lost or reordered : 52444 was received, previous rcvd is 52376 
Packet(s) lost or reordered : 52917 was received, previous rcvd is 52821 
Packet(s) lost or reordered : 53390 was received, previous rcvd is 53348 
Packet(s) lost or reordered : 53864 was received, previous rcvd is 53767 
Packet(s) lost or reordered : 54337 was received, previous rcvd is 54241 
Packet(s) lost or reordered : 54811 was received, previous rcvd is 54768 
Packet(s) lost or reordered : 55285 was received, previous rcvd is 55188 
Packet(s) lost or reordered : 55759 was received, previous rcvd is 55689 
Packet(s) lost or reordered : 56233 was received, previous rcvd is 56163 
Packet(s) lost or reordered : 56708 was received, previous rcvd is 56637 
Packet(s) lost or reordered : 57183 was received, previous rcvd is 57085 
Packet(s) lost or reordered : 57658 was received, previous rcvd is 57614 
Packet(s) lost or reordered : 58024 was received, previous rcvd is 58008 
Packet(s) lost or reordered : 58133 was received, previous rcvd is 58050 
Packet(s) lost or reordered : 58609 was received, previous rcvd is 58536 
Packet(s) lost or reordered : 59085 was received, previous rcvd is 59014 
Packet(s) lost or reordered : 59561 was received, previous rcvd is 59461 
Packet(s) lost or reordered : 60038 was received, previous rcvd is 59968 
Packet(s) lost or reordered : 60515 was received, previous rcvd is 60442 
Packet(s) lost or reordered : 60992 was received, previous rcvd is 60904 
Packet(s) lost or reordered : 61470 was received, previous rcvd is 61383 
Packet(s) lost or reordered : 61948 was received, previous rcvd is 61889 
Packet(s) lost or reordered : 62426 was received, previous rcvd is 62326 
Packet(s) lost or reordered : 62904 was received, previous rcvd is 62830 
Packet(s) lost or reordered : 63383 was received, previous rcvd is 63294 
Packet(s) lost or reordered : 63862 was received, previous rcvd is 63802 
Packet(s) lost or reordered : 64341 was received, previous rcvd is 64253 
Packet(s) lost or reordered : 64821 was received, previous rcvd is 64747 
Packet(s) lost or reordered : 65301 was received, previous rcvd is 65225 
Packet(s) lost or reordered :   245 was received, previous rcvd is   138 
Packet(s) lost or reordered :   726 was received, previous rcvd is   650 
Packet(s) lost or reordered :  1207 was received, previous rcvd is  1131 
Packet(s) lost or reordered :  1688 was received, previous rcvd is  1613 
Packet(s) lost or reordered :  2170 was received, previous rcvd is  2065 
Packet(s) lost or reordered :  2652 was received, previous rcvd is  2574 
Packet(s) lost or reordered :  3134 was received, previous rcvd is  3056 
Packet(s) lost or reordered :  3616 was received, previous rcvd is  3511 
Packet(s) lost or reordered :  4099 was received, previous rcvd is  4020 
Packet(s) lost or reordered :  4478 was received, previous rcvd is  4476 
Packet(s) lost or reordered :  4526 was received, previous rcvd is  4478 
Packet(s) lost or reordered :  4582 was received, previous rcvd is  4551 
Packet(s) lost or reordered :  5065 was received, previous rcvd is  4959 
Packet(s) lost or reordered :  5549 was received, previous rcvd is  5496 
Packet(s) lost or reordered :  6033 was received, previous rcvd is  5926 
Packet(s) lost or reordered :  6517 was received, previous rcvd is  6437 
Packet(s) lost or reordered :  7002 was received, previous rcvd is  6894 
Packet(s) lost or reordered :  7487 was received, previous rcvd is  7433 
Packet(s) lost or reordered :  7972 was received, previous rcvd is  7864 
Packet(s) lost or reordered :  8458 was received, previous rcvd is  8389 
Packet(s) lost or reordered :  8944 was received, previous rcvd is  8849 
Packet(s) lost or reordered :  9430 was received, previous rcvd is  9335 
Packet(s) lost or reordered :  9917 was received, previous rcvd is  9849 
Packet(s) lost or reordered : 10404 was received, previous rcvd is 10308 
Packet(s) lost or reordered : 10891 was received, previous rcvd is 10795 
Packet(s) lost or reordered : 11379 was received, previous rcvd is 11282 
Packet(s) lost or reordered : 11867 was received, previous rcvd is 11798 
Packet(s) lost or reordered : 12327 was received, previous rcvd is 12230 
Packet(s) lost or reordered : 12828 was received, previous rcvd is 12718 
Packet(s) lost or reordered : 13333 was received, previous rcvd is 13247 
Packet(s) lost or reordered : 13823 was received, previous rcvd is 13724 
Packet(s) lost or reordered : 14313 was received, previous rcvd is 14214 
Packet(s) lost or reordered : 14803 was received, previous rcvd is 14704 
Packet(s) lost or reordered : 15294 was received, previous rcvd is 15222 
Packet(s) lost or reordered : 15785 was received, previous rcvd is 15685 
Packet(s) lost or reordered : 16229 was received, previous rcvd is 16176 
Packet(s) lost or reordered : 16276 was received, previous rcvd is 16256 
Packet(s) lost or reordered : 16768 was received, previous rcvd is 16639 
Packet(s) lost or reordered : 17260 was received, previous rcvd is 17187 
Packet(s) lost or reordered : 17752 was received, previous rcvd is 17679 
Packet(s) lost or reordered : 18245 was received, previous rcvd is 18115 
Packet(s) lost or reordered : 18738 was received, previous rcvd is 18636 
Packet(s) lost or reordered : 19232 was received, previous rcvd is 19157 
Packet(s) lost or reordered : 19726 was received, previous rcvd is 19623 
Packet(s) lost or reordered : 20220 was received, previous rcvd is 20117 
Packet(s) lost or reordered : 20715 was received, previous rcvd is 20611 
Packet(s) lost or reordered : 21210 was received, previous rcvd is 21142 
Packet(s) lost or reordered : 21706 was received, previous rcvd is 21581 
Packet(s) lost or reordered : 22202 was received, previous rcvd is 22139 
Packet(s) lost or reordered : 22699 was received, previous rcvd is 22596 
Packet(s) lost or reordered : 23196 was received, previous rcvd is 23090 
Packet(s) lost or reordered : 23693 was received, previous rcvd is 23595 
Packet(s) lost or reordered : 24191 was received, previous rcvd is 24095 
Packet(s) lost or reordered : 24689 was received, previous rcvd is 24562 
Packet(s) lost or reordered : 25187 was received, previous rcvd is 25085 
Packet(s) lost or reordered : 25686 was received, previous rcvd is 25606 
Packet(s) lost or reordered : 26185 was received, previous rcvd is 26077 
Packet(s) lost or reordered : 26685 was received, previous rcvd is 26576 
Packet(s) lost or reordered : 27185 was received, previous rcvd is 27076 
Packet(s) lost or reordered : 27686 was received, previous rcvd is 27604 
Packet(s) lost or reordered : 28187 was received, previous rcvd is 28077 
Packet(s) lost or reordered : 28688 was received, previous rcvd is 28578 
Packet(s) lost or reordered : 29190 was received, previous rcvd is 29079 
Packet(s) lost or reordered : 29692 was received, previous rcvd is 29581 
Packet(s) lost or reordered : 30194 was received, previous rcvd is 30111 
Packet(s) lost or reordered : 30697 was received, previous rcvd is 30585 
Packet(s) lost or reordered : 31200 was received, previous rcvd is 31088 
Packet(s) lost or reordered : 31704 was received, previous rcvd is 31603 
Packet(s) lost or reordered : 32208 was received, previous rcvd is 32109 
Packet(s) lost or reordered : 32713 was received, previous rcvd is 32613 
Packet(s) lost or reordered : 33218 was received, previous rcvd is 33089 
Packet(s) lost or reordered : 33723 was received, previous rcvd is 33623 
Packet(s) lost or reordered : 34229 was received, previous rcvd is 34128 
Packet(s) lost or reordered : 34735 was received, previous rcvd is 34634 
Packet(s) lost or reordered : 35242 was received, previous rcvd is 35140 
Packet(s) lost or reordered : 35749 was received, previous rcvd is 35618 
Packet(s) lost or reordered : 36257 was received, previous rcvd is 36154 
Packet(s) lost or reordered : 36766 was received, previous rcvd is 36662 
Packet(s) lost or reordered : 37275 was received, previous rcvd is 37142 
Packet(s) lost or reordered : 37784 was received, previous rcvd is 37709 
Packet(s) lost or reordered : 38294 was received, previous rcvd is 38160 
Packet(s) lost or reordered : 38804 was received, previous rcvd is 38670 
Packet(s) lost or reordered : 39315 was received, previous rcvd is 39209 
Packet(s) lost or reordered : 39826 was received, previous rcvd is 39720 
Packet(s) lost or reordered : 40338 was received, previous rcvd is 40231 
Packet(s) lost or reordered : 40850 was received, previous rcvd is 40743 
Packet(s) lost or reordered : 41363 was received, previous rcvd is 41226 
Packet(s) lost or reordered : 41876 was received, previous rcvd is 41797 
Packet(s) lost or reordered : 42390 was received, previous rcvd is 42252 
Packet(s) lost or reordered : 42905 was received, previous rcvd is 42795 
Packet(s) lost or reordered : 43420 was received, previous rcvd is 43281 
Packet(s) lost or reordered : 43935 was received, previous rcvd is 43825 
Packet(s) lost or reordered : 44450 was received, previous rcvd is 44340 
Packet(s) lost or reordered : 44966 was received, previous rcvd is 44855 
Packet(s) lost or reordered : 45482 was received, previous rcvd is 45371 
Packet(s) lost or reordered : 45999 was received, previous rcvd is 45858 
Packet(s) lost or reordered : 46517 was received, previous rcvd is 46404 
Packet(s) lost or reordered : 47035 was received, previous rcvd is 46922 
Packet(s) lost or reordered : 47554 was received, previous rcvd is 47411 
Packet(s) lost or reordered : 48074 was received, previous rcvd is 47959 
Packet(s) lost or reordered : 48594 was received, previous rcvd is 48479 
Packet(s) lost or reordered : 49114 was received, previous rcvd is 48999 
Packet(s) lost or reordered : 49635 was received, previous rcvd is 49490 
Packet(s) lost or reordered : 50156 was received, previous rcvd is 50040 
Packet(s) lost or reordered : 50678 was received, previous rcvd is 50566 
Packet(s) lost or reordered : 51200 was received, previous rcvd is 51061 
Packet(s) lost or reordered : 51723 was received, previous rcvd is 51615 
Packet(s) lost or reordered : 52247 was received, previous rcvd is 52113 
Packet(s) lost or reordered : 52771 was received, previous rcvd is 52636 
Packet(s) lost or reordered : 53295 was received, previous rcvd is 53193 
Packet(s) lost or reordered : 53820 was received, previous rcvd is 53690 
Packet(s) lost or reordered : 54345 was received, previous rcvd is 54215 
Packet(s) lost or reordered : 54871 was received, previous rcvd is 54737 
Packet(s) lost or reordered : 55397 was received, previous rcvd is 55260 
Packet(s) lost or reordered : 55924 was received, previous rcvd is 55816 
Packet(s) lost or reordered : 56451 was received, previous rcvd is 56283 
Packet(s) lost or reordered : 56979 was received, previous rcvd is 56870 
Packet(s) lost or reordered : 57508 was received, previous rcvd is 57368 
Packet(s) lost or reordered : 58038 was received, previous rcvd is 57927 
Packet(s) lost or reordered : 58568 was received, previous rcvd is 58427 
Packet(s) lost or reordered : 59098 was received, previous rcvd is 58957 
Packet(s) lost or reordered : 59629 was received, previous rcvd is 59517 
Packet(s) lost or reordered : 60161 was received, previous rcvd is 60018 
Packet(s) lost or reordered : 60693 was received, previous rcvd is 60550 
Packet(s) lost or reordered : 61227 was received, previous rcvd is 61082 
Packet(s) lost or reordered : 61760 was received, previous rcvd is 61646 
Packet(s) lost or reordered : 62294 was received, previous rcvd is 62149 
Packet(s) lost or reordered : 62829 was received, previous rcvd is 62683 
Packet(s) lost or reordered : 63364 was received, previous rcvd is 63248 
Packet(s) lost or reordered : 63900 was received, previous rcvd is 63753 
Packet(s) lost or reordered : 64436 was received, previous rcvd is 64289 
Packet(s) lost or reordered : 64973 was received, previous rcvd is 64825 
Packet(s) lost or reordered : 65510 was received, previous rcvd is 65392 
Packet(s) lost or reordered :   512 was received, previous rcvd is   363 
Packet(s) lost or reordered :  1051 was received, previous rcvd is   901 
Packet(s) lost or reordered :  1590 was received, previous rcvd is  1470 
Packet(s) lost or reordered :  2130 was received, previous rcvd is  1979 
Packet(s) lost or reordered :  2671 was received, previous rcvd is  2532 
Packet(s) lost or reordered :  3176 was received, previous rcvd is  3042 
Packet(s) lost or reordered :  3179 was received, previous rcvd is  3176 
Packet(s) lost or reordered :  3213 was received, previous rcvd is  3208 
Packet(s) lost or reordered :  3755 was received, previous rcvd is  3615 
Packet(s) lost or reordered :  4297 was received, previous rcvd is  4126 
Packet(s) lost or reordered :  4840 was received, previous rcvd is  4699 
Packet(s) lost or reordered :  5383 was received, previous rcvd is  5242 
Packet(s) lost or reordered :  5927 was received, previous rcvd is  5785 
Packet(s) lost or reordered :  6472 was received, previous rcvd is  6329 
Packet(s) lost or reordered :  7018 was received, previous rcvd is  6874 
Packet(s) lost or reordered :  7564 was received, previous rcvd is  7389 
Packet(s) lost or reordered :  8111 was received, previous rcvd is  7997 
Packet(s) lost or reordered :  8658 was received, previous rcvd is  8482 
Packet(s) lost or reordered :  9206 was received, previous rcvd is  9060 
Packet(s) lost or reordered :  9754 was received, previous rcvd is  9608 
Packet(s) lost or reordered : 10303 was received, previous rcvd is 10156 
Packet(s) lost or reordered : 10852 was received, previous rcvd is 10705 
Packet(s) lost or reordered : 11402 was received, previous rcvd is 11254 
Packet(s) lost or reordered : 11953 was received, previous rcvd is 11804 
Packet(s) lost or reordered : 12382 was received, previous rcvd is 12324 
Packet(s) lost or reordered : 12504 was received, previous rcvd is 12412 
Packet(s) lost or reordered : 13056 was received, previous rcvd is 12875 
Packet(s) lost or reordered : 13609 was received, previous rcvd is 13458 
Packet(s) lost or reordered : 14162 was received, previous rcvd is 14011 
Packet(s) lost or reordered : 14716 was received, previous rcvd is 14564 
Packet(s) lost or reordered : 15271 was received, previous rcvd is 15118 
Packet(s) lost or reordered : 15826 was received, previous rcvd is 15642 
Packet(s) lost or reordered : 16382 was received, previous rcvd is 16230 
Packet(s) lost or reordered : 16939 was received, previous rcvd is 16789 
Packet(s) lost or reordered : 17496 was received, previous rcvd is 17312 
Packet(s) lost or reordered : 18054 was received, previous rcvd is 17913 
Packet(s) lost or reordered : 18612 was received, previous rcvd is 18469 
Packet(s) lost or reordered : 19171 was received, previous rcvd is 18995 
Packet(s) lost or reordered : 19731 was received, previous rcvd is 19586 
Packet(s) lost or reordered : 20291 was received, previous rcvd is 20114 
Packet(s) lost or reordered : 20852 was received, previous rcvd is 20674 
Packet(s) lost or reordered : 21414 was received, previous rcvd is 21267 
Packet(s) lost or reordered : 21976 was received, previous rcvd is 21797 
Packet(s) lost or reordered : 22461 was received, previous rcvd is 22359 
Packet(s) lost or reordered : 22539 was received, previous rcvd is 22492 
Packet(s) lost or reordered : 23103 was received, previous rcvd is 22922 
Packet(s) lost or reordered : 23667 was received, previous rcvd is 23518 
Packet(s) lost or reordered : 24232 was received, previous rcvd is 24050 
Packet(s) lost or reordered : 24799 was received, previous rcvd is 24647 
Packet(s) lost or reordered : 25366 was received, previous rcvd is 25178 
Packet(s) lost or reordered : 25933 was received, previous rcvd is 25785 
Packet(s) lost or reordered : 26321 was received, previous rcvd is 26287 
Packet(s) lost or reordered : 26501 was received, previous rcvd is 26352 
Packet(s) lost or reordered : 27070 was received, previous rcvd is 26884 
Packet(s) lost or reordered : 27639 was received, previous rcvd is 27485 
Packet(s) lost or reordered : 28209 was received, previous rcvd is 28022 
Packet(s) lost or reordered : 28780 was received, previous rcvd is 28592 
Packet(s) lost or reordered : 29351 was received, previous rcvd is 29195 
Packet(s) lost or reordered : 29924 was received, previous rcvd is 29734 
Packet(s) lost or reordered : 30498 was received, previous rcvd is 30339 
Packet(s) lost or reordered : 31072 was received, previous rcvd is 30913 
Packet(s) lost or reordered : 31646 was received, previous rcvd is 31455 
Packet(s) lost or reordered : 32221 was received, previous rcvd is 32029 
Packet(s) lost or reordered : 32797 was received, previous rcvd is 32636 
Packet(s) lost or reordered : 33373 was received, previous rcvd is 33191 
Packet(s) lost or reordered : 33950 was received, previous rcvd is 33768 
Packet(s) lost or reordered : 34527 was received, previous rcvd is 34345 
Packet(s) lost or reordered : 35105 was received, previous rcvd is 34922 
Packet(s) lost or reordered : 35683 was received, previous rcvd is 35500 
Packet(s) lost or reordered : 36263 was received, previous rcvd is 36078 
Packet(s) lost or reordered : 36842 was received, previous rcvd is 36691 
Packet(s) lost or reordered : 37422 was received, previous rcvd is 37204 
Packet(s) lost or reordered : 38002 was received, previous rcvd is 37850 
Packet(s) lost or reordered : 38583 was received, previous rcvd is 38397 
Packet(s) lost or reordered : 39164 was received, previous rcvd is 38978 
Packet(s) lost or reordered : 39746 was received, previous rcvd is 39559 
Packet(s) lost or reordered : 40328 was received, previous rcvd is 40141 
Packet(s) lost or reordered : 40911 was received, previous rcvd is 40723 
Packet(s) lost or reordered : 41494 was received, previous rcvd is 41306 
Packet(s) lost or reordered : 42078 was received, previous rcvd is 41889 
Packet(s) lost or reordered : 42662 was received, previous rcvd is 42473 
Packet(s) lost or reordered : 43247 was received, previous rcvd is 43090 
Packet(s) lost or reordered : 43832 was received, previous rcvd is 43642 
Packet(s) lost or reordered : 44417 was received, previous rcvd is 44194 
Packet(s) lost or reordered : 45003 was received, previous rcvd is 44845 
Packet(s) lost or reordered : 45589 was received, previous rcvd is 45398 
Packet(s) lost or reordered : 46175 was received, previous rcvd is 45984 
Packet(s) lost or reordered : 46762 was received, previous rcvd is 46570 
Packet(s) lost or reordered : 47349 was received, previous rcvd is 47157 
Packet(s) lost or reordered : 47937 was received, previous rcvd is 47744 
Packet(s) lost or reordered : 48525 was received, previous rcvd is 48332 
Packet(s) lost or reordered : 49114 was received, previous rcvd is 48953 
Packet(s) lost or reordered : 49703 was received, previous rcvd is 49476 
Packet(s) lost or reordered : 50292 was received, previous rcvd is 50131 
Packet(s) lost or reordered : 50881 was received, previous rcvd is 50687 
Packet(s) lost or reordered : 51471 was received, previous rcvd is 51276 
Packet(s) lost or reordered : 52061 was received, previous rcvd is 51866 
Packet(s) lost or reordered : 52651 was received, previous rcvd is 52456 
Packet(s) lost or reordered : 53242 was received, previous rcvd is 53046 
Packet(s) lost or reordered : 53812 was received, previous rcvd is 53604 
Packet(s) lost or reordered : 54424 was received, previous rcvd is 54207 
Packet(s) lost or reordered : 55015 was received, previous rcvd is 54852 
Packet(s) lost or reordered : 55607 was received, previous rcvd is 55418 
Packet(s) lost or reordered : 56199 was received, previous rcvd is 56013 
Packet(s) lost or reordered : 56791 was received, previous rcvd is 56605 
Packet(s) lost or reordered : 57384 was received, previous rcvd is 57160 
Packet(s) lost or reordered : 57977 was received, previous rcvd is 57812 
Packet(s) lost or reordered : 58570 was received, previous rcvd is 58339 
Packet(s) lost or reordered : 59163 was received, previous rcvd is 58976 
Packet(s) lost or reordered : 59757 was received, previous rcvd is 59570 
Packet(s) lost or reordered : 60351 was received, previous rcvd is 60164 
Packet(s) lost or reordered : 60945 was received, previous rcvd is 60758 
Packet(s) lost or reordered : 61540 was received, previous rcvd is 61318 
Packet(s) lost or reordered : 62135 was received, previous rcvd is 61947 
Packet(s) lost or reordered : 62730 was received, previous rcvd is 62542 
Packet(s) lost or reordered : 63325 was received, previous rcvd is 63103 
Packet(s) lost or reordered : 63920 was received, previous rcvd is 63732 
Packet(s) lost or reordered : 64516 was received, previous rcvd is 64323 
Packet(s) lost or reordered : 65112 was received, previous rcvd is 64922 
Packet(s) lost or reordered :    61 was received, previous rcvd is 65481 
Packet(s) lost or reordered :   173 was received, previous rcvd is    97 
Packet(s) lost or reordered :   770 was received, previous rcvd is   549 
Packet(s) lost or reordered :  1367 was received, previous rcvd is  1177 
Packet(s) lost or reordered :  1964 was received, previous rcvd is  1774 
Packet(s) lost or reordered :  2561 was received, previous rcvd is  2337 
Packet(s) lost or reordered :  3158 was received, previous rcvd is  2968 
Packet(s) lost or reordered :  3755 was received, previous rcvd is  3531 
Packet(s) lost or reordered :  4353 was received, previous rcvd is  4196 
Packet(s) lost or reordered :  4951 was received, previous rcvd is  4726 
Packet(s) lost or reordered : 13331 was received, previous rcvd is 13329 
Packet(s) lost or reordered : 13750 was received, previous rcvd is 13714 
Packet(s) lost or reordered : 14170 was received, previous rcvd is 14157 
Packet(s) lost or reordered : 14590 was received, previous rcvd is 14577 
Packet(s) lost or reordered : 15010 was received, previous rcvd is 14973 
Packet(s) lost or reordered : 15430 was received, previous rcvd is 15417 
Packet(s) lost or reordered : 15850 was received, previous rcvd is 15837 
Packet(s) lost or reordered : 16270 was received, previous rcvd is 16257 
Packet(s) lost or reordered : 16690 was received, previous rcvd is 16653 
Packet(s) lost or reordered : 17110 was received, previous rcvd is 17073 
Packet(s) lost or reordered : 17530 was received, previous rcvd is 17517 
Packet(s) lost or reordered : 17950 was received, previous rcvd is 17937 
Packet(s) lost or reordered : 18370 was received, previous rcvd is 18357 
Packet(s) lost or reordered : 18790 was received, previous rcvd is 18753 
Packet(s) lost or reordered : 19210 was received, previous rcvd is 19197 
Packet(s) lost or reordered : 19630 was received, previous rcvd is 19593 
Packet(s) lost or reordered : 20051 was received, previous rcvd is 20037 
Packet(s) lost or reordered : 20472 was received, previous rcvd is 20458 
Packet(s) lost or reordered : 20893 was received, previous rcvd is 20855 
Packet(s) lost or reordered : 21314 was received, previous rcvd is 21300 
Packet(s) lost or reordered : 21735 was received, previous rcvd is 21697 
Packet(s) lost or reordered : 22156 was received, previous rcvd is 22142 
Packet(s) lost or reordered : 22577 was received, previous rcvd is 22543 
Packet(s) lost or reordered : 22998 was received, previous rcvd is 22966 
Packet(s) lost or reordered : 23419 was received, previous rcvd is 23413 
Packet(s) lost or reordered : 23841 was received, previous rcvd is 23830 
Packet(s) lost or reordered : 24263 was received, previous rcvd is 24224 
Packet(s) lost or reordered : 24685 was received, previous rcvd is 24670 
Packet(s) lost or reordered : 25107 was received, previous rcvd is 25068 
Packet(s) lost or reordered : 25529 was received, previous rcvd is 25514 
Packet(s) lost or reordered : 25951 was received, previous rcvd is 25936 
Packet(s) lost or reordered : 26373 was received, previous rcvd is 26334 
Packet(s) lost or reordered : 26795 was received, previous rcvd is 26780 
Packet(s) lost or reordered : 27218 was received, previous rcvd is 27178 
Packet(s) lost or reordered : 27641 was received, previous rcvd is 27625 
Packet(s) lost or reordered : 28065 was received, previous rcvd is 28048 
Packet(s) lost or reordered : 28488 was received, previous rcvd is 28472 
Packet(s) lost or reordered : 28911 was received, previous rcvd is 28876 
Packet(s) lost or reordered : 29334 was received, previous rcvd is 29300 
Packet(s) lost or reordered : 29757 was received, previous rcvd is 29723 
Packet(s) lost or reordered : 30180 was received, previous rcvd is 30168 
Packet(s) lost or reordered : 30604 was received, previous rcvd is 30587 
Packet(s) lost or reordered : 31028 was received, previous rcvd is 30987 
Packet(s) lost or reordered : 31452 was received, previous rcvd is 31435 
Packet(s) lost or reordered : 31876 was received, previous rcvd is 31835 
Packet(s) lost or reordered : 32300 was received, previous rcvd is 32259 
Packet(s) lost or reordered : 33149 was received, previous rcvd is 33115 
Packet(s) lost or reordered : 33574 was received, previous rcvd is 33556 
Packet(s) lost or reordered : 33999 was received, previous rcvd is 33957 
Packet(s) lost or reordered : 34424 was received, previous rcvd is 34406 
Packet(s) lost or reordered : 34849 was received, previous rcvd is 34831 
Packet(s) lost or reordered : 35275 was received, previous rcvd is 35232 
Packet(s) lost or reordered : 35700 was received, previous rcvd is 35682 
Packet(s) lost or reordered : 36126 was received, previous rcvd is 36107 
Packet(s) lost or reordered : 36552 was received, previous rcvd is 36509 
Packet(s) lost or reordered : 36978 was received, previous rcvd is 36959 
Packet(s) lost or reordered : 37404 was received, previous rcvd is 37385 
Packet(s) lost or reordered : 37830 was received, previous rcvd is 37787 
Packet(s) lost or reordered : 38257 was received, previous rcvd is 38237 
Packet(s) lost or reordered : 38684 was received, previous rcvd is 38640 
Packet(s) lost or reordered : 39111 was received, previous rcvd is 39091 
Packet(s) lost or reordered : 39538 was received, previous rcvd is 39494 
Packet(s) lost or reordered : 39965 was received, previous rcvd is 39945 
Packet(s) lost or reordered : 40393 was received, previous rcvd is 40372 
Packet(s) lost or reordered : 40821 was received, previous rcvd is 40776 
Packet(s) lost or reordered : 41249 was received, previous rcvd is 41228 
Packet(s) lost or reordered : 41669 was received, previous rcvd is 41632 
Packet(s) lost or reordered : 42105 was received, previous rcvd is 42076 
Packet(s) lost or reordered : 42533 was received, previous rcvd is 42512 
Packet(s) lost or reordered : 42962 was received, previous rcvd is 42916 
Packet(s) lost or reordered : 43391 was received, previous rcvd is 43369 
Packet(s) lost or reordered : 43820 was received, previous rcvd is 43798 
Packet(s) lost or reordered : 44249 was received, previous rcvd is 44203 
Packet(s) lost or reordered : 44679 was received, previous rcvd is 44656 
Packet(s) lost or reordered : 45109 was received, previous rcvd is 45086 
Packet(s) lost or reordered : 45539 was received, previous rcvd is 45492 
Packet(s) lost or reordered : 45969 was received, previous rcvd is 45946 
Packet(s) lost or reordered : 46391 was received, previous rcvd is 46352 
Packet(s) lost or reordered : 46831 was received, previous rcvd is 46798 
Packet(s) lost or reordered : 47263 was received, previous rcvd is 47214 
Packet(s) lost or reordered : 47694 was received, previous rcvd is 47661 
Packet(s) lost or reordered : 48126 was received, previous rcvd is 48103 
Packet(s) lost or reordered : 48558 was received, previous rcvd is 48525 
Packet(s) lost or reordered : 48990 was received, previous rcvd is 48957 
Packet(s) lost or reordered : 49423 was received, previous rcvd is 49392 
Packet(s) lost or reordered : 49856 was received, previous rcvd is 49827 
Packet(s) lost or reordered : 50289 was received, previous rcvd is 50233 
Packet(s) lost or reordered : 50722 was received, previous rcvd is 50692 
Packet(s) lost or reordered : 51155 was received, previous rcvd is 51121 
Packet(s) lost or reordered : 51589 was received, previous rcvd is 51554 
Packet(s) lost or reordered : 52023 was received, previous rcvd is 51989 
Packet(s) lost or reordered : 52457 was received, previous rcvd is 52427 
Packet(s) lost or reordered : 52891 was received, previous rcvd is 52833 
Packet(s) lost or reordered : 53326 was received, previous rcvd is 53290 
Packet(s) lost or reordered : 53761 was received, previous rcvd is 53750 
Packet(s) lost or reordered : 54196 was received, previous rcvd is 54160 
Packet(s) lost or reordered : 54631 was received, previous rcvd is 54595 
Packet(s) lost or reordered : 55038 was received, previous rcvd is 55005 
Packet(s) lost or reordered : 55040 was received, previous rcvd is 55038 
Packet(s) lost or reordered : 55067 was received, previous rcvd is 55063 
Packet(s) lost or reordered : 55503 was received, previous rcvd is 55441 
Packet(s) lost or reordered : 55939 was received, previous rcvd is 55902 
Packet(s) lost or reordered : 56376 was received, previous rcvd is 56338 
Packet(s) lost or reordered : 56813 was received, previous rcvd is 56775 
Packet(s) lost or reordered : 57250 was received, previous rcvd is 57212 
Packet(s) lost or reordered : 57687 was received, previous rcvd is 57649 
Packet(s) lost or reordered : 58125 was received, previous rcvd is 58086 
Packet(s) lost or reordered : 58563 was received, previous rcvd is 58524 
Packet(s) lost or reordered : 59001 was received, previous rcvd is 58962 
Packet(s) lost or reordered : 59439 was received, previous rcvd is 59400 
Packet(s) lost or reordered : 59878 was received, previous rcvd is 59838 
Packet(s) lost or reordered : 60317 was received, previous rcvd is 60277 
Packet(s) lost or reordered : 60756 was received, previous rcvd is 60716 
Packet(s) lost or reordered : 61196 was received, previous rcvd is 61155 
Packet(s) lost or reordered : 61637 was received, previous rcvd is 61595 
Packet(s) lost or reordered : 62078 was received, previous rcvd is 62036 
Packet(s) lost or reordered : 62518 was received, previous rcvd is 62477 
Packet(s) lost or reordered : 62959 was received, previous rcvd is 62917 
Packet(s) lost or reordered : 63400 was received, previous rcvd is 63358 
Packet(s) lost or reordered : 63841 was received, previous rcvd is 63799 
Packet(s) lost or reordered : 64283 was received, previous rcvd is 64240 
Packet(s) lost or reordered : 64725 was received, previous rcvd is 64657 
Packet(s) lost or reordered : 65167 was received, previous rcvd is 65124 
Packet(s) lost or reordered :    74 was received, previous rcvd is    30 
Packet(s) lost or reordered :   517 was received, previous rcvd is   473 
Packet(s) lost or reordered :   960 was received, previous rcvd is   916 
Packet(s) lost or reordered :  1404 was received, previous rcvd is  1359 
Packet(s) lost or reordered :  1848 was received, previous rcvd is  1803 
Packet(s) lost or reordered :  2292 was received, previous rcvd is  2247 
Packet(s) lost or reordered :  2736 was received, previous rcvd is  2691 
Packet(s) lost or reordered :  3181 was received, previous rcvd is  3135 
Packet(s) lost or reordered :  3626 was received, previous rcvd is  3580 
Packet(s) lost or reordered :  4072 was received, previous rcvd is  4025 
Packet(s) lost or reordered :  4518 was received, previous rcvd is  4471 
Packet(s) lost or reordered :  4964 was received, previous rcvd is  4917 
Packet(s) lost or reordered :  5411 was received, previous rcvd is  5363 
Packet(s) lost or reordered :  5858 was received, previous rcvd is  5810 
Packet(s) lost or reordered :  6305 was received, previous rcvd is  6257 
Packet(s) lost or reordered :  6753 was received, previous rcvd is  6704 
Packet(s) lost or reordered :  7201 was received, previous rcvd is  7152 
Packet(s) lost or reordered :  7604 was received, previous rcvd is  7575 
Packet(s) lost or reordered :  7649 was received, previous rcvd is  7628 
Packet(s) lost or reordered :  8097 was received, previous rcvd is  8023 
Packet(s) lost or reordered :  8546 was received, previous rcvd is  8496 
Packet(s) lost or reordered :  8995 was received, previous rcvd is  8945 
Packet(s) lost or reordered :  9444 was received, previous rcvd is  9384 
Packet(s) lost or reordered :  9894 was received, previous rcvd is  9835 
Packet(s) lost or reordered : 10344 was received, previous rcvd is 10313 
Packet(s) lost or reordered : 10795 was received, previous rcvd is 10737 
Packet(s) lost or reordered : 11246 was received, previous rcvd is 11184 
Packet(s) lost or reordered : 11697 was received, previous rcvd is 11663 
Packet(s) lost or reordered : 12149 was received, previous rcvd is 12088 
Packet(s) lost or reordered : 12601 was received, previous rcvd is 12540 
Packet(s) lost or reordered : 13054 was received, previous rcvd is 13019 
Packet(s) lost or reordered : 13507 was received, previous rcvd is 13443 
Packet(s) lost or reordered : 13960 was received, previous rcvd is 13896 
Packet(s) lost or reordered : 14414 was received, previous rcvd is 14375 
Packet(s) lost or reordered : 14869 was received, previous rcvd is 14803 
Packet(s) lost or reordered : 15319 was received, previous rcvd is 15232 
Packet(s) lost or reordered : 15325 was received, previous rcvd is 15319 
Packet(s) lost or reordered : 15781 was received, previous rcvd is 15765 
Packet(s) lost or reordered : 16237 was received, previous rcvd is 16170 
Packet(s) lost or reordered : 16693 was received, previous rcvd is 16600 
Packet(s) lost or reordered : 17150 was received, previous rcvd is 17108 
Packet(s) lost or reordered : 17608 was received, previous rcvd is 17565 
Packet(s) lost or reordered : 18065 was received, previous rcvd is 17997 
Packet(s) lost or reordered : 18523 was received, previous rcvd is 18454 
Packet(s) lost or reordered : 18982 was received, previous rcvd is 18912 
Packet(s) lost or reordered : 19441 was received, previous rcvd is 19371 
Packet(s) lost or reordered : 19900 was received, previous rcvd is 19856 
Packet(s) lost or reordered : 20359 was received, previous rcvd is 20289 
Packet(s) lost or reordered : 20819 was received, previous rcvd is 20774 
Packet(s) lost or reordered : 21279 was received, previous rcvd is 21208 
Packet(s) lost or reordered : 21741 was received, previous rcvd is 21694 
Packet(s) lost or reordered : 22202 was received, previous rcvd is 22130 
Packet(s) lost or reordered : 22664 was received, previous rcvd is 22591 
Packet(s) lost or reordered : 23126 was received, previous rcvd is 23053 
Packet(s) lost or reordered : 23589 was received, previous rcvd is 23541 
Packet(s) lost or reordered : 24053 was received, previous rcvd is 23978 
Packet(s) lost or reordered : 24517 was received, previous rcvd is 24468 
Packet(s) lost or reordered : 24982 was received, previous rcvd is 24906 
Packet(s) lost or reordered : 25447 was received, previous rcvd is 25371 
Packet(s) lost or reordered : 25912 was received, previous rcvd is 25862 
Packet(s) lost or reordered : 26378 was received, previous rcvd is 26301 
Packet(s) lost or reordered : 26845 was received, previous rcvd is 26767 
Packet(s) lost or reordered : 27312 was received, previous rcvd is 27260 
Packet(s) lost or reordered : 27780 was received, previous rcvd is 27701 
Packet(s) lost or reordered : 28248 was received, previous rcvd is 28182 
Packet(s) lost or reordered : 28717 was received, previous rcvd is 28652 
Packet(s) lost or reordered : 29186 was received, previous rcvd is 29094 
Packet(s) lost or reordered : 29656 was received, previous rcvd is 29590 
Packet(s) lost or reordered : 30126 was received, previous rcvd is 30060 
Packet(s) lost or reordered : 30596 was received, previous rcvd is 30503 
Packet(s) lost or reordered : 31067 was received, previous rcvd is 31000 
Packet(s) lost or reordered : 31539 was received, previous rcvd is 31471 
Packet(s) lost or reordered : 32011 was received, previous rcvd is 31943 
Packet(s) lost or reordered : 32483 was received, previous rcvd is 32415 
Packet(s) lost or reordered : 32955 was received, previous rcvd is 32860 
Packet(s) lost or reordered : 33428 was received, previous rcvd is 33386 
Packet(s) lost or reordered : 33901 was received, previous rcvd is 33805 
Packet(s) lost or reordered : 34375 was received, previous rcvd is 34278 
Packet(s) lost or reordered : 34849 was received, previous rcvd is 34779 
Packet(s) lost or reordered : 35324 was received, previous rcvd is 35280 
Packet(s) lost or reordered : 35799 was received, previous rcvd is 35701 
Packet(s) lost or reordered : 36275 was received, previous rcvd is 36203 
Packet(s) lost or reordered : 36752 was received, previous rcvd is 36679 
Packet(s) lost or reordered : 37229 was received, previous rcvd is 37129 
Packet(s) lost or reordered : 37706 was received, previous rcvd is 37660 
Packet(s) lost or reordered : 38184 was received, previous rcvd is 38083 
Packet(s) lost or reordered : 38662 was received, previous rcvd is 38567 
Packet(s) lost or reordered : 39141 was received, previous rcvd is 39081 
Packet(s) lost or reordered : 39620 was received, previous rcvd is 39530 
Packet(s) lost or reordered : 40091 was received, previous rcvd is 40001 
Packet(s) lost or reordered : 40581 was received, previous rcvd is 40495 
Packet(s) lost or reordered : 41062 was received, previous rcvd is 40985 
Packet(s) lost or reordered : 41543 was received, previous rcvd is 41478 
Packet(s) lost or reordered : 42025 was received, previous rcvd is 41932 
Packet(s) lost or reordered : 42507 was received, previous rcvd is 42435 
Packet(s) lost or reordered : 42991 was received, previous rcvd is 42884 
Packet(s) lost or reordered : 43475 was received, previous rcvd is 43395 
Packet(s) lost or reordered : 43959 was received, previous rcvd is 43879 
Packet(s) lost or reordered : 44444 was received, previous rcvd is 44363 
Packet(s) lost or reordered : 44929 was received, previous rcvd is 44848 
Packet(s) lost or reordered : 45415 was received, previous rcvd is 45290 
Packet(s) lost or reordered : 45902 was received, previous rcvd is 45834 
Packet(s) lost or reordered : 46389 was received, previous rcvd is 46293 
Packet(s) lost or reordered : 46876 was received, previous rcvd is 46808 
Packet(s) lost or reordered : 47364 was received, previous rcvd is 47267 
Packet(s) lost or reordered : 47853 was received, previous rcvd is 47755 
Packet(s) lost or reordered : 48342 was received, previous rcvd is 48244 
Packet(s) lost or reordered : 48832 was received, previous rcvd is 48733 
Packet(s) lost or reordered : 49323 was received, previous rcvd is 49223 
Packet(s) lost or reordered : 49814 was received, previous rcvd is 49714 
Packet(s) lost or reordered : 50305 was received, previous rcvd is 50233 
Packet(s) lost or reordered : 50797 was received, previous rcvd is 50696 
Packet(s) lost or reordered : 51289 was received, previous rcvd is 51188 
Packet(s) lost or reordered : 51782 was received, previous rcvd is 51680 
Packet(s) lost or reordered : 52275 was received, previous rcvd is 52201 
Packet(s) lost or reordered : 52769 was received, previous rcvd is 52666 
Packet(s) lost or reordered : 53264 was received, previous rcvd is 53188 
Packet(s) lost or reordered : 53759 was received, previous rcvd is 53627 
Packet(s) lost or reordered : 54255 was received, previous rcvd is 54178 
Packet(s) lost or reordered : 54751 was received, previous rcvd is 54646 
Packet(s) lost or reordered : 55248 was received, previous rcvd is 55170 
Packet(s) lost or reordered : 55746 was received, previous rcvd is 55611 
Packet(s) lost or reordered : 56244 was received, previous rcvd is 56165 
Packet(s) lost or reordered : 56743 was received, previous rcvd is 56635 
Packet(s) lost or reordered : 57242 was received, previous rcvd is 57134 
Packet(s) lost or reordered : 57742 was received, previous rcvd is 57633 
Packet(s) lost or reordered : 58243 was received, previous rcvd is 58161 
Packet(s) lost or reordered : 58744 was received, previous rcvd is 58634 
Packet(s) lost or reordered : 59246 was received, previous rcvd is 59135 
Packet(s) lost or reordered : 59748 was received, previous rcvd is 59637 
Packet(s) lost or reordered : 60214 was received, previous rcvd is 60139 
Packet(s) lost or reordered : 60252 was received, previous rcvd is 60241 
Packet(s) lost or reordered : 60756 was received, previous rcvd is 60656 
Packet(s) lost or reordered : 61260 was received, previous rcvd is 61132 
Packet(s) lost or reordered : 61765 was received, previous rcvd is 61665 
Packet(s) lost or reordered : 62270 was received, previous rcvd is 62165 
Packet(s) lost or reordered : 62777 was received, previous rcvd is 62672 
Packet(s) lost or reordered : 63284 was received, previous rcvd is 63179 
Packet(s) lost or reordered : 63791 was received, previous rcvd is 63662 
Packet(s) lost or reordered : 64299 was received, previous rcvd is 64196 
Packet(s) lost or reordered : 64808 was received, previous rcvd is 64697 
Packet(s) lost or reordered : 65319 was received, previous rcvd is 65210 
Packet(s) lost or reordered :   293 was received, previous rcvd is   185 
Packet(s) lost or reordered :   803 was received, previous rcvd is   700 
Packet(s) lost or reordered :  1314 was received, previous rcvd is  1179 
Packet(s) lost or reordered :  1826 was received, previous rcvd is  1719 
Packet(s) lost or reordered :  2338 was received, previous rcvd is  2231 
Packet(s) lost or reordered :  2851 was received, previous rcvd is  2743 
Packet(s) lost or reordered :  3364 was received, previous rcvd is  3256 
Packet(s) lost or reordered :  3878 was received, previous rcvd is  3740 
Packet(s) lost or reordered :  4393 was received, previous rcvd is  4283 
Packet(s) lost or reordered :  4908 was received, previous rcvd is  4769 
Packet(s) lost or reordered :  5424 was received, previous rcvd is  5313 
Packet(s) lost or reordered :  5941 was received, previous rcvd is  5829 
Packet(s) lost or reordered :  6458 was received, previous rcvd is  6346 
Packet(s) lost or reordered :  6976 was received, previous rcvd is  6863 
Packet(s) lost or reordered :  7495 was received, previous rcvd is  7352 
Packet(s) lost or reordered :  8015 was received, previous rcvd is  7900 
Packet(s) lost or reordered :  8497 was received, previous rcvd is  8391 
Packet(s) lost or reordered :  8535 was received, previous rcvd is  8525 
Packet(s) lost or reordered :  9056 was received, previous rcvd is  8911 
Packet(s) lost or reordered :  9577 was received, previous rcvd is  9473 
Packet(s) lost or reordered : 10099 was received, previous rcvd is  9996 
Packet(s) lost or reordered : 10622 was received, previous rcvd is 10488 
Packet(s) lost or reordered : 11145 was received, previous rcvd is 11011 
Packet(s) lost or reordered : 11669 was received, previous rcvd is 11534 
Packet(s) lost or reordered : 12194 was received, previous rcvd is 12058 
Packet(s) lost or reordered : 12719 was received, previous rcvd is 12613 
Packet(s) lost or reordered : 13245 was received, previous rcvd is 13108 
Packet(s) lost or reordered : 13772 was received, previous rcvd is 13634 
Packet(s) lost or reordered : 14299 was received, previous rcvd is 14191 
Packet(s) lost or reordered : 14827 was received, previous rcvd is 14688 
Packet(s) lost or reordered : 15356 was received, previous rcvd is 15216 
Packet(s) lost or reordered : 15886 was received, previous rcvd is 15775 
Packet(s) lost or reordered : 16417 was received, previous rcvd is 16275 
Packet(s) lost or reordered : 16948 was received, previous rcvd is 16806 
Packet(s) lost or reordered : 17480 was received, previous rcvd is 17337 
Packet(s) lost or reordered : 18012 was received, previous rcvd is 17899 
