socket set to IP_RECVTOS
socket SO_RCVBUF set to 20971520
Listen on port 8080 to receive RTP from sender 
.
.
Packet(s) lost or reordered : 14037 was received, previous rcvd is 13992 
Packet(s) lost or reordered : 14490 was received, previous rcvd is 14451 
Packet(s) lost or reordered : 14945 was received, previous rcvd is 14879 
Packet(s) lost or reordered : 15401 was received, previous rcvd is 15334 
Packet(s) lost or reordered : 15859 was received, previous rcvd is 15816 
Packet(s) lost or reordered : 16319 was received, previous rcvd is 16248 
Packet(s) lost or reordered : 16781 was received, previous rcvd is 16734 
Packet(s) lost or reordered : 17245 was received, previous rcvd is 17144 
Packet(s) lost or reordered : 17710 was received, previous rcvd is 17660 
Packet(s) lost or reordered : 18177 was received, previous rcvd is 18125 
Packet(s) lost or reordered : 18646 was received, previous rcvd is 18566 
Packet(s) lost or reordered : 19117 was received, previous rcvd is 19049 
Packet(s) lost or reordered : 19496 was received, previous rcvd is 19494 
Packet(s) lost or reordered : 19504 was received, previous rcvd is 19496 
Packet(s) lost or reordered : 19590 was received, previous rcvd is 19529 
Packet(s) lost or reordered : 20064 was received, previous rcvd is 19967 
Packet(s) lost or reordered : 20540 was received, previous rcvd is 20468 
Packet(s) lost or reordered : 21018 was received, previous rcvd is 20944 
Packet(s) lost or reordered : 21498 was received, previous rcvd is 21422 
Packet(s) lost or reordered : 21980 was received, previous rcvd is 21875 
Packet(s) lost or reordered : 22464 was received, previous rcvd is 22384 
Packet(s) lost or reordered : 22950 was received, previous rcvd is 22868 
Packet(s) lost or reordered : 23438 was received, previous rcvd is 23339 
Packet(s) lost or reordered : 23928 was received, previous rcvd is 23829 
Packet(s) lost or reordered : 24420 was received, previous rcvd is 24319 
Packet(s) lost or reordered : 24913 was received, previous rcvd is 24811 
Packet(s) lost or reordered : 25408 was received, previous rcvd is 25332 
Packet(s) lost or reordered : 25905 was received, previous rcvd is 25799 
Packet(s) lost or reordered : 26404 was received, previous rcvd is 26296 
Packet(s) lost or reordered : 26905 was received, previous rcvd is 26795 
Packet(s) lost or reordered : 27408 was received, previous rcvd is 27324 
Packet(s) lost or reordered : 27913 was received, previous rcvd is 27811 
Packet(s) lost or reordered : 28420 was received, previous rcvd is 28289 
Packet(s) lost or reordered : 28929 was received, previous rcvd is 28825 
Packet(s) lost or reordered : 29440 was received, previous rcvd is 29334 
Packet(s) lost or reordered : 29953 was received, previous rcvd is 29845 
Packet(s) lost or reordered : 30468 was received, previous rcvd is 30329 
Packet(s) lost or reordered : 30985 was received, previous rcvd is 30873 
Packet(s) lost or reordered : 31504 was received, previous rcvd is 31390 
Packet(s) lost or reordered : 32025 was received, previous rcvd is 31909 
Packet(s) lost or reordered : 32548 was received, previous rcvd is 32412 
Packet(s) lost or reordered : 33073 was received, previous rcvd is 32967 
Packet(s) lost or reordered : 33460 was received, previous rcvd is 33432 
Packet(s) lost or reordered : 33600 was received, previous rcvd is 33489 
Packet(s) lost or reordered : 34129 was received, previous rcvd is 33989 
Packet(s) lost or reordered : 34660 was received, previous rcvd is 34518 
Packet(s) lost or reordered : 35193 was received, previous rcvd is 35079 
Packet(s) lost or reordered : 35728 was received, previous rcvd is 35582 
Packet(s) lost or reordered : 36265 was received, previous rcvd is 36117 
Packet(s) lost or reordered : 36804 was received, previous rcvd is 36654 
Packet(s) lost or reordered : 37345 was received, previous rcvd is 37236 
Packet(s) lost or reordered : 37889 was received, previous rcvd is 37716 
Packet(s) lost or reordered : 38434 was received, previous rcvd is 38291 
Packet(s) lost or reordered : 38981 was received, previous rcvd is 38836 
Packet(s) lost or reordered : 39530 was received, previous rcvd is 39383 
Packet(s) lost or reordered : 40081 was received, previous rcvd is 39932 
Packet(s) lost or reordered : 40634 was received, previous rcvd is 40452 
Packet(s) lost or reordered : 41189 was received, previous rcvd is 41036 
Packet(s) lost or reordered : 41714 was received, previous rcvd is 41591 
Packet(s) lost or reordered : 41746 was received, previous rcvd is 41744 
Packet(s) lost or reordered : 42305 was received, previous rcvd is 42117 
Packet(s) lost or reordered : 42866 was received, previous rcvd is 42676 
Packet(s) lost or reordered : 43429 was received, previous rcvd is 43307 
Packet(s) lost or reordered : 43994 was received, previous rcvd is 43802 
Packet(s) lost or reordered : 44561 was received, previous rcvd is 44411 
Packet(s) lost or reordered : 45130 was received, previous rcvd is 44944 
Packet(s) lost or reordered : 45701 was received, previous rcvd is 45544 
Packet(s) lost or reordered : 46274 was received, previous rcvd is 46085 
Packet(s) lost or reordered : 46849 was received, previous rcvd is 46658 
Packet(s) lost or reordered : 47426 was received, previous rcvd is 47246 
Packet(s) lost or reordered : 48005 was received, previous rcvd is 47821 
Packet(s) lost or reordered : 48468 was received, previous rcvd is 48400 
Packet(s) lost or reordered : 48587 was received, previous rcvd is 48500 
Packet(s) lost or reordered : 49171 was received, previous rcvd is 48982 
Packet(s) lost or reordered : 49757 was received, previous rcvd is 49566 
Packet(s) lost or reordered : 50345 was received, previous rcvd is 50152 
Packet(s) lost or reordered : 50904 was received, previous rcvd is 50707 
Packet(s) lost or reordered : 51527 was received, previous rcvd is 51332 
Packet(s) lost or reordered : 52121 was received, previous rcvd is 51922 
Packet(s) lost or reordered : 52717 was received, previous rcvd is 52527 
Packet(s) lost or reordered : 53315 was received, previous rcvd is 53090 
Packet(s) lost or reordered : 53916 was received, previous rcvd is 53756 
Packet(s) lost or reordered : 54519 was received, previous rcvd is 54289 
Packet(s) lost or reordered : 55124 was received, previous rcvd is 54926 
Packet(s) lost or reordered : 55731 was received, previous rcvd is 55531 
Packet(s) lost or reordered : 56341 was received, previous rcvd is 56104 
Packet(s) lost or reordered : 56739 was received, previous rcvd is 56714 
Packet(s) lost or reordered : 56952 was received, previous rcvd is 56772 
Packet(s) lost or reordered : 57566 was received, previous rcvd is 57370 
Packet(s) lost or reordered : 58182 was received, previous rcvd is 57950 
Packet(s) lost or reordered : 58800 was received, previous rcvd is 58601 
Packet(s) lost or reordered : 59420 was received, previous rcvd is 59184 
Packet(s) lost or reordered : 60042 was received, previous rcvd is 59804 
Packet(s) lost or reordered : 60666 was received, previous rcvd is 60461 
Packet(s) lost or reordered : 61292 was received, previous rcvd is 61050 
Packet(s) lost or reordered : 61921 was received, previous rcvd is 61676 
Packet(s) lost or reordered : 62552 was received, previous rcvd is 62340 
Packet(s) lost or reordered : 63185 was received, previous rcvd is 62947 
Packet(s) lost or reordered : 63796 was received, previous rcvd is 63544 
Packet(s) lost or reordered : 63800 was received, previous rcvd is 63797 
Packet(s) lost or reordered : 63810 was received, previous rcvd is 63802 
Packet(s) lost or reordered : 64457 was received, previous rcvd is 64236 
Packet(s) lost or reordered : 65096 was received, previous rcvd is 64852 
Packet(s) lost or reordered :   202 was received, previous rcvd is 65483 
Packet(s) lost or reordered :   846 was received, previous rcvd is   591 
Packet(s) lost or reordered :  1492 was received, previous rcvd is  1235 
Packet(s) lost or reordered :  2140 was received, previous rcvd is  1926 
Packet(s) lost or reordered :  4291 was received, previous rcvd is  4289 
Packet(s) lost or reordered : 19326 was received, previous rcvd is 19324 
Packet(s) lost or reordered : 38253 was received, previous rcvd is 38251 
Packet(s) lost or reordered : 20963 was received, previous rcvd is 20961 
