socket set to IP_RECVTOS
socket SO_RCVBUF set to 20971520
Listen on port 8080 to receive RTP from sender 
.
.
Packet(s) lost or reordered : 14129 was received, previous rcvd is 14101 
Packet(s) lost or reordered : 14581 was received, previous rcvd is 14517 
Packet(s) lost or reordered : 15035 was received, previous rcvd is 14970 
Packet(s) lost or reordered : 15491 was received, previous rcvd is 15450 
Packet(s) lost or reordered : 15949 was received, previous rcvd is 15880 
Packet(s) lost or reordered : 16393 was received, previous rcvd is 16338 
Packet(s) lost or reordered : 16871 was received, previous rcvd is 16808 
Packet(s) lost or reordered : 17334 was received, previous rcvd is 17234 
Packet(s) lost or reordered : 17799 was received, previous rcvd is 17775 
Packet(s) lost or reordered : 18266 was received, previous rcvd is 18188 
Packet(s) lost or reordered : 18735 was received, previous rcvd is 18655 
Packet(s) lost or reordered : 19206 was received, previous rcvd is 19137 
Packet(s) lost or reordered : 19679 was received, previous rcvd is 19610 
Packet(s) lost or reordered : 20153 was received, previous rcvd is 20083 
Packet(s) lost or reordered : 20629 was received, previous rcvd is 20557 
Packet(s) lost or reordered : 21107 was received, previous rcvd is 21006 
Packet(s) lost or reordered : 21587 was received, previous rcvd is 21484 
Packet(s) lost or reordered : 22068 was received, previous rcvd is 21991 
Packet(s) lost or reordered : 22551 was received, previous rcvd is 22499 
Packet(s) lost or reordered : 23036 was received, previous rcvd is 22928 
Packet(s) lost or reordered : 23523 was received, previous rcvd is 23440 
Packet(s) lost or reordered : 24012 was received, previous rcvd is 23912 
Packet(s) lost or reordered : 24503 was received, previous rcvd is 24431 
Packet(s) lost or reordered : 24996 was received, previous rcvd is 24894 
Packet(s) lost or reordered : 25491 was received, previous rcvd is 25359 
Packet(s) lost or reordered : 25987 was received, previous rcvd is 25910 
Packet(s) lost or reordered : 26485 was received, previous rcvd is 26378 
Packet(s) lost or reordered : 26927 was received, previous rcvd is 26876 
Packet(s) lost or reordered : 26929 was received, previous rcvd is 26927 
Packet(s) lost or reordered : 26985 was received, previous rcvd is 26955 
Packet(s) lost or reordered : 27392 was received, previous rcvd is 27351 
Packet(s) lost or reordered : 27488 was received, previous rcvd is 27422 
Packet(s) lost or reordered : 27993 was received, previous rcvd is 27890 
Packet(s) lost or reordered : 28499 was received, previous rcvd is 28364 
Packet(s) lost or reordered : 29007 was received, previous rcvd is 28905 
Packet(s) lost or reordered : 29517 was received, previous rcvd is 29412 
Packet(s) lost or reordered : 30029 was received, previous rcvd is 29922 
Packet(s) lost or reordered : 30544 was received, previous rcvd is 30429 
Packet(s) lost or reordered : 30983 was received, previous rcvd is 30915 
Packet(s) lost or reordered : 31060 was received, previous rcvd is 31013 
Packet(s) lost or reordered : 31578 was received, previous rcvd is 31438 
Packet(s) lost or reordered : 32098 was received, previous rcvd is 31983 
Packet(s) lost or reordered : 32621 was received, previous rcvd is 32503 
Packet(s) lost or reordered : 33146 was received, previous rcvd is 33009 
Packet(s) lost or reordered : 33672 was received, previous rcvd is 33565 
Packet(s) lost or reordered : 34129 was received, previous rcvd is 34031 
Packet(s) lost or reordered : 34200 was received, previous rcvd is 34158 
Packet(s) lost or reordered : 34730 was received, previous rcvd is 34589 
Packet(s) lost or reordered : 35262 was received, previous rcvd is 35119 
Packet(s) lost or reordered : 35797 was received, previous rcvd is 35681 
Packet(s) lost or reordered : 36334 was received, previous rcvd is 36186 
Packet(s) lost or reordered : 36873 was received, previous rcvd is 36723 
Packet(s) lost or reordered : 37414 was received, previous rcvd is 37262 
Packet(s) lost or reordered : 37957 was received, previous rcvd is 37846 
Packet(s) lost or reordered : 38502 was received, previous rcvd is 38328 
Packet(s) lost or reordered : 39049 was received, previous rcvd is 38904 
Packet(s) lost or reordered : 39598 was received, previous rcvd is 39451 
Packet(s) lost or reordered : 40149 was received, previous rcvd is 40000 
Packet(s) lost or reordered : 40702 was received, previous rcvd is 40520 
Packet(s) lost or reordered : 41185 was received, previous rcvd is 41104 
Packet(s) lost or reordered : 41257 was received, previous rcvd is 41215 
Packet(s) lost or reordered : 41814 was received, previous rcvd is 41628 
Packet(s) lost or reordered : 42373 was received, previous rcvd is 42227 
Packet(s) lost or reordered : 42934 was received, previous rcvd is 42756 
Packet(s) lost or reordered : 43497 was received, previous rcvd is 43349 
Packet(s) lost or reordered : 44062 was received, previous rcvd is 43880 
Packet(s) lost or reordered : 44629 was received, previous rcvd is 44477 
Packet(s) lost or reordered : 45198 was received, previous rcvd is 45012 
Packet(s) lost or reordered : 45769 was received, previous rcvd is 45613 
Packet(s) lost or reordered : 46343 was received, previous rcvd is 46152 
Packet(s) lost or reordered : 46919 was received, previous rcvd is 46726 
Packet(s) lost or reordered : 47497 was received, previous rcvd is 47313 
Packet(s) lost or reordered : 48077 was received, previous rcvd is 47925 
Packet(s) lost or reordered : 48659 was received, previous rcvd is 48472 
Packet(s) lost or reordered : 49243 was received, previous rcvd is 49054 
Packet(s) lost or reordered : 49829 was received, previous rcvd is 49638 
Packet(s) lost or reordered : 50417 was received, previous rcvd is 50224 
Packet(s) lost or reordered : 51007 was received, previous rcvd is 50812 
Packet(s) lost or reordered : 51599 was received, previous rcvd is 51402 
Packet(s) lost or reordered : 52194 was received, previous rcvd is 51994 
Packet(s) lost or reordered : 52791 was received, previous rcvd is 52600 
Packet(s) lost or reordered : 53390 was received, previous rcvd is 53198 
Packet(s) lost or reordered : 53991 was received, previous rcvd is 53793 
Packet(s) lost or reordered : 54594 was received, previous rcvd is 54360 
Packet(s) lost or reordered : 55199 was received, previous rcvd is 55000 
Packet(s) lost or reordered : 55807 was received, previous rcvd is 55608 
Packet(s) lost or reordered : 56417 was received, previous rcvd is 56180 
Packet(s) lost or reordered : 57029 was received, previous rcvd is 56857 
Packet(s) lost or reordered : 57643 was received, previous rcvd is 57398 
Packet(s) lost or reordered : 58260 was received, previous rcvd is 58049 
Packet(s) lost or reordered : 58693 was received, previous rcvd is 58646 
Packet(s) lost or reordered : 58879 was received, previous rcvd is 58727 
Packet(s) lost or reordered : 59500 was received, previous rcvd is 59228 
Packet(s) lost or reordered : 60123 was received, previous rcvd is 59919 
Packet(s) lost or reordered : 60749 was received, previous rcvd is 60507 
Packet(s) lost or reordered : 61377 was received, previous rcvd is 61168 
Packet(s) lost or reordered : 62007 was received, previous rcvd is 61761 
Packet(s) lost or reordered : 62640 was received, previous rcvd is 62400 
Packet(s) lost or reordered : 63274 was received, previous rcvd is 63035 
Packet(s) lost or reordered : 63911 was received, previous rcvd is 63705 
Packet(s) lost or reordered : 64550 was received, previous rcvd is 64306 
Packet(s) lost or reordered : 65191 was received, previous rcvd is 64945 
Packet(s) lost or reordered :    84 was received, previous rcvd is    14 
Packet(s) lost or reordered :   298 was received, previous rcvd is   119 
Packet(s) lost or reordered :   943 was received, previous rcvd is   693 
Packet(s) lost or reordered :  1591 was received, previous rcvd is  1338 
Packet(s) lost or reordered :  2095 was received, previous rcvd is  1959 
Packet(s) lost or reordered :  2241 was received, previous rcvd is  2131 
Packet(s) lost or reordered :  8641 was received, previous rcvd is  8606 
Packet(s) lost or reordered :  9098 was received, previous rcvd is  9004 
Packet(s) lost or reordered :  9555 was received, previous rcvd is  9539 
Packet(s) lost or reordered : 10012 was received, previous rcvd is  9944 
Packet(s) lost or reordered : 10469 was received, previous rcvd is 10401 
Packet(s) lost or reordered : 10926 was received, previous rcvd is 10858 
Packet(s) lost or reordered : 11383 was received, previous rcvd is 11341 
Packet(s) lost or reordered : 11788 was received, previous rcvd is 11772 
Packet(s) lost or reordered : 11840 was received, previous rcvd is 11813 
Packet(s) lost or reordered : 12297 was received, previous rcvd is 12229 
Packet(s) lost or reordered : 12755 was received, previous rcvd is 12686 
Packet(s) lost or reordered : 13213 was received, previous rcvd is 13144 
Packet(s) lost or reordered : 13671 was received, previous rcvd is 13602 
Packet(s) lost or reordered : 14129 was received, previous rcvd is 14086 
Packet(s) lost or reordered : 14587 was received, previous rcvd is 14518 
Packet(s) lost or reordered : 15045 was received, previous rcvd is 15002 
Packet(s) lost or reordered : 15503 was received, previous rcvd is 15434 
Packet(s) lost or reordered : 15961 was received, previous rcvd is 15892 
Packet(s) lost or reordered : 16419 was received, previous rcvd is 16350 
Packet(s) lost or reordered : 16877 was received, previous rcvd is 16834 
Packet(s) lost or reordered : 17335 was received, previous rcvd is 17266 
Packet(s) lost or reordered : 17793 was received, previous rcvd is 17750 
Packet(s) lost or reordered : 18252 was received, previous rcvd is 18182 
Packet(s) lost or reordered : 18711 was received, previous rcvd is 18641 
Packet(s) lost or reordered : 19170 was received, previous rcvd is 19100 
Packet(s) lost or reordered : 19629 was received, previous rcvd is 19585 
Packet(s) lost or reordered : 20088 was received, previous rcvd is 20031 
Packet(s) lost or reordered : 20547 was received, previous rcvd is 20493 
Packet(s) lost or reordered : 21006 was received, previous rcvd is 20923 
Packet(s) lost or reordered : 21465 was received, previous rcvd is 21401 
Packet(s) lost or reordered : 21924 was received, previous rcvd is 21880 
Packet(s) lost or reordered : 22383 was received, previous rcvd is 22323 
Packet(s) lost or reordered : 22842 was received, previous rcvd is 22788 
Packet(s) lost or reordered : 23302 was received, previous rcvd is 23218 
Packet(s) lost or reordered : 23762 was received, previous rcvd is 23697 
Packet(s) lost or reordered : 24222 was received, previous rcvd is 24177 
Packet(s) lost or reordered : 24682 was received, previous rcvd is 24611 
Packet(s) lost or reordered : 25142 was received, previous rcvd is 25071 
Packet(s) lost or reordered : 25602 was received, previous rcvd is 25557 
Packet(s) lost or reordered : 26062 was received, previous rcvd is 25991 
Packet(s) lost or reordered : 26522 was received, previous rcvd is 26451 
Packet(s) lost or reordered : 26982 was received, previous rcvd is 26937 
Packet(s) lost or reordered : 27443 was received, previous rcvd is 27371 
Packet(s) lost or reordered : 27904 was received, previous rcvd is 27832 
Packet(s) lost or reordered : 28365 was received, previous rcvd is 28319 
Packet(s) lost or reordered : 28826 was received, previous rcvd is 28754 
Packet(s) lost or reordered : 29287 was received, previous rcvd is 29215 
Packet(s) lost or reordered : 29749 was received, previous rcvd is 29702 
Packet(s) lost or reordered : 30210 was received, previous rcvd is 30138 
Packet(s) lost or reordered : 30672 was received, previous rcvd is 30599 
Packet(s) lost or reordered : 31134 was received, previous rcvd is 31087 
Packet(s) lost or reordered : 31596 was received, previous rcvd is 31523 
Packet(s) lost or reordered : 32058 was received, previous rcvd is 31985 
Packet(s) lost or reordered : 32520 was received, previous rcvd is 32473 
Packet(s) lost or reordered : 32982 was received, previous rcvd is 32909 
Packet(s) lost or reordered : 33445 was received, previous rcvd is 33371 
Packet(s) lost or reordered : 33908 was received, previous rcvd is 33860 
Packet(s) lost or reordered : 34371 was received, previous rcvd is 34297 
Packet(s) lost or reordered : 34834 was received, previous rcvd is 34760 
Packet(s) lost or reordered : 35297 was received, previous rcvd is 35223 
Packet(s) lost or reordered : 35760 was received, previous rcvd is 35712 
Packet(s) lost or reordered : 36224 was received, previous rcvd is 36175 
Packet(s) lost or reordered : 36597 was received, previous rcvd is 36587 
Packet(s) lost or reordered : 36604 was received, previous rcvd is 36601 
Packet(s) lost or reordered : 36647 was received, previous rcvd is 36604 
Packet(s) lost or reordered : 36681 was received, previous rcvd is 36647 
Packet(s) lost or reordered : 37152 was received, previous rcvd is 37089 
Packet(s) lost or reordered : 37616 was received, previous rcvd is 37567 
Packet(s) lost or reordered : 38080 was received, previous rcvd is 38005 
Packet(s) lost or reordered : 38544 was received, previous rcvd is 38469 
Packet(s) lost or reordered : 39009 was received, previous rcvd is 38959 
Packet(s) lost or reordered : 39474 was received, previous rcvd is 39398 
Packet(s) lost or reordered : 39939 was received, previous rcvd is 39863 
Packet(s) lost or reordered : 40404 was received, previous rcvd is 40354 
Packet(s) lost or reordered : 40869 was received, previous rcvd is 40793 
Packet(s) lost or reordered : 41335 was received, previous rcvd is 41258 
Packet(s) lost or reordered : 41801 was received, previous rcvd is 41724 
Packet(s) lost or reordered : 42267 was received, previous rcvd is 42216 
Packet(s) lost or reordered : 42733 was received, previous rcvd is 42656 
Packet(s) lost or reordered : 43199 was received, previous rcvd is 43122 
Packet(s) lost or reordered : 43666 was received, previous rcvd is 43602 
Packet(s) lost or reordered : 44133 was received, previous rcvd is 44070 
Packet(s) lost or reordered : 44600 was received, previous rcvd is 44537 
Packet(s) lost or reordered : 45068 was received, previous rcvd is 45004 
Packet(s) lost or reordered : 45536 was received, previous rcvd is 45445 
Packet(s) lost or reordered : 46004 was received, previous rcvd is 45940 
Packet(s) lost or reordered : 46472 was received, previous rcvd is 46408 
Packet(s) lost or reordered : 46940 was received, previous rcvd is 46876 
Packet(s) lost or reordered : 47408 was received, previous rcvd is 47317 
Packet(s) lost or reordered : 47877 was received, previous rcvd is 47812 
Packet(s) lost or reordered : 48346 was received, previous rcvd is 48281 
Packet(s) lost or reordered : 48815 was received, previous rcvd is 48723 
Packet(s) lost or reordered : 49285 was received, previous rcvd is 49246 
Packet(s) lost or reordered : 49755 was received, previous rcvd is 49662 
Packet(s) lost or reordered : 50225 was received, previous rcvd is 50159 
Packet(s) lost or reordered : 50695 was received, previous rcvd is 50629 
Packet(s) lost or reordered : 51166 was received, previous rcvd is 51099 
Packet(s) lost or reordered : 51637 was received, previous rcvd is 51543 
Packet(s) lost or reordered : 52108 was received, previous rcvd is 52041 
Packet(s) lost or reordered : 52579 was received, previous rcvd is 52512 
Packet(s) lost or reordered : 53051 was received, previous rcvd is 52956 
Packet(s) lost or reordered : 53523 was received, previous rcvd is 53455 
Packet(s) lost or reordered : 53995 was received, previous rcvd is 53927 
Packet(s) lost or reordered : 54467 was received, previous rcvd is 54399 
Packet(s) lost or reordered : 54940 was received, previous rcvd is 54871 
Packet(s) lost or reordered : 55413 was received, previous rcvd is 55317 
Packet(s) lost or reordered : 55886 was received, previous rcvd is 55817 
Packet(s) lost or reordered : 56359 was received, previous rcvd is 56287 
Packet(s) lost or reordered : 56833 was received, previous rcvd is 56735 
Packet(s) lost or reordered : 57307 was received, previous rcvd is 57267 
Packet(s) lost or reordered : 57781 was received, previous rcvd is 57686 
Packet(s) lost or reordered : 58255 was received, previous rcvd is 58185 
Packet(s) lost or reordered : 58730 was received, previous rcvd is 58659 
Packet(s) lost or reordered : 59205 was received, previous rcvd is 59132 
Packet(s) lost or reordered : 59680 was received, previous rcvd is 59581 
Packet(s) lost or reordered : 60156 was received, previous rcvd is 60088 
Packet(s) lost or reordered : 60632 was received, previous rcvd is 60533 
Packet(s) lost or reordered : 61108 was received, previous rcvd is 61036 
Packet(s) lost or reordered : 61585 was received, previous rcvd is 61539 
Packet(s) lost or reordered : 62062 was received, previous rcvd is 61962 
Packet(s) lost or reordered : 62539 was received, previous rcvd is 62466 
Packet(s) lost or reordered : 63016 was received, previous rcvd is 62916 
Packet(s) lost or reordered : 63494 was received, previous rcvd is 63447 
Packet(s) lost or reordered : 63972 was received, previous rcvd is 63898 
Packet(s) lost or reordered : 64450 was received, previous rcvd is 64349 
Packet(s) lost or reordered : 64929 was received, previous rcvd is 64827 
Packet(s) lost or reordered : 65408 was received, previous rcvd is 65333 
Packet(s) lost or reordered :   352 was received, previous rcvd is   303 
Packet(s) lost or reordered :   832 was received, previous rcvd is   729 
Packet(s) lost or reordered :  1312 was received, previous rcvd is  1209 
Packet(s) lost or reordered :  1792 was received, previous rcvd is  1716 
Packet(s) lost or reordered :  2273 was received, previous rcvd is  2196 
Packet(s) lost or reordered :  2754 was received, previous rcvd is  2677 
Packet(s) lost or reordered :  3236 was received, previous rcvd is  3131 
Packet(s) lost or reordered :  3718 was received, previous rcvd is  3667 
Packet(s) lost or reordered :  4200 was received, previous rcvd is  4095 
Packet(s) lost or reordered :  4682 was received, previous rcvd is  4631 
Packet(s) lost or reordered :  5165 was received, previous rcvd is  5032 
Packet(s) lost or reordered :  5648 was received, previous rcvd is  5569 
Packet(s) lost or reordered :  6131 was received, previous rcvd is  6052 
Packet(s) lost or reordered :  6551 was received, previous rcvd is  6535 
Packet(s) lost or reordered :  6615 was received, previous rcvd is  6577 
Packet(s) lost or reordered :  7099 was received, previous rcvd is  6992 
Packet(s) lost or reordered :  7583 was received, previous rcvd is  7476 
Packet(s) lost or reordered :  8068 was received, previous rcvd is  8014 
Packet(s) lost or reordered :  8553 was received, previous rcvd is  8472 
Packet(s) lost or reordered :  9039 was received, previous rcvd is  8930 
Packet(s) lost or reordered :  9525 was received, previous rcvd is  9429 
Packet(s) lost or reordered : 10011 was received, previous rcvd is  9916 
Packet(s) lost or reordered : 10498 was received, previous rcvd is 10402 
Packet(s) lost or reordered : 10985 was received, previous rcvd is 10917 
Packet(s) lost or reordered : 11472 was received, previous rcvd is 11376 
Packet(s) lost or reordered : 11960 was received, previous rcvd is 11863 
Packet(s) lost or reordered : 12448 was received, previous rcvd is 12379 
Packet(s) lost or reordered : 12936 was received, previous rcvd is 12839 
Packet(s) lost or reordered : 13425 was received, previous rcvd is 13327 
Packet(s) lost or reordered : 13914 was received, previous rcvd is 13810 
Packet(s) lost or reordered : 14403 was received, previous rcvd is 14333 
Packet(s) lost or reordered : 14893 was received, previous rcvd is 14792 
Packet(s) lost or reordered : 15383 was received, previous rcvd is 15288 
Packet(s) lost or reordered : 15874 was received, previous rcvd is 15774 
Packet(s) lost or reordered : 16365 was received, previous rcvd is 16293 
Packet(s) lost or reordered : 16856 was received, previous rcvd is 16750 
Packet(s) lost or reordered : 17348 was received, previous rcvd is 17275 
Packet(s) lost or reordered : 17840 was received, previous rcvd is 17713 
Packet(s) lost or reordered : 18332 was received, previous rcvd is 18259 
Packet(s) lost or reordered : 18825 was received, previous rcvd is 18751 
Packet(s) lost or reordered : 19319 was received, previous rcvd is 19216 
Packet(s) lost or reordered : 19813 was received, previous rcvd is 19682 
Packet(s) lost or reordered : 20307 was received, previous rcvd is 20232 
Packet(s) lost or reordered : 20802 was received, previous rcvd is 20698 
Packet(s) lost or reordered : 21297 was received, previous rcvd is 21193 
Packet(s) lost or reordered : 21792 was received, previous rcvd is 21688 
Packet(s) lost or reordered : 22288 was received, previous rcvd is 22211 
Packet(s) lost or reordered : 22784 was received, previous rcvd is 22679 
Packet(s) lost or reordered : 23281 was received, previous rcvd is 23203 
Packet(s) lost or reordered : 23778 was received, previous rcvd is 23672 
Packet(s) lost or reordered : 24262 was received, previous rcvd is 24141 
Packet(s) lost or reordered : 24766 was received, previous rcvd is 24681 
Packet(s) lost or reordered : 24769 was received, previous rcvd is 24766 
Packet(s) lost or reordered : 24772 was received, previous rcvd is 24769 
Packet(s) lost or reordered : 25271 was received, previous rcvd is 25161 
Packet(s) lost or reordered : 25770 was received, previous rcvd is 25662 
Packet(s) lost or reordered : 26269 was received, previous rcvd is 26189 
Packet(s) lost or reordered : 26769 was received, previous rcvd is 26660 
Packet(s) lost or reordered : 27269 was received, previous rcvd is 27160 
Packet(s) lost or reordered : 27769 was received, previous rcvd is 27660 
Packet(s) lost or reordered : 28270 was received, previous rcvd is 28160 
Packet(s) lost or reordered : 28771 was received, previous rcvd is 28689 
Packet(s) lost or reordered : 29273 was received, previous rcvd is 29190 
Packet(s) lost or reordered : 29775 was received, previous rcvd is 29664 
Packet(s) lost or reordered : 30278 was received, previous rcvd is 30138 
Packet(s) lost or reordered : 30781 was received, previous rcvd is 30697 
Packet(s) lost or reordered : 31284 was received, previous rcvd is 31172 
Packet(s) lost or reordered : 31788 was received, previous rcvd is 31687 
Packet(s) lost or reordered : 32292 was received, previous rcvd is 32193 
Packet(s) lost or reordered : 32797 was received, previous rcvd is 32697 
Packet(s) lost or reordered : 33302 was received, previous rcvd is 33202 
Packet(s) lost or reordered : 33808 was received, previous rcvd is 33678 
Packet(s) lost or reordered : 34314 was received, previous rcvd is 34213 
Packet(s) lost or reordered : 34820 was received, previous rcvd is 34719 
Packet(s) lost or reordered : 35327 was received, previous rcvd is 35225 
Packet(s) lost or reordered : 35834 was received, previous rcvd is 35703 
Packet(s) lost or reordered : 36304 was received, previous rcvd is 36210 
Packet(s) lost or reordered : 36339 was received, previous rcvd is 36319 
Packet(s) lost or reordered : 36850 was received, previous rcvd is 36757 
Packet(s) lost or reordered : 37359 was received, previous rcvd is 37226 
Packet(s) lost or reordered : 37868 was received, previous rcvd is 37764 
Packet(s) lost or reordered : 38378 was received, previous rcvd is 38244 
Packet(s) lost or reordered : 38889 was received, previous rcvd is 38812 
Packet(s) lost or reordered : 39400 was received, previous rcvd is 39265 
Packet(s) lost or reordered : 39912 was received, previous rcvd is 39805 
Packet(s) lost or reordered : 40424 was received, previous rcvd is 40317 
Packet(s) lost or reordered : 40936 was received, previous rcvd is 40829 
Packet(s) lost or reordered : 41449 was received, previous rcvd is 41312 
Packet(s) lost or reordered : 41962 was received, previous rcvd is 41854 
Packet(s) lost or reordered : 42476 was received, previous rcvd is 42338 
Packet(s) lost or reordered : 42991 was received, previous rcvd is 42885 
Packet(s) lost or reordered : 43506 was received, previous rcvd is 43406 
Packet(s) lost or reordered : 44021 was received, previous rcvd is 43889 
Packet(s) lost or reordered : 44537 was received, previous rcvd is 44432 
Packet(s) lost or reordered : 45053 was received, previous rcvd is 44942 
Packet(s) lost or reordered : 45570 was received, previous rcvd is 45431 
Packet(s) lost or reordered : 46088 was received, previous rcvd is 45985 
Packet(s) lost or reordered : 46606 was received, previous rcvd is 46471 
Packet(s) lost or reordered : 47125 was received, previous rcvd is 47013 
Packet(s) lost or reordered : 47644 was received, previous rcvd is 47501 
Packet(s) lost or reordered : 48164 was received, previous rcvd is 48078 
Packet(s) lost or reordered : 48684 was received, previous rcvd is 48540 
Packet(s) lost or reordered : 49205 was received, previous rcvd is 49089 
Packet(s) lost or reordered : 49726 was received, previous rcvd is 49610 
Packet(s) lost or reordered : 50248 was received, previous rcvd is 50102 
Packet(s) lost or reordered : 50770 was received, previous rcvd is 50666 
Packet(s) lost or reordered : 51293 was received, previous rcvd is 51159 
Packet(s) lost or reordered : 51816 was received, previous rcvd is 51682 
Packet(s) lost or reordered : 52340 was received, previous rcvd is 52235 
Packet(s) lost or reordered : 52865 was received, previous rcvd is 52729 
Packet(s) lost or reordered : 53390 was received, previous rcvd is 53254 
Packet(s) lost or reordered : 53915 was received, previous rcvd is 53779 
Packet(s) lost or reordered : 54442 was received, previous rcvd is 54334 
Packet(s) lost or reordered : 54969 was received, previous rcvd is 54831 
Packet(s) lost or reordered : 55496 was received, previous rcvd is 55388 
Packet(s) lost or reordered : 56024 was received, previous rcvd is 55885 
Packet(s) lost or reordered : 56552 was received, previous rcvd is 56413 
Packet(s) lost or reordered : 57081 was received, previous rcvd is 56941 
Packet(s) lost or reordered : 57610 was received, previous rcvd is 57500 
Packet(s) lost or reordered : 58140 was received, previous rcvd is 57999 
Packet(s) lost or reordered : 58670 was received, previous rcvd is 58529 
Packet(s) lost or reordered : 59201 was received, previous rcvd is 59059 
Packet(s) lost or reordered : 59733 was received, previous rcvd is 59620 
Packet(s) lost or reordered : 60265 was received, previous rcvd is 60122 
Packet(s) lost or reordered : 60798 was received, previous rcvd is 60654 
Packet(s) lost or reordered : 61331 was received, previous rcvd is 61217 
Packet(s) lost or reordered : 61865 was received, previous rcvd is 61720 
Packet(s) lost or reordered : 62400 was received, previous rcvd is 62254 
Packet(s) lost or reordered : 62935 was received, previous rcvd is 62819 
Packet(s) lost or reordered : 63471 was received, previous rcvd is 63324 
Packet(s) lost or reordered : 64008 was received, previous rcvd is 63860 
Packet(s) lost or reordered : 64545 was received, previous rcvd is 64397 
Packet(s) lost or reordered : 65083 was received, previous rcvd is 64964 
Packet(s) lost or reordered :    85 was received, previous rcvd is 65472 
Packet(s) lost or reordered :   624 was received, previous rcvd is   474 
Packet(s) lost or reordered :  1163 was received, previous rcvd is  1043 
Packet(s) lost or reordered :  1703 was received, previous rcvd is  1564 
Packet(s) lost or reordered :  2244 was received, previous rcvd is  2074 
Packet(s) lost or reordered :  2785 was received, previous rcvd is  2646 
Packet(s) lost or reordered :  3327 was received, previous rcvd is  3187 
Packet(s) lost or reordered :  3870 was received, previous rcvd is  3729 
Packet(s) lost or reordered :  4413 was received, previous rcvd is  4272 
Packet(s) lost or reordered : 18697 was received, previous rcvd is 18695 
Packet(s) lost or reordered : 64677 was received, previous rcvd is 64675 
