socket set to IP_RECVTOS
socket SO_RCVBUF set to 20971520
Listen on port 8080 to receive RTP from sender 
.
.
Packet(s) lost or reordered : 14367 was received, previous rcvd is 14305 
Packet(s) lost or reordered : 14821 was received, previous rcvd is 14756 
Packet(s) lost or reordered : 15276 was received, previous rcvd is 15210 
Packet(s) lost or reordered : 15733 was received, previous rcvd is 15691 
Packet(s) lost or reordered : 16191 was received, previous rcvd is 16122 
Packet(s) lost or reordered : 16651 was received, previous rcvd is 16606 
Packet(s) lost or reordered : 17113 was received, previous rcvd is 17040 
Packet(s) lost or reordered : 17577 was received, previous rcvd is 17528 
Packet(s) lost or reordered : 18043 was received, previous rcvd is 17966 
Packet(s) lost or reordered : 18511 was received, previous rcvd is 18432 
Packet(s) lost or reordered : 18981 was received, previous rcvd is 18913 
Packet(s) lost or reordered : 19452 was received, previous rcvd is 19385 
Packet(s) lost or reordered : 19926 was received, previous rcvd is 19829 
Packet(s) lost or reordered : 20401 was received, previous rcvd is 20330 
Packet(s) lost or reordered : 20878 was received, previous rcvd is 20805 
Packet(s) lost or reordered : 21357 was received, previous rcvd is 21282 
Packet(s) lost or reordered : 21838 was received, previous rcvd is 21734 
Packet(s) lost or reordered : 22321 was received, previous rcvd is 22242 
Packet(s) lost or reordered : 22806 was received, previous rcvd is 22725 
Packet(s) lost or reordered : 23292 was received, previous rcvd is 23210 
Packet(s) lost or reordered : 23780 was received, previous rcvd is 23681 
Packet(s) lost or reordered : 24270 was received, previous rcvd is 24171 
Packet(s) lost or reordered : 24762 was received, previous rcvd is 24689 
Packet(s) lost or reordered : 25257 was received, previous rcvd is 25153 
Packet(s) lost or reordered : 25753 was received, previous rcvd is 25648 
Packet(s) lost or reordered : 26251 was received, previous rcvd is 26144 
Packet(s) lost or reordered : 26751 was received, previous rcvd is 26670 
Packet(s) lost or reordered : 27253 was received, previous rcvd is 27119 
Packet(s) lost or reordered : 27757 was received, previous rcvd is 27686 
Packet(s) lost or reordered : 28263 was received, previous rcvd is 28128 
Packet(s) lost or reordered : 28771 was received, previous rcvd is 28672 
Packet(s) lost or reordered : 29281 was received, previous rcvd is 29147 
Packet(s) lost or reordered : 29794 was received, previous rcvd is 29715 
Packet(s) lost or reordered : 30309 was received, previous rcvd is 30194 
Packet(s) lost or reordered : 30826 was received, previous rcvd is 30680 
Packet(s) lost or reordered : 31344 was received, previous rcvd is 31233 
Packet(s) lost or reordered : 31865 was received, previous rcvd is 31749 
Packet(s) lost or reordered : 32388 was received, previous rcvd is 32270 
Packet(s) lost or reordered : 32865 was received, previous rcvd is 32747 
Packet(s) lost or reordered : 32913 was received, previous rcvd is 32894 
Packet(s) lost or reordered : 33440 was received, previous rcvd is 33302 
Packet(s) lost or reordered : 33968 was received, previous rcvd is 33829 
Packet(s) lost or reordered : 34498 was received, previous rcvd is 34387 
Packet(s) lost or reordered : 35030 was received, previous rcvd is 34887 
Packet(s) lost or reordered : 35492 was received, previous rcvd is 35419 
Packet(s) lost or reordered : 35564 was received, previous rcvd is 35521 
Packet(s) lost or reordered : 36100 was received, previous rcvd is 35923 
Packet(s) lost or reordered : 36638 was received, previous rcvd is 36519 
Packet(s) lost or reordered : 37178 was received, previous rcvd is 37027 
Packet(s) lost or reordered : 37720 was received, previous rcvd is 37578 
Packet(s) lost or reordered : 38264 was received, previous rcvd is 38122 
Packet(s) lost or reordered : 38810 was received, previous rcvd is 38666 
Packet(s) lost or reordered : 39358 was received, previous rcvd is 39181 
Packet(s) lost or reordered : 39908 was received, previous rcvd is 39791 
Packet(s) lost or reordered : 40461 was received, previous rcvd is 40279 
Packet(s) lost or reordered : 41016 was received, previous rcvd is 40863 
Packet(s) lost or reordered : 41573 was received, previous rcvd is 41418 
Packet(s) lost or reordered : 42132 was received, previous rcvd is 41975 
Packet(s) lost or reordered : 42693 was received, previous rcvd is 42513 
Packet(s) lost or reordered : 43256 was received, previous rcvd is 43108 
Packet(s) lost or reordered : 43821 was received, previous rcvd is 43639 
Packet(s) lost or reordered : 44388 was received, previous rcvd is 44236 
Packet(s) lost or reordered : 44829 was received, previous rcvd is 44771 
Packet(s) lost or reordered : 44957 was received, previous rcvd is 44860 
Packet(s) lost or reordered : 45310 was received, previous rcvd is 45308 
Packet(s) lost or reordered : 45312 was received, previous rcvd is 45310 
Packet(s) lost or reordered : 45528 was received, previous rcvd is 45342 
Packet(s) lost or reordered : 46004 was received, previous rcvd is 45911 
Packet(s) lost or reordered : 46101 was received, previous rcvd is 46035 
Packet(s) lost or reordered : 46677 was received, previous rcvd is 46484 
Packet(s) lost or reordered : 47255 was received, previous rcvd is 47070 
Packet(s) lost or reordered : 47835 was received, previous rcvd is 47650 
Packet(s) lost or reordered : 48417 was received, previous rcvd is 48230 
Packet(s) lost or reordered : 49001 was received, previous rcvd is 48812 
Packet(s) lost or reordered : 49587 was received, previous rcvd is 49396 
Packet(s) lost or reordered : 50175 was received, previous rcvd is 49982 
Packet(s) lost or reordered : 50765 was received, previous rcvd is 50603 
Packet(s) lost or reordered : 51357 was received, previous rcvd is 51124 
Packet(s) lost or reordered : 51951 was received, previous rcvd is 51752 
Packet(s) lost or reordered : 52547 was received, previous rcvd is 52361 
Packet(s) lost or reordered : 53145 was received, previous rcvd is 52954 
Packet(s) lost or reordered : 53745 was received, previous rcvd is 53552 
Packet(s) lost or reordered : 54348 was received, previous rcvd is 54138 
Packet(s) lost or reordered : 54953 was received, previous rcvd is 54743 
Packet(s) lost or reordered : 55444 was received, previous rcvd is 55328 
Packet(s) lost or reordered : 55560 was received, previous rcvd is 55477 
Packet(s) lost or reordered : 56169 was received, previous rcvd is 55967 
Packet(s) lost or reordered : 56780 was received, previous rcvd is 56542 
Packet(s) lost or reordered : 57189 was received, previous rcvd is 57163 
Packet(s) lost or reordered : 57393 was received, previous rcvd is 57223 
Packet(s) lost or reordered : 58008 was received, previous rcvd is 57777 
Packet(s) lost or reordered : 58397 was received, previous rcvd is 58392 
Packet(s) lost or reordered : 58454 was received, previous rcvd is 58397 
Packet(s) lost or reordered : 58457 was received, previous rcvd is 58454 
Packet(s) lost or reordered : 58626 was received, previous rcvd is 58489 
Packet(s) lost or reordered : 59246 was received, previous rcvd is 59010 
Packet(s) lost or reordered : 59869 was received, previous rcvd is 59630 
Packet(s) lost or reordered : 60494 was received, previous rcvd is 60253 
Packet(s) lost or reordered : 61028 was received, previous rcvd is 60878 
Packet(s) lost or reordered : 61121 was received, previous rcvd is 61062 
Packet(s) lost or reordered : 61750 was received, previous rcvd is 61505 
Packet(s) lost or reordered : 62381 was received, previous rcvd is 62180 
Packet(s) lost or reordered : 63015 was received, previous rcvd is 62776 
Packet(s) lost or reordered : 63474 was received, previous rcvd is 63374 
Packet(s) lost or reordered : 63651 was received, previous rcvd is 63509 
Packet(s) lost or reordered : 64055 was received, previous rcvd is 64010 
Packet(s) lost or reordered : 64289 was received, previous rcvd is 64090 
Packet(s) lost or reordered : 64929 was received, previous rcvd is 64648 
Packet(s) lost or reordered : 65434 was received, previous rcvd is 65325 
Packet(s) lost or reordered :    35 was received, previous rcvd is 65468 
Packet(s) lost or reordered :   406 was received, previous rcvd is   404 
Packet(s) lost or reordered :   680 was received, previous rcvd is   430 
Packet(s) lost or reordered : 35255 was received, previous rcvd is 35253 
Packet(s) lost or reordered : 56857 was received, previous rcvd is 56855 
