socket set to IP_RECVTOS
socket SO_RCVBUF set to 20971520
Listen on port 8080 to receive RTP from sender 
.
.
Packet(s) lost or reordered : 13982 was received, previous rcvd is 13950 
Packet(s) lost or reordered : 14435 was received, previous rcvd is 14371 
Packet(s) lost or reordered : 14890 was received, previous rcvd is 14798 
Packet(s) lost or reordered : 15346 was received, previous rcvd is 15331 
Packet(s) lost or reordered : 15804 was received, previous rcvd is 15735 
Packet(s) lost or reordered : 16264 was received, previous rcvd is 16193 
Packet(s) lost or reordered : 16726 was received, previous rcvd is 16653 
Packet(s) lost or reordered : 17190 was received, previous rcvd is 17115 
Packet(s) lost or reordered : 17655 was received, previous rcvd is 17605 
Packet(s) lost or reordered : 18122 was received, previous rcvd is 18044 
Packet(s) lost or reordered : 18591 was received, previous rcvd is 18537 
Packet(s) lost or reordered : 19062 was received, previous rcvd is 18993 
Packet(s) lost or reordered : 19535 was received, previous rcvd is 19466 
Packet(s) lost or reordered : 20010 was received, previous rcvd is 19939 
Packet(s) lost or reordered : 20487 was received, previous rcvd is 20387 
Packet(s) lost or reordered : 20966 was received, previous rcvd is 20891 
Packet(s) lost or reordered : 21447 was received, previous rcvd is 21343 
Packet(s) lost or reordered : 21930 was received, previous rcvd is 21851 
Packet(s) lost or reordered : 22415 was received, previous rcvd is 22334 
Packet(s) lost or reordered : 22901 was received, previous rcvd is 22819 
Packet(s) lost or reordered : 23389 was received, previous rcvd is 23290 
Packet(s) lost or reordered : 23879 was received, previous rcvd is 23808 
Packet(s) lost or reordered : 24317 was received, previous rcvd is 24242 
Packet(s) lost or reordered : 24336 was received, previous rcvd is 24333 
Packet(s) lost or reordered : 24355 was received, previous rcvd is 24345 
Packet(s) lost or reordered : 24371 was received, previous rcvd is 24355 
Packet(s) lost or reordered : 24865 was received, previous rcvd is 24734 
Packet(s) lost or reordered : 25361 was received, previous rcvd is 25284 
Packet(s) lost or reordered : 25859 was received, previous rcvd is 25780 
Packet(s) lost or reordered : 26359 was received, previous rcvd is 26250 
Packet(s) lost or reordered : 26861 was received, previous rcvd is 26722 
Packet(s) lost or reordered : 27365 was received, previous rcvd is 27258 
Packet(s) lost or reordered : 27871 was received, previous rcvd is 27798 
Packet(s) lost or reordered : 28379 was received, previous rcvd is 28242 
Packet(s) lost or reordered : 28889 was received, previous rcvd is 28786 
Packet(s) lost or reordered : 29401 was received, previous rcvd is 29294 
Packet(s) lost or reordered : 29915 was received, previous rcvd is 29799 
Packet(s) lost or reordered : 30431 was received, previous rcvd is 30317 
Packet(s) lost or reordered : 30949 was received, previous rcvd is 30802 
Packet(s) lost or reordered : 31469 was received, previous rcvd is 31358 
Packet(s) lost or reordered : 31991 was received, previous rcvd is 31874 
Packet(s) lost or reordered : 32515 was received, previous rcvd is 32409 
Packet(s) lost or reordered : 33042 was received, previous rcvd is 32904 
Packet(s) lost or reordered : 33570 was received, previous rcvd is 33431 
Packet(s) lost or reordered : 34100 was received, previous rcvd is 33959 
Packet(s) lost or reordered : 34612 was received, previous rcvd is 34489 
Packet(s) lost or reordered : 35166 was received, previous rcvd is 35031 
Packet(s) lost or reordered : 35702 was received, previous rcvd is 35555 
Packet(s) lost or reordered : 36240 was received, previous rcvd is 36121 
Packet(s) lost or reordered : 36780 was received, previous rcvd is 36629 
Packet(s) lost or reordered : 37322 was received, previous rcvd is 37181 
Packet(s) lost or reordered : 37867 was received, previous rcvd is 37693 
Packet(s) lost or reordered : 38414 was received, previous rcvd is 38300 
Packet(s) lost or reordered : 38963 was received, previous rcvd is 38785 
Packet(s) lost or reordered : 39514 was received, previous rcvd is 39365 
Packet(s) lost or reordered : 40067 was received, previous rcvd is 39916 
Packet(s) lost or reordered : 40622 was received, previous rcvd is 40469 
Packet(s) lost or reordered : 41179 was received, previous rcvd is 41024 
Packet(s) lost or reordered : 41739 was received, previous rcvd is 41560 
Packet(s) lost or reordered : 42301 was received, previous rcvd is 42154 
Packet(s) lost or reordered : 42865 was received, previous rcvd is 42684 
Packet(s) lost or reordered : 43431 was received, previous rcvd is 43248 
Packet(s) lost or reordered : 43999 was received, previous rcvd is 43846 
Packet(s) lost or reordered : 44569 was received, previous rcvd is 44382 
Packet(s) lost or reordered : 45141 was received, previous rcvd is 44984 
Packet(s) lost or reordered : 45715 was received, previous rcvd is 45556 
Packet(s) lost or reordered : 46292 was received, previous rcvd is 46098 
Packet(s) lost or reordered : 46871 was received, previous rcvd is 46686 
Packet(s) lost or reordered : 47243 was received, previous rcvd is 47233 
Packet(s) lost or reordered : 47452 was received, previous rcvd is 47275 
Packet(s) lost or reordered : 48035 was received, previous rcvd is 47847 
Packet(s) lost or reordered : 48620 was received, previous rcvd is 48463 
Packet(s) lost or reordered : 49207 was received, previous rcvd is 49015 
Packet(s) lost or reordered : 49796 was received, previous rcvd is 49569 
Packet(s) lost or reordered : 50387 was received, previous rcvd is 50224 
Packet(s) lost or reordered : 50981 was received, previous rcvd is 50782 
Packet(s) lost or reordered : 51577 was received, previous rcvd is 51352 
Packet(s) lost or reordered : 52175 was received, previous rcvd is 51984 
Packet(s) lost or reordered : 52775 was received, previous rcvd is 52582 
Packet(s) lost or reordered : 53216 was received, previous rcvd is 53148 
Packet(s) lost or reordered : 53222 was received, previous rcvd is 53216 
Packet(s) lost or reordered : 53239 was received, previous rcvd is 53232 
Packet(s) lost or reordered : 53377 was received, previous rcvd is 53260 
Packet(s) lost or reordered : 53982 was received, previous rcvd is 53780 
Packet(s) lost or reordered : 54589 was received, previous rcvd is 54388 
Packet(s) lost or reordered : 55198 was received, previous rcvd is 54958 
Packet(s) lost or reordered : 55809 was received, previous rcvd is 55607 
Packet(s) lost or reordered : 56422 was received, previous rcvd is 56192 
Packet(s) lost or reordered : 57038 was received, previous rcvd is 56806 
Packet(s) lost or reordered : 57656 was received, previous rcvd is 57479 
Packet(s) lost or reordered : 58276 was received, previous rcvd is 58025 
Packet(s) lost or reordered : 58849 was received, previous rcvd is 58662 
Packet(s) lost or reordered : 58898 was received, previous rcvd is 58883 
Packet(s) lost or reordered : 59523 was received, previous rcvd is 59247 
Packet(s) lost or reordered : 60150 was received, previous rcvd is 59942 
Packet(s) lost or reordered : 60779 was received, previous rcvd is 60534 
Packet(s) lost or reordered : 61410 was received, previous rcvd is 61198 
Packet(s) lost or reordered : 62043 was received, previous rcvd is 61805 
Packet(s) lost or reordered : 62679 was received, previous rcvd is 62438 
Packet(s) lost or reordered : 63317 was received, previous rcvd is 63074 
Packet(s) lost or reordered : 63957 was received, previous rcvd is 63712 
Packet(s) lost or reordered : 64599 was received, previous rcvd is 64352 
Packet(s) lost or reordered : 65119 was received, previous rcvd is 64994 
Packet(s) lost or reordered : 65124 was received, previous rcvd is 65121 
Packet(s) lost or reordered : 65243 was received, previous rcvd is 65156 
Packet(s) lost or reordered :   354 was received, previous rcvd is   102 
Packet(s) lost or reordered :  1003 was received, previous rcvd is   749 
Packet(s) lost or reordered :  7392 was received, previous rcvd is  7350 
Packet(s) lost or reordered :  7849 was received, previous rcvd is  7807 
Packet(s) lost or reordered :  8306 was received, previous rcvd is  8251 
Packet(s) lost or reordered :  8763 was received, previous rcvd is  8710 
Packet(s) lost or reordered :  9220 was received, previous rcvd is  9140 
Packet(s) lost or reordered :  9677 was received, previous rcvd is  9610 
Packet(s) lost or reordered : 10134 was received, previous rcvd is 10092 
Packet(s) lost or reordered : 10591 was received, previous rcvd is 10521 
Packet(s) lost or reordered : 11048 was received, previous rcvd is 11010 
Packet(s) lost or reordered : 11485 was received, previous rcvd is 11411 
Packet(s) lost or reordered : 11962 was received, previous rcvd is 11880 
Packet(s) lost or reordered : 12419 was received, previous rcvd is 12377 
Packet(s) lost or reordered : 12876 was received, previous rcvd is 12834 
Packet(s) lost or reordered : 13333 was received, previous rcvd is 13265 
Packet(s) lost or reordered : 13790 was received, previous rcvd is 13724 
Packet(s) lost or reordered : 14204 was received, previous rcvd is 14183 
Packet(s) lost or reordered : 14212 was received, previous rcvd is 14204 
Packet(s) lost or reordered : 14247 was received, previous rcvd is 14236 
Packet(s) lost or reordered : 14704 was received, previous rcvd is 14610 
Packet(s) lost or reordered : 15161 was received, previous rcvd is 15119 
Packet(s) lost or reordered : 15618 was received, previous rcvd is 15550 
Packet(s) lost or reordered : 16075 was received, previous rcvd is 16033 
Packet(s) lost or reordered : 16533 was received, previous rcvd is 16464 
Packet(s) lost or reordered : 16991 was received, previous rcvd is 16922 
Packet(s) lost or reordered : 17449 was received, previous rcvd is 17406 
Packet(s) lost or reordered : 17907 was received, previous rcvd is 17812 
Packet(s) lost or reordered : 18365 was received, previous rcvd is 18322 
Packet(s) lost or reordered : 18823 was received, previous rcvd is 18780 
Packet(s) lost or reordered : 19281 was received, previous rcvd is 19212 
Packet(s) lost or reordered : 19739 was received, previous rcvd is 19670 
Packet(s) lost or reordered : 20198 was received, previous rcvd is 20128 
Packet(s) lost or reordered : 20657 was received, previous rcvd is 20613 
Packet(s) lost or reordered : 21116 was received, previous rcvd is 21046 
Packet(s) lost or reordered : 21575 was received, previous rcvd is 21505 
Packet(s) lost or reordered : 22034 was received, previous rcvd is 21990 
Packet(s) lost or reordered : 22493 was received, previous rcvd is 22423 
Packet(s) lost or reordered : 22952 was received, previous rcvd is 22882 
Packet(s) lost or reordered : 23411 was received, previous rcvd is 23367 
Packet(s) lost or reordered : 23871 was received, previous rcvd is 23800 
Packet(s) lost or reordered : 24331 was received, previous rcvd is 24286 
Packet(s) lost or reordered : 24791 was received, previous rcvd is 24720 
Packet(s) lost or reordered : 25251 was received, previous rcvd is 25180 
Packet(s) lost or reordered : 25711 was received, previous rcvd is 25666 
Packet(s) lost or reordered : 26171 was received, previous rcvd is 26100 
Packet(s) lost or reordered : 26631 was received, previous rcvd is 26560 
Packet(s) lost or reordered : 27091 was received, previous rcvd is 27046 
Packet(s) lost or reordered : 27551 was received, previous rcvd is 27480 
Packet(s) lost or reordered : 28012 was received, previous rcvd is 27940 
Packet(s) lost or reordered : 28473 was received, previous rcvd is 28427 
Packet(s) lost or reordered : 28934 was received, previous rcvd is 28862 
Packet(s) lost or reordered : 29396 was received, previous rcvd is 29323 
Packet(s) lost or reordered : 29858 was received, previous rcvd is 29811 
Packet(s) lost or reordered : 30319 was received, previous rcvd is 30247 
Packet(s) lost or reordered : 30781 was received, previous rcvd is 30708 
Packet(s) lost or reordered : 31193 was received, previous rcvd is 31170 
Packet(s) lost or reordered : 31243 was received, previous rcvd is 31218 
Packet(s) lost or reordered : 31705 was received, previous rcvd is 31632 
Packet(s) lost or reordered : 32167 was received, previous rcvd is 32094 
Packet(s) lost or reordered : 32630 was received, previous rcvd is 32598 
Packet(s) lost or reordered : 33093 was received, previous rcvd is 33006 
Packet(s) lost or reordered : 33556 was received, previous rcvd is 33469 
Packet(s) lost or reordered : 33959 was received, previous rcvd is 33949 
Packet(s) lost or reordered : 34019 was received, previous rcvd is 33983 
Packet(s) lost or reordered : 34482 was received, previous rcvd is 34408 
Packet(s) lost or reordered : 34946 was received, previous rcvd is 34910 
Packet(s) lost or reordered : 35409 was received, previous rcvd is 35322 
Packet(s) lost or reordered : 35872 was received, previous rcvd is 35814 
Packet(s) lost or reordered : 36336 was received, previous rcvd is 36263 
Packet(s) lost or reordered : 36800 was received, previous rcvd is 36725 
Packet(s) lost or reordered : 37264 was received, previous rcvd is 37189 
Packet(s) lost or reordered : 37728 was received, previous rcvd is 37679 
Packet(s) lost or reordered : 38192 was received, previous rcvd is 38143 
Packet(s) lost or reordered : 38657 was received, previous rcvd is 38581 
Packet(s) lost or reordered : 39122 was received, previous rcvd is 39046 
Packet(s) lost or reordered : 39587 was received, previous rcvd is 39537 
Packet(s) lost or reordered : 40014 was received, previous rcvd is 39950 
Packet(s) lost or reordered : 40052 was received, previous rcvd is 40039 
Packet(s) lost or reordered : 40518 was received, previous rcvd is 40441 
Packet(s) lost or reordered : 40984 was received, previous rcvd is 40907 
Packet(s) lost or reordered : 41450 was received, previous rcvd is 41399 
Packet(s) lost or reordered : 41916 was received, previous rcvd is 41813 
Packet(s) lost or reordered : 42382 was received, previous rcvd is 42331 
Packet(s) lost or reordered : 42848 was received, previous rcvd is 42797 
Packet(s) lost or reordered : 43315 was received, previous rcvd is 43237 
Packet(s) lost or reordered : 43782 was received, previous rcvd is 43704 
Packet(s) lost or reordered : 44186 was received, previous rcvd is 44172 
Packet(s) lost or reordered : 44249 was received, previous rcvd is 44210 
Packet(s) lost or reordered : 44717 was received, previous rcvd is 44651 
Packet(s) lost or reordered : 45185 was received, previous rcvd is 45094 
Packet(s) lost or reordered : 45653 was received, previous rcvd is 45562 
Packet(s) lost or reordered : 46121 was received, previous rcvd is 46084 
Packet(s) lost or reordered : 46589 was received, previous rcvd is 46498 
Packet(s) lost or reordered : 47057 was received, previous rcvd is 46993 
Packet(s) lost or reordered : 47526 was received, previous rcvd is 47461 
Packet(s) lost or reordered : 47995 was received, previous rcvd is 47930 
Packet(s) lost or reordered : 48464 was received, previous rcvd is 48372 
Packet(s) lost or reordered : 48933 was received, previous rcvd is 48868 
Packet(s) lost or reordered : 49389 was received, previous rcvd is 49310 
Packet(s) lost or reordered : 49873 was received, previous rcvd is 49820 
Packet(s) lost or reordered : 50343 was received, previous rcvd is 50277 
Packet(s) lost or reordered : 50813 was received, previous rcvd is 50720 
Packet(s) lost or reordered : 51284 was received, previous rcvd is 51217 
Packet(s) lost or reordered : 51755 was received, previous rcvd is 51688 
Packet(s) lost or reordered : 52226 was received, previous rcvd is 52159 
Packet(s) lost or reordered : 52697 was received, previous rcvd is 52603 
Packet(s) lost or reordered : 53169 was received, previous rcvd is 53101 
Packet(s) lost or reordered : 53607 was received, previous rcvd is 53573 
Packet(s) lost or reordered : 53641 was received, previous rcvd is 53633 
Packet(s) lost or reordered : 54114 was received, previous rcvd is 54018 
Packet(s) lost or reordered : 54587 was received, previous rcvd is 54491 
Packet(s) lost or reordered : 55060 was received, previous rcvd is 54991 
Packet(s) lost or reordered : 55533 was received, previous rcvd is 55491 
Packet(s) lost or reordered : 56006 was received, previous rcvd is 55910 
Packet(s) lost or reordered : 56480 was received, previous rcvd is 56410 
Packet(s) lost or reordered : 56954 was received, previous rcvd is 56857 
Packet(s) lost or reordered : 57428 was received, previous rcvd is 57358 
Packet(s) lost or reordered : 57903 was received, previous rcvd is 57832 
Packet(s) lost or reordered : 58378 was received, previous rcvd is 58307 
Packet(s) lost or reordered : 58853 was received, previous rcvd is 58755 
Packet(s) lost or reordered : 59328 was received, previous rcvd is 59257 
Packet(s) lost or reordered : 59804 was received, previous rcvd is 59732 
Packet(s) lost or reordered : 60280 was received, previous rcvd is 60208 
Packet(s) lost or reordered : 60756 was received, previous rcvd is 60684 
Packet(s) lost or reordered : 61233 was received, previous rcvd is 61133 
Packet(s) lost or reordered : 61710 was received, previous rcvd is 61637 
Packet(s) lost or reordered : 62187 was received, previous rcvd is 62114 
Packet(s) lost or reordered : 62665 was received, previous rcvd is 62564 
Packet(s) lost or reordered : 63143 was received, previous rcvd is 63069 
Packet(s) lost or reordered : 63621 was received, previous rcvd is 63574 
Packet(s) lost or reordered : 64100 was received, previous rcvd is 63998 
Packet(s) lost or reordered : 64579 was received, previous rcvd is 64504 
Packet(s) lost or reordered : 65058 was received, previous rcvd is 64983 
Packet(s) lost or reordered :     1 was received, previous rcvd is 65462 
Packet(s) lost or reordered :   481 was received, previous rcvd is   378 
Packet(s) lost or reordered :   961 was received, previous rcvd is   858 
Packet(s) lost or reordered :  1441 was received, previous rcvd is  1392 
Packet(s) lost or reordered :  1922 was received, previous rcvd is  1818 
Packet(s) lost or reordered :  2403 was received, previous rcvd is  2326 
Packet(s) lost or reordered :  2795 was received, previous rcvd is  2780 
Packet(s) lost or reordered :  2802 was received, previous rcvd is  2798 
Packet(s) lost or reordered :  2884 was received, previous rcvd is  2824 
Packet(s) lost or reordered :  3366 was received, previous rcvd is  3288 
Packet(s) lost or reordered :  3848 was received, previous rcvd is  3743 
Packet(s) lost or reordered :  4330 was received, previous rcvd is  4252 
Packet(s) lost or reordered :  4813 was received, previous rcvd is  4707 
Packet(s) lost or reordered :  5296 was received, previous rcvd is  5244 
Packet(s) lost or reordered :  5779 was received, previous rcvd is  5700 
Packet(s) lost or reordered :  6263 was received, previous rcvd is  6165 
Packet(s) lost or reordered :  6747 was received, previous rcvd is  6652 
Packet(s) lost or reordered :  7232 was received, previous rcvd is  7166 
Packet(s) lost or reordered :  7717 was received, previous rcvd is  7612 
Packet(s) lost or reordered :  8202 was received, previous rcvd is  8121 
Packet(s) lost or reordered :  8688 was received, previous rcvd is  8617 
Packet(s) lost or reordered :  9174 was received, previous rcvd is  9077 
Packet(s) lost or reordered :  9661 was received, previous rcvd is  9563 
Packet(s) lost or reordered : 10148 was received, previous rcvd is 10054 
Packet(s) lost or reordered : 10635 was received, previous rcvd is 10539 
Packet(s) lost or reordered : 11122 was received, previous rcvd is 11026 
Packet(s) lost or reordered : 11610 was received, previous rcvd is 11541 
Packet(s) lost or reordered : 12098 was received, previous rcvd is 12001 
Packet(s) lost or reordered : 12587 was received, previous rcvd is 12489 
Packet(s) lost or reordered : 13076 was received, previous rcvd is 13006 
Packet(s) lost or reordered : 13565 was received, previous rcvd is 13467 
Packet(s) lost or reordered : 14055 was received, previous rcvd is 13956 
Packet(s) lost or reordered : 14545 was received, previous rcvd is 14474 
Packet(s) lost or reordered : 15035 was received, previous rcvd is 14908 
Packet(s) lost or reordered : 15526 was received, previous rcvd is 15426 
Packet(s) lost or reordered : 16017 was received, previous rcvd is 15945 
Packet(s) lost or reordered : 16509 was received, previous rcvd is 16408 
Packet(s) lost or reordered : 17001 was received, previous rcvd is 16900 
Packet(s) lost or reordered : 17493 was received, previous rcvd is 17420 
Packet(s) lost or reordered : 17986 was received, previous rcvd is 17884 
Packet(s) lost or reordered : 18479 was received, previous rcvd is 18377 
Packet(s) lost or reordered : 18973 was received, previous rcvd is 18870 
Packet(s) lost or reordered : 19467 was received, previous rcvd is 19364 
Packet(s) lost or reordered : 19962 was received, previous rcvd is 19886 
Packet(s) lost or reordered : 20457 was received, previous rcvd is 20353 
Packet(s) lost or reordered : 20952 was received, previous rcvd is 20848 
Packet(s) lost or reordered : 21448 was received, previous rcvd is 21343 
Packet(s) lost or reordered : 21944 was received, previous rcvd is 21867 
Packet(s) lost or reordered : 22441 was received, previous rcvd is 22335 
Packet(s) lost or reordered : 22938 was received, previous rcvd is 22832 
Packet(s) lost or reordered : 23435 was received, previous rcvd is 23329 
Packet(s) lost or reordered : 23933 was received, previous rcvd is 23854 
Packet(s) lost or reordered : 24431 was received, previous rcvd is 24324 
Packet(s) lost or reordered : 24930 was received, previous rcvd is 24822 
Packet(s) lost or reordered : 25429 was received, previous rcvd is 25349 
Packet(s) lost or reordered : 25794 was received, previous rcvd is 25792 
Packet(s) lost or reordered : 25807 was received, previous rcvd is 25794 
Packet(s) lost or reordered : 25929 was received, previous rcvd is 25833 
Packet(s) lost or reordered : 26429 was received, previous rcvd is 26320 
Packet(s) lost or reordered : 26929 was received, previous rcvd is 26820 
Packet(s) lost or reordered : 27430 was received, previous rcvd is 27348 
Packet(s) lost or reordered : 27931 was received, previous rcvd is 27821 
Packet(s) lost or reordered : 28433 was received, previous rcvd is 28322 
Packet(s) lost or reordered : 28855 was received, previous rcvd is 28825 
Packet(s) lost or reordered : 28862 was received, previous rcvd is 28855 
Packet(s) lost or reordered : 28864 was received, previous rcvd is 28862 
Packet(s) lost or reordered : 28935 was received, previous rcvd is 28888 
Packet(s) lost or reordered : 29438 was received, previous rcvd is 29298 
Packet(s) lost or reordered : 29941 was received, previous rcvd is 29857 
Packet(s) lost or reordered : 30445 was received, previous rcvd is 30332 
Packet(s) lost or reordered : 30949 was received, previous rcvd is 30850 
Packet(s) lost or reordered : 31454 was received, previous rcvd is 31325 
Packet(s) lost or reordered : 31959 was received, previous rcvd is 31859 
Packet(s) lost or reordered : 32465 was received, previous rcvd is 32359 
Packet(s) lost or reordered : 32971 was received, previous rcvd is 32867 
Packet(s) lost or reordered : 33477 was received, previous rcvd is 33373 
Packet(s) lost or reordered : 33984 was received, previous rcvd is 33855 
Packet(s) lost or reordered : 34491 was received, previous rcvd is 34389 
Packet(s) lost or reordered : 34999 was received, previous rcvd is 34896 
Packet(s) lost or reordered : 35508 was received, previous rcvd is 35399 
Packet(s) lost or reordered : 36017 was received, previous rcvd is 35910 
Packet(s) lost or reordered : 36526 was received, previous rcvd is 36424 
Packet(s) lost or reordered : 37036 was received, previous rcvd is 36931 
Packet(s) lost or reordered : 37546 was received, previous rcvd is 37412 
Packet(s) lost or reordered : 38057 was received, previous rcvd is 37951 
Packet(s) lost or reordered : 38568 was received, previous rcvd is 38433 
Packet(s) lost or reordered : 39080 was received, previous rcvd is 38973 
Packet(s) lost or reordered : 39592 was received, previous rcvd is 39485 
Packet(s) lost or reordered : 40105 was received, previous rcvd is 39968 
Packet(s) lost or reordered : 40619 was received, previous rcvd is 40539 
Packet(s) lost or reordered : 41133 was received, previous rcvd is 40995 
Packet(s) lost or reordered : 41647 was received, previous rcvd is 41538 
Packet(s) lost or reordered : 42162 was received, previous rcvd is 42052 
Packet(s) lost or reordered : 42677 was received, previous rcvd is 42538 
Packet(s) lost or reordered : 43193 was received, previous rcvd is 43082 
Packet(s) lost or reordered : 43709 was received, previous rcvd is 43598 
Packet(s) lost or reordered : 44226 was received, previous rcvd is 44085 
Packet(s) lost or reordered : 44744 was received, previous rcvd is 44660 
Packet(s) lost or reordered : 45262 was received, previous rcvd is 45120 
Packet(s) lost or reordered : 45781 was received, previous rcvd is 45667 
Packet(s) lost or reordered : 46243 was received, previous rcvd is 46157 
Packet(s) lost or reordered : 46300 was received, previous rcvd is 46271 
Packet(s) lost or reordered : 46820 was received, previous rcvd is 46676 
Packet(s) lost or reordered : 47340 was received, previous rcvd is 47225 
Packet(s) lost or reordered : 47861 was received, previous rcvd is 47745 
Packet(s) lost or reordered : 48382 was received, previous rcvd is 48237 
Packet(s) lost or reordered : 48903 was received, previous rcvd is 48816 
Packet(s) lost or reordered : 49426 was received, previous rcvd is 49290 
Packet(s) lost or reordered : 49950 was received, previous rcvd is 49815 
Packet(s) lost or reordered : 50473 was received, previous rcvd is 50369 
Packet(s) lost or reordered : 50997 was received, previous rcvd is 50862 
Packet(s) lost or reordered : 51521 was received, previous rcvd is 51386 
Packet(s) lost or reordered : 52046 was received, previous rcvd is 51910 
Packet(s) lost or reordered : 52571 was received, previous rcvd is 52465 
Packet(s) lost or reordered : 53097 was received, previous rcvd is 52960 
Packet(s) lost or reordered : 53623 was received, previous rcvd is 53486 
Packet(s) lost or reordered : 54150 was received, previous rcvd is 54042 
Packet(s) lost or reordered : 54678 was received, previous rcvd is 54539 
Packet(s) lost or reordered : 55206 was received, previous rcvd is 55067 
Packet(s) lost or reordered : 55735 was received, previous rcvd is 55595 
Packet(s) lost or reordered : 56264 was received, previous rcvd is 56154 
Packet(s) lost or reordered : 56794 was received, previous rcvd is 56653 
Packet(s) lost or reordered : 57324 was received, previous rcvd is 57183 
Packet(s) lost or reordered : 57855 was received, previous rcvd is 57743 
Packet(s) lost or reordered : 58386 was received, previous rcvd is 58244 
Packet(s) lost or reordered : 58918 was received, previous rcvd is 58775 
Packet(s) lost or reordered : 59450 was received, previous rcvd is 59307 
Packet(s) lost or reordered : 59983 was received, previous rcvd is 59869 
Packet(s) lost or reordered : 60517 was received, previous rcvd is 60372 
Packet(s) lost or reordered : 61051 was received, previous rcvd is 60906 
Packet(s) lost or reordered : 61586 was received, previous rcvd is 61470 
Packet(s) lost or reordered : 62122 was received, previous rcvd is 61975 
Packet(s) lost or reordered : 62658 was received, previous rcvd is 62511 
Packet(s) lost or reordered : 63170 was received, previous rcvd is 63047 
Packet(s) lost or reordered : 63732 was received, previous rcvd is 63589 
Packet(s) lost or reordered : 64270 was received, previous rcvd is 64121 
Packet(s) lost or reordered : 64808 was received, previous rcvd is 64659 
Packet(s) lost or reordered : 65347 was received, previous rcvd is 65234 
Packet(s) lost or reordered :   351 was received, previous rcvd is   206 
Packet(s) lost or reordered :   892 was received, previous rcvd is   713 
Packet(s) lost or reordered :  1433 was received, previous rcvd is  1327 
Packet(s) lost or reordered :  1963 was received, previous rcvd is  1804 
Packet(s) lost or reordered :  2517 was received, previous rcvd is  2365 
Packet(s) lost or reordered :  3060 was received, previous rcvd is  2924 
Packet(s) lost or reordered :  3603 was received, previous rcvd is  3467 
Packet(s) lost or reordered :  4034 was received, previous rcvd is  3977 
Packet(s) lost or reordered :  4147 was received, previous rcvd is  4064 
Packet(s) lost or reordered :  4692 was received, previous rcvd is  4518 
Packet(s) lost or reordered :  5237 was received, previous rcvd is  5094 
Packet(s) lost or reordered :  5783 was received, previous rcvd is  5639 
Packet(s) lost or reordered :  6329 was received, previous rcvd is  6185 
Packet(s) lost or reordered :  6876 was received, previous rcvd is  6731 
Packet(s) lost or reordered :  7424 was received, previous rcvd is  7247 
Packet(s) lost or reordered :  7973 was received, previous rcvd is  7857 
Packet(s) lost or reordered :  8522 was received, previous rcvd is  8344 
Packet(s) lost or reordered :  9072 was received, previous rcvd is  8924 
Packet(s) lost or reordered :  9622 was received, previous rcvd is  9474 
Packet(s) lost or reordered : 10174 was received, previous rcvd is 10024 
Packet(s) lost or reordered : 10726 was received, previous rcvd is 10576 
Packet(s) lost or reordered : 11278 was received, previous rcvd is 11128 
Packet(s) lost or reordered : 11831 was received, previous rcvd is 11680 
Packet(s) lost or reordered : 12385 was received, previous rcvd is 12202 
Packet(s) lost or reordered : 12939 was received, previous rcvd is 12787 
Packet(s) lost or reordered : 13494 was received, previous rcvd is 13341 
Packet(s) lost or reordered : 14049 was received, previous rcvd is 13896 
Packet(s) lost or reordered : 14605 was received, previous rcvd is 14451 
Packet(s) lost or reordered : 15162 was received, previous rcvd is 15007 
Packet(s) lost or reordered : 15563 was received, previous rcvd is 15533 
Packet(s) lost or reordered : 15719 was received, previous rcvd is 15593 
Packet(s) lost or reordered : 16277 was received, previous rcvd is 16101 
Packet(s) lost or reordered : 16836 was received, previous rcvd is 16660 
Packet(s) lost or reordered : 17395 was received, previous rcvd is 17251 
Packet(s) lost or reordered : 17955 was received, previous rcvd is 17778 
Packet(s) lost or reordered : 18516 was received, previous rcvd is 18370 
Packet(s) lost or reordered : 19077 was received, previous rcvd is 18899 
Packet(s) lost or reordered : 19639 was received, previous rcvd is 19492 
Packet(s) lost or reordered : 20202 was received, previous rcvd is 20022 
Packet(s) lost or reordered : 20766 was received, previous rcvd is 20617 
Packet(s) lost or reordered : 21330 was received, previous rcvd is 21149 
Packet(s) lost or reordered : 21895 was received, previous rcvd is 21713 
Packet(s) lost or reordered : 22460 was received, previous rcvd is 22310 
Packet(s) lost or reordered : 23026 was received, previous rcvd is 22843 
Packet(s) lost or reordered : 23594 was received, previous rcvd is 23407 
Packet(s) lost or reordered : 24161 was received, previous rcvd is 24013 
Packet(s) lost or reordered : 24729 was received, previous rcvd is 24545 
Packet(s) lost or reordered : 25299 was received, previous rcvd is 25147 
Packet(s) lost or reordered : 25868 was received, previous rcvd is 25682 
Packet(s) lost or reordered : 26438 was received, previous rcvd is 26283 
Packet(s) lost or reordered : 27009 was received, previous rcvd is 26819 
Packet(s) lost or reordered : 27580 was received, previous rcvd is 27428 
Packet(s) lost or reordered : 28152 was received, previous rcvd is 27966 
Packet(s) lost or reordered : 28725 was received, previous rcvd is 28567 
Packet(s) lost or reordered : 29298 was received, previous rcvd is 29108 
Packet(s) lost or reordered : 29872 was received, previous rcvd is 29713 
Packet(s) lost or reordered : 30446 was received, previous rcvd is 30255 
Packet(s) lost or reordered : 31021 was received, previous rcvd is 30861 
Packet(s) lost or reordered : 31596 was received, previous rcvd is 31415 
Packet(s) lost or reordered : 32172 was received, previous rcvd is 31991 
Packet(s) lost or reordered : 32749 was received, previous rcvd is 32567 
Packet(s) lost or reordered : 33327 was received, previous rcvd is 33144 
Packet(s) lost or reordered : 33904 was received, previous rcvd is 33722 
Packet(s) lost or reordered : 34482 was received, previous rcvd is 34299 
Packet(s) lost or reordered : 35060 was received, previous rcvd is 34877 
Packet(s) lost or reordered : 35639 was received, previous rcvd is 35488 
Packet(s) lost or reordered : 36218 was received, previous rcvd is 36034 
Packet(s) lost or reordered : 36798 was received, previous rcvd is 36613 
Packet(s) lost or reordered : 37378 was received, previous rcvd is 37193 
Packet(s) lost or reordered : 37959 was received, previous rcvd is 37773 
Packet(s) lost or reordered : 38540 was received, previous rcvd is 38354 
Packet(s) lost or reordered : 39122 was received, previous rcvd is 38935 
Packet(s) lost or reordered : 39704 was received, previous rcvd is 39517 
Packet(s) lost or reordered : 40286 was received, previous rcvd is 40099 
Packet(s) lost or reordered : 40870 was received, previous rcvd is 40681 
Packet(s) lost or reordered : 41454 was received, previous rcvd is 41265 
Packet(s) lost or reordered : 41853 was received, previous rcvd is 41849 
Packet(s) lost or reordered : 42037 was received, previous rcvd is 41885 
Packet(s) lost or reordered : 42621 was received, previous rcvd is 42432 
Packet(s) lost or reordered : 43205 was received, previous rcvd is 43016 
Packet(s) lost or reordered : 43790 was received, previous rcvd is 43600 
Packet(s) lost or reordered : 44375 was received, previous rcvd is 44185 
Packet(s) lost or reordered : 44960 was received, previous rcvd is 44737 
Packet(s) lost or reordered : 45546 was received, previous rcvd is 45388 
Packet(s) lost or reordered : 46132 was received, previous rcvd is 45941 
Packet(s) lost or reordered : 46718 was received, previous rcvd is 46494 
Packet(s) lost or reordered : 47305 was received, previous rcvd is 47146 
Packet(s) lost or reordered : 47892 was received, previous rcvd is 47700 
Packet(s) lost or reordered : 48479 was received, previous rcvd is 48299 
Packet(s) lost or reordered : 49066 was received, previous rcvd is 48886 
Packet(s) lost or reordered : 49654 was received, previous rcvd is 49439 
Packet(s) lost or reordered : 50242 was received, previous rcvd is 50051 
Packet(s) lost or reordered : 50830 was received, previous rcvd is 50637 
Packet(s) lost or reordered : 51419 was received, previous rcvd is 51225 
Packet(s) lost or reordered : 52008 was received, previous rcvd is 51814 
Packet(s) lost or reordered : 52597 was received, previous rcvd is 52436 
Packet(s) lost or reordered : 53186 was received, previous rcvd is 52992 
Packet(s) lost or reordered : 53776 was received, previous rcvd is 53581 
Packet(s) lost or reordered : 54366 was received, previous rcvd is 54158 
Packet(s) lost or reordered : 54914 was received, previous rcvd is 54750 
Packet(s) lost or reordered : 54956 was received, previous rcvd is 54948 
Packet(s) lost or reordered : 55432 was received, previous rcvd is 55305 
Packet(s) lost or reordered : 55443 was received, previous rcvd is 55432 
Packet(s) lost or reordered : 55546 was received, previous rcvd is 55476 
Packet(s) lost or reordered : 56137 was received, previous rcvd is 55942 
Packet(s) lost or reordered : 56728 was received, previous rcvd is 56532 
Packet(s) lost or reordered : 57222 was received, previous rcvd is 57123 
Packet(s) lost or reordered : 57225 was received, previous rcvd is 57222 
Packet(s) lost or reordered : 57230 was received, previous rcvd is 57225 
Packet(s) lost or reordered : 57319 was received, previous rcvd is 57260 
Packet(s) lost or reordered : 57910 was received, previous rcvd is 57684 
Packet(s) lost or reordered : 58502 was received, previous rcvd is 58316 
Packet(s) lost or reordered : 59094 was received, previous rcvd is 58899 
Packet(s) lost or reordered : 59688 was received, previous rcvd is 59489 
Packet(s) lost or reordered : 60280 was received, previous rcvd is 60094 
Packet(s) lost or reordered : 60874 was received, previous rcvd is 60653 
Packet(s) lost or reordered : 61380 was received, previous rcvd is 61281 
Packet(s) lost or reordered : 61467 was received, previous rcvd is 61413 
Packet(s) lost or reordered : 62060 was received, previous rcvd is 61830 
Packet(s) lost or reordered : 62653 was received, previous rcvd is 62455 
Packet(s) lost or reordered : 63246 was received, previous rcvd is 63059 
Packet(s) lost or reordered : 63840 was received, previous rcvd is 63653 
Packet(s) lost or reordered : 64409 was received, previous rcvd is 64213 
Packet(s) lost or reordered : 64411 was received, previous rcvd is 64409 
Packet(s) lost or reordered : 65028 was received, previous rcvd is 64817 
Packet(s) lost or reordered :    86 was received, previous rcvd is 65435 
Packet(s) lost or reordered :   681 was received, previous rcvd is   493 
Packet(s) lost or reordered :  1165 was received, previous rcvd is  1054 
Packet(s) lost or reordered :  1199 was received, previous rcvd is  1175 
Packet(s) lost or reordered :  1211 was received, previous rcvd is  1209 
Packet(s) lost or reordered :  1276 was received, previous rcvd is  1222 
Packet(s) lost or reordered :  1849 was received, previous rcvd is  1649 
Packet(s) lost or reordered :  1853 was received, previous rcvd is  1850 
Packet(s) lost or reordered :  1856 was received, previous rcvd is  1853 
Packet(s) lost or reordered :  2466 was received, previous rcvd is  2260 
Packet(s) lost or reordered :  3061 was received, previous rcvd is  2839 
Packet(s) lost or reordered :  3656 was received, previous rcvd is  3502 
Packet(s) lost or reordered :  4253 was received, previous rcvd is  4029 
Packet(s) lost or reordered :  4849 was received, previous rcvd is  4660 
Packet(s) lost or reordered :  9026 was received, previous rcvd is  9024 
Packet(s) lost or reordered : 39457 was received, previous rcvd is 39455 
