socket set to IP_RECVTOS
socket SO_RCVBUF set to 20971520
Listen on port 8080 to receive RTP from sender 
.
.
Packet(s) lost or reordered :    16 was received, previous rcvd is    14 
Packet(s) lost or reordered : 14227 was received, previous rcvd is 14181 
Packet(s) lost or reordered : 14680 was received, previous rcvd is 14615 
Packet(s) lost or reordered : 15135 was received, previous rcvd is 15069 
Packet(s) lost or reordered : 15592 was received, previous rcvd is 15550 
Packet(s) lost or reordered : 16050 was received, previous rcvd is 15981 
Packet(s) lost or reordered : 16510 was received, previous rcvd is 16465 
Packet(s) lost or reordered : 16972 was received, previous rcvd is 16873 
Packet(s) lost or reordered : 17436 was received, previous rcvd is 17387 
Packet(s) lost or reordered : 17902 was received, previous rcvd is 17851 
Packet(s) lost or reordered : 18369 was received, previous rcvd is 18291 
Packet(s) lost or reordered : 18838 was received, previous rcvd is 18771 
Packet(s) lost or reordered : 19309 was received, previous rcvd is 19242 
Packet(s) lost or reordered : 19782 was received, previous rcvd is 19686 
Packet(s) lost or reordered : 20257 was received, previous rcvd is 20186 
Packet(s) lost or reordered : 20734 was received, previous rcvd is 20634 
Packet(s) lost or reordered : 21213 was received, previous rcvd is 21165 
Packet(s) lost or reordered : 21694 was received, previous rcvd is 21590 
Packet(s) lost or reordered : 22177 was received, previous rcvd is 22098 
Packet(s) lost or reordered : 22662 was received, previous rcvd is 22581 
Packet(s) lost or reordered : 23149 was received, previous rcvd is 23039 
Packet(s) lost or reordered : 23638 was received, previous rcvd is 23567 
Packet(s) lost or reordered : 24129 was received, previous rcvd is 24029 
Packet(s) lost or reordered : 24621 was received, previous rcvd is 24520 
Packet(s) lost or reordered : 25115 was received, previous rcvd is 25012 
Packet(s) lost or reordered : 25611 was received, previous rcvd is 25534 
Packet(s) lost or reordered : 26109 was received, previous rcvd is 26002 
Packet(s) lost or reordered : 26609 was received, previous rcvd is 26528 
Packet(s) lost or reordered : 27111 was received, previous rcvd is 26972 
Packet(s) lost or reordered : 27615 was received, previous rcvd is 27530 
Packet(s) lost or reordered : 28121 was received, previous rcvd is 28019 
Packet(s) lost or reordered : 28628 was received, previous rcvd is 28497 
Packet(s) lost or reordered : 29137 was received, previous rcvd is 29033 
Packet(s) lost or reordered : 29648 was received, previous rcvd is 29542 
Packet(s) lost or reordered : 30161 was received, previous rcvd is 30024 
Packet(s) lost or reordered : 30676 was received, previous rcvd is 30566 
Packet(s) lost or reordered : 31193 was received, previous rcvd is 31081 
Packet(s) lost or reordered : 31712 was received, previous rcvd is 31598 
Packet(s) lost or reordered : 32233 was received, previous rcvd is 32088 
Packet(s) lost or reordered : 32756 was received, previous rcvd is 32638 
Packet(s) lost or reordered : 33281 was received, previous rcvd is 33174 
Packet(s) lost or reordered : 33808 was received, previous rcvd is 33670 
Packet(s) lost or reordered : 34217 was received, previous rcvd is 34197 
Packet(s) lost or reordered : 34336 was received, previous rcvd is 34246 
Packet(s) lost or reordered : 34866 was received, previous rcvd is 34725 
Packet(s) lost or reordered : 35398 was received, previous rcvd is 35225 
Packet(s) lost or reordered : 35932 was received, previous rcvd is 35817 
Packet(s) lost or reordered : 36469 was received, previous rcvd is 36321 
Packet(s) lost or reordered : 37008 was received, previous rcvd is 36888 
Packet(s) lost or reordered : 37549 was received, previous rcvd is 37397 
Packet(s) lost or reordered : 38092 was received, previous rcvd is 37950 
Packet(s) lost or reordered : 38637 was received, previous rcvd is 38494 
Packet(s) lost or reordered : 39184 was received, previous rcvd is 39039 
Packet(s) lost or reordered : 39733 was received, previous rcvd is 39555 
Packet(s) lost or reordered : 40284 was received, previous rcvd is 40166 
Packet(s) lost or reordered : 40837 was received, previous rcvd is 40655 
Packet(s) lost or reordered : 41392 was received, previous rcvd is 41239 
Packet(s) lost or reordered : 41949 was received, previous rcvd is 41794 
Packet(s) lost or reordered : 42508 was received, previous rcvd is 42351 
Packet(s) lost or reordered : 43069 was received, previous rcvd is 42891 
Packet(s) lost or reordered : 43632 was received, previous rcvd is 43474 
Packet(s) lost or reordered : 44197 was received, previous rcvd is 44039 
Packet(s) lost or reordered : 44764 was received, previous rcvd is 44604 
Packet(s) lost or reordered : 45334 was received, previous rcvd is 45151 
Packet(s) lost or reordered : 45839 was received, previous rcvd is 45717 
Packet(s) lost or reordered : 45906 was received, previous rcvd is 45870 
Packet(s) lost or reordered : 46480 was received, previous rcvd is 46289 
Packet(s) lost or reordered : 47056 was received, previous rcvd is 46859 
Packet(s) lost or reordered : 47634 was received, previous rcvd is 47475 
Packet(s) lost or reordered : 48214 was received, previous rcvd is 47998 
Packet(s) lost or reordered : 48796 was received, previous rcvd is 48642 
Packet(s) lost or reordered : 49380 was received, previous rcvd is 49191 
Packet(s) lost or reordered : 49966 was received, previous rcvd is 49775 
Packet(s) lost or reordered : 50555 was received, previous rcvd is 50361 
Packet(s) lost or reordered : 51146 was received, previous rcvd is 50950 
Packet(s) lost or reordered : 51739 was received, previous rcvd is 51541 
Packet(s) lost or reordered : 52334 was received, previous rcvd is 52134 
Packet(s) lost or reordered : 52931 was received, previous rcvd is 52740 
Packet(s) lost or reordered : 53530 was received, previous rcvd is 53338 
Packet(s) lost or reordered : 54132 was received, previous rcvd is 53937 
Packet(s) lost or reordered : 54736 was received, previous rcvd is 54505 
Packet(s) lost or reordered : 55342 was received, previous rcvd is 55143 
Packet(s) lost or reordered : 55950 was received, previous rcvd is 55749 
Packet(s) lost or reordered : 56429 was received, previous rcvd is 56323 
Packet(s) lost or reordered : 56435 was received, previous rcvd is 56432 
Packet(s) lost or reordered : 56560 was received, previous rcvd is 56464 
Packet(s) lost or reordered : 57047 was received, previous rcvd is 56899 
Packet(s) lost or reordered : 57173 was received, previous rcvd is 57080 
Packet(s) lost or reordered : 57788 was received, previous rcvd is 57591 
Packet(s) lost or reordered : 58405 was received, previous rcvd is 58172 
Packet(s) lost or reordered : 59024 was received, previous rcvd is 58789 
Packet(s) lost or reordered : 59645 was received, previous rcvd is 59408 
Packet(s) lost or reordered : 60268 was received, previous rcvd is 60064 
Packet(s) lost or reordered : 60894 was received, previous rcvd is 60687 
Packet(s) lost or reordered : 61522 was received, previous rcvd is 61278 
Packet(s) lost or reordered : 62152 was received, previous rcvd is 61906 
Packet(s) lost or reordered : 62784 was received, previous rcvd is 62581 
Packet(s) lost or reordered : 63419 was received, previous rcvd is 63179 
Packet(s) lost or reordered : 64056 was received, previous rcvd is 63778 
Packet(s) lost or reordered : 64695 was received, previous rcvd is 64487 
Packet(s) lost or reordered : 65336 was received, previous rcvd is 65090 
Packet(s) lost or reordered :   443 was received, previous rcvd is   195 
Packet(s) lost or reordered :  1088 was received, previous rcvd is   838 
Packet(s) lost or reordered :  1736 was received, previous rcvd is  1483 
Packet(s) lost or reordered :  2163 was received, previous rcvd is  2103 
Packet(s) lost or reordered :  2165 was received, previous rcvd is  2163 
Packet(s) lost or reordered :  2386 was received, previous rcvd is  2200 
Packet(s) lost or reordered :  8786 was received, previous rcvd is  8743 
Packet(s) lost or reordered :  9243 was received, previous rcvd is  9175 
Packet(s) lost or reordered :  9700 was received, previous rcvd is  9632 
Packet(s) lost or reordered : 10157 was received, previous rcvd is 10131 
Packet(s) lost or reordered : 10614 was received, previous rcvd is 10562 
Packet(s) lost or reordered : 11071 was received, previous rcvd is 10982 
Packet(s) lost or reordered : 11528 was received, previous rcvd is 11460 
Packet(s) lost or reordered : 11985 was received, previous rcvd is 11943 
Packet(s) lost or reordered : 12443 was received, previous rcvd is 12400 
Packet(s) lost or reordered : 12901 was received, previous rcvd is 12832 
Packet(s) lost or reordered : 13359 was received, previous rcvd is 13290 
Packet(s) lost or reordered : 13817 was received, previous rcvd is 13748 
Packet(s) lost or reordered : 14275 was received, previous rcvd is 14232 
Packet(s) lost or reordered : 14733 was received, previous rcvd is 14664 
Packet(s) lost or reordered : 15191 was received, previous rcvd is 15122 
Packet(s) lost or reordered : 15649 was received, previous rcvd is 15606 
Packet(s) lost or reordered : 16107 was received, previous rcvd is 16038 
Packet(s) lost or reordered : 16565 was received, previous rcvd is 16496 
Packet(s) lost or reordered : 17023 was received, previous rcvd is 16980 
Packet(s) lost or reordered : 17481 was received, previous rcvd is 17412 
Packet(s) lost or reordered : 17939 was received, previous rcvd is 17870 
Packet(s) lost or reordered : 18398 was received, previous rcvd is 18354 
Packet(s) lost or reordered : 18857 was received, previous rcvd is 18787 
Packet(s) lost or reordered : 19316 was received, previous rcvd is 19246 
Packet(s) lost or reordered : 19775 was received, previous rcvd is 19731 
Packet(s) lost or reordered : 20235 was received, previous rcvd is 20164 
Packet(s) lost or reordered : 20694 was received, previous rcvd is 20624 
Packet(s) lost or reordered : 21154 was received, previous rcvd is 21109 
Packet(s) lost or reordered : 21613 was received, previous rcvd is 21543 
Packet(s) lost or reordered : 22004 was received, previous rcvd is 22002 
Packet(s) lost or reordered : 22006 was received, previous rcvd is 22004 
Packet(s) lost or reordered : 22072 was received, previous rcvd is 22030 
Packet(s) lost or reordered : 22531 was received, previous rcvd is 22461 
Packet(s) lost or reordered : 22991 was received, previous rcvd is 22920 
Packet(s) lost or reordered : 23451 was received, previous rcvd is 23406 
Packet(s) lost or reordered : 23911 was received, previous rcvd is 23840 
Packet(s) lost or reordered : 24371 was received, previous rcvd is 24300 
Packet(s) lost or reordered : 24831 was received, previous rcvd is 24760 
Packet(s) lost or reordered : 25291 was received, previous rcvd is 25246 
Packet(s) lost or reordered : 25751 was received, previous rcvd is 25680 
Packet(s) lost or reordered : 26211 was received, previous rcvd is 26140 
Packet(s) lost or reordered : 26672 was received, previous rcvd is 26626 
Packet(s) lost or reordered : 27133 was received, previous rcvd is 27061 
Packet(s) lost or reordered : 27594 was received, previous rcvd is 27522 
Packet(s) lost or reordered : 28055 was received, previous rcvd is 28009 
Packet(s) lost or reordered : 28517 was received, previous rcvd is 28444 
Packet(s) lost or reordered : 28978 was received, previous rcvd is 28906 
Packet(s) lost or reordered : 29439 was received, previous rcvd is 29409 
Packet(s) lost or reordered : 29901 was received, previous rcvd is 29815 
Packet(s) lost or reordered : 30363 was received, previous rcvd is 30277 
Packet(s) lost or reordered : 30825 was received, previous rcvd is 30783 
Packet(s) lost or reordered : 31287 was received, previous rcvd is 31214 
Packet(s) lost or reordered : 31749 was received, previous rcvd is 31676 
Packet(s) lost or reordered : 32212 was received, previous rcvd is 32164 
Packet(s) lost or reordered : 32674 was received, previous rcvd is 32601 
Packet(s) lost or reordered : 33137 was received, previous rcvd is 33089 
Packet(s) lost or reordered : 33600 was received, previous rcvd is 33526 
Packet(s) lost or reordered : 34063 was received, previous rcvd is 33989 
Packet(s) lost or reordered : 34526 was received, previous rcvd is 34478 
Packet(s) lost or reordered : 34989 was received, previous rcvd is 34915 
Packet(s) lost or reordered : 35452 was received, previous rcvd is 35378 
Packet(s) lost or reordered : 35916 was received, previous rcvd is 35867 
Packet(s) lost or reordered : 36380 was received, previous rcvd is 36318 
Packet(s) lost or reordered : 36844 was received, previous rcvd is 36756 
Packet(s) lost or reordered : 37308 was received, previous rcvd is 37249 
Packet(s) lost or reordered : 37772 was received, previous rcvd is 37725 
Packet(s) lost or reordered : 38237 was received, previous rcvd is 38135 
Packet(s) lost or reordered : 38702 was received, previous rcvd is 38652 
Packet(s) lost or reordered : 39168 was received, previous rcvd is 39102 
Packet(s) lost or reordered : 39633 was received, previous rcvd is 39544 
Packet(s) lost or reordered : 40099 was received, previous rcvd is 40053 
Packet(s) lost or reordered : 40565 was received, previous rcvd is 40488 
Packet(s) lost or reordered : 41031 was received, previous rcvd is 40980 
Packet(s) lost or reordered : 41497 was received, previous rcvd is 41420 
Packet(s) lost or reordered : 41963 was received, previous rcvd is 41886 
Packet(s) lost or reordered : 42429 was received, previous rcvd is 42366 
Packet(s) lost or reordered : 42895 was received, previous rcvd is 42833 
Packet(s) lost or reordered : 43361 was received, previous rcvd is 43272 
Packet(s) lost or reordered : 43828 was received, previous rcvd is 43792 
Packet(s) lost or reordered : 44295 was received, previous rcvd is 44205 
Packet(s) lost or reordered : 44763 was received, previous rcvd is 44699 
Packet(s) lost or reordered : 45231 was received, previous rcvd is 45167 
Packet(s) lost or reordered : 45699 was received, previous rcvd is 45635 
Packet(s) lost or reordered : 46167 was received, previous rcvd is 46076 
Packet(s) lost or reordered : 46635 was received, previous rcvd is 46571 
Packet(s) lost or reordered : 47103 was received, previous rcvd is 47039 
Packet(s) lost or reordered : 47572 was received, previous rcvd is 47480 
Packet(s) lost or reordered : 48041 was received, previous rcvd is 47976 
Packet(s) lost or reordered : 48511 was received, previous rcvd is 48445 
Packet(s) lost or reordered : 48981 was received, previous rcvd is 48888 
Packet(s) lost or reordered : 49451 was received, previous rcvd is 49385 
Packet(s) lost or reordered : 49921 was received, previous rcvd is 49855 
Packet(s) lost or reordered : 50391 was received, previous rcvd is 50325 
Packet(s) lost or reordered : 50861 was received, previous rcvd is 50795 
Packet(s) lost or reordered : 51332 was received, previous rcvd is 51238 
Packet(s) lost or reordered : 51803 was received, previous rcvd is 51736 
Packet(s) lost or reordered : 52274 was received, previous rcvd is 52207 
Packet(s) lost or reordered : 52745 was received, previous rcvd is 52678 
Packet(s) lost or reordered : 53217 was received, previous rcvd is 53122 
Packet(s) lost or reordered : 53689 was received, previous rcvd is 53621 
Packet(s) lost or reordered : 54161 was received, previous rcvd is 54093 
Packet(s) lost or reordered : 54634 was received, previous rcvd is 54565 
Packet(s) lost or reordered : 55107 was received, previous rcvd is 55038 
Packet(s) lost or reordered : 55580 was received, previous rcvd is 55484 
Packet(s) lost or reordered : 56053 was received, previous rcvd is 55984 
Packet(s) lost or reordered : 56527 was received, previous rcvd is 56457 
Packet(s) lost or reordered : 57001 was received, previous rcvd is 56904 
Packet(s) lost or reordered : 57475 was received, previous rcvd is 57405 
Packet(s) lost or reordered : 57949 was received, previous rcvd is 57879 
Packet(s) lost or reordered : 58424 was received, previous rcvd is 58353 
Packet(s) lost or reordered : 58899 was received, previous rcvd is 58828 
Packet(s) lost or reordered : 59374 was received, previous rcvd is 59276 
Packet(s) lost or reordered : 59849 was received, previous rcvd is 59805 
Packet(s) lost or reordered : 60325 was received, previous rcvd is 60226 
Packet(s) lost or reordered : 60801 was received, previous rcvd is 60702 
Packet(s) lost or reordered : 61277 was received, previous rcvd is 61205 
Packet(s) lost or reordered : 61754 was received, previous rcvd is 61708 
Packet(s) lost or reordered : 62231 was received, previous rcvd is 62131 
Packet(s) lost or reordered : 62708 was received, previous rcvd is 62635 
Packet(s) lost or reordered : 63186 was received, previous rcvd is 63112 
Packet(s) lost or reordered : 63664 was received, previous rcvd is 63563 
Packet(s) lost or reordered : 64142 was received, previous rcvd is 64095 
Packet(s) lost or reordered : 64621 was received, previous rcvd is 64519 
Packet(s) lost or reordered : 65100 was received, previous rcvd is 65025 
Packet(s) lost or reordered :    43 was received, previous rcvd is 65477 
Packet(s) lost or reordered :   522 was received, previous rcvd is   459 
Packet(s) lost or reordered :  1002 was received, previous rcvd is   941 
Packet(s) lost or reordered :  1392 was received, previous rcvd is  1361 
Packet(s) lost or reordered :  1482 was received, previous rcvd is  1421 
Packet(s) lost or reordered :  1962 was received, previous rcvd is  1862 
Packet(s) lost or reordered :  2443 was received, previous rcvd is  2366 
Packet(s) lost or reordered :  2832 was received, previous rcvd is  2830 
Packet(s) lost or reordered :  2845 was received, previous rcvd is  2832 
Packet(s) lost or reordered :  2924 was received, previous rcvd is  2873 
Packet(s) lost or reordered :  3405 was received, previous rcvd is  3283 
Packet(s) lost or reordered :  3887 was received, previous rcvd is  3794 
Packet(s) lost or reordered :  9591 was received, previous rcvd is  9589 
Packet(s) lost or reordered : 20416 was received, previous rcvd is 20414 
Packet(s) lost or reordered : 21718 was received, previous rcvd is 21716 
