Listen on port 8081 to receive RTCP from decoder 
Scream sender started! 
 summary   2.0  Transmit rate =  1676kbps, PLR =  0.00%( 0.00%), CE =  0.00%( 0.00%)[ 0.0%,  0.0%, 100.0%,  0.0%], RTT = 0.067s, Queue delay = 0.000s, MTU = 1200
 summary   4.0  Transmit rate =  2774kbps, PLR =  0.00%( 0.00%), CE =  0.00%( 0.00%)[ 0.0%,  0.0%, 100.0%,  0.0%], RTT = 0.085s, Queue delay = 0.000s, MTU = 1200
 summary   6.0  Transmit rate =  4481kbps, PLR =  0.00%( 0.00%), CE =  0.00%( 0.00%)[ 0.0%,  0.0%, 100.0%,  0.0%], RTT = 0.093s, Queue delay = 0.000s, MTU = 1200
 summary   8.0  Transmit rate =  6980kbps, PLR =  0.00%( 0.00%), CE =  0.00%( 0.00%)[ 0.0%,  0.0%, 100.0%,  0.0%], RTT = 0.097s, Queue delay = 0.000s, MTU = 1200
 summary  10.0  Transmit rate = 11008kbps, PLR =  0.00%( 0.00%), CE =  0.00%( 0.00%)[ 0.0%,  0.0%, 100.0%,  0.0%], RTT = 0.099s, Queue delay = 0.000s, MTU = 1200
 summary  12.0  Transmit rate = 17887kbps, PLR =  0.00%( 0.00%), CE =  0.00%( 0.00%)[ 0.0%,  0.0%, 100.0%,  0.0%], RTT = 0.100s, Queue delay = 0.000s, MTU = 1200
 summary  14.0  Transmit rate = 30393kbps, PLR =  0.00%( 0.00%), CE =  0.00%( 0.00%)[ 0.0%,  0.0%, 100.0%,  0.0%], RTT = 0.100s, Queue delay = 0.000s, MTU = 1200
 summary  16.0  Transmit rate = 40553kbps, PLR =  0.00%( 0.00%), CE =  0.00%( 0.01%)[ 0.0%,  0.0%, 100.0%,  0.0%], RTT = 0.100s, Queue delay = 0.000s, MTU = 1200
 summary  18.0  Transmit rate = 39640kbps, PLR =  0.00%( 0.00%), CE =  0.25%( 0.13%)[ 0.0%,  0.0%, 99.9%,  0.1%], RTT = 0.100s, Queue delay = 0.000s, MTU = 1200
 summary  20.0  Transmit rate = 37837kbps, PLR =  0.00%( 0.00%), CE =  0.37%( 0.15%)[ 0.0%,  0.0%, 99.8%,  0.2%], RTT = 0.100s, Queue delay = 0.000s, MTU = 1200
 summary  22.0  Transmit rate = 36998kbps, PLR =  0.00%( 0.00%), CE =  0.33%( 0.14%)[ 0.0%,  0.0%, 99.9%,  0.1%], RTT = 0.100s, Queue delay = 0.000s, MTU = 1200
 summary  24.0  Transmit rate = 36928kbps, PLR =  0.00%( 0.00%), CE =  0.09%( 0.12%)[ 0.0%,  0.0%, 99.9%,  0.1%], RTT = 0.100s, Queue delay = 0.000s, MTU = 1200
 summary  26.0  Transmit rate = 37000kbps, PLR =  0.00%( 0.00%), CE =  0.06%( 0.13%)[ 0.0%,  0.0%, 99.9%,  0.1%], RTT = 0.100s, Queue delay = 0.000s, MTU = 1200
 summary  28.0  Transmit rate = 37114kbps, PLR =  0.00%( 0.00%), CE =  0.23%( 0.15%)[ 0.0%,  0.0%, 99.8%,  0.2%], RTT = 0.100s, Queue delay = 0.000s, MTU = 1200
 summary  30.0  Transmit rate = 37231kbps, PLR =  0.00%( 0.00%), CE =  0.26%( 0.15%)[ 0.0%,  0.0%, 99.9%,  0.1%], RTT = 0.100s, Queue delay = 0.000s, MTU = 1200
 summary  32.1  Transmit rate = 37535kbps, PLR =  0.00%( 0.00%), CE =  0.14%( 0.15%)[ 0.0%,  0.0%, 99.8%,  0.2%], RTT = 0.100s, Queue delay = 0.000s, MTU = 1200
 summary  34.1  Transmit rate = 37605kbps, PLR =  0.00%( 0.00%), CE =  0.30%( 0.18%)[ 0.0%,  0.0%, 99.8%,  0.2%], RTT = 0.100s, Queue delay = 0.000s, MTU = 1200

======================== Summary ==========================
 Bitrate min/max/avg [kbps]          :  5589/70107/28609
 RTT     min/max/avg [s]             : 0.050/0.100/0.099
 Queue delay max/avg [s]             : 0.001/0.000
 Packet loss avg [%]                 : 0.000
 ECN/L4S NotECT/ECT(0)/ECT(1)/CE [%] :  0.0/ 0.0/99.8/ 0.2
===========================================================
