Listen on port 8081 to receive RTCP from decoder 
Scream sender started! 
 summary   2.0  Transmit rate =  1587kbps, PLR =  0.00%( 0.00%), CE =  0.00%( 0.00%)[ 0.0%,  0.0%, 100.0%,  0.0%], RTT = 0.067s, Queue delay = 0.000s, MTU = 1200
 summary   4.0  Transmit rate =  2737kbps, PLR =  0.00%( 0.00%), CE =  0.00%( 0.00%)[ 0.0%,  0.0%, 100.0%,  0.0%], RTT = 0.085s, Queue delay = 0.000s, MTU = 1200
 summary   6.0  Transmit rate =  4469kbps, PLR =  0.00%( 0.00%), CE =  0.00%( 0.00%)[ 0.0%,  0.0%, 100.0%,  0.0%], RTT = 0.093s, Queue delay = 0.000s, MTU = 1200
 summary   8.0  Transmit rate =  6983kbps, PLR =  0.00%( 0.00%), CE =  0.00%( 0.00%)[ 0.0%,  0.0%, 100.0%,  0.0%], RTT = 0.097s, Queue delay = 0.000s, MTU = 1200
 summary  10.0  Transmit rate = 11020kbps, PLR =  0.00%( 0.00%), CE =  0.00%( 0.00%)[ 0.0%,  0.0%, 100.0%,  0.0%], RTT = 0.099s, Queue delay = 0.000s, MTU = 1200
 summary  12.0  Transmit rate = 17883kbps, PLR =  0.00%( 0.00%), CE =  0.00%( 0.00%)[ 0.0%,  0.0%, 100.0%,  0.0%], RTT = 0.099s, Queue delay = 0.000s, MTU = 1200
 summary  14.0  Transmit rate = 30388kbps, PLR =  0.00%( 0.00%), CE =  0.00%( 0.00%)[ 0.0%,  0.0%, 100.0%,  0.0%], RTT = 0.100s, Queue delay = 0.000s, MTU = 1200
 summary  16.0  Transmit rate = 39051kbps, PLR =  0.00%( 0.00%), CE =  0.01%( 0.01%)[ 0.0%,  0.0%, 100.0%,  0.0%], RTT = 0.100s, Queue delay = 0.000s, MTU = 1200
 summary  18.0  Transmit rate = 38413kbps, PLR =  0.00%( 0.00%), CE =  0.23%( 0.13%)[ 0.0%,  0.0%, 99.9%,  0.1%], RTT = 0.100s, Queue delay = 0.000s, MTU = 1200
 summary  20.0  Transmit rate = 31320kbps, PLR =  0.02%( 0.00%), CE =  0.61%( 0.22%)[ 0.0%,  0.0%, 99.8%,  0.2%], RTT = 0.100s, Queue delay = 0.000s, MTU = 1200
 summary  22.0  Transmit rate = 27235kbps, PLR =  0.02%( 0.00%), CE =  0.68%( 0.21%)[ 0.0%,  0.0%, 99.8%,  0.2%], RTT = 0.100s, Queue delay = 0.000s, MTU = 1200
 summary  24.0  Transmit rate = 25639kbps, PLR =  0.00%( 0.00%), CE =  0.22%( 0.19%)[ 0.0%,  0.0%, 99.8%,  0.2%], RTT = 0.100s, Queue delay = 0.000s, MTU = 1200
 summary  26.0  Transmit rate = 25224kbps, PLR =  0.00%( 0.00%), CE =  0.04%( 0.19%)[ 0.0%,  0.0%, 99.8%,  0.2%], RTT = 0.100s, Queue delay = 0.000s, MTU = 1200
 summary  28.0  Transmit rate = 25058kbps, PLR =  0.00%( 0.00%), CE =  0.27%( 0.22%)[ 0.0%,  0.0%, 99.8%,  0.2%], RTT = 0.100s, Queue delay = 0.000s, MTU = 1200
 summary  30.0  Transmit rate = 24938kbps, PLR =  0.00%( 0.00%), CE =  0.59%( 0.25%)[ 0.0%,  0.0%, 99.8%,  0.2%], RTT = 0.100s, Queue delay = 0.000s, MTU = 1200
 summary  32.0  Transmit rate = 25016kbps, PLR =  0.00%( 0.00%), CE =  0.57%( 0.25%)[ 0.0%,  0.0%, 99.8%,  0.2%], RTT = 0.100s, Queue delay = 0.000s, MTU = 1200
 summary  34.0  Transmit rate = 25093kbps, PLR =  0.00%( 0.00%), CE =  0.24%( 0.24%)[ 0.0%,  0.0%, 99.8%,  0.2%], RTT = 0.100s, Queue delay = 0.000s, MTU = 1200

======================== Summary ==========================
 Bitrate min/max/avg [kbps]          :  5600/65557/22521
 RTT     min/max/avg [s]             : 0.050/0.100/0.099
 Queue delay max/avg [s]             : 0.001/0.000
 Packet loss avg [%]                 : 0.002
 ECN/L4S NotECT/ECT(0)/ECT(1)/CE [%] :  0.0/ 0.0/99.8/ 0.2
===========================================================
