Listen on port 8081 to receive RTCP from decoder 
Scream sender started! 
 summary   2.0  Transmit rate =  1676kbps, PLR =  0.00%( 0.00%), CE =  0.00%( 0.00%)[ 0.0%,  0.0%, 100.0%,  0.0%], RTT = 0.067s, Queue delay = 0.000s, MTU = 1200
 summary   4.0  Transmit rate =  2778kbps, PLR =  0.00%( 0.00%), CE =  0.00%( 0.00%)[ 0.0%,  0.0%, 100.0%,  0.0%], RTT = 0.085s, Queue delay = 0.000s, MTU = 1200
 summary   6.0  Transmit rate =  4488kbps, PLR =  0.00%( 0.00%), CE =  0.00%( 0.00%)[ 0.0%,  0.0%, 100.0%,  0.0%], RTT = 0.093s, Queue delay = 0.000s, MTU = 1200
 summary   8.0  Transmit rate =  6993kbps, PLR =  0.00%( 0.00%), CE =  0.00%( 0.00%)[ 0.0%,  0.0%, 100.0%,  0.0%], RTT = 0.097s, Queue delay = 0.000s, MTU = 1200
 summary  10.0  Transmit rate = 11034kbps, PLR =  0.00%( 0.00%), CE =  0.00%( 0.00%)[ 0.0%,  0.0%, 100.0%,  0.0%], RTT = 0.099s, Queue delay = 0.000s, MTU = 1200
 summary  12.0  Transmit rate = 17891kbps, PLR =  0.00%( 0.00%), CE =  0.00%( 0.00%)[ 0.0%,  0.0%, 100.0%,  0.0%], RTT = 0.099s, Queue delay = 0.000s, MTU = 1200
 summary  14.0  Transmit rate = 30326kbps, PLR =  0.00%( 0.00%), CE =  0.00%( 0.00%)[ 0.0%,  0.0%, 100.0%,  0.0%], RTT = 0.100s, Queue delay = 0.000s, MTU = 1200
 summary  16.0  Transmit rate = 38284kbps, PLR =  0.00%( 0.00%), CE =  0.02%( 0.02%)[ 0.0%,  0.0%, 100.0%,  0.0%], RTT = 0.100s, Queue delay = 0.000s, MTU = 1200
 summary  18.0  Transmit rate = 37584kbps, PLR =  0.00%( 0.00%), CE =  0.31%( 0.18%)[ 0.0%,  0.0%, 99.8%,  0.2%], RTT = 0.100s, Queue delay = 0.000s, MTU = 1200
 summary  20.0  Transmit rate = 35458kbps, PLR =  0.00%( 0.00%), CE =  0.61%( 0.22%)[ 0.0%,  0.0%, 99.8%,  0.2%], RTT = 0.100s, Queue delay = 0.000s, MTU = 1200
 summary  22.0  Transmit rate = 34616kbps, PLR =  0.00%( 0.00%), CE =  0.55%( 0.19%)[ 0.0%,  0.0%, 99.8%,  0.2%], RTT = 0.100s, Queue delay = 0.000s, MTU = 1200
 summary  24.0  Transmit rate = 34425kbps, PLR =  0.00%( 0.00%), CE =  0.11%( 0.18%)[ 0.0%,  0.0%, 99.8%,  0.2%], RTT = 0.100s, Queue delay = 0.000s, MTU = 1200
 summary  26.0  Transmit rate = 34477kbps, PLR =  0.00%( 0.00%), CE =  0.25%( 0.22%)[ 0.0%,  0.0%, 99.8%,  0.2%], RTT = 0.100s, Queue delay = 0.000s, MTU = 1200
 summary  28.0  Transmit rate = 34244kbps, PLR =  0.00%( 0.00%), CE =  0.49%( 0.25%)[ 0.0%,  0.0%, 99.8%,  0.2%], RTT = 0.100s, Queue delay = 0.000s, MTU = 1200
 summary  30.0  Transmit rate = 34366kbps, PLR =  0.00%( 0.00%), CE =  0.42%( 0.24%)[ 0.0%,  0.0%, 99.8%,  0.2%], RTT = 0.100s, Queue delay = 0.000s, MTU = 1200
 summary  32.0  Transmit rate = 34449kbps, PLR =  0.00%( 0.00%), CE =  0.22%( 0.25%)[ 0.0%,  0.0%, 99.7%,  0.3%], RTT = 0.100s, Queue delay = 0.000s, MTU = 1200
 summary  34.0  Transmit rate = 34456kbps, PLR =  0.00%( 0.00%), CE =  0.43%( 0.27%)[ 0.0%,  0.0%, 99.7%,  0.3%], RTT = 0.100s, Queue delay = 0.000s, MTU = 1200

======================== Summary ==========================
 Bitrate min/max/avg [kbps]          :  5596/66169/26912
 RTT     min/max/avg [s]             : 0.050/0.100/0.099
 Queue delay max/avg [s]             : 0.001/0.000
 Packet loss avg [%]                 : 0.000
 ECN/L4S NotECT/ECT(0)/ECT(1)/CE [%] :  0.0/ 0.0/99.7/ 0.3
===========================================================
