Listen on port 5519 to receive RTCP from decoder 
Scream sender started! 
 summary   2.0  Transmit rate =  3911kbps, PLR =  0.00%( 0.00%), CE =  2.39%( 8.70%)[ 0.0%,  0.0%, 91.3%,  8.7%], RTT = 0.036s, Queue delay = 0.001s, MTU = 1200
 summary   4.0  Transmit rate =  5127kbps, PLR =  0.00%( 0.00%), CE =  5.51%( 7.34%)[ 0.0%,  0.0%, 92.7%,  7.3%], RTT = 0.029s, Queue delay = 0.002s, MTU = 1200
 summary   6.0  Transmit rate =  5703kbps, PLR =  0.00%( 0.00%), CE =  8.48%( 7.46%)[ 0.0%,  0.0%, 92.7%,  7.3%], RTT = 0.026s, Queue delay = 0.002s, MTU = 1200
 summary   8.0  Transmit rate =  5872kbps, PLR =  0.00%( 0.00%), CE =  8.36%( 7.31%)[ 0.0%,  0.0%, 92.8%,  7.2%], RTT = 0.024s, Queue delay = 0.002s, MTU = 1200
 summary  10.0  Transmit rate =  5960kbps, PLR =  0.00%( 0.00%), CE =  7.77%( 7.32%)[ 0.0%,  0.0%, 92.8%,  7.2%], RTT = 0.024s, Queue delay = 0.002s, MTU = 1200
 summary  12.0  Transmit rate =  6093kbps, PLR =  0.00%( 0.00%), CE =  7.92%( 7.37%)[ 0.0%,  0.0%, 92.7%,  7.3%], RTT = 0.024s, Queue delay = 0.002s, MTU = 1200
 summary  14.0  Transmit rate =  6160kbps, PLR =  0.00%( 0.00%), CE =  7.94%( 7.23%)[ 0.0%,  0.0%, 92.9%,  7.1%], RTT = 0.023s, Queue delay = 0.002s, MTU = 1200
 summary  16.0  Transmit rate =  6043kbps, PLR =  0.00%( 0.00%), CE =  8.31%( 7.36%)[ 0.0%,  0.0%, 92.7%,  7.3%], RTT = 0.023s, Queue delay = 0.002s, MTU = 1200
 summary  18.0  Transmit rate =  5872kbps, PLR =  0.00%( 0.00%), CE =  8.11%( 7.30%)[ 0.0%,  0.0%, 92.8%,  7.2%], RTT = 0.023s, Queue delay = 0.002s, MTU = 1200
 summary  20.0  Transmit rate =  5939kbps, PLR =  0.00%( 0.00%), CE =  8.49%( 7.43%)[ 0.0%,  0.0%, 92.7%,  7.3%], RTT = 0.023s, Queue delay = 0.002s, MTU = 1200
 summary  22.0  Transmit rate =  6057kbps, PLR =  0.00%( 0.00%), CE =  8.48%( 7.36%)[ 0.0%,  0.0%, 92.8%,  7.2%], RTT = 0.023s, Queue delay = 0.002s, MTU = 1200
 summary  24.0  Transmit rate =  6120kbps, PLR =  0.00%( 0.00%), CE =  9.02%( 7.44%)[ 0.0%,  0.0%, 92.7%,  7.3%], RTT = 0.023s, Queue delay = 0.002s, MTU = 1200
 summary  26.0  Transmit rate =  6155kbps, PLR =  0.00%( 0.00%), CE =  8.03%( 7.36%)[ 0.0%,  0.0%, 92.8%,  7.2%], RTT = 0.023s, Queue delay = 0.002s, MTU = 1200
 summary  28.1  Transmit rate =  6158kbps, PLR =  0.00%( 0.00%), CE =  7.82%( 7.38%)[ 0.0%,  0.0%, 92.7%,  7.3%], RTT = 0.023s, Queue delay = 0.002s, MTU = 1200
 summary  30.1  Transmit rate =  6108kbps, PLR =  0.00%( 0.00%), CE =  8.06%( 7.31%)[ 0.0%,  0.0%, 92.8%,  7.2%], RTT = 0.023s, Queue delay = 0.002s, MTU = 1200
 summary  32.1  Transmit rate =  5994kbps, PLR =  0.00%( 0.00%), CE =  7.46%( 7.30%)[ 0.0%,  0.0%, 92.8%,  7.2%], RTT = 0.023s, Queue delay = 0.002s, MTU = 1200
 summary  34.1  Transmit rate =  5946kbps, PLR =  0.00%( 0.00%), CE =  7.75%( 7.30%)[ 0.0%,  0.0%, 92.8%,  7.2%], RTT = 0.023s, Queue delay = 0.002s, MTU = 1200

======================== Summary ==========================
 Bitrate min/max/avg [kbps]          :  4821/ 7400/ 6023
 RTT     min/max/avg [s]             : 0.023/0.049/0.024
 Queue delay max/avg [s]             : 0.004/0.002
 Packet loss avg [%]                 : 0.000
 ECN/L4S NotECT/ECT(0)/ECT(1)/CE [%] :  0.0/ 0.0/92.8/ 7.2
===========================================================
