Listen on port 5474 to receive RTCP from decoder 
Scream sender started! 
 summary   2.0  Transmit rate =  4115kbps, PLR =  0.00%( 0.00%), CE =  0.00%( 0.00%)[100.0%,  0.0%,  0.0%,  0.0%], RTT = 0.042s, Queue delay = 0.008s, MTU = 1200
 summary   4.0  Transmit rate =  5220kbps, PLR =  0.04%( 0.04%), CE =  0.00%( 0.00%)[100.0%,  0.0%,  0.0%,  0.0%], RTT = 0.038s, Queue delay = 0.010s, MTU = 1200
 summary   6.0  Transmit rate =  5666kbps, PLR =  0.04%( 0.03%), CE =  0.00%( 0.00%)[100.0%,  0.0%,  0.0%,  0.0%], RTT = 0.037s, Queue delay = 0.013s, MTU = 1200
 summary   8.0  Transmit rate =  6042kbps, PLR =  0.04%( 0.02%), CE =  0.00%( 0.00%)[100.0%,  0.0%,  0.0%,  0.0%], RTT = 0.037s, Queue delay = 0.015s, MTU = 1200
 summary  10.0  Transmit rate =  5972kbps, PLR =  0.05%( 0.03%), CE =  0.00%( 0.00%)[100.0%,  0.0%,  0.0%,  0.0%], RTT = 0.035s, Queue delay = 0.012s, MTU = 1200
 summary  12.0  Transmit rate =  5837kbps, PLR =  0.05%( 0.03%), CE =  0.00%( 0.00%)[100.0%,  0.0%,  0.0%,  0.0%], RTT = 0.036s, Queue delay = 0.013s, MTU = 1200
 summary  14.0  Transmit rate =  5557kbps, PLR =  0.05%( 0.04%), CE =  0.00%( 0.00%)[100.0%,  0.0%,  0.0%,  0.0%], RTT = 0.034s, Queue delay = 0.011s, MTU = 1200
 summary  16.0  Transmit rate =  5348kbps, PLR =  0.10%( 0.04%), CE =  0.00%( 0.00%)[100.0%,  0.0%,  0.0%,  0.0%], RTT = 0.032s, Queue delay = 0.010s, MTU = 1200
 summary  18.0  Transmit rate =  5609kbps, PLR =  0.06%( 0.04%), CE =  0.00%( 0.00%)[100.0%,  0.0%,  0.0%,  0.0%], RTT = 0.033s, Queue delay = 0.011s, MTU = 1200
 summary  20.0  Transmit rate =  5570kbps, PLR =  0.10%( 0.04%), CE =  0.00%( 0.00%)[100.0%,  0.0%,  0.0%,  0.0%], RTT = 0.032s, Queue delay = 0.010s, MTU = 1200
 summary  22.0  Transmit rate =  5650kbps, PLR =  0.04%( 0.04%), CE =  0.00%( 0.00%)[100.0%,  0.0%,  0.0%,  0.0%], RTT = 0.033s, Queue delay = 0.011s, MTU = 1200
 summary  24.0  Transmit rate =  5436kbps, PLR =  0.08%( 0.04%), CE =  0.00%( 0.00%)[100.0%,  0.0%,  0.0%,  0.0%], RTT = 0.032s, Queue delay = 0.009s, MTU = 1200
 summary  26.0  Transmit rate =  5484kbps, PLR =  0.05%( 0.04%), CE =  0.00%( 0.00%)[100.0%,  0.0%,  0.0%,  0.0%], RTT = 0.033s, Queue delay = 0.011s, MTU = 1200
 summary  28.0  Transmit rate =  4972kbps, PLR =  0.17%( 0.05%), CE =  0.00%( 0.00%)[100.0%,  0.0%,  0.0%,  0.0%], RTT = 0.031s, Queue delay = 0.008s, MTU = 1200
 summary  30.1  Transmit rate =  5064kbps, PLR =  0.16%( 0.05%), CE =  0.00%( 0.00%)[100.0%,  0.0%,  0.0%,  0.0%], RTT = 0.030s, Queue delay = 0.008s, MTU = 1200
 summary  32.1  Transmit rate =  5232kbps, PLR =  0.12%( 0.05%), CE =  0.00%( 0.00%)[100.0%,  0.0%,  0.0%,  0.0%], RTT = 0.032s, Queue delay = 0.009s, MTU = 1200
 summary  34.1  Transmit rate =  5419kbps, PLR =  0.04%( 0.05%), CE =  0.00%( 0.00%)[100.0%,  0.0%,  0.0%,  0.0%], RTT = 0.033s, Queue delay = 0.010s, MTU = 1200

======================== Summary ==========================
 Bitrate min/max/avg [kbps]          :  2344/ 7864/ 5571
 RTT     min/max/avg [s]             : 0.028/0.049/0.034
 Queue delay max/avg [s]             : 0.028/0.011
 Packet loss avg [%]                 : 0.045
 ECN/L4S NotECT/ECT(0)/ECT(1)/CE [%] : 100.0/ 0.0/ 0.0/ 0.0
===========================================================
