Listen on port 5443 to receive RTCP from decoder 
Scream sender started! 
 summary   2.0  Transmit rate =  3953kbps, PLR =  0.00%( 0.00%), CE =  2.44%( 7.44%)[ 0.0%,  0.0%, 92.5%,  7.5%], RTT = 0.036s, Queue delay = 0.001s, MTU = 1200
 summary   4.0  Transmit rate =  5112kbps, PLR =  0.00%( 0.00%), CE =  5.15%( 6.80%)[ 0.0%,  0.0%, 93.3%,  6.7%], RTT = 0.029s, Queue delay = 0.001s, MTU = 1200
 summary   6.0  Transmit rate =  5630kbps, PLR =  0.00%( 0.00%), CE =  6.84%( 5.97%)[ 0.0%,  0.0%, 94.0%,  6.0%], RTT = 0.026s, Queue delay = 0.002s, MTU = 1200
 summary   8.0  Transmit rate =  5972kbps, PLR =  0.00%( 0.00%), CE =  6.86%( 6.44%)[ 0.0%,  0.0%, 93.6%,  6.4%], RTT = 0.024s, Queue delay = 0.002s, MTU = 1200
 summary  10.0  Transmit rate =  6121kbps, PLR =  0.00%( 0.00%), CE =  7.05%( 6.61%)[ 0.0%,  0.0%, 93.5%,  6.5%], RTT = 0.024s, Queue delay = 0.002s, MTU = 1200
 summary  12.0  Transmit rate =  6164kbps, PLR =  0.00%( 0.00%), CE =  8.09%( 6.68%)[ 0.0%,  0.0%, 93.4%,  6.6%], RTT = 0.024s, Queue delay = 0.002s, MTU = 1200
 summary  14.0  Transmit rate =  6219kbps, PLR =  0.00%( 0.00%), CE =  9.38%( 6.93%)[ 0.0%,  0.0%, 93.2%,  6.8%], RTT = 0.024s, Queue delay = 0.002s, MTU = 1200
 summary  16.0  Transmit rate =  6196kbps, PLR =  0.00%( 0.00%), CE =  8.69%( 6.92%)[ 0.0%,  0.0%, 93.2%,  6.8%], RTT = 0.023s, Queue delay = 0.002s, MTU = 1200
 summary  18.0  Transmit rate =  6219kbps, PLR =  0.00%( 0.00%), CE =  9.13%( 6.99%)[ 0.0%,  0.0%, 93.1%,  6.9%], RTT = 0.023s, Queue delay = 0.002s, MTU = 1200
 summary  20.0  Transmit rate =  6204kbps, PLR =  0.00%( 0.00%), CE =  8.22%( 7.05%)[ 0.0%,  0.0%, 93.1%,  6.9%], RTT = 0.023s, Queue delay = 0.002s, MTU = 1200
 summary  22.0  Transmit rate =  6189kbps, PLR =  0.00%( 0.00%), CE =  8.46%( 7.16%)[ 0.0%,  0.0%, 93.0%,  7.0%], RTT = 0.023s, Queue delay = 0.002s, MTU = 1200
 summary  24.0  Transmit rate =  6127kbps, PLR =  0.00%( 0.00%), CE =  9.19%( 7.23%)[ 0.0%,  0.0%, 92.9%,  7.1%], RTT = 0.023s, Queue delay = 0.002s, MTU = 1200
 summary  26.0  Transmit rate =  6147kbps, PLR =  0.00%( 0.00%), CE =  9.15%( 7.32%)[ 0.0%,  0.0%, 92.8%,  7.2%], RTT = 0.023s, Queue delay = 0.002s, MTU = 1200
 summary  28.0  Transmit rate =  6281kbps, PLR =  0.00%( 0.00%), CE =  8.33%( 7.20%)[ 0.0%,  0.0%, 92.9%,  7.1%], RTT = 0.023s, Queue delay = 0.002s, MTU = 1200
 summary  30.0  Transmit rate =  6330kbps, PLR =  0.00%( 0.00%), CE =  8.39%( 7.29%)[ 0.0%,  0.0%, 92.8%,  7.2%], RTT = 0.023s, Queue delay = 0.002s, MTU = 1200
 summary  32.1  Transmit rate =  6260kbps, PLR =  0.00%( 0.00%), CE =  8.00%( 7.29%)[ 0.0%,  0.0%, 92.8%,  7.2%], RTT = 0.023s, Queue delay = 0.002s, MTU = 1200
 summary  34.1  Transmit rate =  5976kbps, PLR =  0.00%( 0.00%), CE =  8.71%( 7.32%)[ 0.0%,  0.0%, 92.8%,  7.2%], RTT = 0.023s, Queue delay = 0.002s, MTU = 1200

======================== Summary ==========================
 Bitrate min/max/avg [kbps]          :  4832/ 7570/ 6118
 RTT     min/max/avg [s]             : 0.023/0.049/0.024
 Queue delay max/avg [s]             : 0.004/0.002
 Packet loss avg [%]                 : 0.000
 ECN/L4S NotECT/ECT(0)/ECT(1)/CE [%] :  0.0/ 0.0/92.8/ 7.2
===========================================================
