socket set to IP_RECVTOS
socket SO_RCVBUF set to 20971520
Listen on port 5478 to receive RTP from sender 
.
.
Packet(s) lost or reordered :   379 was received, previous rcvd is   377 
Packet(s) lost or reordered :  1680 was received, previous rcvd is  1678 
Packet(s) lost or reordered :  1755 was received, previous rcvd is  1753 
Packet(s) lost or reordered :  1828 was received, previous rcvd is  1826 
Packet(s) lost or reordered :  3836 was received, previous rcvd is  3834 
Packet(s) lost or reordered :  4085 was received, previous rcvd is  4083 
Packet(s) lost or reordered :  5780 was received, previous rcvd is  5778 
Packet(s) lost or reordered :  8386 was received, previous rcvd is  8384 
Packet(s) lost or reordered :  8595 was received, previous rcvd is  8593 
Packet(s) lost or reordered : 11696 was received, previous rcvd is 11694 
Packet(s) lost or reordered : 12782 was received, previous rcvd is 12780 
Packet(s) lost or reordered : 12830 was received, previous rcvd is 12828 
Packet(s) lost or reordered : 13103 was received, previous rcvd is 13101 
Packet(s) lost or reordered : 14189 was received, previous rcvd is 14187 
Packet(s) lost or reordered : 16949 was received, previous rcvd is 16947 
Packet(s) lost or reordered : 18625 was received, previous rcvd is 18623 
Packet(s) lost or reordered : 18631 was received, previous rcvd is 18629 
Packet(s) lost or reordered : 18870 was received, previous rcvd is 18868 
.
