Listen on port 5485 to receive RTCP from decoder 
Scream sender started! 
 summary   2.0  Transmit rate =  3884kbps, PLR =  0.00%( 0.00%), CE =  2.90%( 8.65%)[ 0.0%,  0.0%, 91.3%,  8.7%], RTT = 0.036s, Queue delay = 0.001s, MTU = 1200
 summary   4.0  Transmit rate =  4624kbps, PLR =  0.00%( 0.00%), CE =  7.14%( 9.21%)[ 0.0%,  0.0%, 90.7%,  9.3%], RTT = 0.029s, Queue delay = 0.001s, MTU = 1200
 summary   6.0  Transmit rate =  5688kbps, PLR =  0.00%( 0.00%), CE =  8.88%( 8.12%)[ 0.0%,  0.0%, 91.9%,  8.1%], RTT = 0.026s, Queue delay = 0.002s, MTU = 1200
 summary   8.0  Transmit rate =  5824kbps, PLR =  0.00%( 0.00%), CE =  8.39%( 7.96%)[ 0.0%,  0.0%, 92.0%,  8.0%], RTT = 0.025s, Queue delay = 0.002s, MTU = 1200
 summary  10.0  Transmit rate =  5999kbps, PLR =  0.00%( 0.00%), CE =  8.43%( 7.92%)[ 0.0%,  0.0%, 92.1%,  7.9%], RTT = 0.024s, Queue delay = 0.002s, MTU = 1200
 summary  12.0  Transmit rate =  6199kbps, PLR =  0.00%( 0.00%), CE =  7.96%( 7.67%)[ 0.0%,  0.0%, 92.4%,  7.6%], RTT = 0.024s, Queue delay = 0.002s, MTU = 1200
 summary  14.0  Transmit rate =  6064kbps, PLR =  0.00%( 0.00%), CE =  7.98%( 7.61%)[ 0.0%,  0.0%, 92.5%,  7.5%], RTT = 0.024s, Queue delay = 0.002s, MTU = 1200
 summary  16.0  Transmit rate =  6000kbps, PLR =  0.00%( 0.00%), CE =  8.58%( 7.55%)[ 0.0%,  0.0%, 92.5%,  7.5%], RTT = 0.024s, Queue delay = 0.002s, MTU = 1200
 summary  18.0  Transmit rate =  6131kbps, PLR =  0.00%( 0.00%), CE =  9.23%( 7.79%)[ 0.0%,  0.0%, 92.3%,  7.7%], RTT = 0.024s, Queue delay = 0.002s, MTU = 1200
 summary  20.0  Transmit rate =  6124kbps, PLR =  0.00%( 0.00%), CE =  8.06%( 7.65%)[ 0.0%,  0.0%, 92.4%,  7.6%], RTT = 0.024s, Queue delay = 0.002s, MTU = 1200
 summary  22.0  Transmit rate =  6058kbps, PLR =  0.00%( 0.00%), CE =  8.71%( 7.57%)[ 0.0%,  0.0%, 92.6%,  7.4%], RTT = 0.023s, Queue delay = 0.002s, MTU = 1200
 summary  24.0  Transmit rate =  6043kbps, PLR =  0.00%( 0.00%), CE =  7.88%( 7.57%)[ 0.0%,  0.0%, 92.6%,  7.4%], RTT = 0.023s, Queue delay = 0.002s, MTU = 1200
 summary  26.0  Transmit rate =  6167kbps, PLR =  0.00%( 0.00%), CE =  7.97%( 7.60%)[ 0.0%,  0.0%, 92.5%,  7.5%], RTT = 0.023s, Queue delay = 0.002s, MTU = 1200
 summary  28.0  Transmit rate =  6236kbps, PLR =  0.00%( 0.00%), CE =  8.66%( 7.56%)[ 0.0%,  0.0%, 92.6%,  7.4%], RTT = 0.023s, Queue delay = 0.002s, MTU = 1200
 summary  30.0  Transmit rate =  5929kbps, PLR =  0.00%( 0.00%), CE =  8.12%( 7.45%)[ 0.0%,  0.0%, 92.7%,  7.3%], RTT = 0.023s, Queue delay = 0.002s, MTU = 1200
 summary  32.0  Transmit rate =  5904kbps, PLR =  0.00%( 0.00%), CE =  8.31%( 7.47%)[ 0.0%,  0.0%, 92.6%,  7.4%], RTT = 0.023s, Queue delay = 0.002s, MTU = 1200
 summary  34.1  Transmit rate =  6051kbps, PLR =  0.00%( 0.00%), CE =  8.10%( 7.47%)[ 0.0%,  0.0%, 92.7%,  7.3%], RTT = 0.023s, Queue delay = 0.002s, MTU = 1200

======================== Summary ==========================
 Bitrate min/max/avg [kbps]          :  4920/ 8119/ 6001
 RTT     min/max/avg [s]             : 0.023/0.049/0.024
 Queue delay max/avg [s]             : 0.004/0.002
 Packet loss avg [%]                 : 0.000
 ECN/L4S NotECT/ECT(0)/ECT(1)/CE [%] :  0.0/ 0.0/92.7/ 7.3
===========================================================
