Listen on port 5461 to receive RTCP from decoder 
Scream sender started! 
 summary   2.0  Transmit rate =  3940kbps, PLR =  0.00%( 0.00%), CE =  2.73%( 9.57%)[ 0.0%,  0.0%, 90.3%,  9.7%], RTT = 0.036s, Queue delay = 0.001s, MTU = 1200
 summary   4.0  Transmit rate =  4957kbps, PLR =  0.00%( 0.00%), CE =  6.00%( 7.93%)[ 0.0%,  0.0%, 92.2%,  7.8%], RTT = 0.029s, Queue delay = 0.002s, MTU = 1200
 summary   6.0  Transmit rate =  5569kbps, PLR =  0.00%( 0.00%), CE =  9.51%( 8.19%)[ 0.0%,  0.0%, 91.9%,  8.1%], RTT = 0.026s, Queue delay = 0.002s, MTU = 1200
 summary   8.0  Transmit rate =  5783kbps, PLR =  0.00%( 0.00%), CE =  7.22%( 7.33%)[ 0.0%,  0.0%, 92.7%,  7.3%], RTT = 0.024s, Queue delay = 0.002s, MTU = 1200
 summary  10.0  Transmit rate =  5970kbps, PLR =  0.00%( 0.00%), CE =  8.63%( 7.77%)[ 0.0%,  0.0%, 92.4%,  7.6%], RTT = 0.024s, Queue delay = 0.002s, MTU = 1200
 summary  12.0  Transmit rate =  6109kbps, PLR =  0.00%( 0.00%), CE =  6.88%( 7.44%)[ 0.0%,  0.0%, 92.7%,  7.3%], RTT = 0.024s, Queue delay = 0.002s, MTU = 1200
 summary  14.0  Transmit rate =  6076kbps, PLR =  0.00%( 0.00%), CE =  8.36%( 7.32%)[ 0.0%,  0.0%, 92.8%,  7.2%], RTT = 0.023s, Queue delay = 0.002s, MTU = 1200
 summary  16.0  Transmit rate =  6019kbps, PLR =  0.00%( 0.00%), CE =  8.14%( 7.44%)[ 0.0%,  0.0%, 92.7%,  7.3%], RTT = 0.023s, Queue delay = 0.002s, MTU = 1200
 summary  18.0  Transmit rate =  5903kbps, PLR =  0.00%( 0.00%), CE =  7.93%( 7.40%)[ 0.0%,  0.0%, 92.8%,  7.2%], RTT = 0.023s, Queue delay = 0.002s, MTU = 1200
 summary  20.0  Transmit rate =  6085kbps, PLR =  0.00%( 0.00%), CE =  8.34%( 7.42%)[ 0.0%,  0.0%, 92.7%,  7.3%], RTT = 0.023s, Queue delay = 0.002s, MTU = 1200
 summary  22.0  Transmit rate =  6124kbps, PLR =  0.00%( 0.00%), CE =  7.74%( 7.45%)[ 0.0%,  0.0%, 92.7%,  7.3%], RTT = 0.023s, Queue delay = 0.002s, MTU = 1200
 summary  24.0  Transmit rate =  6206kbps, PLR =  0.00%( 0.00%), CE =  9.21%( 7.46%)[ 0.0%,  0.0%, 92.7%,  7.3%], RTT = 0.023s, Queue delay = 0.002s, MTU = 1200
 summary  26.0  Transmit rate =  6262kbps, PLR =  0.00%( 0.00%), CE =  8.26%( 7.43%)[ 0.0%,  0.0%, 92.7%,  7.3%], RTT = 0.023s, Queue delay = 0.002s, MTU = 1200
 summary  28.0  Transmit rate =  6189kbps, PLR =  0.00%( 0.00%), CE =  7.68%( 7.33%)[ 0.0%,  0.0%, 92.8%,  7.2%], RTT = 0.023s, Queue delay = 0.002s, MTU = 1200
 summary  30.0  Transmit rate =  6078kbps, PLR =  0.00%( 0.00%), CE =  8.61%( 7.43%)[ 0.0%,  0.0%, 92.7%,  7.3%], RTT = 0.023s, Queue delay = 0.002s, MTU = 1200
 summary  32.0  Transmit rate =  6140kbps, PLR =  0.00%( 0.00%), CE =  7.91%( 7.34%)[ 0.0%,  0.0%, 92.8%,  7.2%], RTT = 0.023s, Queue delay = 0.002s, MTU = 1200
 summary  34.0  Transmit rate =  6090kbps, PLR =  0.00%( 0.00%), CE =  8.80%( 7.33%)[ 0.0%,  0.0%, 92.8%,  7.2%], RTT = 0.023s, Queue delay = 0.002s, MTU = 1200

======================== Summary ==========================
 Bitrate min/max/avg [kbps]          :  4432/ 7338/ 6034
 RTT     min/max/avg [s]             : 0.023/0.049/0.024
 Queue delay max/avg [s]             : 0.003/0.002
 Packet loss avg [%]                 : 0.000
 ECN/L4S NotECT/ECT(0)/ECT(1)/CE [%] :  0.0/ 0.0/92.8/ 7.2
===========================================================
