Listen on port 5413 to receive RTCP from decoder 
Scream sender started! 
 summary   2.0  Transmit rate =  3850kbps, PLR =  0.00%( 0.00%), CE =  3.52%( 9.84%)[ 0.0%,  0.0%, 90.1%,  9.9%], RTT = 0.036s, Queue delay = 0.001s, MTU = 1200
 summary   4.0  Transmit rate =  4935kbps, PLR =  0.00%( 0.00%), CE =  6.90%( 9.04%)[ 0.0%,  0.0%, 91.0%,  9.0%], RTT = 0.029s, Queue delay = 0.002s, MTU = 1200
 summary   6.0  Transmit rate =  5322kbps, PLR =  0.00%( 0.00%), CE = 10.56%( 8.35%)[ 0.0%,  0.0%, 91.7%,  8.3%], RTT = 0.026s, Queue delay = 0.002s, MTU = 1200
 summary   8.0  Transmit rate =  5735kbps, PLR =  0.00%( 0.00%), CE =  8.29%( 8.01%)[ 0.0%,  0.0%, 92.1%,  7.9%], RTT = 0.024s, Queue delay = 0.002s, MTU = 1200
 summary  10.0  Transmit rate =  6014kbps, PLR =  0.00%( 0.00%), CE =  7.81%( 7.71%)[ 0.0%,  0.0%, 92.3%,  7.7%], RTT = 0.024s, Queue delay = 0.002s, MTU = 1200
 summary  12.0  Transmit rate =  5917kbps, PLR =  0.00%( 0.00%), CE =  8.14%( 7.63%)[ 0.0%,  0.0%, 92.4%,  7.6%], RTT = 0.024s, Queue delay = 0.002s, MTU = 1200
 summary  14.0  Transmit rate =  6064kbps, PLR =  0.00%( 0.00%), CE =  9.07%( 7.71%)[ 0.0%,  0.0%, 92.4%,  7.6%], RTT = 0.023s, Queue delay = 0.002s, MTU = 1200
 summary  16.0  Transmit rate =  5912kbps, PLR =  0.00%( 0.00%), CE =  8.94%( 7.61%)[ 0.0%,  0.0%, 92.5%,  7.5%], RTT = 0.023s, Queue delay = 0.002s, MTU = 1200
 summary  18.0  Transmit rate =  6134kbps, PLR =  0.00%( 0.00%), CE =  8.14%( 7.55%)[ 0.0%,  0.0%, 92.6%,  7.4%], RTT = 0.023s, Queue delay = 0.002s, MTU = 1200
 summary  20.0  Transmit rate =  6243kbps, PLR =  0.00%( 0.00%), CE =  8.54%( 7.62%)[ 0.0%,  0.0%, 92.5%,  7.5%], RTT = 0.024s, Queue delay = 0.002s, MTU = 1200
 summary  22.0  Transmit rate =  6127kbps, PLR =  0.00%( 0.00%), CE =  8.80%( 7.57%)[ 0.0%,  0.0%, 92.6%,  7.4%], RTT = 0.023s, Queue delay = 0.002s, MTU = 1200
 summary  24.0  Transmit rate =  6273kbps, PLR =  0.00%( 0.00%), CE =  8.70%( 7.51%)[ 0.0%,  0.0%, 92.6%,  7.4%], RTT = 0.023s, Queue delay = 0.002s, MTU = 1200
 summary  26.0  Transmit rate =  6167kbps, PLR =  0.00%( 0.00%), CE =  8.44%( 7.47%)[ 0.0%,  0.0%, 92.7%,  7.3%], RTT = 0.024s, Queue delay = 0.002s, MTU = 1200
 summary  28.0  Transmit rate =  6062kbps, PLR =  0.00%( 0.00%), CE =  8.25%( 7.50%)[ 0.0%,  0.0%, 92.6%,  7.4%], RTT = 0.024s, Queue delay = 0.002s, MTU = 1200
 summary  30.0  Transmit rate =  5900kbps, PLR =  0.00%( 0.00%), CE =  8.54%( 7.49%)[ 0.0%,  0.0%, 92.6%,  7.4%], RTT = 0.023s, Queue delay = 0.002s, MTU = 1200
 summary  32.0  Transmit rate =  5869kbps, PLR =  0.00%( 0.00%), CE =  8.29%( 7.45%)[ 0.0%,  0.0%, 92.7%,  7.3%], RTT = 0.023s, Queue delay = 0.002s, MTU = 1200
 summary  34.0  Transmit rate =  6152kbps, PLR =  0.00%( 0.00%), CE =  7.23%( 7.36%)[ 0.0%,  0.0%, 92.8%,  7.2%], RTT = 0.023s, Queue delay = 0.002s, MTU = 1200

======================== Summary ==========================
 Bitrate min/max/avg [kbps]          :  4886/ 7612/ 6013
 RTT     min/max/avg [s]             : 0.023/0.049/0.024
 Queue delay max/avg [s]             : 0.004/0.002
 Packet loss avg [%]                 : 0.000
 ECN/L4S NotECT/ECT(0)/ECT(1)/CE [%] :  0.0/ 0.0/92.8/ 7.2
===========================================================
