Listen on port 5523 to receive RTCP from decoder 
Scream sender started! 
 summary   2.0  Transmit rate =  3695kbps, PLR =  0.00%( 0.00%), CE =  2.47%( 9.24%)[ 0.0%,  0.0%, 90.5%,  9.5%], RTT = 0.036s, Queue delay = 0.001s, MTU = 1200
 summary   4.0  Transmit rate =  4729kbps, PLR =  0.00%( 0.00%), CE =  6.12%( 8.08%)[ 0.0%,  0.0%, 91.8%,  8.2%], RTT = 0.029s, Queue delay = 0.002s, MTU = 1200
 summary   6.0  Transmit rate =  5399kbps, PLR =  0.00%( 0.00%), CE =  9.36%( 7.83%)[ 0.0%,  0.0%, 92.1%,  7.9%], RTT = 0.026s, Queue delay = 0.002s, MTU = 1200
 summary   8.0  Transmit rate =  5912kbps, PLR =  0.00%( 0.00%), CE =  8.96%( 8.15%)[ 0.0%,  0.0%, 91.9%,  8.1%], RTT = 0.024s, Queue delay = 0.002s, MTU = 1200
 summary  10.0  Transmit rate =  5843kbps, PLR =  0.00%( 0.00%), CE =  8.44%( 7.89%)[ 0.0%,  0.0%, 92.2%,  7.8%], RTT = 0.024s, Queue delay = 0.002s, MTU = 1200
 summary  12.0  Transmit rate =  6099kbps, PLR =  0.00%( 0.00%), CE =  8.24%( 7.76%)[ 0.0%,  0.0%, 92.3%,  7.7%], RTT = 0.024s, Queue delay = 0.002s, MTU = 1200
 summary  14.0  Transmit rate =  6067kbps, PLR =  0.00%( 0.00%), CE =  7.80%( 7.85%)[ 0.0%,  0.0%, 92.2%,  7.8%], RTT = 0.024s, Queue delay = 0.002s, MTU = 1200
 summary  16.0  Transmit rate =  5894kbps, PLR =  0.00%( 0.00%), CE =  8.49%( 7.54%)[ 0.0%,  0.0%, 92.5%,  7.5%], RTT = 0.024s, Queue delay = 0.002s, MTU = 1200
 summary  18.0  Transmit rate =  6041kbps, PLR =  0.00%( 0.00%), CE =  7.64%( 7.41%)[ 0.0%,  0.0%, 92.7%,  7.3%], RTT = 0.023s, Queue delay = 0.002s, MTU = 1200
 summary  20.0  Transmit rate =  6040kbps, PLR =  0.00%( 0.00%), CE =  6.41%( 7.32%)[ 0.0%,  0.0%, 92.8%,  7.2%], RTT = 0.023s, Queue delay = 0.002s, MTU = 1200
 summary  22.0  Transmit rate =  6140kbps, PLR =  0.00%( 0.00%), CE =  7.61%( 7.54%)[ 0.0%,  0.0%, 92.6%,  7.4%], RTT = 0.023s, Queue delay = 0.002s, MTU = 1200
 summary  24.0  Transmit rate =  6083kbps, PLR =  0.00%( 0.00%), CE =  8.27%( 7.41%)[ 0.0%,  0.0%, 92.7%,  7.3%], RTT = 0.023s, Queue delay = 0.002s, MTU = 1200
 summary  26.0  Transmit rate =  6253kbps, PLR =  0.00%( 0.00%), CE =  8.57%( 7.44%)[ 0.0%,  0.0%, 92.7%,  7.3%], RTT = 0.023s, Queue delay = 0.002s, MTU = 1200
 summary  28.0  Transmit rate =  6304kbps, PLR =  0.00%( 0.00%), CE =  7.16%( 7.51%)[ 0.0%,  0.0%, 92.6%,  7.4%], RTT = 0.023s, Queue delay = 0.002s, MTU = 1200
 summary  30.0  Transmit rate =  6288kbps, PLR =  0.00%( 0.00%), CE =  8.29%( 7.38%)[ 0.0%,  0.0%, 92.8%,  7.2%], RTT = 0.024s, Queue delay = 0.002s, MTU = 1200
 summary  32.0  Transmit rate =  6298kbps, PLR =  0.00%( 0.00%), CE =  8.06%( 7.37%)[ 0.0%,  0.0%, 92.8%,  7.2%], RTT = 0.024s, Queue delay = 0.002s, MTU = 1200
 summary  34.0  Transmit rate =  6254kbps, PLR =  0.00%( 0.00%), CE =  7.55%( 7.31%)[ 0.0%,  0.0%, 92.8%,  7.2%], RTT = 0.024s, Queue delay = 0.002s, MTU = 1200

======================== Summary ==========================
 Bitrate min/max/avg [kbps]          :     0/ 7551/ 5957
 RTT     min/max/avg [s]             : 0.023/0.049/0.024
 Queue delay max/avg [s]             : 0.004/0.002
 Packet loss avg [%]                 : 0.000
 ECN/L4S NotECT/ECT(0)/ECT(1)/CE [%] :  0.0/ 0.0/92.8/ 7.2
===========================================================
