socket set to IP_RECVTOS
socket SO_RCVBUF set to 20971520
Listen on port 5504 to receive RTP from sender 
.
.
Packet(s) lost or reordered :   362 was received, previous rcvd is   360 
Packet(s) lost or reordered :   588 was received, previous rcvd is   586 
Packet(s) lost or reordered :  4271 was received, previous rcvd is  4269 
Packet(s) lost or reordered :  4797 was received, previous rcvd is  4795 
Packet(s) lost or reordered :  7589 was received, previous rcvd is  7587 
Packet(s) lost or reordered :  8102 was received, previous rcvd is  8100 
Packet(s) lost or reordered :  9568 was received, previous rcvd is  9566 
Packet(s) lost or reordered : 12081 was received, previous rcvd is 12079 
Packet(s) lost or reordered : 12314 was received, previous rcvd is 12312 
Packet(s) lost or reordered : 14155 was received, previous rcvd is 14153 
Packet(s) lost or reordered : 14654 was received, previous rcvd is 14652 
Packet(s) lost or reordered : 15978 was received, previous rcvd is 15976 
Packet(s) lost or reordered : 16635 was received, previous rcvd is 16633 
Packet(s) lost or reordered : 18881 was received, previous rcvd is 18879 
.
