Listen on port 5467 to receive RTCP from decoder 
Scream sender started! 
 summary   2.0  Transmit rate =  3901kbps, PLR =  0.00%( 0.00%), CE =  2.75%( 9.43%)[ 0.0%,  0.0%, 90.1%,  9.9%], RTT = 0.036s, Queue delay = 0.001s, MTU = 1200
 summary   4.0  Transmit rate =  4831kbps, PLR =  0.00%( 0.00%), CE =  6.21%( 7.85%)[ 0.0%,  0.0%, 92.1%,  7.9%], RTT = 0.029s, Queue delay = 0.002s, MTU = 1200
 summary   6.0  Transmit rate =  5455kbps, PLR =  0.00%( 0.00%), CE =  9.53%( 8.11%)[ 0.0%,  0.0%, 91.9%,  8.1%], RTT = 0.026s, Queue delay = 0.002s, MTU = 1200
 summary   8.0  Transmit rate =  5644kbps, PLR =  0.00%( 0.00%), CE =  8.21%( 7.77%)[ 0.0%,  0.0%, 92.2%,  7.8%], RTT = 0.024s, Queue delay = 0.002s, MTU = 1200
 summary  10.0  Transmit rate =  5950kbps, PLR =  0.00%( 0.00%), CE =  9.56%( 8.06%)[ 0.0%,  0.0%, 92.0%,  8.0%], RTT = 0.024s, Queue delay = 0.002s, MTU = 1200
 summary  12.0  Transmit rate =  5985kbps, PLR =  0.00%( 0.00%), CE =  8.84%( 7.95%)[ 0.0%,  0.0%, 92.1%,  7.9%], RTT = 0.024s, Queue delay = 0.002s, MTU = 1200
 summary  14.0  Transmit rate =  6069kbps, PLR =  0.00%( 0.00%), CE =  8.74%( 7.92%)[ 0.0%,  0.0%, 92.1%,  7.9%], RTT = 0.024s, Queue delay = 0.002s, MTU = 1200
 summary  16.0  Transmit rate =  6141kbps, PLR =  0.00%( 0.00%), CE =  8.11%( 7.79%)[ 0.0%,  0.0%, 92.3%,  7.7%], RTT = 0.024s, Queue delay = 0.002s, MTU = 1200
 summary  18.0  Transmit rate =  6110kbps, PLR =  0.00%( 0.00%), CE =  8.93%( 7.91%)[ 0.0%,  0.0%, 92.2%,  7.8%], RTT = 0.023s, Queue delay = 0.002s, MTU = 1200
 summary  20.0  Transmit rate =  6101kbps, PLR =  0.00%( 0.00%), CE =  8.50%( 7.74%)[ 0.0%,  0.0%, 92.4%,  7.6%], RTT = 0.023s, Queue delay = 0.002s, MTU = 1200
 summary  22.0  Transmit rate =  6127kbps, PLR =  0.00%( 0.00%), CE =  8.77%( 7.73%)[ 0.0%,  0.0%, 92.4%,  7.6%], RTT = 0.023s, Queue delay = 0.002s, MTU = 1200
 summary  24.0  Transmit rate =  6150kbps, PLR =  0.00%( 0.00%), CE =  7.58%( 7.67%)[ 0.0%,  0.0%, 92.5%,  7.5%], RTT = 0.023s, Queue delay = 0.002s, MTU = 1200
 summary  26.0  Transmit rate =  6207kbps, PLR =  0.00%( 0.00%), CE =  7.81%( 7.70%)[ 0.0%,  0.0%, 92.4%,  7.6%], RTT = 0.023s, Queue delay = 0.002s, MTU = 1200
 summary  28.0  Transmit rate =  6092kbps, PLR =  0.00%( 0.00%), CE =  7.99%( 7.64%)[ 0.0%,  0.0%, 92.5%,  7.5%], RTT = 0.023s, Queue delay = 0.002s, MTU = 1200
 summary  30.0  Transmit rate =  5946kbps, PLR =  0.00%( 0.00%), CE =  9.57%( 7.78%)[ 0.0%,  0.0%, 92.3%,  7.7%], RTT = 0.023s, Queue delay = 0.002s, MTU = 1200
 summary  32.0  Transmit rate =  5941kbps, PLR =  0.00%( 0.00%), CE =  8.76%( 7.69%)[ 0.0%,  0.0%, 92.4%,  7.6%], RTT = 0.023s, Queue delay = 0.002s, MTU = 1200
 summary  34.0  Transmit rate =  6084kbps, PLR =  0.00%( 0.00%), CE =  7.83%( 7.65%)[ 0.0%,  0.0%, 92.5%,  7.5%], RTT = 0.023s, Queue delay = 0.002s, MTU = 1200

======================== Summary ==========================
 Bitrate min/max/avg [kbps]          :     0/ 7391/ 5913
 RTT     min/max/avg [s]             : 0.023/0.049/0.024
 Queue delay max/avg [s]             : 0.004/0.002
 Packet loss avg [%]                 : 0.000
 ECN/L4S NotECT/ECT(0)/ECT(1)/CE [%] :  0.0/ 0.0/92.5/ 7.5
===========================================================
