Listen on port 5488 to receive RTCP from decoder 
Scream sender started! 
 summary   2.0  Transmit rate =  3639kbps, PLR =  0.05%( 0.20%), CE =  0.00%( 0.00%)[100.0%,  0.0%,  0.0%,  0.0%], RTT = 0.042s, Queue delay = 0.006s, MTU = 1200
 summary   4.0  Transmit rate =  4375kbps, PLR =  0.11%( 0.10%), CE =  0.00%( 0.00%)[100.0%,  0.0%,  0.0%,  0.0%], RTT = 0.038s, Queue delay = 0.009s, MTU = 1200
 summary   6.0  Transmit rate =  4776kbps, PLR =  0.17%( 0.10%), CE =  0.00%( 0.00%)[100.0%,  0.0%,  0.0%,  0.0%], RTT = 0.034s, Queue delay = 0.009s, MTU = 1200
 summary   8.0  Transmit rate =  5019kbps, PLR =  0.11%( 0.10%), CE =  0.00%( 0.00%)[100.0%,  0.0%,  0.0%,  0.0%], RTT = 0.033s, Queue delay = 0.009s, MTU = 1200
 summary  10.0  Transmit rate =  5180kbps, PLR =  0.05%( 0.10%), CE =  0.00%( 0.00%)[100.0%,  0.0%,  0.0%,  0.0%], RTT = 0.033s, Queue delay = 0.011s, MTU = 1200
 summary  12.0  Transmit rate =  5369kbps, PLR =  0.10%( 0.08%), CE =  0.00%( 0.00%)[100.0%,  0.0%,  0.0%,  0.0%], RTT = 0.031s, Queue delay = 0.009s, MTU = 1200
 summary  14.0  Transmit rate =  5539kbps, PLR =  0.05%( 0.07%), CE =  0.00%( 0.00%)[100.0%,  0.0%,  0.0%,  0.0%], RTT = 0.033s, Queue delay = 0.011s, MTU = 1200
 summary  16.0  Transmit rate =  5045kbps, PLR =  0.07%( 0.07%), CE =  0.00%( 0.00%)[100.0%,  0.0%,  0.0%,  0.0%], RTT = 0.033s, Queue delay = 0.010s, MTU = 1200
 summary  18.0  Transmit rate =  5153kbps, PLR =  0.07%( 0.06%), CE =  0.00%( 0.00%)[100.0%,  0.0%,  0.0%,  0.0%], RTT = 0.032s, Queue delay = 0.009s, MTU = 1200
 summary  20.0  Transmit rate =  5484kbps, PLR =  0.07%( 0.06%), CE =  0.00%( 0.00%)[100.0%,  0.0%,  0.0%,  0.0%], RTT = 0.033s, Queue delay = 0.011s, MTU = 1200
 summary  22.0  Transmit rate =  5397kbps, PLR =  0.05%( 0.06%), CE =  0.00%( 0.00%)[100.0%,  0.0%,  0.0%,  0.0%], RTT = 0.032s, Queue delay = 0.009s, MTU = 1200
 summary  24.0  Transmit rate =  5484kbps, PLR =  0.05%( 0.05%), CE =  0.00%( 0.00%)[100.0%,  0.0%,  0.0%,  0.0%], RTT = 0.033s, Queue delay = 0.011s, MTU = 1200
 summary  26.0  Transmit rate =  5295kbps, PLR =  0.05%( 0.06%), CE =  0.00%( 0.00%)[100.0%,  0.0%,  0.0%,  0.0%], RTT = 0.032s, Queue delay = 0.010s, MTU = 1200
 summary  28.0  Transmit rate =  5323kbps, PLR =  0.09%( 0.06%), CE =  0.00%( 0.00%)[100.0%,  0.0%,  0.0%,  0.0%], RTT = 0.032s, Queue delay = 0.009s, MTU = 1200
 summary  30.0  Transmit rate =  5113kbps, PLR =  0.09%( 0.06%), CE =  0.00%( 0.00%)[100.0%,  0.0%,  0.0%,  0.0%], RTT = 0.033s, Queue delay = 0.010s, MTU = 1200
 summary  32.0  Transmit rate =  4647kbps, PLR =  0.17%( 0.07%), CE =  0.00%( 0.00%)[100.0%,  0.0%,  0.0%,  0.0%], RTT = 0.030s, Queue delay = 0.008s, MTU = 1200
 summary  34.1  Transmit rate =  5222kbps, PLR =  0.13%( 0.06%), CE =  0.00%( 0.00%)[100.0%,  0.0%,  0.0%,  0.0%], RTT = 0.031s, Queue delay = 0.009s, MTU = 1200

======================== Summary ==========================
 Bitrate min/max/avg [kbps]          :  2059/ 6949/ 5212
 RTT     min/max/avg [s]             : 0.027/0.049/0.032
 Queue delay max/avg [s]             : 0.028/0.010
 Packet loss avg [%]                 : 0.060
 ECN/L4S NotECT/ECT(0)/ECT(1)/CE [%] : 100.0/ 0.0/ 0.0/ 0.0
===========================================================
