Listen on port 5435 to receive RTCP from decoder 
Scream sender started! 
 summary   2.0  Transmit rate =  3999kbps, PLR =  0.00%( 0.00%), CE =  2.38%( 8.13%)[ 0.0%,  0.0%, 91.7%,  8.3%], RTT = 0.036s, Queue delay = 0.001s, MTU = 1200
 summary   4.0  Transmit rate =  5167kbps, PLR =  0.00%( 0.00%), CE =  5.72%( 7.71%)[ 0.0%,  0.0%, 92.2%,  7.8%], RTT = 0.029s, Queue delay = 0.002s, MTU = 1200
 summary   6.0  Transmit rate =  5561kbps, PLR =  0.00%( 0.00%), CE =  7.99%( 7.33%)[ 0.0%,  0.0%, 92.7%,  7.3%], RTT = 0.026s, Queue delay = 0.002s, MTU = 1200
 summary   8.0  Transmit rate =  5845kbps, PLR =  0.00%( 0.00%), CE =  8.34%( 7.37%)[ 0.0%,  0.0%, 92.8%,  7.2%], RTT = 0.025s, Queue delay = 0.002s, MTU = 1200
 summary  10.0  Transmit rate =  5936kbps, PLR =  0.00%( 0.00%), CE =  8.10%( 7.47%)[ 0.0%,  0.0%, 92.7%,  7.3%], RTT = 0.024s, Queue delay = 0.002s, MTU = 1200
 summary  12.0  Transmit rate =  5948kbps, PLR =  0.00%( 0.00%), CE =  9.12%( 7.41%)[ 0.0%,  0.0%, 92.7%,  7.3%], RTT = 0.024s, Queue delay = 0.002s, MTU = 1200
 summary  14.0  Transmit rate =  5924kbps, PLR =  0.00%( 0.00%), CE =  8.11%( 7.18%)[ 0.0%,  0.0%, 93.0%,  7.0%], RTT = 0.024s, Queue delay = 0.002s, MTU = 1200
 summary  16.0  Transmit rate =  6010kbps, PLR =  0.00%( 0.00%), CE =  7.23%( 7.09%)[ 0.0%,  0.0%, 93.0%,  7.0%], RTT = 0.024s, Queue delay = 0.002s, MTU = 1200
 summary  18.0  Transmit rate =  6064kbps, PLR =  0.00%( 0.00%), CE =  7.46%( 7.18%)[ 0.0%,  0.0%, 93.0%,  7.0%], RTT = 0.024s, Queue delay = 0.002s, MTU = 1200
 summary  20.0  Transmit rate =  5849kbps, PLR =  0.00%( 0.00%), CE =  8.63%( 7.15%)[ 0.0%,  0.0%, 93.0%,  7.0%], RTT = 0.023s, Queue delay = 0.002s, MTU = 1200
 summary  22.0  Transmit rate =  5865kbps, PLR =  0.00%( 0.00%), CE =  8.99%( 7.24%)[ 0.0%,  0.0%, 92.9%,  7.1%], RTT = 0.023s, Queue delay = 0.002s, MTU = 1200
 summary  24.0  Transmit rate =  5823kbps, PLR =  0.00%( 0.00%), CE =  8.83%( 7.34%)[ 0.0%,  0.0%, 92.8%,  7.2%], RTT = 0.023s, Queue delay = 0.002s, MTU = 1200
 summary  26.0  Transmit rate =  6211kbps, PLR =  0.00%( 0.00%), CE =  8.06%( 7.17%)[ 0.0%,  0.0%, 92.9%,  7.1%], RTT = 0.024s, Queue delay = 0.002s, MTU = 1200
 summary  28.0  Transmit rate =  6176kbps, PLR =  0.00%( 0.00%), CE =  8.24%( 7.26%)[ 0.0%,  0.0%, 92.9%,  7.1%], RTT = 0.024s, Queue delay = 0.002s, MTU = 1200
 summary  30.0  Transmit rate =  6073kbps, PLR =  0.00%( 0.00%), CE =  8.36%( 7.29%)[ 0.0%,  0.0%, 92.8%,  7.2%], RTT = 0.023s, Queue delay = 0.002s, MTU = 1200
 summary  32.0  Transmit rate =  5993kbps, PLR =  0.00%( 0.00%), CE =  8.13%( 7.28%)[ 0.0%,  0.0%, 92.8%,  7.2%], RTT = 0.023s, Queue delay = 0.002s, MTU = 1200
 summary  34.0  Transmit rate =  6094kbps, PLR =  0.00%( 0.00%), CE =  8.74%( 7.34%)[ 0.0%,  0.0%, 92.8%,  7.2%], RTT = 0.023s, Queue delay = 0.002s, MTU = 1200

======================== Summary ==========================
 Bitrate min/max/avg [kbps]          :  4937/ 7719/ 5978
 RTT     min/max/avg [s]             : 0.023/0.049/0.024
 Queue delay max/avg [s]             : 0.005/0.002
 Packet loss avg [%]                 : 0.000
 ECN/L4S NotECT/ECT(0)/ECT(1)/CE [%] :  0.0/ 0.0/92.8/ 7.2
===========================================================
