socket set to IP_RECVTOS
socket SO_RCVBUF set to 20971520
Listen on port 5386 to receive RTP from sender 
.
.
Packet(s) lost or reordered :   409 was received, previous rcvd is   407 
Packet(s) lost or reordered :   559 was received, previous rcvd is   557 
Packet(s) lost or reordered :   583 was received, previous rcvd is   581 
Packet(s) lost or reordered :  3140 was received, previous rcvd is  3138 
Packet(s) lost or reordered :  3666 was received, previous rcvd is  3664 
Packet(s) lost or reordered :  6070 was received, previous rcvd is  6068 
Packet(s) lost or reordered :  7386 was received, previous rcvd is  7384 
Packet(s) lost or reordered :  7766 was received, previous rcvd is  7764 
Packet(s) lost or reordered :  9545 was received, previous rcvd is  9543 
Packet(s) lost or reordered : 10949 was received, previous rcvd is 10947 
Packet(s) lost or reordered : 11324 was received, previous rcvd is 11322 
Packet(s) lost or reordered : 11380 was received, previous rcvd is 11378 
Packet(s) lost or reordered : 13941 was received, previous rcvd is 13939 
Packet(s) lost or reordered : 16228 was received, previous rcvd is 16226 
Packet(s) lost or reordered : 16231 was received, previous rcvd is 16229 
Packet(s) lost or reordered : 19594 was received, previous rcvd is 19592 
Packet(s) lost or reordered : 19625 was received, previous rcvd is 19623 
.
