Listen on port 5529 to receive RTCP from decoder 
Scream sender started! 
 summary   2.0  Transmit rate =  3861kbps, PLR =  0.00%( 0.00%), CE =  2.39%( 9.78%)[ 0.0%,  0.0%, 90.3%,  9.7%], RTT = 0.036s, Queue delay = 0.001s, MTU = 1200
 summary   4.0  Transmit rate =  4770kbps, PLR =  0.00%( 0.00%), CE =  5.19%( 7.03%)[ 0.0%,  0.0%, 93.1%,  6.9%], RTT = 0.029s, Queue delay = 0.001s, MTU = 1200
 summary   6.0  Transmit rate =  5563kbps, PLR =  0.00%( 0.00%), CE =  7.57%( 7.68%)[ 0.0%,  0.0%, 92.5%,  7.5%], RTT = 0.026s, Queue delay = 0.002s, MTU = 1200
 summary   8.0  Transmit rate =  6000kbps, PLR =  0.00%( 0.00%), CE =  7.15%( 7.24%)[ 0.0%,  0.0%, 92.9%,  7.1%], RTT = 0.025s, Queue delay = 0.002s, MTU = 1200
 summary  10.0  Transmit rate =  6054kbps, PLR =  0.00%( 0.00%), CE =  8.92%( 7.73%)[ 0.0%,  0.0%, 92.4%,  7.6%], RTT = 0.024s, Queue delay = 0.002s, MTU = 1200
 summary  12.0  Transmit rate =  6090kbps, PLR =  0.00%( 0.00%), CE =  8.59%( 7.40%)[ 0.0%,  0.0%, 92.7%,  7.3%], RTT = 0.024s, Queue delay = 0.002s, MTU = 1200
 summary  14.0  Transmit rate =  6074kbps, PLR =  0.00%( 0.00%), CE =  8.99%( 7.67%)[ 0.0%,  0.0%, 92.5%,  7.5%], RTT = 0.024s, Queue delay = 0.002s, MTU = 1200
 summary  16.0  Transmit rate =  6059kbps, PLR =  0.00%( 0.00%), CE =  8.36%( 7.66%)[ 0.0%,  0.0%, 92.5%,  7.5%], RTT = 0.024s, Queue delay = 0.002s, MTU = 1200
 summary  18.0  Transmit rate =  5965kbps, PLR =  0.00%( 0.00%), CE = 10.12%( 7.75%)[ 0.0%,  0.0%, 92.4%,  7.6%], RTT = 0.024s, Queue delay = 0.002s, MTU = 1200
 summary  20.0  Transmit rate =  5854kbps, PLR =  0.00%( 0.00%), CE =  8.33%( 7.62%)[ 0.0%,  0.0%, 92.5%,  7.5%], RTT = 0.023s, Queue delay = 0.002s, MTU = 1200
 summary  22.0  Transmit rate =  5914kbps, PLR =  0.00%( 0.00%), CE =  7.93%( 7.62%)[ 0.0%,  0.0%, 92.5%,  7.5%], RTT = 0.023s, Queue delay = 0.002s, MTU = 1200
 summary  24.0  Transmit rate =  6083kbps, PLR =  0.00%( 0.00%), CE =  8.69%( 7.67%)[ 0.0%,  0.0%, 92.4%,  7.6%], RTT = 0.024s, Queue delay = 0.002s, MTU = 1200
 summary  26.0  Transmit rate =  6068kbps, PLR =  0.00%( 0.00%), CE =  8.48%( 7.63%)[ 0.0%,  0.0%, 92.5%,  7.5%], RTT = 0.024s, Queue delay = 0.002s, MTU = 1200
 summary  28.0  Transmit rate =  6188kbps, PLR =  0.00%( 0.00%), CE =  7.94%( 7.71%)[ 0.0%,  0.0%, 92.4%,  7.6%], RTT = 0.024s, Queue delay = 0.002s, MTU = 1200
 summary  30.0  Transmit rate =  6207kbps, PLR =  0.00%( 0.00%), CE =  8.47%( 7.63%)[ 0.0%,  0.0%, 92.5%,  7.5%], RTT = 0.024s, Queue delay = 0.002s, MTU = 1200
 summary  32.0  Transmit rate =  6171kbps, PLR =  0.00%( 0.00%), CE =  9.48%( 7.69%)[ 0.0%,  0.0%, 92.4%,  7.6%], RTT = 0.024s, Queue delay = 0.002s, MTU = 1200
 summary  34.0  Transmit rate =  6153kbps, PLR =  0.00%( 0.00%), CE =  7.54%( 7.49%)[ 0.0%,  0.0%, 92.6%,  7.4%], RTT = 0.024s, Queue delay = 0.002s, MTU = 1200

======================== Summary ==========================
 Bitrate min/max/avg [kbps]          :  4869/ 7521/ 6016
 RTT     min/max/avg [s]             : 0.023/0.049/0.024
 Queue delay max/avg [s]             : 0.004/0.002
 Packet loss avg [%]                 : 0.000
 ECN/L4S NotECT/ECT(0)/ECT(1)/CE [%] :  0.0/ 0.0/92.6/ 7.4
===========================================================
