Listen on port 5505 to receive RTCP from decoder 
Scream sender started! 
 summary   2.0  Transmit rate =  3635kbps, PLR =  0.00%( 0.00%), CE =  3.11%( 8.66%)[ 0.0%,  0.0%, 91.3%,  8.7%], RTT = 0.036s, Queue delay = 0.001s, MTU = 1200
 summary   4.0  Transmit rate =  4959kbps, PLR =  0.00%( 0.00%), CE =  5.39%( 7.54%)[ 0.0%,  0.0%, 92.5%,  7.5%], RTT = 0.029s, Queue delay = 0.001s, MTU = 1200
 summary   6.0  Transmit rate =  5463kbps, PLR =  0.00%( 0.00%), CE =  9.13%( 7.64%)[ 0.0%,  0.0%, 92.4%,  7.6%], RTT = 0.026s, Queue delay = 0.002s, MTU = 1200
 summary   8.0  Transmit rate =  5643kbps, PLR =  0.00%( 0.00%), CE =  9.38%( 7.91%)[ 0.0%,  0.0%, 92.1%,  7.9%], RTT = 0.024s, Queue delay = 0.002s, MTU = 1200
 summary  10.0  Transmit rate =  5671kbps, PLR =  0.00%( 0.00%), CE =  7.56%( 7.18%)[ 0.0%,  0.0%, 92.8%,  7.2%], RTT = 0.024s, Queue delay = 0.002s, MTU = 1200
 summary  12.0  Transmit rate =  5856kbps, PLR =  0.00%( 0.00%), CE =  7.60%( 7.27%)[ 0.0%,  0.0%, 92.8%,  7.2%], RTT = 0.024s, Queue delay = 0.002s, MTU = 1200
 summary  14.0  Transmit rate =  6044kbps, PLR =  0.00%( 0.00%), CE =  7.51%( 7.27%)[ 0.0%,  0.0%, 92.8%,  7.2%], RTT = 0.023s, Queue delay = 0.002s, MTU = 1200
 summary  16.0  Transmit rate =  6373kbps, PLR =  0.00%( 0.00%), CE =  7.84%( 7.40%)[ 0.0%,  0.0%, 92.7%,  7.3%], RTT = 0.024s, Queue delay = 0.002s, MTU = 1200
 summary  18.0  Transmit rate =  6416kbps, PLR =  0.00%( 0.00%), CE =  8.52%( 7.46%)[ 0.0%,  0.0%, 92.7%,  7.3%], RTT = 0.023s, Queue delay = 0.002s, MTU = 1200
 summary  20.0  Transmit rate =  6341kbps, PLR =  0.00%( 0.00%), CE =  9.15%( 7.39%)[ 0.0%,  0.0%, 92.7%,  7.3%], RTT = 0.023s, Queue delay = 0.002s, MTU = 1200
 summary  22.0  Transmit rate =  6376kbps, PLR =  0.00%( 0.00%), CE =  8.34%( 7.30%)[ 0.0%,  0.0%, 92.8%,  7.2%], RTT = 0.023s, Queue delay = 0.002s, MTU = 1200
 summary  24.0  Transmit rate =  6537kbps, PLR =  0.00%( 0.00%), CE =  7.92%( 7.33%)[ 0.0%,  0.0%, 92.7%,  7.3%], RTT = 0.023s, Queue delay = 0.002s, MTU = 1200
 summary  26.0  Transmit rate =  6524kbps, PLR =  0.00%( 0.00%), CE =  8.45%( 7.33%)[ 0.0%,  0.0%, 92.8%,  7.2%], RTT = 0.023s, Queue delay = 0.002s, MTU = 1200
 summary  28.0  Transmit rate =  6571kbps, PLR =  0.00%( 0.00%), CE =  7.86%( 7.22%)[ 0.0%,  0.0%, 92.9%,  7.1%], RTT = 0.024s, Queue delay = 0.002s, MTU = 1200
 summary  30.0  Transmit rate =  6521kbps, PLR =  0.00%( 0.00%), CE =  7.78%( 7.21%)[ 0.0%,  0.0%, 92.9%,  7.1%], RTT = 0.023s, Queue delay = 0.002s, MTU = 1200
 summary  32.0  Transmit rate =  6593kbps, PLR =  0.00%( 0.00%), CE =  7.55%( 7.21%)[ 0.0%,  0.0%, 92.9%,  7.1%], RTT = 0.024s, Queue delay = 0.002s, MTU = 1200
 summary  34.0  Transmit rate =  6548kbps, PLR =  0.00%( 0.00%), CE =  7.80%( 7.17%)[ 0.0%,  0.0%, 92.9%,  7.1%], RTT = 0.023s, Queue delay = 0.002s, MTU = 1200

======================== Summary ==========================
 Bitrate min/max/avg [kbps]          :  4471/ 7831/ 6223
 RTT     min/max/avg [s]             : 0.023/0.049/0.024
 Queue delay max/avg [s]             : 0.005/0.002
 Packet loss avg [%]                 : 0.000
 ECN/L4S NotECT/ECT(0)/ECT(1)/CE [%] :  0.0/ 0.0/92.8/ 7.2
===========================================================
