socket set to IP_RECVTOS
socket SO_RCVBUF set to 20971520
Listen on port 5414 to receive RTP from sender 
.
.
Packet(s) lost or reordered :  1495 was received, previous rcvd is  1493 
Packet(s) lost or reordered :  1548 was received, previous rcvd is  1546 
Packet(s) lost or reordered :  3260 was received, previous rcvd is  3258 
Packet(s) lost or reordered :  3267 was received, previous rcvd is  3265 
Packet(s) lost or reordered :  5211 was received, previous rcvd is  5209 
Packet(s) lost or reordered :  5473 was received, previous rcvd is  5471 
Packet(s) lost or reordered :  7282 was received, previous rcvd is  7280 
Packet(s) lost or reordered :  9498 was received, previous rcvd is  9496 
Packet(s) lost or reordered : 11670 was received, previous rcvd is 11668 
Packet(s) lost or reordered : 12155 was received, previous rcvd is 12153 
Packet(s) lost or reordered : 14551 was received, previous rcvd is 14549 
Packet(s) lost or reordered : 16154 was received, previous rcvd is 16152 
Packet(s) lost or reordered : 16241 was received, previous rcvd is 16239 
Packet(s) lost or reordered : 17781 was received, previous rcvd is 17779 
Packet(s) lost or reordered : 18998 was received, previous rcvd is 18996 
.
