socket set to IP_RECVTOS
socket SO_RCVBUF set to 20971520
Listen on port 5356 to receive RTP from sender 
.
.
Packet(s) lost or reordered :   796 was received, previous rcvd is   794 
Packet(s) lost or reordered :  2664 was received, previous rcvd is  2662 
Packet(s) lost or reordered :  4190 was received, previous rcvd is  4188 
Packet(s) lost or reordered :  5763 was received, previous rcvd is  5761 
Packet(s) lost or reordered :  7085 was received, previous rcvd is  7083 
Packet(s) lost or reordered :  7478 was received, previous rcvd is  7476 
Packet(s) lost or reordered :  7879 was received, previous rcvd is  7877 
Packet(s) lost or reordered :  7930 was received, previous rcvd is  7928 
Packet(s) lost or reordered :  9987 was received, previous rcvd is  9985 
Packet(s) lost or reordered : 10321 was received, previous rcvd is 10319 
Packet(s) lost or reordered : 12664 was received, previous rcvd is 12662 
Packet(s) lost or reordered : 15434 was received, previous rcvd is 15432 
Packet(s) lost or reordered : 15652 was received, previous rcvd is 15650 
Packet(s) lost or reordered : 18140 was received, previous rcvd is 18138 
Packet(s) lost or reordered : 18185 was received, previous rcvd is 18183 
.
