socket set to IP_RECVTOS
socket SO_RCVBUF set to 20971520
Listen on port 5384 to receive RTP from sender 
.
.
Packet(s) lost or reordered :   485 was received, previous rcvd is   483 
Packet(s) lost or reordered :   512 was received, previous rcvd is   510 
Packet(s) lost or reordered :   555 was received, previous rcvd is   553 
Packet(s) lost or reordered :  1974 was received, previous rcvd is  1972 
Packet(s) lost or reordered :  3703 was received, previous rcvd is  3701 
Packet(s) lost or reordered :  3855 was received, previous rcvd is  3853 
Packet(s) lost or reordered :  4121 was received, previous rcvd is  4119 
Packet(s) lost or reordered :  5139 was received, previous rcvd is  5137 
Packet(s) lost or reordered :  6098 was received, previous rcvd is  6096 
Packet(s) lost or reordered : 11180 was received, previous rcvd is 11178 
Packet(s) lost or reordered : 13790 was received, previous rcvd is 13788 
Packet(s) lost or reordered : 15040 was received, previous rcvd is 15038 
Packet(s) lost or reordered : 18558 was received, previous rcvd is 18556 
Packet(s) lost or reordered : 18764 was received, previous rcvd is 18762 
Packet(s) lost or reordered : 19073 was received, previous rcvd is 19071 
.
