Listen on port 5357 to receive RTCP from decoder 
Scream sender started! 
 summary   2.0  Transmit rate =  3803kbps, PLR =  0.00%( 0.00%), CE =  2.19%( 8.34%)[ 0.0%,  0.0%, 91.3%,  8.7%], RTT = 0.036s, Queue delay = 0.001s, MTU = 1200
 summary   4.0  Transmit rate =  4738kbps, PLR =  0.00%( 0.00%), CE =  6.38%( 8.19%)[ 0.0%,  0.0%, 91.7%,  8.3%], RTT = 0.029s, Queue delay = 0.001s, MTU = 1200
 summary   6.0  Transmit rate =  5191kbps, PLR =  0.00%( 0.00%), CE =  9.19%( 7.55%)[ 0.0%,  0.0%, 92.4%,  7.6%], RTT = 0.026s, Queue delay = 0.001s, MTU = 1200
 summary   8.0  Transmit rate =  5673kbps, PLR =  0.00%( 0.00%), CE =  8.17%( 7.60%)[ 0.0%,  0.0%, 92.4%,  7.6%], RTT = 0.024s, Queue delay = 0.002s, MTU = 1200
 summary  10.0  Transmit rate =  6142kbps, PLR =  0.00%( 0.00%), CE =  7.34%( 7.59%)[ 0.0%,  0.0%, 92.4%,  7.6%], RTT = 0.024s, Queue delay = 0.002s, MTU = 1200
 summary  12.0  Transmit rate =  6191kbps, PLR =  0.00%( 0.00%), CE =  7.39%( 7.13%)[ 0.0%,  0.0%, 92.9%,  7.1%], RTT = 0.024s, Queue delay = 0.002s, MTU = 1200
 summary  14.0  Transmit rate =  6359kbps, PLR =  0.00%( 0.00%), CE =  7.39%( 7.14%)[ 0.0%,  0.0%, 92.9%,  7.1%], RTT = 0.024s, Queue delay = 0.002s, MTU = 1200
 summary  16.0  Transmit rate =  6542kbps, PLR =  0.00%( 0.00%), CE =  7.28%( 7.13%)[ 0.0%,  0.0%, 92.9%,  7.1%], RTT = 0.024s, Queue delay = 0.002s, MTU = 1200
 summary  18.0  Transmit rate =  6515kbps, PLR =  0.00%( 0.00%), CE =  8.14%( 7.12%)[ 0.0%,  0.0%, 92.9%,  7.1%], RTT = 0.024s, Queue delay = 0.002s, MTU = 1200
 summary  20.0  Transmit rate =  6528kbps, PLR =  0.00%( 0.00%), CE =  7.84%( 7.04%)[ 0.0%,  0.0%, 93.0%,  7.0%], RTT = 0.023s, Queue delay = 0.002s, MTU = 1200
 summary  22.0  Transmit rate =  6539kbps, PLR =  0.00%( 0.00%), CE =  7.09%( 7.03%)[ 0.0%,  0.0%, 93.0%,  7.0%], RTT = 0.024s, Queue delay = 0.002s, MTU = 1200
 summary  24.0  Transmit rate =  6162kbps, PLR =  0.00%( 0.00%), CE =  7.87%( 7.10%)[ 0.0%,  0.0%, 93.0%,  7.0%], RTT = 0.023s, Queue delay = 0.002s, MTU = 1200
 summary  26.0  Transmit rate =  6291kbps, PLR =  0.00%( 0.00%), CE =  7.74%( 7.02%)[ 0.0%,  0.0%, 93.0%,  7.0%], RTT = 0.023s, Queue delay = 0.002s, MTU = 1200
 summary  28.0  Transmit rate =  6272kbps, PLR =  0.00%( 0.00%), CE =  6.54%( 6.98%)[ 0.0%,  0.0%, 93.1%,  6.9%], RTT = 0.023s, Queue delay = 0.002s, MTU = 1200
 summary  30.0  Transmit rate =  6382kbps, PLR =  0.00%( 0.00%), CE =  7.06%( 6.89%)[ 0.0%,  0.0%, 93.2%,  6.8%], RTT = 0.023s, Queue delay = 0.002s, MTU = 1200
 summary  32.0  Transmit rate =  6394kbps, PLR =  0.00%( 0.00%), CE =  7.55%( 6.92%)[ 0.0%,  0.0%, 93.1%,  6.9%], RTT = 0.024s, Queue delay = 0.002s, MTU = 1200
 summary  34.0  Transmit rate =  6289kbps, PLR =  0.00%( 0.00%), CE =  7.67%( 6.94%)[ 0.0%,  0.0%, 93.1%,  6.9%], RTT = 0.023s, Queue delay = 0.002s, MTU = 1200

======================== Summary ==========================
 Bitrate min/max/avg [kbps]          :  4659/ 7784/ 6193
 RTT     min/max/avg [s]             : 0.023/0.049/0.024
 Queue delay max/avg [s]             : 0.005/0.002
 Packet loss avg [%]                 : 0.000
 ECN/L4S NotECT/ECT(0)/ECT(1)/CE [%] :  0.0/ 0.0/93.1/ 6.9
===========================================================
