socket set to IP_RECVTOS
socket SO_RCVBUF set to 20971520
Listen on port 5486 to receive RTP from sender 
.
.
Packet(s) lost or reordered :  1162 was received, previous rcvd is  1160 
Packet(s) lost or reordered :  1654 was received, previous rcvd is  1652 
Packet(s) lost or reordered :  2951 was received, previous rcvd is  2949 
Packet(s) lost or reordered :  3433 was received, previous rcvd is  3431 
Packet(s) lost or reordered :  3657 was received, previous rcvd is  3655 
Packet(s) lost or reordered :  4786 was received, previous rcvd is  4784 
Packet(s) lost or reordered :  5721 was received, previous rcvd is  5719 
Packet(s) lost or reordered :  6731 was received, previous rcvd is  6729 
Packet(s) lost or reordered : 11665 was received, previous rcvd is 11663 
Packet(s) lost or reordered : 15773 was received, previous rcvd is 15771 
Packet(s) lost or reordered : 15852 was received, previous rcvd is 15850 
Packet(s) lost or reordered : 16170 was received, previous rcvd is 16168 
Packet(s) lost or reordered : 16393 was received, previous rcvd is 16391 
Packet(s) lost or reordered : 19230 was received, previous rcvd is 19228 
Packet(s) lost or reordered : 20661 was received, previous rcvd is 20659 
.
