socket set to IP_RECVTOS
socket SO_RCVBUF set to 20971520
Listen on port 5502 to receive RTP from sender 
.
.
Packet(s) lost or reordered :   397 was received, previous rcvd is   395 
Packet(s) lost or reordered :   409 was received, previous rcvd is   407 
Packet(s) lost or reordered :   486 was received, previous rcvd is   484 
Packet(s) lost or reordered :   511 was received, previous rcvd is   509 
Packet(s) lost or reordered :   515 was received, previous rcvd is   513 
Packet(s) lost or reordered :   523 was received, previous rcvd is   521 
Packet(s) lost or reordered :   763 was received, previous rcvd is   761 
Packet(s) lost or reordered :  1632 was received, previous rcvd is  1630 
Packet(s) lost or reordered :  1820 was received, previous rcvd is  1818 
Packet(s) lost or reordered :  1997 was received, previous rcvd is  1995 
Packet(s) lost or reordered :  3521 was received, previous rcvd is  3519 
Packet(s) lost or reordered :  4574 was received, previous rcvd is  4572 
Packet(s) lost or reordered :  6500 was received, previous rcvd is  6498 
Packet(s) lost or reordered :  6713 was received, previous rcvd is  6711 
Packet(s) lost or reordered :  6970 was received, previous rcvd is  6968 
Packet(s) lost or reordered :  8581 was received, previous rcvd is  8579 
Packet(s) lost or reordered : 10919 was received, previous rcvd is 10917 
Packet(s) lost or reordered : 11236 was received, previous rcvd is 11234 
Packet(s) lost or reordered : 12198 was received, previous rcvd is 12196 
Packet(s) lost or reordered : 12500 was received, previous rcvd is 12498 
Packet(s) lost or reordered : 15112 was received, previous rcvd is 15110 
Packet(s) lost or reordered : 20081 was received, previous rcvd is 20079 
.
