Listen on port 5351 to receive RTCP from decoder 
Scream sender started! 
 summary   2.0  Transmit rate =  3823kbps, PLR =  0.00%( 0.00%), CE =  2.84%( 9.29%)[ 0.0%,  0.0%, 91.0%,  9.0%], RTT = 0.036s, Queue delay = 0.001s, MTU = 1200
 summary   4.0  Transmit rate =  4504kbps, PLR =  0.00%( 0.00%), CE =  7.11%( 8.82%)[ 0.0%,  0.0%, 91.3%,  8.7%], RTT = 0.029s, Queue delay = 0.001s, MTU = 1200
 summary   6.0  Transmit rate =  5190kbps, PLR =  0.00%( 0.00%), CE =  9.01%( 7.98%)[ 0.0%,  0.0%, 92.1%,  7.9%], RTT = 0.026s, Queue delay = 0.002s, MTU = 1200
 summary   8.0  Transmit rate =  5590kbps, PLR =  0.00%( 0.00%), CE =  7.02%( 7.73%)[ 0.0%,  0.0%, 92.2%,  7.8%], RTT = 0.025s, Queue delay = 0.002s, MTU = 1200
 summary  10.0  Transmit rate =  5659kbps, PLR =  0.00%( 0.00%), CE =  7.74%( 7.53%)[ 0.0%,  0.0%, 92.5%,  7.5%], RTT = 0.024s, Queue delay = 0.002s, MTU = 1200
 summary  12.0  Transmit rate =  5887kbps, PLR =  0.00%( 0.00%), CE =  8.18%( 7.55%)[ 0.0%,  0.0%, 92.5%,  7.5%], RTT = 0.024s, Queue delay = 0.002s, MTU = 1200
 summary  14.0  Transmit rate =  6055kbps, PLR =  0.00%( 0.00%), CE =  7.73%( 7.30%)[ 0.0%,  0.0%, 92.8%,  7.2%], RTT = 0.024s, Queue delay = 0.002s, MTU = 1200
 summary  16.0  Transmit rate =  6089kbps, PLR =  0.00%( 0.00%), CE =  8.74%( 7.43%)[ 0.0%,  0.0%, 92.7%,  7.3%], RTT = 0.023s, Queue delay = 0.002s, MTU = 1200
 summary  18.0  Transmit rate =  6193kbps, PLR =  0.00%( 0.00%), CE =  8.42%( 7.47%)[ 0.0%,  0.0%, 92.6%,  7.4%], RTT = 0.023s, Queue delay = 0.002s, MTU = 1200
 summary  20.0  Transmit rate =  6220kbps, PLR =  0.00%( 0.00%), CE =  8.16%( 7.49%)[ 0.0%,  0.0%, 92.6%,  7.4%], RTT = 0.024s, Queue delay = 0.002s, MTU = 1200
 summary  22.0  Transmit rate =  6236kbps, PLR =  0.00%( 0.00%), CE =  7.36%( 7.28%)[ 0.0%,  0.0%, 92.8%,  7.2%], RTT = 0.024s, Queue delay = 0.002s, MTU = 1200
 summary  24.0  Transmit rate =  6201kbps, PLR =  0.00%( 0.00%), CE =  7.31%( 7.33%)[ 0.0%,  0.0%, 92.8%,  7.2%], RTT = 0.024s, Queue delay = 0.002s, MTU = 1200
 summary  26.0  Transmit rate =  5959kbps, PLR =  0.00%( 0.00%), CE =  8.00%( 7.32%)[ 0.0%,  0.0%, 92.8%,  7.2%], RTT = 0.023s, Queue delay = 0.002s, MTU = 1200
 summary  28.0  Transmit rate =  6130kbps, PLR =  0.00%( 0.00%), CE =  8.53%( 7.40%)[ 0.0%,  0.0%, 92.7%,  7.3%], RTT = 0.023s, Queue delay = 0.002s, MTU = 1200
 summary  30.0  Transmit rate =  6067kbps, PLR =  0.00%( 0.00%), CE =  8.25%( 7.37%)[ 0.0%,  0.0%, 92.7%,  7.3%], RTT = 0.023s, Queue delay = 0.002s, MTU = 1200
 summary  32.0  Transmit rate =  6096kbps, PLR =  0.00%( 0.00%), CE =  8.79%( 7.37%)[ 0.0%,  0.0%, 92.7%,  7.3%], RTT = 0.023s, Queue delay = 0.002s, MTU = 1200
 summary  34.0  Transmit rate =  6003kbps, PLR =  0.00%( 0.00%), CE =  8.31%( 7.38%)[ 0.0%,  0.0%, 92.7%,  7.3%], RTT = 0.023s, Queue delay = 0.002s, MTU = 1200

======================== Summary ==========================
 Bitrate min/max/avg [kbps]          :     0/ 7434/ 5860
 RTT     min/max/avg [s]             : 0.023/0.049/0.024
 Queue delay max/avg [s]             : 0.004/0.002
 Packet loss avg [%]                 : 0.000
 ECN/L4S NotECT/ECT(0)/ECT(1)/CE [%] :  0.0/ 0.0/92.7/ 7.3
===========================================================
