Listen on port 5525 to receive RTCP from decoder 
Scream sender started! 
 summary   2.0  Transmit rate =  3681kbps, PLR =  0.00%( 0.00%), CE =  2.39%( 7.61%)[ 0.0%,  0.0%, 92.3%,  7.7%], RTT = 0.036s, Queue delay = 0.001s, MTU = 1200
 summary   4.0  Transmit rate =  4682kbps, PLR =  0.00%( 0.00%), CE =  5.78%( 7.77%)[ 0.0%,  0.0%, 92.2%,  7.8%], RTT = 0.029s, Queue delay = 0.001s, MTU = 1200
 summary   6.0  Transmit rate =  5160kbps, PLR =  0.00%( 0.00%), CE =  8.86%( 7.67%)[ 0.0%,  0.0%, 92.3%,  7.7%], RTT = 0.026s, Queue delay = 0.001s, MTU = 1200
 summary   8.0  Transmit rate =  5765kbps, PLR =  0.00%( 0.00%), CE =  8.40%( 7.44%)[ 0.0%,  0.0%, 92.5%,  7.5%], RTT = 0.025s, Queue delay = 0.002s, MTU = 1200
 summary  10.0  Transmit rate =  5951kbps, PLR =  0.00%( 0.00%), CE =  9.81%( 8.12%)[ 0.0%,  0.0%, 91.9%,  8.1%], RTT = 0.024s, Queue delay = 0.002s, MTU = 1200
 summary  12.0  Transmit rate =  5826kbps, PLR =  0.00%( 0.00%), CE = 10.22%( 7.95%)[ 0.0%,  0.0%, 92.1%,  7.9%], RTT = 0.024s, Queue delay = 0.002s, MTU = 1200
 summary  14.0  Transmit rate =  5915kbps, PLR =  0.00%( 0.00%), CE = 10.16%( 7.91%)[ 0.0%,  0.0%, 92.2%,  7.8%], RTT = 0.024s, Queue delay = 0.002s, MTU = 1200
 summary  16.0  Transmit rate =  6082kbps, PLR =  0.00%( 0.00%), CE =  8.94%( 7.98%)[ 0.0%,  0.0%, 92.1%,  7.9%], RTT = 0.024s, Queue delay = 0.002s, MTU = 1200
 summary  18.0  Transmit rate =  6031kbps, PLR =  0.00%( 0.00%), CE =  8.90%( 7.95%)[ 0.0%,  0.0%, 92.1%,  7.9%], RTT = 0.023s, Queue delay = 0.002s, MTU = 1200
 summary  20.0  Transmit rate =  5961kbps, PLR =  0.00%( 0.00%), CE =  9.42%( 8.10%)[ 0.0%,  0.0%, 92.0%,  8.0%], RTT = 0.024s, Queue delay = 0.002s, MTU = 1200
 summary  22.0  Transmit rate =  6061kbps, PLR =  0.00%( 0.00%), CE =  8.75%( 7.96%)[ 0.0%,  0.0%, 92.1%,  7.9%], RTT = 0.023s, Queue delay = 0.002s, MTU = 1200
 summary  24.0  Transmit rate =  6242kbps, PLR =  0.00%( 0.00%), CE =  8.08%( 7.77%)[ 0.0%,  0.0%, 92.3%,  7.7%], RTT = 0.023s, Queue delay = 0.002s, MTU = 1200
 summary  26.0  Transmit rate =  6061kbps, PLR =  0.00%( 0.00%), CE =  8.27%( 7.82%)[ 0.0%,  0.0%, 92.3%,  7.7%], RTT = 0.024s, Queue delay = 0.002s, MTU = 1200
 summary  28.0  Transmit rate =  6055kbps, PLR =  0.00%( 0.00%), CE =  9.62%( 7.91%)[ 0.0%,  0.0%, 92.2%,  7.8%], RTT = 0.023s, Queue delay = 0.002s, MTU = 1200
 summary  30.0  Transmit rate =  6176kbps, PLR =  0.00%( 0.00%), CE =  8.98%( 7.90%)[ 0.0%,  0.0%, 92.2%,  7.8%], RTT = 0.023s, Queue delay = 0.002s, MTU = 1200
 summary  32.0  Transmit rate =  6299kbps, PLR =  0.00%( 0.00%), CE =  8.56%( 7.77%)[ 0.0%,  0.0%, 92.3%,  7.7%], RTT = 0.024s, Queue delay = 0.002s, MTU = 1200
 summary  34.0  Transmit rate =  6262kbps, PLR =  0.00%( 0.00%), CE =  9.41%( 7.84%)[ 0.0%,  0.0%, 92.3%,  7.7%], RTT = 0.023s, Queue delay = 0.002s, MTU = 1200

======================== Summary ==========================
 Bitrate min/max/avg [kbps]          :     0/ 7505/ 5900
 RTT     min/max/avg [s]             : 0.023/0.049/0.024
 Queue delay max/avg [s]             : 0.004/0.002
 Packet loss avg [%]                 : 0.000
 ECN/L4S NotECT/ECT(0)/ECT(1)/CE [%] :  0.0/ 0.0/92.2/ 7.8
===========================================================
