socket set to IP_RECVTOS
socket SO_RCVBUF set to 20971520
Listen on port 5440 to receive RTP from sender 
.
.
Packet(s) lost or reordered :  1165 was received, previous rcvd is  1163 
Packet(s) lost or reordered :  1397 was received, previous rcvd is  1395 
Packet(s) lost or reordered :  1580 was received, previous rcvd is  1578 
Packet(s) lost or reordered :  1847 was received, previous rcvd is  1845 
Packet(s) lost or reordered :  3772 was received, previous rcvd is  3770 
Packet(s) lost or reordered :  6988 was received, previous rcvd is  6986 
Packet(s) lost or reordered :  7335 was received, previous rcvd is  7333 
Packet(s) lost or reordered :  7381 was received, previous rcvd is  7379 
Packet(s) lost or reordered :  7402 was received, previous rcvd is  7400 
Packet(s) lost or reordered :  7441 was received, previous rcvd is  7439 
Packet(s) lost or reordered :  7524 was received, previous rcvd is  7522 
Packet(s) lost or reordered :  8960 was received, previous rcvd is  8958 
Packet(s) lost or reordered : 10891 was received, previous rcvd is 10889 
Packet(s) lost or reordered : 11226 was received, previous rcvd is 11224 
Packet(s) lost or reordered : 12319 was received, previous rcvd is 12317 
Packet(s) lost or reordered : 12395 was received, previous rcvd is 12393 
Packet(s) lost or reordered : 13061 was received, previous rcvd is 13059 
Packet(s) lost or reordered : 18455 was received, previous rcvd is 18453 
.
