socket set to IP_RECVTOS
socket SO_RCVBUF set to 20971520
Listen on port 5444 to receive RTP from sender 
.
.
Packet(s) lost or reordered :   424 was received, previous rcvd is   422 
Packet(s) lost or reordered :  1770 was received, previous rcvd is  1768 
Packet(s) lost or reordered :  1782 was received, previous rcvd is  1780 
Packet(s) lost or reordered :  3057 was received, previous rcvd is  3055 
Packet(s) lost or reordered :  4899 was received, previous rcvd is  4897 
Packet(s) lost or reordered :  5300 was received, previous rcvd is  5298 
Packet(s) lost or reordered :  7954 was received, previous rcvd is  7952 
Packet(s) lost or reordered :  8069 was received, previous rcvd is  8067 
Packet(s) lost or reordered :  9570 was received, previous rcvd is  9568 
Packet(s) lost or reordered :  9821 was received, previous rcvd is  9819 
Packet(s) lost or reordered :  9840 was received, previous rcvd is  9838 
Packet(s) lost or reordered : 10865 was received, previous rcvd is 10863 
Packet(s) lost or reordered : 11072 was received, previous rcvd is 11070 
Packet(s) lost or reordered : 12466 was received, previous rcvd is 12464 
Packet(s) lost or reordered : 13996 was received, previous rcvd is 13994 
Packet(s) lost or reordered : 17027 was received, previous rcvd is 17025 
Packet(s) lost or reordered : 17563 was received, previous rcvd is 17561 
Packet(s) lost or reordered : 18760 was received, previous rcvd is 18758 
.
