Listen on port 5457 to receive RTCP from decoder 
Scream sender started! 
 summary   2.0  Transmit rate =  3675kbps, PLR =  0.00%( 0.00%), CE =  2.55%( 8.31%)[ 0.0%,  0.0%, 91.7%,  8.3%], RTT = 0.036s, Queue delay = 0.001s, MTU = 1200
 summary   4.0  Transmit rate =  4625kbps, PLR =  0.00%( 0.00%), CE =  5.59%( 7.07%)[ 0.0%,  0.0%, 92.9%,  7.1%], RTT = 0.029s, Queue delay = 0.001s, MTU = 1200
 summary   6.0  Transmit rate =  5472kbps, PLR =  0.00%( 0.00%), CE =  7.87%( 6.70%)[ 0.0%,  0.0%, 93.3%,  6.7%], RTT = 0.026s, Queue delay = 0.002s, MTU = 1200
 summary   8.0  Transmit rate =  6021kbps, PLR =  0.00%( 0.00%), CE =  6.72%( 6.53%)[ 0.0%,  0.0%, 93.5%,  6.5%], RTT = 0.025s, Queue delay = 0.002s, MTU = 1200
 summary  10.0  Transmit rate =  6252kbps, PLR =  0.00%( 0.00%), CE =  7.98%( 6.99%)[ 0.0%,  0.0%, 93.1%,  6.9%], RTT = 0.024s, Queue delay = 0.002s, MTU = 1200
 summary  12.0  Transmit rate =  6353kbps, PLR =  0.00%( 0.00%), CE =  7.79%( 7.27%)[ 0.0%,  0.0%, 92.8%,  7.2%], RTT = 0.024s, Queue delay = 0.002s, MTU = 1200
 summary  14.0  Transmit rate =  6324kbps, PLR =  0.00%( 0.00%), CE =  8.16%( 6.90%)[ 0.0%,  0.0%, 93.2%,  6.8%], RTT = 0.023s, Queue delay = 0.002s, MTU = 1200
 summary  16.0  Transmit rate =  6416kbps, PLR =  0.00%( 0.00%), CE =  8.05%( 6.91%)[ 0.0%,  0.0%, 93.1%,  6.9%], RTT = 0.023s, Queue delay = 0.002s, MTU = 1200
 summary  18.0  Transmit rate =  6375kbps, PLR =  0.00%( 0.00%), CE =  7.22%( 6.91%)[ 0.0%,  0.0%, 93.1%,  6.9%], RTT = 0.023s, Queue delay = 0.002s, MTU = 1200
 summary  20.0  Transmit rate =  6324kbps, PLR =  0.00%( 0.00%), CE =  7.57%( 7.01%)[ 0.0%,  0.0%, 93.1%,  6.9%], RTT = 0.023s, Queue delay = 0.002s, MTU = 1200
 summary  22.0  Transmit rate =  6315kbps, PLR =  0.00%( 0.00%), CE =  8.33%( 7.05%)[ 0.0%,  0.0%, 93.0%,  7.0%], RTT = 0.023s, Queue delay = 0.002s, MTU = 1200
 summary  24.0  Transmit rate =  6491kbps, PLR =  0.00%( 0.00%), CE =  8.39%( 7.09%)[ 0.0%,  0.0%, 93.0%,  7.0%], RTT = 0.023s, Queue delay = 0.002s, MTU = 1200
 summary  26.0  Transmit rate =  6417kbps, PLR =  0.00%( 0.00%), CE =  8.23%( 7.07%)[ 0.0%,  0.0%, 93.0%,  7.0%], RTT = 0.023s, Queue delay = 0.002s, MTU = 1200
 summary  28.0  Transmit rate =  6282kbps, PLR =  0.00%( 0.00%), CE =  7.84%( 7.05%)[ 0.0%,  0.0%, 93.0%,  7.0%], RTT = 0.023s, Queue delay = 0.002s, MTU = 1200
 summary  30.0  Transmit rate =  6106kbps, PLR =  0.00%( 0.00%), CE =  8.17%( 7.15%)[ 0.0%,  0.0%, 92.9%,  7.1%], RTT = 0.023s, Queue delay = 0.002s, MTU = 1200
 summary  32.0  Transmit rate =  5948kbps, PLR =  0.00%( 0.00%), CE =  6.98%( 6.92%)[ 0.0%,  0.0%, 93.2%,  6.8%], RTT = 0.023s, Queue delay = 0.002s, MTU = 1200
 summary  34.0  Transmit rate =  6058kbps, PLR =  0.00%( 0.00%), CE =  7.05%( 6.91%)[ 0.0%,  0.0%, 93.2%,  6.8%], RTT = 0.023s, Queue delay = 0.002s, MTU = 1200

======================== Summary ==========================
 Bitrate min/max/avg [kbps]          :     0/ 7773/ 6072
 RTT     min/max/avg [s]             : 0.023/0.049/0.024
 Queue delay max/avg [s]             : 0.004/0.002
 Packet loss avg [%]                 : 0.000
 ECN/L4S NotECT/ECT(0)/ECT(1)/CE [%] :  0.0/ 0.0/93.2/ 6.8
===========================================================
