socket set to IP_RECVTOS
socket SO_RCVBUF set to 20971520
Listen on port 5490 to receive RTP from sender 
.
.
Packet(s) lost or reordered :   777 was received, previous rcvd is   775 
Packet(s) lost or reordered :   834 was received, previous rcvd is   832 
Packet(s) lost or reordered :  1041 was received, previous rcvd is  1039 
Packet(s) lost or reordered :  1117 was received, previous rcvd is  1115 
Packet(s) lost or reordered :  1381 was received, previous rcvd is  1379 
Packet(s) lost or reordered :  2620 was received, previous rcvd is  2618 
Packet(s) lost or reordered :  2637 was received, previous rcvd is  2635 
Packet(s) lost or reordered :  4079 was received, previous rcvd is  4077 
Packet(s) lost or reordered :  4987 was received, previous rcvd is  4985 
Packet(s) lost or reordered :  5413 was received, previous rcvd is  5411 
Packet(s) lost or reordered :  7970 was received, previous rcvd is  7968 
Packet(s) lost or reordered :  9256 was received, previous rcvd is  9254 
Packet(s) lost or reordered : 10047 was received, previous rcvd is 10045 
Packet(s) lost or reordered : 13722 was received, previous rcvd is 13720 
Packet(s) lost or reordered : 16942 was received, previous rcvd is 16940 
.
