Listen on port 5355 to receive RTCP from decoder 
Scream sender started! 
 summary   2.0  Transmit rate =  3849kbps, PLR =  0.00%( 0.00%), CE =  3.33%(10.29%)[ 0.0%,  0.0%, 89.7%, 10.3%], RTT = 0.036s, Queue delay = 0.001s, MTU = 1200
 summary   4.0  Transmit rate =  4514kbps, PLR =  0.00%( 0.00%), CE =  6.75%( 9.02%)[ 0.0%,  0.0%, 90.9%,  9.1%], RTT = 0.029s, Queue delay = 0.001s, MTU = 1200
 summary   6.0  Transmit rate =  5234kbps, PLR =  0.00%( 0.00%), CE =  9.13%( 7.83%)[ 0.0%,  0.0%, 92.2%,  7.8%], RTT = 0.026s, Queue delay = 0.002s, MTU = 1200
 summary   8.0  Transmit rate =  5515kbps, PLR =  0.00%( 0.00%), CE =  7.67%( 8.15%)[ 0.0%,  0.0%, 91.9%,  8.1%], RTT = 0.025s, Queue delay = 0.002s, MTU = 1200
 summary  10.0  Transmit rate =  5694kbps, PLR =  0.00%( 0.00%), CE =  8.19%( 8.07%)[ 0.0%,  0.0%, 92.0%,  8.0%], RTT = 0.024s, Queue delay = 0.002s, MTU = 1200
 summary  12.0  Transmit rate =  5699kbps, PLR =  0.00%( 0.00%), CE =  8.70%( 7.83%)[ 0.0%,  0.0%, 92.2%,  7.8%], RTT = 0.024s, Queue delay = 0.002s, MTU = 1200
 summary  14.0  Transmit rate =  5878kbps, PLR =  0.00%( 0.00%), CE =  7.52%( 7.47%)[ 0.0%,  0.0%, 92.6%,  7.4%], RTT = 0.024s, Queue delay = 0.002s, MTU = 1200
 summary  16.0  Transmit rate =  6038kbps, PLR =  0.00%( 0.00%), CE =  6.46%( 7.30%)[ 0.0%,  0.0%, 92.7%,  7.3%], RTT = 0.023s, Queue delay = 0.002s, MTU = 1200
 summary  18.0  Transmit rate =  6032kbps, PLR =  0.00%( 0.00%), CE =  7.70%( 7.32%)[ 0.0%,  0.0%, 92.8%,  7.2%], RTT = 0.024s, Queue delay = 0.002s, MTU = 1200
 summary  20.0  Transmit rate =  6004kbps, PLR =  0.00%( 0.00%), CE =  7.60%( 7.26%)[ 0.0%,  0.0%, 92.8%,  7.2%], RTT = 0.023s, Queue delay = 0.002s, MTU = 1200
 summary  22.0  Transmit rate =  6010kbps, PLR =  0.00%( 0.00%), CE =  8.27%( 7.35%)[ 0.0%,  0.0%, 92.7%,  7.3%], RTT = 0.023s, Queue delay = 0.002s, MTU = 1200
 summary  24.0  Transmit rate =  5953kbps, PLR =  0.00%( 0.00%), CE =  8.22%( 7.28%)[ 0.0%,  0.0%, 92.8%,  7.2%], RTT = 0.023s, Queue delay = 0.002s, MTU = 1200
 summary  26.0  Transmit rate =  6049kbps, PLR =  0.00%( 0.00%), CE =  9.14%( 7.28%)[ 0.0%,  0.0%, 92.8%,  7.2%], RTT = 0.023s, Queue delay = 0.002s, MTU = 1200
 summary  28.0  Transmit rate =  6147kbps, PLR =  0.00%( 0.00%), CE =  7.95%( 7.35%)[ 0.0%,  0.0%, 92.8%,  7.2%], RTT = 0.023s, Queue delay = 0.002s, MTU = 1200
 summary  30.0  Transmit rate =  6048kbps, PLR =  0.00%( 0.00%), CE =  9.34%( 7.41%)[ 0.0%,  0.0%, 92.7%,  7.3%], RTT = 0.023s, Queue delay = 0.002s, MTU = 1200
 summary  32.0  Transmit rate =  5893kbps, PLR =  0.00%( 0.00%), CE =  8.51%( 7.41%)[ 0.0%,  0.0%, 92.7%,  7.3%], RTT = 0.023s, Queue delay = 0.002s, MTU = 1200
 summary  34.0  Transmit rate =  5770kbps, PLR =  0.00%( 0.00%), CE =  8.01%( 7.37%)[ 0.0%,  0.0%, 92.7%,  7.3%], RTT = 0.023s, Queue delay = 0.002s, MTU = 1200

======================== Summary ==========================
 Bitrate min/max/avg [kbps]          :  4786/ 7351/ 5830
 RTT     min/max/avg [s]             : 0.023/0.049/0.024
 Queue delay max/avg [s]             : 0.004/0.002
 Packet loss avg [%]                 : 0.000
 ECN/L4S NotECT/ECT(0)/ECT(1)/CE [%] :  0.0/ 0.0/92.8/ 7.2
===========================================================
