socket set to IP_RECVTOS
socket SO_RCVBUF set to 20971520
Listen on port 5416 to receive RTP from sender 
.
.
Packet(s) lost or reordered :   757 was received, previous rcvd is   755 
Packet(s) lost or reordered :  1213 was received, previous rcvd is  1211 
Packet(s) lost or reordered :  1280 was received, previous rcvd is  1278 
Packet(s) lost or reordered :  2201 was received, previous rcvd is  2199 
Packet(s) lost or reordered :  2274 was received, previous rcvd is  2272 
Packet(s) lost or reordered :  2292 was received, previous rcvd is  2290 
Packet(s) lost or reordered :  3859 was received, previous rcvd is  3857 
Packet(s) lost or reordered :  4006 was received, previous rcvd is  4004 
Packet(s) lost or reordered :  4116 was received, previous rcvd is  4114 
Packet(s) lost or reordered :  5393 was received, previous rcvd is  5391 
Packet(s) lost or reordered :  5881 was received, previous rcvd is  5879 
Packet(s) lost or reordered :  6989 was received, previous rcvd is  6987 
Packet(s) lost or reordered :  9998 was received, previous rcvd is  9996 
Packet(s) lost or reordered : 11526 was received, previous rcvd is 11524 
Packet(s) lost or reordered : 11620 was received, previous rcvd is 11618 
Packet(s) lost or reordered : 14092 was received, previous rcvd is 14090 
Packet(s) lost or reordered : 14665 was received, previous rcvd is 14663 
Packet(s) lost or reordered : 15890 was received, previous rcvd is 15888 
Packet(s) lost or reordered : 18699 was received, previous rcvd is 18697 
Packet(s) lost or reordered : 18724 was received, previous rcvd is 18722 
.
