socket set to IP_RECVTOS
socket SO_RCVBUF set to 20971520
Listen on port 5456 to receive RTP from sender 
.
.
Packet(s) lost or reordered :   417 was received, previous rcvd is   415 
Packet(s) lost or reordered :  1646 was received, previous rcvd is  1644 
Packet(s) lost or reordered :  3350 was received, previous rcvd is  3348 
Packet(s) lost or reordered :  3375 was received, previous rcvd is  3373 
Packet(s) lost or reordered :  3673 was received, previous rcvd is  3671 
Packet(s) lost or reordered :  5176 was received, previous rcvd is  5174 
Packet(s) lost or reordered :  7983 was received, previous rcvd is  7981 
Packet(s) lost or reordered :  8014 was received, previous rcvd is  8012 
Packet(s) lost or reordered :  8471 was received, previous rcvd is  8469 
Packet(s) lost or reordered : 11410 was received, previous rcvd is 11408 
Packet(s) lost or reordered : 15202 was received, previous rcvd is 15200 
Packet(s) lost or reordered : 16450 was received, previous rcvd is 16448 
Packet(s) lost or reordered : 16723 was received, previous rcvd is 16721 
Packet(s) lost or reordered : 16727 was received, previous rcvd is 16725 
.
