socket set to IP_RECVTOS
socket SO_RCVBUF set to 20971520
Listen on port 5436 to receive RTP from sender 
.
.
Packet(s) lost or reordered :   399 was received, previous rcvd is   397 
Packet(s) lost or reordered :   448 was received, previous rcvd is   446 
Packet(s) lost or reordered :  1672 was received, previous rcvd is  1670 
Packet(s) lost or reordered :  2945 was received, previous rcvd is  2943 
Packet(s) lost or reordered :  3462 was received, previous rcvd is  3460 
Packet(s) lost or reordered :  3518 was received, previous rcvd is  3516 
Packet(s) lost or reordered :  3828 was received, previous rcvd is  3826 
Packet(s) lost or reordered :  7257 was received, previous rcvd is  7255 
Packet(s) lost or reordered :  8573 was received, previous rcvd is  8571 
Packet(s) lost or reordered :  9275 was received, previous rcvd is  9273 
Packet(s) lost or reordered : 10970 was received, previous rcvd is 10968 
Packet(s) lost or reordered : 11901 was received, previous rcvd is 11899 
Packet(s) lost or reordered : 13243 was received, previous rcvd is 13241 
Packet(s) lost or reordered : 19344 was received, previous rcvd is 19342 
Packet(s) lost or reordered : 19386 was received, previous rcvd is 19384 
Packet(s) lost or reordered : 19402 was received, previous rcvd is 19400 
.
