Listen on port 5379 to receive RTCP from decoder 
Scream sender started! 
 summary   2.0  Transmit rate =  3858kbps, PLR =  0.00%( 0.00%), CE =  2.17%( 7.14%)[ 0.0%,  0.0%, 92.9%,  7.1%], RTT = 0.036s, Queue delay = 0.001s, MTU = 1200
 summary   4.0  Transmit rate =  5129kbps, PLR =  0.00%( 0.00%), CE =  4.93%( 7.30%)[ 0.0%,  0.0%, 92.8%,  7.2%], RTT = 0.029s, Queue delay = 0.001s, MTU = 1200
 summary   6.0  Transmit rate =  5688kbps, PLR =  0.00%( 0.00%), CE =  8.60%( 7.30%)[ 0.0%,  0.0%, 92.9%,  7.1%], RTT = 0.026s, Queue delay = 0.002s, MTU = 1200
 summary   8.0  Transmit rate =  5841kbps, PLR =  0.00%( 0.00%), CE =  8.08%( 7.11%)[ 0.0%,  0.0%, 93.1%,  6.9%], RTT = 0.025s, Queue delay = 0.002s, MTU = 1200
 summary  10.0  Transmit rate =  5977kbps, PLR =  0.00%( 0.00%), CE =  7.55%( 7.20%)[ 0.0%,  0.0%, 93.0%,  7.0%], RTT = 0.024s, Queue delay = 0.002s, MTU = 1200
 summary  12.0  Transmit rate =  5937kbps, PLR =  0.00%( 0.00%), CE =  7.27%( 7.13%)[ 0.0%,  0.0%, 93.0%,  7.0%], RTT = 0.023s, Queue delay = 0.002s, MTU = 1200
 summary  14.0  Transmit rate =  6025kbps, PLR =  0.00%( 0.00%), CE =  8.21%( 7.21%)[ 0.0%,  0.0%, 93.0%,  7.0%], RTT = 0.023s, Queue delay = 0.002s, MTU = 1200
 summary  16.0  Transmit rate =  5989kbps, PLR =  0.00%( 0.00%), CE =  8.55%( 7.28%)[ 0.0%,  0.0%, 92.9%,  7.1%], RTT = 0.023s, Queue delay = 0.002s, MTU = 1200
 summary  18.0  Transmit rate =  6017kbps, PLR =  0.00%( 0.00%), CE =  9.08%( 7.30%)[ 0.0%,  0.0%, 92.9%,  7.1%], RTT = 0.023s, Queue delay = 0.002s, MTU = 1200
 summary  20.0  Transmit rate =  6011kbps, PLR =  0.00%( 0.00%), CE =  9.46%( 7.34%)[ 0.0%,  0.0%, 92.8%,  7.2%], RTT = 0.023s, Queue delay = 0.002s, MTU = 1200
 summary  22.0  Transmit rate =  6159kbps, PLR =  0.00%( 0.00%), CE =  8.78%( 7.36%)[ 0.0%,  0.0%, 92.8%,  7.2%], RTT = 0.023s, Queue delay = 0.002s, MTU = 1200
 summary  24.0  Transmit rate =  6125kbps, PLR =  0.00%( 0.00%), CE =  8.64%( 7.31%)[ 0.0%,  0.0%, 92.9%,  7.1%], RTT = 0.023s, Queue delay = 0.002s, MTU = 1200
 summary  26.0  Transmit rate =  6128kbps, PLR =  0.00%( 0.00%), CE =  8.26%( 7.34%)[ 0.0%,  0.0%, 92.8%,  7.2%], RTT = 0.023s, Queue delay = 0.002s, MTU = 1200
 summary  28.0  Transmit rate =  6097kbps, PLR =  0.00%( 0.00%), CE =  8.33%( 7.31%)[ 0.0%,  0.0%, 92.9%,  7.1%], RTT = 0.023s, Queue delay = 0.002s, MTU = 1200
 summary  30.1  Transmit rate =  6096kbps, PLR =  0.00%( 0.00%), CE =  8.72%( 7.34%)[ 0.0%,  0.0%, 92.8%,  7.2%], RTT = 0.023s, Queue delay = 0.002s, MTU = 1200
 summary  32.1  Transmit rate =  6022kbps, PLR =  0.00%( 0.00%), CE =  8.03%( 7.32%)[ 0.0%,  0.0%, 92.9%,  7.1%], RTT = 0.023s, Queue delay = 0.002s, MTU = 1200
 summary  34.1  Transmit rate =  6013kbps, PLR =  0.00%( 0.00%), CE =  7.39%( 7.25%)[ 0.0%,  0.0%, 92.9%,  7.1%], RTT = 0.023s, Queue delay = 0.002s, MTU = 1200

======================== Summary ==========================
 Bitrate min/max/avg [kbps]          :  5004/ 7274/ 6008
 RTT     min/max/avg [s]             : 0.023/0.049/0.024
 Queue delay max/avg [s]             : 0.004/0.002
 Packet loss avg [%]                 : 0.000
 ECN/L4S NotECT/ECT(0)/ECT(1)/CE [%] :  0.0/ 0.0/92.9/ 7.1
===========================================================
