Listen on port 5365 to receive RTCP from decoder 
Scream sender started! 
 summary   2.0  Transmit rate =  3816kbps, PLR =  0.00%( 0.00%), CE =  2.68%( 9.55%)[ 0.0%,  0.0%, 90.5%,  9.5%], RTT = 0.036s, Queue delay = 0.001s, MTU = 1200
 summary   4.0  Transmit rate =  5070kbps, PLR =  0.00%( 0.00%), CE =  5.65%( 7.79%)[ 0.0%,  0.0%, 92.1%,  7.9%], RTT = 0.029s, Queue delay = 0.002s, MTU = 1200
 summary   6.0  Transmit rate =  5602kbps, PLR =  0.00%( 0.00%), CE =  8.66%( 7.90%)[ 0.0%,  0.0%, 92.2%,  7.8%], RTT = 0.026s, Queue delay = 0.002s, MTU = 1200
 summary   8.0  Transmit rate =  5785kbps, PLR =  0.00%( 0.00%), CE =  8.05%( 7.69%)[ 0.0%,  0.0%, 92.4%,  7.6%], RTT = 0.024s, Queue delay = 0.002s, MTU = 1200
 summary  10.0  Transmit rate =  5976kbps, PLR =  0.00%( 0.00%), CE =  8.07%( 7.52%)[ 0.0%,  0.0%, 92.5%,  7.5%], RTT = 0.024s, Queue delay = 0.002s, MTU = 1200
 summary  12.0  Transmit rate =  5937kbps, PLR =  0.00%( 0.00%), CE =  7.36%( 7.15%)[ 0.0%,  0.0%, 92.9%,  7.1%], RTT = 0.023s, Queue delay = 0.002s, MTU = 1200
 summary  14.0  Transmit rate =  5809kbps, PLR =  0.00%( 0.00%), CE =  7.49%( 7.08%)[ 0.0%,  0.0%, 93.0%,  7.0%], RTT = 0.023s, Queue delay = 0.002s, MTU = 1200
 summary  16.0  Transmit rate =  6048kbps, PLR =  0.00%( 0.00%), CE =  7.81%( 7.25%)[ 0.0%,  0.0%, 92.9%,  7.1%], RTT = 0.023s, Queue delay = 0.002s, MTU = 1200
 summary  18.0  Transmit rate =  6105kbps, PLR =  0.00%( 0.00%), CE =  7.62%( 7.27%)[ 0.0%,  0.0%, 92.9%,  7.1%], RTT = 0.023s, Queue delay = 0.002s, MTU = 1200
 summary  20.0  Transmit rate =  5873kbps, PLR =  0.00%( 0.00%), CE =  7.78%( 7.18%)[ 0.0%,  0.0%, 92.9%,  7.1%], RTT = 0.023s, Queue delay = 0.002s, MTU = 1200
 summary  22.0  Transmit rate =  5577kbps, PLR =  0.00%( 0.00%), CE =  8.48%( 7.28%)[ 0.0%,  0.0%, 92.8%,  7.2%], RTT = 0.023s, Queue delay = 0.002s, MTU = 1200
 summary  24.0  Transmit rate =  5829kbps, PLR =  0.00%( 0.00%), CE =  8.70%( 7.22%)[ 0.0%,  0.0%, 92.9%,  7.1%], RTT = 0.023s, Queue delay = 0.002s, MTU = 1200
 summary  26.0  Transmit rate =  5834kbps, PLR =  0.00%( 0.00%), CE =  7.06%( 7.08%)[ 0.0%,  0.0%, 93.1%,  6.9%], RTT = 0.023s, Queue delay = 0.002s, MTU = 1200
 summary  28.0  Transmit rate =  5973kbps, PLR =  0.00%( 0.00%), CE =  7.86%( 7.07%)[ 0.0%,  0.0%, 93.1%,  6.9%], RTT = 0.023s, Queue delay = 0.002s, MTU = 1200
 summary  30.0  Transmit rate =  5933kbps, PLR =  0.00%( 0.00%), CE =  8.26%( 7.13%)[ 0.0%,  0.0%, 93.0%,  7.0%], RTT = 0.023s, Queue delay = 0.002s, MTU = 1200
 summary  32.1  Transmit rate =  6035kbps, PLR =  0.00%( 0.00%), CE =  8.31%( 7.12%)[ 0.0%,  0.0%, 93.0%,  7.0%], RTT = 0.023s, Queue delay = 0.002s, MTU = 1200
 summary  34.1  Transmit rate =  6133kbps, PLR =  0.00%( 0.00%), CE =  8.82%( 7.18%)[ 0.0%,  0.0%, 92.9%,  7.1%], RTT = 0.024s, Queue delay = 0.002s, MTU = 1200

======================== Summary ==========================
 Bitrate min/max/avg [kbps]          :  4440/ 7440/ 5910
 RTT     min/max/avg [s]             : 0.023/0.049/0.024
 Queue delay max/avg [s]             : 0.004/0.002
 Packet loss avg [%]                 : 0.000
 ECN/L4S NotECT/ECT(0)/ECT(1)/CE [%] :  0.0/ 0.0/93.0/ 7.0
===========================================================
