Listen on port 5439 to receive RTCP from decoder 
Scream sender started! 
 summary   2.0  Transmit rate =  3591kbps, PLR =  0.00%( 0.00%), CE =  3.05%(10.27%)[ 0.0%,  0.0%, 89.5%, 10.5%], RTT = 0.036s, Queue delay = 0.001s, MTU = 1200
 summary   4.0  Transmit rate =  4424kbps, PLR =  0.00%( 0.00%), CE =  7.04%( 8.62%)[ 0.0%,  0.0%, 91.3%,  8.7%], RTT = 0.029s, Queue delay = 0.001s, MTU = 1200
 summary   6.0  Transmit rate =  5550kbps, PLR =  0.00%( 0.00%), CE = 10.24%( 8.19%)[ 0.0%,  0.0%, 91.9%,  8.1%], RTT = 0.026s, Queue delay = 0.002s, MTU = 1200
 summary   8.0  Transmit rate =  5832kbps, PLR =  0.00%( 0.00%), CE =  8.55%( 8.20%)[ 0.0%,  0.0%, 91.8%,  8.2%], RTT = 0.025s, Queue delay = 0.002s, MTU = 1200
 summary  10.0  Transmit rate =  5710kbps, PLR =  0.00%( 0.00%), CE =  9.28%( 8.36%)[ 0.0%,  0.0%, 91.7%,  8.3%], RTT = 0.024s, Queue delay = 0.001s, MTU = 1200
 summary  12.0  Transmit rate =  5305kbps, PLR =  0.00%( 0.00%), CE =  9.44%( 8.24%)[ 0.0%,  0.0%, 91.8%,  8.2%], RTT = 0.023s, Queue delay = 0.001s, MTU = 1200
 summary  14.0  Transmit rate =  5899kbps, PLR =  0.00%( 0.00%), CE =  8.11%( 8.06%)[ 0.0%,  0.0%, 92.0%,  8.0%], RTT = 0.023s, Queue delay = 0.002s, MTU = 1200
 summary  16.0  Transmit rate =  6007kbps, PLR =  0.00%( 0.00%), CE =  7.16%( 7.87%)[ 0.0%,  0.0%, 92.2%,  7.8%], RTT = 0.024s, Queue delay = 0.002s, MTU = 1200
 summary  18.0  Transmit rate =  6117kbps, PLR =  0.00%( 0.00%), CE =  8.48%( 7.78%)[ 0.0%,  0.0%, 92.3%,  7.7%], RTT = 0.024s, Queue delay = 0.002s, MTU = 1200
 summary  20.0  Transmit rate =  6314kbps, PLR =  0.00%( 0.00%), CE =  8.06%( 7.74%)[ 0.0%,  0.0%, 92.4%,  7.6%], RTT = 0.024s, Queue delay = 0.002s, MTU = 1200
 summary  22.0  Transmit rate =  6314kbps, PLR =  0.00%( 0.00%), CE =  8.16%( 7.83%)[ 0.0%,  0.0%, 92.3%,  7.7%], RTT = 0.024s, Queue delay = 0.002s, MTU = 1200
 summary  24.0  Transmit rate =  5951kbps, PLR =  0.00%( 0.00%), CE =  9.59%( 7.93%)[ 0.0%,  0.0%, 92.2%,  7.8%], RTT = 0.024s, Queue delay = 0.002s, MTU = 1200
 summary  26.0  Transmit rate =  6136kbps, PLR =  0.00%( 0.00%), CE =  9.47%( 7.80%)[ 0.0%,  0.0%, 92.3%,  7.7%], RTT = 0.023s, Queue delay = 0.002s, MTU = 1200
 summary  28.0  Transmit rate =  6308kbps, PLR =  0.00%( 0.00%), CE =  8.38%( 7.64%)[ 0.0%,  0.0%, 92.5%,  7.5%], RTT = 0.023s, Queue delay = 0.002s, MTU = 1200
 summary  30.0  Transmit rate =  6218kbps, PLR =  0.00%( 0.00%), CE =  8.50%( 7.65%)[ 0.0%,  0.0%, 92.4%,  7.6%], RTT = 0.024s, Queue delay = 0.002s, MTU = 1200
 summary  32.0  Transmit rate =  6000kbps, PLR =  0.00%( 0.00%), CE =  8.67%( 7.61%)[ 0.0%,  0.0%, 92.5%,  7.5%], RTT = 0.023s, Queue delay = 0.002s, MTU = 1200
 summary  34.0  Transmit rate =  6258kbps, PLR =  0.00%( 0.00%), CE =  9.16%( 7.69%)[ 0.0%,  0.0%, 92.4%,  7.6%], RTT = 0.023s, Queue delay = 0.002s, MTU = 1200

======================== Summary ==========================
 Bitrate min/max/avg [kbps]          :  3943/ 7700/ 5961
 RTT     min/max/avg [s]             : 0.023/0.049/0.024
 Queue delay max/avg [s]             : 0.004/0.002
 Packet loss avg [%]                 : 0.000
 ECN/L4S NotECT/ECT(0)/ECT(1)/CE [%] :  0.0/ 0.0/92.4/ 7.6
===========================================================
