Listen on port 5479 to receive RTCP from decoder 
Scream sender started! 
 summary   2.0  Transmit rate =  4030kbps, PLR =  0.00%( 0.00%), CE =  2.62%( 8.33%)[ 0.0%,  0.0%, 91.7%,  8.3%], RTT = 0.036s, Queue delay = 0.001s, MTU = 1200
 summary   4.0  Transmit rate =  5143kbps, PLR =  0.00%( 0.00%), CE =  5.88%( 8.10%)[ 0.0%,  0.0%, 91.9%,  8.1%], RTT = 0.029s, Queue delay = 0.001s, MTU = 1200
 summary   6.0  Transmit rate =  5827kbps, PLR =  0.00%( 0.00%), CE =  8.57%( 7.42%)[ 0.0%,  0.0%, 92.7%,  7.3%], RTT = 0.026s, Queue delay = 0.001s, MTU = 1200
 summary   8.0  Transmit rate =  6065kbps, PLR =  0.00%( 0.00%), CE =  8.00%( 7.27%)[ 0.0%,  0.0%, 92.9%,  7.1%], RTT = 0.024s, Queue delay = 0.002s, MTU = 1200
 summary  10.0  Transmit rate =  6339kbps, PLR =  0.00%( 0.00%), CE =  8.35%( 7.28%)[ 0.0%,  0.0%, 92.8%,  7.2%], RTT = 0.024s, Queue delay = 0.002s, MTU = 1200
 summary  12.0  Transmit rate =  6297kbps, PLR =  0.00%( 0.00%), CE =  7.70%( 7.16%)[ 0.0%,  0.0%, 92.9%,  7.1%], RTT = 0.024s, Queue delay = 0.002s, MTU = 1200
 summary  14.0  Transmit rate =  6458kbps, PLR =  0.00%( 0.00%), CE =  8.70%( 7.15%)[ 0.0%,  0.0%, 93.0%,  7.0%], RTT = 0.024s, Queue delay = 0.002s, MTU = 1200
 summary  16.0  Transmit rate =  6338kbps, PLR =  0.00%( 0.00%), CE =  8.34%( 7.33%)[ 0.0%,  0.0%, 92.8%,  7.2%], RTT = 0.023s, Queue delay = 0.002s, MTU = 1200
 summary  18.0  Transmit rate =  6462kbps, PLR =  0.00%( 0.00%), CE =  8.36%( 7.15%)[ 0.0%,  0.0%, 93.0%,  7.0%], RTT = 0.024s, Queue delay = 0.002s, MTU = 1200
 summary  20.0  Transmit rate =  6297kbps, PLR =  0.00%( 0.00%), CE =  8.28%( 7.23%)[ 0.0%,  0.0%, 92.9%,  7.1%], RTT = 0.023s, Queue delay = 0.002s, MTU = 1200
 summary  22.0  Transmit rate =  6080kbps, PLR =  0.00%( 0.00%), CE =  8.13%( 7.16%)[ 0.0%,  0.0%, 93.0%,  7.0%], RTT = 0.023s, Queue delay = 0.002s, MTU = 1200
 summary  24.0  Transmit rate =  6282kbps, PLR =  0.00%( 0.00%), CE =  7.70%( 7.20%)[ 0.0%,  0.0%, 92.9%,  7.1%], RTT = 0.023s, Queue delay = 0.002s, MTU = 1200
 summary  26.0  Transmit rate =  6461kbps, PLR =  0.00%( 0.00%), CE =  7.41%( 7.10%)[ 0.0%,  0.0%, 93.0%,  7.0%], RTT = 0.023s, Queue delay = 0.002s, MTU = 1200
 summary  28.0  Transmit rate =  6506kbps, PLR =  0.00%( 0.00%), CE =  7.03%( 7.05%)[ 0.0%,  0.0%, 93.1%,  6.9%], RTT = 0.023s, Queue delay = 0.002s, MTU = 1200
 summary  30.0  Transmit rate =  6495kbps, PLR =  0.00%( 0.00%), CE =  7.62%( 7.04%)[ 0.0%,  0.0%, 93.1%,  6.9%], RTT = 0.023s, Queue delay = 0.002s, MTU = 1200
 summary  32.0  Transmit rate =  6444kbps, PLR =  0.00%( 0.00%), CE =  7.71%( 7.05%)[ 0.0%,  0.0%, 93.1%,  6.9%], RTT = 0.023s, Queue delay = 0.002s, MTU = 1200
 summary  34.0  Transmit rate =  6338kbps, PLR =  0.00%( 0.00%), CE =  8.01%( 7.02%)[ 0.0%,  0.0%, 93.1%,  6.9%], RTT = 0.023s, Queue delay = 0.002s, MTU = 1200

======================== Summary ==========================
 Bitrate min/max/avg [kbps]          :  4973/ 7819/ 6303
 RTT     min/max/avg [s]             : 0.023/0.049/0.024
 Queue delay max/avg [s]             : 0.004/0.002
 Packet loss avg [%]                 : 0.000
 ECN/L4S NotECT/ECT(0)/ECT(1)/CE [%] :  0.0/ 0.0/93.1/ 6.9
===========================================================
