Listen on port 5491 to receive RTCP from decoder 
Scream sender started! 
 summary   2.0  Transmit rate =  3668kbps, PLR =  0.00%( 0.00%), CE =  2.85%( 9.72%)[ 0.0%,  0.0%, 90.2%,  9.8%], RTT = 0.036s, Queue delay = 0.001s, MTU = 1200
 summary   4.0  Transmit rate =  4891kbps, PLR =  0.00%( 0.00%), CE =  5.29%( 6.80%)[ 0.0%,  0.0%, 93.1%,  6.9%], RTT = 0.029s, Queue delay = 0.002s, MTU = 1200
 summary   6.0  Transmit rate =  5428kbps, PLR =  0.00%( 0.00%), CE =  8.31%( 7.03%)[ 0.0%,  0.0%, 93.0%,  7.0%], RTT = 0.026s, Queue delay = 0.002s, MTU = 1200
 summary   8.0  Transmit rate =  5736kbps, PLR =  0.00%( 0.00%), CE =  7.45%( 7.26%)[ 0.0%,  0.0%, 92.8%,  7.2%], RTT = 0.025s, Queue delay = 0.002s, MTU = 1200
 summary  10.0  Transmit rate =  5753kbps, PLR =  0.00%( 0.00%), CE =  7.80%( 7.06%)[ 0.0%,  0.0%, 93.0%,  7.0%], RTT = 0.024s, Queue delay = 0.002s, MTU = 1200
 summary  12.0  Transmit rate =  6022kbps, PLR =  0.00%( 0.00%), CE =  7.82%( 7.28%)[ 0.0%,  0.0%, 92.8%,  7.2%], RTT = 0.024s, Queue delay = 0.002s, MTU = 1200
 summary  14.0  Transmit rate =  6092kbps, PLR =  0.00%( 0.00%), CE =  7.90%( 7.24%)[ 0.0%,  0.0%, 92.8%,  7.2%], RTT = 0.024s, Queue delay = 0.002s, MTU = 1200
 summary  16.0  Transmit rate =  6086kbps, PLR =  0.00%( 0.00%), CE =  8.43%( 7.19%)[ 0.0%,  0.0%, 92.9%,  7.1%], RTT = 0.023s, Queue delay = 0.002s, MTU = 1200
 summary  18.0  Transmit rate =  6006kbps, PLR =  0.00%( 0.00%), CE =  8.18%( 7.32%)[ 0.0%,  0.0%, 92.8%,  7.2%], RTT = 0.023s, Queue delay = 0.002s, MTU = 1200
 summary  20.0  Transmit rate =  6095kbps, PLR =  0.00%( 0.00%), CE =  7.45%( 7.28%)[ 0.0%,  0.0%, 92.8%,  7.2%], RTT = 0.024s, Queue delay = 0.002s, MTU = 1200
 summary  22.0  Transmit rate =  5975kbps, PLR =  0.00%( 0.00%), CE =  7.71%( 7.23%)[ 0.0%,  0.0%, 92.9%,  7.1%], RTT = 0.023s, Queue delay = 0.002s, MTU = 1200
 summary  24.0  Transmit rate =  5788kbps, PLR =  0.00%( 0.00%), CE =  8.09%( 7.28%)[ 0.0%,  0.0%, 92.8%,  7.2%], RTT = 0.023s, Queue delay = 0.002s, MTU = 1200
 summary  26.0  Transmit rate =  5835kbps, PLR =  0.00%( 0.00%), CE =  8.13%( 7.28%)[ 0.0%,  0.0%, 92.8%,  7.2%], RTT = 0.023s, Queue delay = 0.002s, MTU = 1200
 summary  28.0  Transmit rate =  6009kbps, PLR =  0.00%( 0.00%), CE =  8.42%( 7.25%)[ 0.0%,  0.0%, 92.8%,  7.2%], RTT = 0.023s, Queue delay = 0.002s, MTU = 1200
 summary  30.0  Transmit rate =  5969kbps, PLR =  0.00%( 0.00%), CE =  8.89%( 7.31%)[ 0.0%,  0.0%, 92.8%,  7.2%], RTT = 0.023s, Queue delay = 0.002s, MTU = 1200
 summary  32.1  Transmit rate =  6095kbps, PLR =  0.00%( 0.00%), CE =  8.66%( 7.42%)[ 0.0%,  0.0%, 92.7%,  7.3%], RTT = 0.023s, Queue delay = 0.002s, MTU = 1200
 summary  34.1  Transmit rate =  5944kbps, PLR =  0.00%( 0.00%), CE =  9.44%( 7.40%)[ 0.0%,  0.0%, 92.7%,  7.3%], RTT = 0.024s, Queue delay = 0.002s, MTU = 1200

======================== Summary ==========================
 Bitrate min/max/avg [kbps]          :  4819/ 7328/ 5898
 RTT     min/max/avg [s]             : 0.023/0.049/0.024
 Queue delay max/avg [s]             : 0.004/0.002
 Packet loss avg [%]                 : 0.000
 ECN/L4S NotECT/ECT(0)/ECT(1)/CE [%] :  0.0/ 0.0/92.7/ 7.3
===========================================================
