socket set to IP_RECVTOS
socket SO_RCVBUF set to 20971520
Listen on port 5394 to receive RTP from sender 
.
.
Packet(s) lost or reordered :   315 was received, previous rcvd is   313 
Packet(s) lost or reordered :   484 was received, previous rcvd is   482 
Packet(s) lost or reordered :   489 was received, previous rcvd is   487 
Packet(s) lost or reordered :   550 was received, previous rcvd is   548 
Packet(s) lost or reordered :  2623 was received, previous rcvd is  2621 
Packet(s) lost or reordered :  3770 was received, previous rcvd is  3768 
Packet(s) lost or reordered :  5283 was received, previous rcvd is  5281 
Packet(s) lost or reordered :  6023 was received, previous rcvd is  6021 
Packet(s) lost or reordered :  8398 was received, previous rcvd is  8396 
Packet(s) lost or reordered : 10209 was received, previous rcvd is 10207 
Packet(s) lost or reordered : 11395 was received, previous rcvd is 11393 
Packet(s) lost or reordered : 11808 was received, previous rcvd is 11806 
Packet(s) lost or reordered : 13701 was received, previous rcvd is 13699 
Packet(s) lost or reordered : 14636 was received, previous rcvd is 14634 
Packet(s) lost or reordered : 14802 was received, previous rcvd is 14800 
Packet(s) lost or reordered : 14885 was received, previous rcvd is 14883 
Packet(s) lost or reordered : 16919 was received, previous rcvd is 16917 
Packet(s) lost or reordered : 19156 was received, previous rcvd is 19154 
.
