socket set to IP_RECVTOS
socket SO_RCVBUF set to 20971520
Listen on port 5536 to receive RTP from sender 
.
.
Packet(s) lost or reordered :   368 was received, previous rcvd is   366 
Packet(s) lost or reordered :  3336 was received, previous rcvd is  3334 
Packet(s) lost or reordered :  3421 was received, previous rcvd is  3419 
Packet(s) lost or reordered :  3554 was received, previous rcvd is  3552 
Packet(s) lost or reordered :  3861 was received, previous rcvd is  3859 
Packet(s) lost or reordered :  6647 was received, previous rcvd is  6645 
Packet(s) lost or reordered :  7026 was received, previous rcvd is  7024 
Packet(s) lost or reordered :  7262 was received, previous rcvd is  7260 
Packet(s) lost or reordered :  8825 was received, previous rcvd is  8823 
Packet(s) lost or reordered : 10422 was received, previous rcvd is 10420 
Packet(s) lost or reordered : 10460 was received, previous rcvd is 10458 
Packet(s) lost or reordered : 15912 was received, previous rcvd is 15910 
Packet(s) lost or reordered : 16220 was received, previous rcvd is 16218 
Packet(s) lost or reordered : 16473 was received, previous rcvd is 16471 
Packet(s) lost or reordered : 16754 was received, previous rcvd is 16752 
Packet(s) lost or reordered : 18996 was received, previous rcvd is 18994 
Packet(s) lost or reordered : 20085 was received, previous rcvd is 20083 
.
