socket set to IP_RECVTOS
socket SO_RCVBUF set to 20971520
Listen on port 5392 to receive RTP from sender 
.
.
Packet(s) lost or reordered :   532 was received, previous rcvd is   530 
Packet(s) lost or reordered :   945 was received, previous rcvd is   943 
Packet(s) lost or reordered :   968 was received, previous rcvd is   966 
Packet(s) lost or reordered :  3829 was received, previous rcvd is  3827 
Packet(s) lost or reordered :  5947 was received, previous rcvd is  5945 
Packet(s) lost or reordered :  8750 was received, previous rcvd is  8748 
Packet(s) lost or reordered :  9720 was received, previous rcvd is  9718 
Packet(s) lost or reordered : 10195 was received, previous rcvd is 10193 
Packet(s) lost or reordered : 10833 was received, previous rcvd is 10831 
Packet(s) lost or reordered : 11070 was received, previous rcvd is 11068 
Packet(s) lost or reordered : 13235 was received, previous rcvd is 13233 
Packet(s) lost or reordered : 13380 was received, previous rcvd is 13378 
Packet(s) lost or reordered : 17571 was received, previous rcvd is 17569 
Packet(s) lost or reordered : 17593 was received, previous rcvd is 17591 
Packet(s) lost or reordered : 17785 was received, previous rcvd is 17783 
Packet(s) lost or reordered : 17839 was received, previous rcvd is 17837 
Packet(s) lost or reordered : 18079 was received, previous rcvd is 18077 
.
