socket set to IP_RECVTOS
socket SO_RCVBUF set to 20971520
Listen on port 5544 to receive RTP from sender 
.
.
Packet(s) lost or reordered :   404 was received, previous rcvd is   402 
Packet(s) lost or reordered :   500 was received, previous rcvd is   498 
Packet(s) lost or reordered :  1712 was received, previous rcvd is  1710 
Packet(s) lost or reordered :  1720 was received, previous rcvd is  1718 
Packet(s) lost or reordered :  1748 was received, previous rcvd is  1746 
Packet(s) lost or reordered :  3676 was received, previous rcvd is  3674 
Packet(s) lost or reordered :  3859 was received, previous rcvd is  3857 
Packet(s) lost or reordered :  4116 was received, previous rcvd is  4114 
Packet(s) lost or reordered :  5434 was received, previous rcvd is  5432 
Packet(s) lost or reordered :  5760 was received, previous rcvd is  5758 
Packet(s) lost or reordered :  8207 was received, previous rcvd is  8205 
Packet(s) lost or reordered : 10706 was received, previous rcvd is 10704 
Packet(s) lost or reordered : 12944 was received, previous rcvd is 12942 
Packet(s) lost or reordered : 14871 was received, previous rcvd is 14869 
.
