Listen on port 5547 to receive RTCP from decoder 
Scream sender started! 
 summary   2.0  Transmit rate =  1476kbps, PLR =  0.00%( 0.00%), CE =  0.84%( 2.08%)[ 0.0%,  0.0%, 98.1%,  1.9%], RTT = 0.068s, Queue delay = 0.000s, MTU = 1200
 summary   4.0  Transmit rate =  2215kbps, PLR =  0.00%( 0.00%), CE =  0.93%( 0.77%)[ 0.0%,  0.0%, 99.3%,  0.7%], RTT = 0.086s, Queue delay = 0.001s, MTU = 1200
 summary   6.0  Transmit rate =  3392kbps, PLR =  0.00%( 0.00%), CE =  0.22%( 0.45%)[ 0.0%,  0.0%, 99.6%,  0.4%], RTT = 0.095s, Queue delay = 0.001s, MTU = 1200
 summary   8.0  Transmit rate =  4806kbps, PLR =  0.00%( 0.00%), CE =  0.05%( 0.26%)[ 0.0%,  0.0%, 99.7%,  0.3%], RTT = 0.099s, Queue delay = 0.001s, MTU = 1200
 summary  10.0  Transmit rate =  5990kbps, PLR =  0.00%( 0.00%), CE =  1.34%( 1.18%)[ 0.0%,  0.0%, 98.9%,  1.1%], RTT = 0.101s, Queue delay = 0.001s, MTU = 1200
 summary  12.0  Transmit rate =  6494kbps, PLR =  0.00%( 0.00%), CE =  2.55%( 1.63%)[ 0.0%,  0.0%, 98.4%,  1.6%], RTT = 0.101s, Queue delay = 0.001s, MTU = 1200
 summary  14.0  Transmit rate =  6742kbps, PLR =  0.00%( 0.00%), CE =  3.25%( 1.87%)[ 0.0%,  0.0%, 98.2%,  1.8%], RTT = 0.102s, Queue delay = 0.001s, MTU = 1200
 summary  16.0  Transmit rate =  6858kbps, PLR =  0.00%( 0.00%), CE =  3.13%( 1.99%)[ 0.0%,  0.0%, 98.1%,  1.9%], RTT = 0.102s, Queue delay = 0.001s, MTU = 1200
 summary  18.0  Transmit rate =  6894kbps, PLR =  0.00%( 0.00%), CE =  3.15%( 2.07%)[ 0.0%,  0.0%, 98.0%,  2.0%], RTT = 0.102s, Queue delay = 0.001s, MTU = 1200
 summary  20.0  Transmit rate =  6909kbps, PLR =  0.00%( 0.00%), CE =  3.15%( 2.16%)[ 0.0%,  0.0%, 97.9%,  2.1%], RTT = 0.102s, Queue delay = 0.001s, MTU = 1200
 summary  22.0  Transmit rate =  6933kbps, PLR =  0.00%( 0.00%), CE =  2.93%( 2.17%)[ 0.0%,  0.0%, 97.9%,  2.1%], RTT = 0.102s, Queue delay = 0.001s, MTU = 1200
 summary  24.0  Transmit rate =  6938kbps, PLR =  0.00%( 0.00%), CE =  2.68%( 2.18%)[ 0.0%,  0.0%, 97.9%,  2.1%], RTT = 0.102s, Queue delay = 0.001s, MTU = 1200
 summary  26.0  Transmit rate =  6940kbps, PLR =  0.00%( 0.00%), CE =  2.95%( 2.24%)[ 0.0%,  0.0%, 97.8%,  2.2%], RTT = 0.102s, Queue delay = 0.001s, MTU = 1200
 summary  28.0  Transmit rate =  6942kbps, PLR =  0.00%( 0.00%), CE =  2.86%( 2.27%)[ 0.0%,  0.0%, 97.8%,  2.2%], RTT = 0.102s, Queue delay = 0.001s, MTU = 1200
 summary  30.0  Transmit rate =  6911kbps, PLR =  0.00%( 0.00%), CE =  2.58%( 2.25%)[ 0.0%,  0.0%, 97.9%,  2.1%], RTT = 0.102s, Queue delay = 0.001s, MTU = 1200
 summary  32.1  Transmit rate =  6919kbps, PLR =  0.00%( 0.00%), CE =  2.58%( 2.26%)[ 0.0%,  0.0%, 97.8%,  2.2%], RTT = 0.102s, Queue delay = 0.001s, MTU = 1200
 summary  34.1  Transmit rate =  6934kbps, PLR =  0.00%( 0.00%), CE =  2.18%( 2.23%)[ 0.0%,  0.0%, 97.9%,  2.1%], RTT = 0.102s, Queue delay = 0.001s, MTU = 1200

======================== Summary ==========================
 Bitrate min/max/avg [kbps]          :  3903/ 8048/ 6171
 RTT     min/max/avg [s]             : 0.050/0.102/0.101
 Queue delay max/avg [s]             : 0.003/0.001
 Packet loss avg [%]                 : 0.000
 ECN/L4S NotECT/ECT(0)/ECT(1)/CE [%] :  0.0/ 0.0/97.9/ 2.1
===========================================================
