Listen on port 5523 to receive RTCP from decoder 
Scream sender started! 
 summary   2.0  Transmit rate =  1472kbps, PLR =  0.00%( 0.00%), CE =  0.84%( 1.80%)[ 0.0%,  0.0%, 98.4%,  1.6%], RTT = 0.068s, Queue delay = 0.000s, MTU = 1200
 summary   4.0  Transmit rate =  2287kbps, PLR =  0.00%( 0.00%), CE =  0.84%( 0.64%)[ 0.0%,  0.0%, 99.4%,  0.6%], RTT = 0.086s, Queue delay = 0.001s, MTU = 1200
 summary   6.0  Transmit rate =  3635kbps, PLR =  0.00%( 0.00%), CE =  0.08%( 0.32%)[ 0.0%,  0.0%, 99.7%,  0.3%], RTT = 0.095s, Queue delay = 0.001s, MTU = 1200
 summary   8.0  Transmit rate =  5313kbps, PLR =  0.00%( 0.00%), CE =  0.06%( 0.56%)[ 0.0%,  0.0%, 99.4%,  0.6%], RTT = 0.099s, Queue delay = 0.001s, MTU = 1200
 summary  10.0  Transmit rate =  6297kbps, PLR =  0.00%( 0.00%), CE =  1.49%( 1.32%)[ 0.0%,  0.0%, 98.7%,  1.3%], RTT = 0.101s, Queue delay = 0.001s, MTU = 1200
 summary  12.0  Transmit rate =  6745kbps, PLR =  0.00%( 0.00%), CE =  2.54%( 1.58%)[ 0.0%,  0.0%, 98.5%,  1.5%], RTT = 0.101s, Queue delay = 0.001s, MTU = 1200
 summary  14.0  Transmit rate =  6924kbps, PLR =  0.00%( 0.00%), CE =  2.69%( 1.82%)[ 0.0%,  0.0%, 98.2%,  1.8%], RTT = 0.102s, Queue delay = 0.001s, MTU = 1200
 summary  16.0  Transmit rate =  7007kbps, PLR =  0.00%( 0.00%), CE =  2.84%( 1.86%)[ 0.0%,  0.0%, 98.2%,  1.8%], RTT = 0.102s, Queue delay = 0.001s, MTU = 1200
 summary  18.0  Transmit rate =  7058kbps, PLR =  0.00%( 0.00%), CE =  2.59%( 2.00%)[ 0.0%,  0.0%, 98.1%,  1.9%], RTT = 0.102s, Queue delay = 0.001s, MTU = 1200
 summary  20.0  Transmit rate =  7083kbps, PLR =  0.00%( 0.00%), CE =  2.89%( 2.08%)[ 0.0%,  0.0%, 98.0%,  2.0%], RTT = 0.102s, Queue delay = 0.001s, MTU = 1200
 summary  22.0  Transmit rate =  7090kbps, PLR =  0.00%( 0.00%), CE =  2.72%( 2.13%)[ 0.0%,  0.0%, 97.9%,  2.1%], RTT = 0.102s, Queue delay = 0.001s, MTU = 1200
 summary  24.0  Transmit rate =  7087kbps, PLR =  0.00%( 0.00%), CE =  2.79%( 2.12%)[ 0.0%,  0.0%, 97.9%,  2.1%], RTT = 0.102s, Queue delay = 0.001s, MTU = 1200
 summary  26.0  Transmit rate =  7112kbps, PLR =  0.00%( 0.00%), CE =  2.90%( 2.14%)[ 0.0%,  0.0%, 97.9%,  2.1%], RTT = 0.102s, Queue delay = 0.001s, MTU = 1200
 summary  28.0  Transmit rate =  7105kbps, PLR =  0.00%( 0.00%), CE =  2.72%( 2.18%)[ 0.0%,  0.0%, 97.9%,  2.1%], RTT = 0.102s, Queue delay = 0.001s, MTU = 1200
 summary  30.0  Transmit rate =  7106kbps, PLR =  0.00%( 0.00%), CE =  2.53%( 2.16%)[ 0.0%,  0.0%, 97.9%,  2.1%], RTT = 0.102s, Queue delay = 0.001s, MTU = 1200
 summary  32.1  Transmit rate =  7105kbps, PLR =  0.00%( 0.00%), CE =  2.53%( 2.18%)[ 0.0%,  0.0%, 97.9%,  2.1%], RTT = 0.102s, Queue delay = 0.001s, MTU = 1200
 summary  34.1  Transmit rate =  7114kbps, PLR =  0.00%( 0.00%), CE =  2.30%( 2.17%)[ 0.0%,  0.0%, 97.9%,  2.1%], RTT = 0.102s, Queue delay = 0.001s, MTU = 1200

======================== Summary ==========================
 Bitrate min/max/avg [kbps]          :  4331/ 8244/ 6371
 RTT     min/max/avg [s]             : 0.050/0.102/0.101
 Queue delay max/avg [s]             : 0.002/0.001
 Packet loss avg [%]                 : 0.000
 ECN/L4S NotECT/ECT(0)/ECT(1)/CE [%] :  0.0/ 0.0/97.9/ 2.1
===========================================================
