Listen on port 5539 to receive RTCP from decoder 
Scream sender started! 
 summary   2.0  Transmit rate =  1360kbps, PLR =  0.00%( 0.00%), CE =  0.84%( 1.86%)[ 0.0%,  0.0%, 98.4%,  1.6%], RTT = 0.067s, Queue delay = 0.000s, MTU = 1200
 summary   4.0  Transmit rate =  2236kbps, PLR =  0.00%( 0.00%), CE =  0.84%( 0.65%)[ 0.0%,  0.0%, 99.4%,  0.6%], RTT = 0.086s, Queue delay = 0.001s, MTU = 1200
 summary   6.0  Transmit rate =  3620kbps, PLR =  0.00%( 0.00%), CE =  0.08%( 0.32%)[ 0.0%,  0.0%, 99.7%,  0.3%], RTT = 0.095s, Queue delay = 0.001s, MTU = 1200
 summary   8.0  Transmit rate =  5395kbps, PLR =  0.00%( 0.00%), CE =  0.24%( 0.46%)[ 0.0%,  0.0%, 99.6%,  0.4%], RTT = 0.099s, Queue delay = 0.001s, MTU = 1200
 summary  10.0  Transmit rate =  6350kbps, PLR =  0.00%( 0.00%), CE =  1.19%( 1.12%)[ 0.0%,  0.0%, 98.9%,  1.1%], RTT = 0.101s, Queue delay = 0.001s, MTU = 1200
 summary  12.0  Transmit rate =  6826kbps, PLR =  0.00%( 0.00%), CE =  1.98%( 1.20%)[ 0.0%,  0.0%, 98.8%,  1.2%], RTT = 0.102s, Queue delay = 0.001s, MTU = 1200
 summary  14.0  Transmit rate =  7087kbps, PLR =  0.00%( 0.00%), CE =  1.38%( 1.12%)[ 0.0%,  0.0%, 98.9%,  1.1%], RTT = 0.102s, Queue delay = 0.001s, MTU = 1200
 summary  16.0  Transmit rate =  7338kbps, PLR =  0.00%( 0.00%), CE =  1.39%( 1.23%)[ 0.0%,  0.0%, 98.8%,  1.2%], RTT = 0.102s, Queue delay = 0.001s, MTU = 1200
 summary  18.0  Transmit rate =  7466kbps, PLR =  0.00%( 0.00%), CE =  1.72%( 1.41%)[ 0.0%,  0.0%, 98.6%,  1.4%], RTT = 0.102s, Queue delay = 0.001s, MTU = 1200
 summary  20.0  Transmit rate =  7489kbps, PLR =  0.00%( 0.00%), CE =  2.37%( 1.45%)[ 0.0%,  0.0%, 98.6%,  1.4%], RTT = 0.102s, Queue delay = 0.001s, MTU = 1200
 summary  22.0  Transmit rate =  7524kbps, PLR =  0.00%( 0.00%), CE =  2.33%( 1.55%)[ 0.0%,  0.0%, 98.5%,  1.5%], RTT = 0.102s, Queue delay = 0.001s, MTU = 1200
 summary  24.0  Transmit rate =  7530kbps, PLR =  0.00%( 0.00%), CE =  2.25%( 1.60%)[ 0.0%,  0.0%, 98.4%,  1.6%], RTT = 0.102s, Queue delay = 0.001s, MTU = 1200
 summary  26.0  Transmit rate =  7521kbps, PLR =  0.00%( 0.00%), CE =  2.34%( 1.62%)[ 0.0%,  0.0%, 98.4%,  1.6%], RTT = 0.102s, Queue delay = 0.001s, MTU = 1200
 summary  28.0  Transmit rate =  7515kbps, PLR =  0.00%( 0.00%), CE =  2.32%( 1.67%)[ 0.0%,  0.0%, 98.4%,  1.6%], RTT = 0.102s, Queue delay = 0.001s, MTU = 1200
 summary  30.0  Transmit rate =  7532kbps, PLR =  0.00%( 0.00%), CE =  2.55%( 1.74%)[ 0.0%,  0.0%, 98.3%,  1.7%], RTT = 0.102s, Queue delay = 0.001s, MTU = 1200
 summary  32.0  Transmit rate =  7521kbps, PLR =  0.00%( 0.00%), CE =  2.51%( 1.78%)[ 0.0%,  0.0%, 98.3%,  1.7%], RTT = 0.102s, Queue delay = 0.001s, MTU = 1200
 summary  34.1  Transmit rate =  7537kbps, PLR =  0.00%( 0.00%), CE =  2.83%( 1.82%)[ 0.0%,  0.0%, 98.2%,  1.8%], RTT = 0.102s, Queue delay = 0.001s, MTU = 1200

======================== Summary ==========================
 Bitrate min/max/avg [kbps]          :  4233/ 8734/ 6661
 RTT     min/max/avg [s]             : 0.050/0.103/0.101
 Queue delay max/avg [s]             : 0.002/0.001
 Packet loss avg [%]                 : 0.000
 ECN/L4S NotECT/ECT(0)/ECT(1)/CE [%] :  0.0/ 0.0/98.2/ 1.8
===========================================================
