Listen on port 5405 to receive RTCP from decoder 
Scream sender started! 
 summary   2.0  Transmit rate =  1412kbps, PLR =  0.00%( 0.00%), CE =  1.00%( 2.40%)[ 0.0%,  0.0%, 97.7%,  2.3%], RTT = 0.067s, Queue delay = 0.001s, MTU = 1200
 summary   4.0  Transmit rate =  1948kbps, PLR =  0.00%( 0.00%), CE =  1.02%( 0.94%)[ 0.0%,  0.0%, 99.1%,  0.9%], RTT = 0.086s, Queue delay = 0.001s, MTU = 1200
 summary   6.0  Transmit rate =  3068kbps, PLR =  0.00%( 0.00%), CE =  0.26%( 0.46%)[ 0.0%,  0.0%, 99.5%,  0.5%], RTT = 0.095s, Queue delay = 0.001s, MTU = 1200
 summary   8.0  Transmit rate =  4776kbps, PLR =  0.00%( 0.00%), CE =  0.00%( 0.26%)[ 0.0%,  0.0%, 99.7%,  0.3%], RTT = 0.099s, Queue delay = 0.001s, MTU = 1200
 summary  10.0  Transmit rate =  6498kbps, PLR =  0.00%( 0.00%), CE =  0.28%( 0.46%)[ 0.0%,  0.0%, 99.5%,  0.5%], RTT = 0.101s, Queue delay = 0.001s, MTU = 1200
 summary  12.0  Transmit rate =  7332kbps, PLR =  0.00%( 0.00%), CE =  1.38%( 0.96%)[ 0.0%,  0.0%, 99.1%,  0.9%], RTT = 0.101s, Queue delay = 0.001s, MTU = 1200
 summary  14.0  Transmit rate =  7683kbps, PLR =  0.00%( 0.00%), CE =  2.17%( 1.31%)[ 0.0%,  0.0%, 98.7%,  1.3%], RTT = 0.101s, Queue delay = 0.001s, MTU = 1200
 summary  16.0  Transmit rate =  7859kbps, PLR =  0.00%( 0.00%), CE =  2.29%( 1.34%)[ 0.0%,  0.0%, 98.7%,  1.3%], RTT = 0.102s, Queue delay = 0.001s, MTU = 1200
 summary  18.0  Transmit rate =  7950kbps, PLR =  0.00%( 0.00%), CE =  2.21%( 1.48%)[ 0.0%,  0.0%, 98.5%,  1.5%], RTT = 0.102s, Queue delay = 0.001s, MTU = 1200
 summary  20.0  Transmit rate =  7985kbps, PLR =  0.00%( 0.00%), CE =  2.46%( 1.60%)[ 0.0%,  0.0%, 98.4%,  1.6%], RTT = 0.102s, Queue delay = 0.001s, MTU = 1200
 summary  22.0  Transmit rate =  7984kbps, PLR =  0.00%( 0.00%), CE =  2.17%( 1.58%)[ 0.0%,  0.0%, 98.5%,  1.5%], RTT = 0.102s, Queue delay = 0.001s, MTU = 1200
 summary  24.0  Transmit rate =  8001kbps, PLR =  0.00%( 0.00%), CE =  1.88%( 1.64%)[ 0.0%,  0.0%, 98.4%,  1.6%], RTT = 0.102s, Queue delay = 0.001s, MTU = 1200
 summary  26.0  Transmit rate =  8011kbps, PLR =  0.00%( 0.00%), CE =  2.22%( 1.68%)[ 0.0%,  0.0%, 98.4%,  1.6%], RTT = 0.102s, Queue delay = 0.001s, MTU = 1200
 summary  28.0  Transmit rate =  7994kbps, PLR =  0.00%( 0.00%), CE =  2.17%( 1.69%)[ 0.0%,  0.0%, 98.4%,  1.6%], RTT = 0.102s, Queue delay = 0.001s, MTU = 1200
 summary  30.0  Transmit rate =  8015kbps, PLR =  0.00%( 0.00%), CE =  2.30%( 1.73%)[ 0.0%,  0.0%, 98.3%,  1.7%], RTT = 0.102s, Queue delay = 0.001s, MTU = 1200
 summary  32.0  Transmit rate =  8026kbps, PLR =  0.00%( 0.00%), CE =  2.10%( 1.72%)[ 0.0%,  0.0%, 98.3%,  1.7%], RTT = 0.102s, Queue delay = 0.001s, MTU = 1200
 summary  34.0  Transmit rate =  8045kbps, PLR =  0.00%( 0.00%), CE =  2.33%( 1.76%)[ 0.0%,  0.0%, 98.3%,  1.7%], RTT = 0.102s, Queue delay = 0.001s, MTU = 1200

======================== Summary ==========================
 Bitrate min/max/avg [kbps]          :  3545/ 9322/ 6958
 RTT     min/max/avg [s]             : 0.050/0.102/0.100
 Queue delay max/avg [s]             : 0.002/0.001
 Packet loss avg [%]                 : 0.000
 ECN/L4S NotECT/ECT(0)/ECT(1)/CE [%] :  0.0/ 0.0/98.3/ 1.7
===========================================================
