Listen on port 5403 to receive RTCP from decoder 
Scream sender started! 
 refresh 0.101288 RTP queue 1 packets discarded for SSRC 100
 summary   2.0  Transmit rate =  1370kbps, PLR =  0.00%( 0.00%), CE =  0.70%( 1.55%)[ 0.0%,  0.0%, 98.6%,  1.4%], RTT = 0.067s, Queue delay = 0.000s, MTU = 1200
 summary   4.0  Transmit rate =  2205kbps, PLR =  0.00%( 0.00%), CE =  0.81%( 0.77%)[ 0.0%,  0.0%, 99.3%,  0.7%], RTT = 0.086s, Queue delay = 0.001s, MTU = 1200
 summary   6.0  Transmit rate =  2985kbps, PLR =  0.00%( 0.00%), CE =  0.19%( 0.42%)[ 0.0%,  0.0%, 99.6%,  0.4%], RTT = 0.095s, Queue delay = 0.001s, MTU = 1200
 summary   8.0  Transmit rate =  4163kbps, PLR =  0.00%( 0.00%), CE =  0.17%( 0.29%)[ 0.0%,  0.0%, 99.7%,  0.3%], RTT = 0.099s, Queue delay = 0.001s, MTU = 1200
 summary  10.0  Transmit rate =  5482kbps, PLR =  0.00%( 0.00%), CE =  0.16%( 0.32%)[ 0.0%,  0.0%, 99.7%,  0.3%], RTT = 0.101s, Queue delay = 0.001s, MTU = 1200
 summary  12.0  Transmit rate =  6407kbps, PLR =  0.00%( 0.00%), CE =  0.39%( 0.49%)[ 0.0%,  0.0%, 99.5%,  0.5%], RTT = 0.102s, Queue delay = 0.001s, MTU = 1200
 summary  14.0  Transmit rate =  6871kbps, PLR =  0.00%( 0.00%), CE =  1.33%( 0.89%)[ 0.0%,  0.0%, 99.1%,  0.9%], RTT = 0.102s, Queue delay = 0.001s, MTU = 1200
 summary  16.0  Transmit rate =  7072kbps, PLR =  0.00%( 0.00%), CE =  2.17%( 1.12%)[ 0.0%,  0.0%, 98.9%,  1.1%], RTT = 0.102s, Queue delay = 0.001s, MTU = 1200
 summary  18.0  Transmit rate =  7170kbps, PLR =  0.00%( 0.00%), CE =  2.47%( 1.30%)[ 0.0%,  0.0%, 98.7%,  1.3%], RTT = 0.102s, Queue delay = 0.001s, MTU = 1200
 summary  20.0  Transmit rate =  7206kbps, PLR =  0.00%( 0.00%), CE =  2.27%( 1.32%)[ 0.0%,  0.0%, 98.7%,  1.3%], RTT = 0.102s, Queue delay = 0.001s, MTU = 1200
 summary  22.0  Transmit rate =  7235kbps, PLR =  0.00%( 0.00%), CE =  2.30%( 1.42%)[ 0.0%,  0.0%, 98.6%,  1.4%], RTT = 0.102s, Queue delay = 0.001s, MTU = 1200
 summary  24.0  Transmit rate =  7317kbps, PLR =  0.00%( 0.00%), CE =  1.78%( 1.38%)[ 0.0%,  0.0%, 98.6%,  1.4%], RTT = 0.102s, Queue delay = 0.001s, MTU = 1200
 summary  26.0  Transmit rate =  7361kbps, PLR =  0.00%( 0.00%), CE =  1.88%( 1.52%)[ 0.0%,  0.0%, 98.5%,  1.5%], RTT = 0.102s, Queue delay = 0.001s, MTU = 1200
 summary  28.0  Transmit rate =  7365kbps, PLR =  0.00%( 0.00%), CE =  2.28%( 1.55%)[ 0.0%,  0.0%, 98.5%,  1.5%], RTT = 0.102s, Queue delay = 0.001s, MTU = 1200
 summary  30.0  Transmit rate =  7369kbps, PLR =  0.00%( 0.00%), CE =  2.67%( 1.62%)[ 0.0%,  0.0%, 98.4%,  1.6%], RTT = 0.102s, Queue delay = 0.001s, MTU = 1200
 summary  32.0  Transmit rate =  7375kbps, PLR =  0.00%( 0.00%), CE =  2.20%( 1.62%)[ 0.0%,  0.0%, 98.4%,  1.6%], RTT = 0.102s, Queue delay = 0.001s, MTU = 1200
 summary  34.1  Transmit rate =  7480kbps, PLR =  0.00%( 0.00%), CE =  2.06%( 1.61%)[ 0.0%,  0.0%, 98.4%,  1.6%], RTT = 0.102s, Queue delay = 0.001s, MTU = 1200

======================== Summary ==========================
 Bitrate min/max/avg [kbps]          :  3112/ 8755/ 6348
 RTT     min/max/avg [s]             : 0.050/0.103/0.101
 Queue delay max/avg [s]             : 0.002/0.001
 Packet loss avg [%]                 : 0.000
 ECN/L4S NotECT/ECT(0)/ECT(1)/CE [%] :  0.0/ 0.0/98.4/ 1.6
===========================================================
