Listen on port 5313 to receive RTCP from decoder 
Scream sender started! 
 refresh 0.101089 RTP queue 1 packets discarded for SSRC 100
 summary   2.0  Transmit rate =  1076kbps, PLR =  0.00%( 0.00%), CE =  0.87%( 2.32%)[ 0.0%,  0.0%, 98.2%,  1.8%], RTT = 0.067s, Queue delay = 0.001s, MTU = 1200
 summary   4.0  Transmit rate =  1465kbps, PLR =  0.00%( 0.00%), CE =  0.99%( 1.02%)[ 0.0%,  0.0%, 99.1%,  0.9%], RTT = 0.086s, Queue delay = 0.001s, MTU = 1200
 summary   6.0  Transmit rate =  1802kbps, PLR =  0.00%( 0.00%), CE =  0.34%( 0.68%)[ 0.0%,  0.0%, 99.4%,  0.6%], RTT = 0.095s, Queue delay = 0.001s, MTU = 1200
 summary   8.0  Transmit rate =  2072kbps, PLR =  0.00%( 0.00%), CE =  0.24%( 0.47%)[ 0.0%,  0.0%, 99.6%,  0.4%], RTT = 0.099s, Queue delay = 0.001s, MTU = 1200
 summary  10.0  Transmit rate =  2902kbps, PLR =  0.00%( 0.00%), CE =  0.12%( 0.31%)[ 0.0%,  0.0%, 99.7%,  0.3%], RTT = 0.101s, Queue delay = 0.001s, MTU = 1200
 summary  12.0  Transmit rate =  3624kbps, PLR =  0.00%( 0.00%), CE =  0.02%( 0.23%)[ 0.0%,  0.0%, 99.8%,  0.2%], RTT = 0.102s, Queue delay = 0.001s, MTU = 1200
 summary  14.0  Transmit rate =  4556kbps, PLR =  0.00%( 0.00%), CE =  0.02%( 0.17%)[ 0.0%,  0.0%, 99.8%,  0.2%], RTT = 0.102s, Queue delay = 0.001s, MTU = 1200
 summary  16.0  Transmit rate =  4782kbps, PLR =  0.00%( 0.00%), CE =  0.11%( 0.18%)[ 0.0%,  0.0%, 99.8%,  0.2%], RTT = 0.102s, Queue delay = 0.001s, MTU = 1200
 summary  18.0  Transmit rate =  4448kbps, PLR =  0.00%( 0.00%), CE =  0.17%( 0.17%)[ 0.0%,  0.0%, 99.8%,  0.2%], RTT = 0.102s, Queue delay = 0.001s, MTU = 1200
 summary  20.0  Transmit rate =  4979kbps, PLR =  0.00%( 0.00%), CE =  0.08%( 0.16%)[ 0.0%,  0.0%, 99.8%,  0.2%], RTT = 0.102s, Queue delay = 0.001s, MTU = 1200
 summary  22.0  Transmit rate =  4780kbps, PLR =  0.00%( 0.00%), CE =  0.06%( 0.14%)[ 0.0%,  0.0%, 99.9%,  0.1%], RTT = 0.102s, Queue delay = 0.001s, MTU = 1200
 summary  24.0  Transmit rate =  4878kbps, PLR =  0.00%( 0.00%), CE =  0.06%( 0.12%)[ 0.0%,  0.0%, 99.9%,  0.1%], RTT = 0.103s, Queue delay = 0.001s, MTU = 1200
 summary  26.0  Transmit rate =  5190kbps, PLR =  0.00%( 0.00%), CE =  0.00%( 0.11%)[ 0.0%,  0.0%, 99.9%,  0.1%], RTT = 0.102s, Queue delay = 0.001s, MTU = 1200
 summary  28.0  Transmit rate =  5116kbps, PLR =  0.00%( 0.00%), CE =  0.04%( 0.11%)[ 0.0%,  0.0%, 99.9%,  0.1%], RTT = 0.102s, Queue delay = 0.001s, MTU = 1200

======================== Summary ==========================
 Bitrate min/max/avg [kbps]          :  1783/ 6856/ 4026
 RTT     min/max/avg [s]             : 0.050/0.103/0.101
 Queue delay max/avg [s]             : 0.003/0.001
 Packet loss avg [%]                 : 0.000
 ECN/L4S NotECT/ECT(0)/ECT(1)/CE [%] :  0.0/ 0.0/99.9/ 0.1
===========================================================
