Listen on port 5317 to receive RTCP from decoder 
Scream sender started! 
 summary   2.0  Transmit rate =  1169kbps, PLR =  0.00%( 0.00%), CE =  1.04%( 2.75%)[ 0.0%,  0.0%, 97.9%,  2.1%], RTT = 0.067s, Queue delay = 0.000s, MTU = 1200
 summary   4.0  Transmit rate =  1575kbps, PLR =  0.00%( 0.00%), CE =  1.15%( 1.13%)[ 0.0%,  0.0%, 99.0%,  1.0%], RTT = 0.086s, Queue delay = 0.001s, MTU = 1200
 summary   6.0  Transmit rate =  2164kbps, PLR =  0.00%( 0.00%), CE =  0.24%( 0.60%)[ 0.0%,  0.0%, 99.5%,  0.5%], RTT = 0.095s, Queue delay = 0.001s, MTU = 1200
 summary   8.0  Transmit rate =  2764kbps, PLR =  0.00%( 0.00%), CE =  0.19%( 0.43%)[ 0.0%,  0.0%, 99.6%,  0.4%], RTT = 0.099s, Queue delay = 0.001s, MTU = 1200
 summary  10.0  Transmit rate =  3613kbps, PLR =  0.00%( 0.00%), CE =  0.07%( 0.29%)[ 0.0%,  0.0%, 99.7%,  0.3%], RTT = 0.101s, Queue delay = 0.001s, MTU = 1200
 summary  12.0  Transmit rate =  4719kbps, PLR =  0.00%( 0.00%), CE =  0.05%( 0.23%)[ 0.0%,  0.0%, 99.8%,  0.2%], RTT = 0.102s, Queue delay = 0.001s, MTU = 1200
 summary  14.0  Transmit rate =  4505kbps, PLR =  0.00%( 0.00%), CE =  0.12%( 0.21%)[ 0.0%,  0.0%, 99.8%,  0.2%], RTT = 0.102s, Queue delay = 0.001s, MTU = 1200
 summary  16.0  Transmit rate =  5137kbps, PLR =  0.00%( 0.00%), CE =  0.12%( 0.17%)[ 0.0%,  0.0%, 99.8%,  0.2%], RTT = 0.102s, Queue delay = 0.001s, MTU = 1200
 summary  18.0  Transmit rate =  5272kbps, PLR =  0.00%( 0.00%), CE =  0.04%( 0.15%)[ 0.0%,  0.0%, 99.9%,  0.1%], RTT = 0.102s, Queue delay = 0.001s, MTU = 1200
 summary  20.0  Transmit rate =  5123kbps, PLR =  0.00%( 0.00%), CE =  0.04%( 0.13%)[ 0.0%,  0.0%, 99.9%,  0.1%], RTT = 0.102s, Queue delay = 0.001s, MTU = 1200
 summary  22.0  Transmit rate =  5234kbps, PLR =  0.00%( 0.00%), CE =  0.04%( 0.12%)[ 0.0%,  0.0%, 99.9%,  0.1%], RTT = 0.102s, Queue delay = 0.001s, MTU = 1200
 summary  24.0  Transmit rate =  4889kbps, PLR =  0.00%( 0.00%), CE =  0.05%( 0.12%)[ 0.0%,  0.0%, 99.9%,  0.1%], RTT = 0.102s, Queue delay = 0.001s, MTU = 1200
 summary  26.0  Transmit rate =  4098kbps, PLR =  0.00%( 0.00%), CE =  0.18%( 0.13%)[ 0.0%,  0.0%, 99.9%,  0.1%], RTT = 0.102s, Queue delay = 0.001s, MTU = 1200
 summary  28.0  Transmit rate =  4291kbps, PLR =  0.00%( 0.00%), CE =  0.13%( 0.12%)[ 0.0%,  0.0%, 99.9%,  0.1%], RTT = 0.102s, Queue delay = 0.001s, MTU = 1200

======================== Summary ==========================
 Bitrate min/max/avg [kbps]          :  2342/ 7351/ 4063
 RTT     min/max/avg [s]             : 0.050/0.103/0.101
 Queue delay max/avg [s]             : 0.002/0.001
 Packet loss avg [%]                 : 0.000
 ECN/L4S NotECT/ECT(0)/ECT(1)/CE [%] :  0.0/ 0.0/99.9/ 0.1
===========================================================
