Listen on port 5327 to receive RTCP from decoder 
Scream sender started! 
 summary   2.0  Transmit rate =  1171kbps, PLR =  0.00%( 0.00%), CE =  1.04%( 2.74%)[ 0.0%,  0.0%, 97.9%,  2.1%], RTT = 0.067s, Queue delay = 0.001s, MTU = 1200
 summary   4.0  Transmit rate =  1696kbps, PLR =  0.00%( 0.00%), CE =  1.04%( 0.92%)[ 0.0%,  0.0%, 99.2%,  0.8%], RTT = 0.085s, Queue delay = 0.001s, MTU = 1200
 summary   6.0  Transmit rate =  2814kbps, PLR =  0.00%( 0.00%), CE =  0.12%( 0.42%)[ 0.0%,  0.0%, 99.6%,  0.4%], RTT = 0.095s, Queue delay = 0.001s, MTU = 1200
 summary   8.0  Transmit rate =  4223kbps, PLR =  0.00%( 0.00%), CE =  0.10%( 0.31%)[ 0.0%,  0.0%, 99.7%,  0.3%], RTT = 0.099s, Queue delay = 0.001s, MTU = 1200
 summary  10.0  Transmit rate =  4935kbps, PLR =  0.00%( 0.00%), CE =  0.11%( 0.24%)[ 0.0%,  0.0%, 99.8%,  0.2%], RTT = 0.101s, Queue delay = 0.001s, MTU = 1200
 summary  12.0  Transmit rate =  5084kbps, PLR =  0.00%( 0.00%), CE =  0.15%( 0.19%)[ 0.0%,  0.0%, 99.8%,  0.2%], RTT = 0.102s, Queue delay = 0.001s, MTU = 1200
 summary  14.0  Transmit rate =  4636kbps, PLR =  0.00%( 0.00%), CE =  0.16%( 0.19%)[ 0.0%,  0.0%, 99.8%,  0.2%], RTT = 0.102s, Queue delay = 0.001s, MTU = 1200
 summary  16.0  Transmit rate =  4546kbps, PLR =  0.00%( 0.00%), CE =  0.14%( 0.17%)[ 0.0%,  0.0%, 99.8%,  0.2%], RTT = 0.102s, Queue delay = 0.001s, MTU = 1200
 summary  18.0  Transmit rate =  3991kbps, PLR =  0.00%( 0.00%), CE =  0.18%( 0.17%)[ 0.0%,  0.0%, 99.8%,  0.2%], RTT = 0.102s, Queue delay = 0.001s, MTU = 1200
 summary  20.0  Transmit rate =  4313kbps, PLR =  0.00%( 0.00%), CE =  0.10%( 0.15%)[ 0.0%,  0.0%, 99.8%,  0.2%], RTT = 0.102s, Queue delay = 0.001s, MTU = 1200
 summary  22.0  Transmit rate =  4764kbps, PLR =  0.00%( 0.00%), CE =  0.01%( 0.13%)[ 0.0%,  0.0%, 99.9%,  0.1%], RTT = 0.102s, Queue delay = 0.001s, MTU = 1200
 summary  24.0  Transmit rate =  5126kbps, PLR =  0.00%( 0.00%), CE =  0.03%( 0.12%)[ 0.0%,  0.0%, 99.9%,  0.1%], RTT = 0.102s, Queue delay = 0.001s, MTU = 1200
 summary  26.0  Transmit rate =  4596kbps, PLR =  0.00%( 0.00%), CE =  0.03%( 0.12%)[ 0.0%,  0.0%, 99.9%,  0.1%], RTT = 0.102s, Queue delay = 0.001s, MTU = 1200
 summary  28.0  Transmit rate =  4607kbps, PLR =  0.00%( 0.00%), CE =  0.03%( 0.11%)[ 0.0%,  0.0%, 99.9%,  0.1%], RTT = 0.102s, Queue delay = 0.001s, MTU = 1200

======================== Summary ==========================
 Bitrate min/max/avg [kbps]          :  2540/ 7237/ 4285
 RTT     min/max/avg [s]             : 0.050/0.103/0.101
 Queue delay max/avg [s]             : 0.002/0.001
 Packet loss avg [%]                 : 0.000
 ECN/L4S NotECT/ECT(0)/ECT(1)/CE [%] :  0.0/ 0.0/99.9/ 0.1
===========================================================
