Listen on port 5303 to receive RTCP from decoder 
Scream sender started! 
 summary   2.0  Transmit rate =  1164kbps, PLR =  0.00%( 0.00%), CE =  1.05%( 2.77%)[ 0.0%,  0.0%, 97.9%,  2.1%], RTT = 0.067s, Queue delay = 0.001s, MTU = 1200
 summary   4.0  Transmit rate =  1527kbps, PLR =  0.00%( 0.00%), CE =  1.16%( 1.17%)[ 0.0%,  0.0%, 99.0%,  1.0%], RTT = 0.086s, Queue delay = 0.001s, MTU = 1200
 summary   6.0  Transmit rate =  2151kbps, PLR =  0.00%( 0.00%), CE =  0.24%( 0.61%)[ 0.0%,  0.0%, 99.5%,  0.5%], RTT = 0.095s, Queue delay = 0.001s, MTU = 1200
 summary   8.0  Transmit rate =  3294kbps, PLR =  0.00%( 0.00%), CE =  0.12%( 0.34%)[ 0.0%,  0.0%, 99.7%,  0.3%], RTT = 0.099s, Queue delay = 0.001s, MTU = 1200
 summary  10.0  Transmit rate =  4354kbps, PLR =  0.00%( 0.00%), CE =  0.05%( 0.26%)[ 0.0%,  0.0%, 99.8%,  0.2%], RTT = 0.101s, Queue delay = 0.001s, MTU = 1200
 summary  12.0  Transmit rate =  4919kbps, PLR =  0.00%( 0.00%), CE =  0.18%( 0.23%)[ 0.0%,  0.0%, 99.8%,  0.2%], RTT = 0.102s, Queue delay = 0.001s, MTU = 1200
 summary  14.0  Transmit rate =  4449kbps, PLR =  0.00%( 0.00%), CE =  0.19%( 0.20%)[ 0.0%,  0.0%, 99.8%,  0.2%], RTT = 0.102s, Queue delay = 0.001s, MTU = 1200
 summary  16.0  Transmit rate =  5048kbps, PLR =  0.00%( 0.00%), CE =  0.14%( 0.16%)[ 0.0%,  0.0%, 99.8%,  0.2%], RTT = 0.102s, Queue delay = 0.001s, MTU = 1200
 summary  18.0  Transmit rate =  5677kbps, PLR =  0.00%( 0.00%), CE =  0.00%( 0.13%)[ 0.0%,  0.0%, 99.9%,  0.1%], RTT = 0.102s, Queue delay = 0.001s, MTU = 1200
 summary  20.0  Transmit rate =  5732kbps, PLR =  0.00%( 0.00%), CE =  0.04%( 0.13%)[ 0.0%,  0.0%, 99.9%,  0.1%], RTT = 0.102s, Queue delay = 0.001s, MTU = 1200
 summary  22.0  Transmit rate =  5715kbps, PLR =  0.00%( 0.00%), CE =  0.04%( 0.11%)[ 0.0%,  0.0%, 99.9%,  0.1%], RTT = 0.102s, Queue delay = 0.001s, MTU = 1200
 summary  24.0  Transmit rate =  5979kbps, PLR =  0.00%( 0.00%), CE =  0.04%( 0.10%)[ 0.0%,  0.0%, 99.9%,  0.1%], RTT = 0.102s, Queue delay = 0.001s, MTU = 1200
 summary  26.0  Transmit rate =  5554kbps, PLR =  0.00%( 0.00%), CE =  0.00%( 0.09%)[ 0.0%,  0.0%, 99.9%,  0.1%], RTT = 0.102s, Queue delay = 0.001s, MTU = 1200
 summary  28.0  Transmit rate =  5638kbps, PLR =  0.00%( 0.00%), CE =  0.00%( 0.09%)[ 0.0%,  0.0%, 99.9%,  0.1%], RTT = 0.102s, Queue delay = 0.001s, MTU = 1200

======================== Summary ==========================
 Bitrate min/max/avg [kbps]          :  2471/ 7452/ 4592
 RTT     min/max/avg [s]             : 0.050/0.103/0.101
 Queue delay max/avg [s]             : 0.003/0.001
 Packet loss avg [%]                 : 0.000
 ECN/L4S NotECT/ECT(0)/ECT(1)/CE [%] :  0.0/ 0.0/99.9/ 0.1
===========================================================
