Listen on port 5315 to receive RTCP from decoder 
Scream sender started! 
 summary   2.0  Transmit rate =  1169kbps, PLR =  0.00%( 0.00%), CE =  1.04%( 2.75%)[ 0.0%,  0.0%, 97.9%,  2.1%], RTT = 0.067s, Queue delay = 0.000s, MTU = 1200
 summary   4.0  Transmit rate =  1703kbps, PLR =  0.00%( 0.00%), CE =  1.04%( 0.91%)[ 0.0%,  0.0%, 99.2%,  0.8%], RTT = 0.086s, Queue delay = 0.001s, MTU = 1200
 summary   6.0  Transmit rate =  2845kbps, PLR =  0.00%( 0.00%), CE =  0.12%( 0.41%)[ 0.0%,  0.0%, 99.6%,  0.4%], RTT = 0.095s, Queue delay = 0.001s, MTU = 1200
 summary   8.0  Transmit rate =  3599kbps, PLR =  0.00%( 0.00%), CE =  0.01%( 0.26%)[ 0.0%,  0.0%, 99.7%,  0.3%], RTT = 0.099s, Queue delay = 0.001s, MTU = 1200
 summary  10.0  Transmit rate =  3947kbps, PLR =  0.00%( 0.00%), CE =  0.07%( 0.22%)[ 0.0%,  0.0%, 99.8%,  0.2%], RTT = 0.101s, Queue delay = 0.001s, MTU = 1200
 summary  12.0  Transmit rate =  3952kbps, PLR =  0.00%( 0.00%), CE =  0.12%( 0.20%)[ 0.0%,  0.0%, 99.8%,  0.2%], RTT = 0.102s, Queue delay = 0.001s, MTU = 1200
 summary  14.0  Transmit rate =  3447kbps, PLR =  0.00%( 0.00%), CE =  0.24%( 0.23%)[ 0.0%,  0.0%, 99.8%,  0.2%], RTT = 0.102s, Queue delay = 0.001s, MTU = 1200
 summary  16.0  Transmit rate =  3742kbps, PLR =  0.00%( 0.00%), CE =  0.18%( 0.20%)[ 0.0%,  0.0%, 99.8%,  0.2%], RTT = 0.102s, Queue delay = 0.001s, MTU = 1200
 summary  18.0  Transmit rate =  4156kbps, PLR =  0.00%( 0.00%), CE =  0.01%( 0.17%)[ 0.0%,  0.0%, 99.8%,  0.2%], RTT = 0.102s, Queue delay = 0.001s, MTU = 1200
 summary  20.0  Transmit rate =  4596kbps, PLR =  0.00%( 0.00%), CE =  0.00%( 0.14%)[ 0.0%,  0.0%, 99.8%,  0.2%], RTT = 0.102s, Queue delay = 0.001s, MTU = 1200
 summary  22.0  Transmit rate =  4415kbps, PLR =  0.00%( 0.00%), CE =  0.11%( 0.15%)[ 0.0%,  0.0%, 99.8%,  0.2%], RTT = 0.102s, Queue delay = 0.001s, MTU = 1200
 summary  24.0  Transmit rate =  4640kbps, PLR =  0.00%( 0.00%), CE =  0.11%( 0.14%)[ 0.0%,  0.0%, 99.9%,  0.1%], RTT = 0.102s, Queue delay = 0.001s, MTU = 1200
 summary  26.0  Transmit rate =  4601kbps, PLR =  0.00%( 0.00%), CE =  0.21%( 0.14%)[ 0.0%,  0.0%, 99.9%,  0.1%], RTT = 0.102s, Queue delay = 0.001s, MTU = 1200
 summary  28.0  Transmit rate =  4489kbps, PLR =  0.00%( 0.00%), CE =  0.10%( 0.13%)[ 0.0%,  0.0%, 99.9%,  0.1%], RTT = 0.102s, Queue delay = 0.001s, MTU = 1200

======================== Summary ==========================
 Bitrate min/max/avg [kbps]          :     0/ 6606/ 3899
 RTT     min/max/avg [s]             : 0.050/0.103/0.101
 Queue delay max/avg [s]             : 0.002/0.001
 Packet loss avg [%]                 : 0.000
 ECN/L4S NotECT/ECT(0)/ECT(1)/CE [%] :  0.0/ 0.0/99.9/ 0.1
===========================================================
