Listen on port 8081 to receive RTCP from decoder 
Scream sender started! 
 summary   2.0  Transmit rate =  4466kbps, PLR =  0.00%( 0.00%), CE =  0.00%( 0.00%)[ 0.0%,  0.0%, 100.0%,  0.0%], RTT = 0.045s, Queue delay = 0.000s, MTU = 1200
 summary   4.0  Transmit rate =  8598kbps, PLR =  0.00%( 0.00%), CE =  0.11%( 0.10%)[ 0.0%,  0.0%, 99.9%,  0.1%], RTT = 0.043s, Queue delay = 0.000s, MTU = 1200
 summary   6.0  Transmit rate =  6638kbps, PLR =  0.00%( 0.00%), CE =  0.38%( 0.24%)[ 0.0%,  0.0%, 99.8%,  0.2%], RTT = 0.041s, Queue delay = 0.000s, MTU = 1200
 summary   8.0  Transmit rate =  5813kbps, PLR =  0.00%( 0.00%), CE =  0.55%( 0.27%)[ 0.0%,  0.0%, 99.7%,  0.3%], RTT = 0.041s, Queue delay = 0.000s, MTU = 1200
 summary  10.0  Transmit rate =  5085kbps, PLR =  0.00%( 0.00%), CE =  0.81%( 0.33%)[ 0.0%,  0.0%, 99.7%,  0.3%], RTT = 0.041s, Queue delay = 0.000s, MTU = 1200
 summary  12.0  Transmit rate =  5262kbps, PLR =  0.00%( 0.00%), CE =  0.78%( 0.32%)[ 0.0%,  0.0%, 99.7%,  0.3%], RTT = 0.041s, Queue delay = 0.000s, MTU = 1200
 summary  14.0  Transmit rate =  5519kbps, PLR =  0.00%( 0.00%), CE =  0.30%( 0.31%)[ 0.0%,  0.0%, 99.7%,  0.3%], RTT = 0.040s, Queue delay = 0.000s, MTU = 1200
 summary  16.0  Transmit rate =  4972kbps, PLR =  0.00%( 0.00%), CE =  0.38%( 0.36%)[ 0.0%,  0.0%, 99.6%,  0.4%], RTT = 0.040s, Queue delay = 0.000s, MTU = 1200
 summary  18.0  Transmit rate =  4270kbps, PLR =  0.00%( 0.00%), CE =  0.86%( 0.38%)[ 0.0%,  0.0%, 99.6%,  0.4%], RTT = 0.040s, Queue delay = 0.000s, MTU = 1200
 summary  20.0  Transmit rate =  4081kbps, PLR =  0.00%( 0.00%), CE =  0.97%( 0.38%)[ 0.0%,  0.0%, 99.6%,  0.4%], RTT = 0.040s, Queue delay = 0.000s, MTU = 1200
 summary  22.0  Transmit rate =  3509kbps, PLR =  0.00%( 0.00%), CE =  1.03%( 0.44%)[ 0.0%,  0.0%, 99.6%,  0.4%], RTT = 0.040s, Queue delay = 0.000s, MTU = 1200
 summary  24.0  Transmit rate =  2564kbps, PLR =  0.00%( 0.00%), CE =  1.70%( 0.48%)[ 0.0%,  0.0%, 99.5%,  0.5%], RTT = 0.041s, Queue delay = 0.000s, MTU = 1200
 summary  26.0  Transmit rate =  2427kbps, PLR =  0.00%( 0.00%), CE =  2.14%( 0.52%)[ 0.0%,  0.0%, 99.5%,  0.5%], RTT = 0.041s, Queue delay = 0.000s, MTU = 1200
 summary  28.0  Transmit rate =  2613kbps, PLR =  0.00%( 0.00%), CE =  1.61%( 0.54%)[ 0.0%,  0.0%, 99.5%,  0.5%], RTT = 0.041s, Queue delay = 0.000s, MTU = 1200

======================== Summary ==========================
 Bitrate min/max/avg [kbps]          :  1051/ 7304/ 4596
 RTT     min/max/avg [s]             : 0.040/0.050/0.041
 Queue delay max/avg [s]             : 0.001/0.000
 Packet loss avg [%]                 : 0.000
 ECN/L4S NotECT/ECT(0)/ECT(1)/CE [%] :  0.0/ 0.0/99.4/ 0.6
===========================================================
