Listen on port 8081 to receive RTCP from decoder 
Scream sender started! 
 summary   2.0  Transmit rate =  4466kbps, PLR =  0.00%( 0.00%), CE =  0.00%( 0.00%)[ 0.0%,  0.0%, 100.0%,  0.0%], RTT = 0.046s, Queue delay = 0.000s, MTU = 1200
 summary   4.0  Transmit rate = 12307kbps, PLR =  0.00%( 0.00%), CE =  0.22%( 0.60%)[ 0.0%,  0.0%, 99.3%,  0.7%], RTT = 0.043s, Queue delay = 0.000s, MTU = 1200
 summary   6.0  Transmit rate = 17079kbps, PLR =  0.00%( 0.00%), CE =  0.65%( 0.78%)[ 0.0%,  0.0%, 99.2%,  0.8%], RTT = 0.041s, Queue delay = 0.000s, MTU = 1200
 summary   8.0  Transmit rate = 19389kbps, PLR =  0.00%( 0.00%), CE =  1.32%( 1.00%)[ 0.0%,  0.0%, 99.0%,  1.0%], RTT = 0.041s, Queue delay = 0.000s, MTU = 1200
 summary  10.0  Transmit rate = 20256kbps, PLR =  0.00%( 0.00%), CE =  1.59%( 1.17%)[ 0.0%,  0.0%, 98.8%,  1.2%], RTT = 0.040s, Queue delay = 0.000s, MTU = 1200
 summary  12.0  Transmit rate = 20673kbps, PLR =  0.00%( 0.00%), CE =  1.57%( 1.10%)[ 0.0%,  0.0%, 98.9%,  1.1%], RTT = 0.040s, Queue delay = 0.000s, MTU = 1200
 summary  14.0  Transmit rate = 21327kbps, PLR =  0.00%( 0.00%), CE =  1.32%( 1.13%)[ 0.0%,  0.0%, 98.9%,  1.1%], RTT = 0.040s, Queue delay = 0.000s, MTU = 1200
 summary  16.0  Transmit rate = 21557kbps, PLR =  0.00%( 0.00%), CE =  1.17%( 1.17%)[ 0.0%,  0.0%, 98.8%,  1.2%], RTT = 0.040s, Queue delay = 0.000s, MTU = 1200
 summary  18.0  Transmit rate = 21605kbps, PLR =  0.00%( 0.00%), CE =  1.69%( 1.23%)[ 0.0%,  0.0%, 98.8%,  1.2%], RTT = 0.040s, Queue delay = 0.000s, MTU = 1200
 summary  20.0  Transmit rate = 20907kbps, PLR =  0.00%( 0.00%), CE =  2.07%( 1.32%)[ 0.0%,  0.0%, 98.7%,  1.3%], RTT = 0.040s, Queue delay = 0.000s, MTU = 1200
 summary  22.0  Transmit rate = 21301kbps, PLR =  0.00%( 0.00%), CE =  1.48%( 1.21%)[ 0.0%,  0.0%, 98.8%,  1.2%], RTT = 0.040s, Queue delay = 0.000s, MTU = 1200
 summary  24.0  Transmit rate = 21844kbps, PLR =  0.00%( 0.00%), CE =  1.23%( 1.23%)[ 0.0%,  0.0%, 98.8%,  1.2%], RTT = 0.040s, Queue delay = 0.000s, MTU = 1200
 summary  26.0  Transmit rate = 21901kbps, PLR =  0.00%( 0.00%), CE =  1.40%( 1.26%)[ 0.0%,  0.0%, 98.7%,  1.3%], RTT = 0.040s, Queue delay = 0.000s, MTU = 1200
 summary  28.0  Transmit rate = 21711kbps, PLR =  0.00%( 0.00%), CE =  1.82%( 1.29%)[ 0.0%,  0.0%, 98.7%,  1.3%], RTT = 0.040s, Queue delay = 0.000s, MTU = 1200
 summary  30.0  Transmit rate = 21763kbps, PLR =  0.00%( 0.00%), CE =  1.47%( 1.25%)[ 0.0%,  0.0%, 98.7%,  1.3%], RTT = 0.040s, Queue delay = 0.000s, MTU = 1200
 summary  32.1  Transmit rate = 22081kbps, PLR =  0.00%( 0.00%), CE =  1.50%( 1.29%)[ 0.0%,  0.0%, 98.7%,  1.3%], RTT = 0.040s, Queue delay = 0.000s, MTU = 1200
 summary  34.1  Transmit rate = 21742kbps, PLR =  0.00%( 0.00%), CE =  1.61%( 1.30%)[ 0.0%,  0.0%, 98.7%,  1.3%], RTT = 0.040s, Queue delay = 0.000s, MTU = 1200

======================== Summary ==========================
 Bitrate min/max/avg [kbps]          : 17102/26848/20423
 RTT     min/max/avg [s]             : 0.040/0.050/0.040
 Queue delay max/avg [s]             : 0.001/0.000
 Packet loss avg [%]                 : 0.000
 ECN/L4S NotECT/ECT(0)/ECT(1)/CE [%] :  0.0/ 0.0/98.7/ 1.3
===========================================================
