Listen on port 8081 to receive RTCP from decoder 
Scream sender started! 
 summary   2.0  Transmit rate =  4466kbps, PLR =  0.00%( 0.00%), CE =  0.00%( 0.00%)[ 0.0%,  0.0%, 100.0%,  0.0%], RTT = 0.045s, Queue delay = 0.000s, MTU = 1200
 summary   4.0  Transmit rate = 11752kbps, PLR =  0.00%( 0.00%), CE =  0.13%( 0.44%)[ 0.0%,  0.0%, 99.6%,  0.4%], RTT = 0.043s, Queue delay = 0.000s, MTU = 1200
 summary   6.0  Transmit rate = 15785kbps, PLR =  0.00%( 0.00%), CE =  0.74%( 0.84%)[ 0.0%,  0.0%, 99.2%,  0.8%], RTT = 0.041s, Queue delay = 0.000s, MTU = 1200
 summary   8.0  Transmit rate = 17988kbps, PLR =  0.00%( 0.00%), CE =  1.30%( 1.02%)[ 0.0%,  0.0%, 99.0%,  1.0%], RTT = 0.041s, Queue delay = 0.000s, MTU = 1200
 summary  10.0  Transmit rate = 18523kbps, PLR =  0.00%( 0.00%), CE =  1.52%( 1.14%)[ 0.0%,  0.0%, 98.9%,  1.1%], RTT = 0.041s, Queue delay = 0.000s, MTU = 1200
 summary  12.0  Transmit rate = 18588kbps, PLR =  0.00%( 0.00%), CE =  1.93%( 1.28%)[ 0.0%,  0.0%, 98.7%,  1.3%], RTT = 0.040s, Queue delay = 0.000s, MTU = 1200
 summary  14.0  Transmit rate = 18333kbps, PLR =  0.00%( 0.00%), CE =  1.90%( 1.36%)[ 0.0%,  0.0%, 98.6%,  1.4%], RTT = 0.040s, Queue delay = 0.000s, MTU = 1200
 summary  16.0  Transmit rate = 17748kbps, PLR =  0.00%( 0.00%), CE =  2.21%( 1.41%)[ 0.0%,  0.0%, 98.6%,  1.4%], RTT = 0.040s, Queue delay = 0.000s, MTU = 1200
 summary  18.0  Transmit rate = 17179kbps, PLR =  0.00%( 0.00%), CE =  1.88%( 1.42%)[ 0.0%,  0.0%, 98.6%,  1.4%], RTT = 0.040s, Queue delay = 0.000s, MTU = 1200
 summary  20.0  Transmit rate = 16945kbps, PLR =  0.00%( 0.00%), CE =  1.77%( 1.41%)[ 0.0%,  0.0%, 98.6%,  1.4%], RTT = 0.040s, Queue delay = 0.000s, MTU = 1200
 summary  22.0  Transmit rate = 17220kbps, PLR =  0.00%( 0.00%), CE =  1.41%( 1.38%)[ 0.0%,  0.0%, 98.6%,  1.4%], RTT = 0.040s, Queue delay = 0.000s, MTU = 1200
 summary  24.0  Transmit rate = 17630kbps, PLR =  0.00%( 0.00%), CE =  1.33%( 1.38%)[ 0.0%,  0.0%, 98.6%,  1.4%], RTT = 0.040s, Queue delay = 0.000s, MTU = 1200
 summary  26.0  Transmit rate = 17936kbps, PLR =  0.00%( 0.00%), CE =  1.58%( 1.40%)[ 0.0%,  0.0%, 98.6%,  1.4%], RTT = 0.040s, Queue delay = 0.000s, MTU = 1200
 summary  28.0  Transmit rate = 18458kbps, PLR =  0.00%( 0.00%), CE =  1.34%( 1.35%)[ 0.0%,  0.0%, 98.6%,  1.4%], RTT = 0.040s, Queue delay = 0.000s, MTU = 1200
 summary  30.0  Transmit rate = 19013kbps, PLR =  0.00%( 0.00%), CE =  1.33%( 1.35%)[ 0.0%,  0.0%, 98.6%,  1.4%], RTT = 0.040s, Queue delay = 0.000s, MTU = 1200
 summary  32.0  Transmit rate = 18776kbps, PLR =  0.00%( 0.00%), CE =  1.43%( 1.36%)[ 0.0%,  0.0%, 98.6%,  1.4%], RTT = 0.040s, Queue delay = 0.000s, MTU = 1200
 summary  34.1  Transmit rate = 18586kbps, PLR =  0.00%( 0.00%), CE =  1.88%( 1.39%)[ 0.0%,  0.0%, 98.6%,  1.4%], RTT = 0.040s, Queue delay = 0.000s, MTU = 1200

======================== Summary ==========================
 Bitrate min/max/avg [kbps]          : 13780/23065/17515
 RTT     min/max/avg [s]             : 0.040/0.050/0.040
 Queue delay max/avg [s]             : 0.001/0.000
 Packet loss avg [%]                 : 0.000
 ECN/L4S NotECT/ECT(0)/ECT(1)/CE [%] :  0.0/ 0.0/98.6/ 1.4
===========================================================
