Listen on port 8081 to receive RTCP from decoder 
Scream sender started! 
 summary   2.0  Transmit rate =  4461kbps, PLR =  0.00%( 0.00%), CE =  0.00%( 0.00%)[ 0.0%,  0.0%, 100.0%,  0.0%], RTT = 0.046s, Queue delay = 0.000s, MTU = 1200
 summary   4.0  Transmit rate = 12319kbps, PLR =  0.00%( 0.00%), CE =  0.17%( 0.74%)[ 0.0%,  0.0%, 99.2%,  0.8%], RTT = 0.043s, Queue delay = 0.000s, MTU = 1200
 summary   6.0  Transmit rate = 16229kbps, PLR =  0.00%( 0.00%), CE =  1.35%( 1.53%)[ 0.0%,  0.0%, 98.5%,  1.5%], RTT = 0.041s, Queue delay = 0.000s, MTU = 1200
 summary   8.0  Transmit rate = 17716kbps, PLR =  0.00%( 0.00%), CE =  2.08%( 1.56%)[ 0.0%,  0.0%, 98.4%,  1.6%], RTT = 0.041s, Queue delay = 0.000s, MTU = 1200
 summary  10.0  Transmit rate = 17962kbps, PLR =  0.00%( 0.00%), CE =  1.95%( 1.66%)[ 0.0%,  0.0%, 98.3%,  1.7%], RTT = 0.041s, Queue delay = 0.000s, MTU = 1200
 summary  12.0  Transmit rate = 17727kbps, PLR =  0.00%( 0.00%), CE =  2.25%( 1.69%)[ 0.0%,  0.0%, 98.3%,  1.7%], RTT = 0.040s, Queue delay = 0.000s, MTU = 1200
 summary  14.0  Transmit rate = 17522kbps, PLR =  0.00%( 0.00%), CE =  2.26%( 1.74%)[ 0.0%,  0.0%, 98.3%,  1.7%], RTT = 0.040s, Queue delay = 0.000s, MTU = 1200
 summary  16.0  Transmit rate = 17426kbps, PLR =  0.00%( 0.00%), CE =  2.05%( 1.72%)[ 0.0%,  0.0%, 98.3%,  1.7%], RTT = 0.040s, Queue delay = 0.000s, MTU = 1200
 summary  18.0  Transmit rate = 17373kbps, PLR =  0.00%( 0.00%), CE =  1.80%( 1.67%)[ 0.0%,  0.0%, 98.3%,  1.7%], RTT = 0.040s, Queue delay = 0.000s, MTU = 1200
 summary  20.0  Transmit rate = 17972kbps, PLR =  0.00%( 0.00%), CE =  1.40%( 1.61%)[ 0.0%,  0.0%, 98.4%,  1.6%], RTT = 0.040s, Queue delay = 0.000s, MTU = 1200
 summary  22.0  Transmit rate = 18368kbps, PLR =  0.00%( 0.00%), CE =  1.41%( 1.60%)[ 0.0%,  0.0%, 98.4%,  1.6%], RTT = 0.040s, Queue delay = 0.000s, MTU = 1200
 summary  24.0  Transmit rate = 18741kbps, PLR =  0.00%( 0.00%), CE =  1.51%( 1.57%)[ 0.0%,  0.0%, 98.4%,  1.6%], RTT = 0.040s, Queue delay = 0.000s, MTU = 1200
 summary  26.0  Transmit rate = 18683kbps, PLR =  0.00%( 0.00%), CE =  1.74%( 1.58%)[ 0.0%,  0.0%, 98.4%,  1.6%], RTT = 0.040s, Queue delay = 0.000s, MTU = 1200
 summary  28.0  Transmit rate = 18396kbps, PLR =  0.00%( 0.00%), CE =  1.77%( 1.58%)[ 0.0%,  0.0%, 98.4%,  1.6%], RTT = 0.040s, Queue delay = 0.000s, MTU = 1200
 summary  30.0  Transmit rate = 18606kbps, PLR =  0.00%( 0.00%), CE =  1.54%( 1.54%)[ 0.0%,  0.0%, 98.5%,  1.5%], RTT = 0.040s, Queue delay = 0.000s, MTU = 1200
 summary  32.0  Transmit rate = 18865kbps, PLR =  0.00%( 0.00%), CE =  1.35%( 1.51%)[ 0.0%,  0.0%, 98.5%,  1.5%], RTT = 0.040s, Queue delay = 0.000s, MTU = 1200
 summary  34.1  Transmit rate = 19611kbps, PLR =  0.00%( 0.00%), CE =  1.16%( 1.46%)[ 0.0%,  0.0%, 98.5%,  1.5%], RTT = 0.040s, Queue delay = 0.000s, MTU = 1200

======================== Summary ==========================
 Bitrate min/max/avg [kbps]          : 14590/23821/17799
 RTT     min/max/avg [s]             : 0.040/0.050/0.040
 Queue delay max/avg [s]             : 0.001/0.000
 Packet loss avg [%]                 : 0.000
 ECN/L4S NotECT/ECT(0)/ECT(1)/CE [%] :  0.0/ 0.0/98.6/ 1.4
===========================================================
