Listen on port 8081 to receive RTCP from decoder 
Scream sender started! 
 summary   2.0  Transmit rate =  4464kbps, PLR =  0.00%( 0.00%), CE =  0.00%( 0.00%)[ 0.0%,  0.0%, 100.0%,  0.0%], RTT = 0.045s, Queue delay = 0.000s, MTU = 1200
 summary   4.0  Transmit rate = 12184kbps, PLR =  0.00%( 0.00%), CE =  0.26%( 0.70%)[ 0.0%,  0.0%, 99.3%,  0.7%], RTT = 0.043s, Queue delay = 0.000s, MTU = 1200
 summary   6.0  Transmit rate = 15733kbps, PLR =  0.00%( 0.00%), CE =  1.42%( 1.53%)[ 0.0%,  0.0%, 98.5%,  1.5%], RTT = 0.041s, Queue delay = 0.000s, MTU = 1200
 summary   8.0  Transmit rate = 17092kbps, PLR =  0.00%( 0.00%), CE =  2.02%( 1.45%)[ 0.0%,  0.0%, 98.6%,  1.4%], RTT = 0.041s, Queue delay = 0.000s, MTU = 1200
 summary  10.0  Transmit rate = 17760kbps, PLR =  0.00%( 0.00%), CE =  1.90%( 1.52%)[ 0.0%,  0.0%, 98.5%,  1.5%], RTT = 0.040s, Queue delay = 0.000s, MTU = 1200
 summary  12.0  Transmit rate = 18061kbps, PLR =  0.00%( 0.00%), CE =  1.65%( 1.48%)[ 0.0%,  0.0%, 98.5%,  1.5%], RTT = 0.040s, Queue delay = 0.000s, MTU = 1200
 summary  14.0  Transmit rate = 18255kbps, PLR =  0.00%( 0.00%), CE =  1.59%( 1.49%)[ 0.0%,  0.0%, 98.5%,  1.5%], RTT = 0.040s, Queue delay = 0.000s, MTU = 1200
 summary  16.0  Transmit rate = 18227kbps, PLR =  0.00%( 0.00%), CE =  1.85%( 1.57%)[ 0.0%,  0.0%, 98.4%,  1.6%], RTT = 0.040s, Queue delay = 0.000s, MTU = 1200
 summary  18.0  Transmit rate = 17795kbps, PLR =  0.00%( 0.00%), CE =  2.10%( 1.62%)[ 0.0%,  0.0%, 98.4%,  1.6%], RTT = 0.040s, Queue delay = 0.000s, MTU = 1200
 summary  20.0  Transmit rate = 17490kbps, PLR =  0.00%( 0.00%), CE =  2.40%( 1.68%)[ 0.0%,  0.0%, 98.3%,  1.7%], RTT = 0.040s, Queue delay = 0.000s, MTU = 1200
 summary  22.0  Transmit rate = 16988kbps, PLR =  0.00%( 0.00%), CE =  2.37%( 1.71%)[ 0.0%,  0.0%, 98.3%,  1.7%], RTT = 0.040s, Queue delay = 0.000s, MTU = 1200
 summary  24.0  Transmit rate = 17111kbps, PLR =  0.00%( 0.00%), CE =  1.99%( 1.68%)[ 0.0%,  0.0%, 98.3%,  1.7%], RTT = 0.040s, Queue delay = 0.000s, MTU = 1200
 summary  26.0  Transmit rate = 17298kbps, PLR =  0.00%( 0.00%), CE =  1.57%( 1.71%)[ 0.0%,  0.0%, 98.3%,  1.7%], RTT = 0.040s, Queue delay = 0.000s, MTU = 1200
 summary  28.0  Transmit rate = 17095kbps, PLR =  0.00%( 0.00%), CE =  2.07%( 1.73%)[ 0.0%,  0.0%, 98.3%,  1.7%], RTT = 0.040s, Queue delay = 0.000s, MTU = 1200
 summary  30.1  Transmit rate = 16622kbps, PLR =  0.00%( 0.00%), CE =  2.58%( 1.79%)[ 0.0%,  0.0%, 98.2%,  1.8%], RTT = 0.040s, Queue delay = 0.000s, MTU = 1200
 summary  32.1  Transmit rate = 16000kbps, PLR =  0.00%( 0.00%), CE =  2.14%( 1.75%)[ 0.0%,  0.0%, 98.3%,  1.7%], RTT = 0.040s, Queue delay = 0.000s, MTU = 1200
 summary  34.1  Transmit rate = 15622kbps, PLR =  0.00%( 0.00%), CE =  2.03%( 1.74%)[ 0.0%,  0.0%, 98.3%,  1.7%], RTT = 0.040s, Queue delay = 0.000s, MTU = 1200

======================== Summary ==========================
 Bitrate min/max/avg [kbps]          : 12969/21499/16676
 RTT     min/max/avg [s]             : 0.040/0.050/0.040
 Queue delay max/avg [s]             : 0.001/0.000
 Packet loss avg [%]                 : 0.000
 ECN/L4S NotECT/ECT(0)/ECT(1)/CE [%] :  0.0/ 0.0/98.3/ 1.7
===========================================================
