Listen on port 8081 to receive RTCP from decoder 
Scream sender started! 
 summary   2.0  Transmit rate =  4374kbps, PLR =  0.00%( 0.00%), CE =  0.00%( 0.00%)[ 0.0%,  0.0%, 100.0%,  0.0%], RTT = 0.046s, Queue delay = 0.000s, MTU = 1200
 summary   4.0  Transmit rate =  8765kbps, PLR =  0.00%( 0.00%), CE =  0.12%( 0.21%)[ 0.0%,  0.0%, 99.8%,  0.2%], RTT = 0.043s, Queue delay = 0.000s, MTU = 1200
 summary   6.0  Transmit rate =  5682kbps, PLR =  0.00%( 0.00%), CE =  1.35%( 0.51%)[ 0.0%,  0.0%, 99.5%,  0.5%], RTT = 0.041s, Queue delay = 0.000s, MTU = 1200
 summary   8.0  Transmit rate =  3803kbps, PLR =  0.00%( 0.00%), CE =  1.78%( 0.57%)[ 0.0%,  0.0%, 99.4%,  0.6%], RTT = 0.041s, Queue delay = 0.000s, MTU = 1200
 summary  10.0  Transmit rate =  3096kbps, PLR =  0.00%( 0.00%), CE =  1.83%( 0.58%)[ 0.0%,  0.0%, 99.4%,  0.6%], RTT = 0.041s, Queue delay = 0.000s, MTU = 1200
 summary  12.0  Transmit rate =  3936kbps, PLR =  0.00%( 0.00%), CE =  0.73%( 0.54%)[ 0.0%,  0.0%, 99.5%,  0.5%], RTT = 0.041s, Queue delay = 0.000s, MTU = 1200
 summary  14.0  Transmit rate =  3737kbps, PLR =  0.00%( 0.00%), CE =  0.68%( 0.57%)[ 0.0%,  0.0%, 99.4%,  0.6%], RTT = 0.041s, Queue delay = 0.000s, MTU = 1200
 summary  16.0  Transmit rate =  4105kbps, PLR =  0.00%( 0.00%), CE =  0.95%( 0.60%)[ 0.0%,  0.0%, 99.4%,  0.6%], RTT = 0.040s, Queue delay = 0.000s, MTU = 1200
 summary  18.0  Transmit rate =  3823kbps, PLR =  0.00%( 0.00%), CE =  0.98%( 0.62%)[ 0.0%,  0.0%, 99.4%,  0.6%], RTT = 0.040s, Queue delay = 0.000s, MTU = 1200
 summary  20.0  Transmit rate =  3825kbps, PLR =  0.00%( 0.00%), CE =  1.00%( 0.60%)[ 0.0%,  0.0%, 99.4%,  0.6%], RTT = 0.041s, Queue delay = 0.000s, MTU = 1200
 summary  22.0  Transmit rate =  3707kbps, PLR =  0.00%( 0.00%), CE =  1.27%( 0.66%)[ 0.0%,  0.0%, 99.4%,  0.6%], RTT = 0.040s, Queue delay = 0.000s, MTU = 1200
 summary  24.0  Transmit rate =  4126kbps, PLR =  0.00%( 0.00%), CE =  1.11%( 0.63%)[ 0.0%,  0.0%, 99.4%,  0.6%], RTT = 0.040s, Queue delay = 0.000s, MTU = 1200
 summary  26.0  Transmit rate =  4462kbps, PLR =  0.00%( 0.00%), CE =  0.97%( 0.64%)[ 0.0%,  0.0%, 99.4%,  0.6%], RTT = 0.040s, Queue delay = 0.000s, MTU = 1200
 summary  28.0  Transmit rate =  3687kbps, PLR =  0.00%( 0.00%), CE =  0.82%( 0.67%)[ 0.0%,  0.0%, 99.4%,  0.6%], RTT = 0.040s, Queue delay = 0.000s, MTU = 1200

======================== Summary ==========================
 Bitrate min/max/avg [kbps]          :     0/ 8556/ 4287
 RTT     min/max/avg [s]             : 0.040/0.050/0.041
 Queue delay max/avg [s]             : 0.001/0.000
 Packet loss avg [%]                 : 0.000
 ECN/L4S NotECT/ECT(0)/ECT(1)/CE [%] :  0.0/ 0.0/99.3/ 0.7
===========================================================
