socket set to IP_RECVTOS
socket SO_RCVBUF set to 20971520
Listen on port 8080 to receive RTP from sender 
.
.
Packet(s) lost or reordered :  4846 was received, previous rcvd is  4844 
Packet(s) lost or reordered :  7280 was received, previous rcvd is  7278 
Packet(s) lost or reordered :  7433 was received, previous rcvd is  7431 
Packet(s) lost or reordered :  8148 was received, previous rcvd is  8146 
Packet(s) lost or reordered : 15872 was received, previous rcvd is 15870 
Packet(s) lost or reordered : 18566 was received, previous rcvd is 18564 
Packet(s) lost or reordered : 18816 was received, previous rcvd is 18814 
Packet(s) lost or reordered : 28688 was received, previous rcvd is 28686 
Packet(s) lost or reordered : 43730 was received, previous rcvd is 43728 
Packet(s) lost or reordered : 48075 was received, previous rcvd is 48073 
Packet(s) lost or reordered : 59121 was received, previous rcvd is 59119 
Packet(s) lost or reordered : 65149 was received, previous rcvd is 65147 
Packet(s) lost or reordered :  1836 was received, previous rcvd is  1834 
Packet(s) lost or reordered :  2279 was received, previous rcvd is  2277 
Packet(s) lost or reordered : 11162 was received, previous rcvd is 11160 
.
