Listen on port 8081 to receive RTCP from decoder 
Scream sender started! 
 summary   2.0  Transmit rate =  4397kbps, PLR =  0.00%( 0.00%), CE =  0.00%( 0.00%)[ 0.0%,  0.0%, 100.0%,  0.0%], RTT = 0.045s, Queue delay = 0.000s, MTU = 1200
 summary   4.0  Transmit rate =  7840kbps, PLR =  0.00%( 0.00%), CE =  0.14%( 0.20%)[ 0.0%,  0.0%, 99.8%,  0.2%], RTT = 0.043s, Queue delay = 0.000s, MTU = 1200
 summary   6.0  Transmit rate =  4677kbps, PLR =  0.00%( 0.00%), CE =  1.61%( 0.52%)[ 0.0%,  0.0%, 99.4%,  0.6%], RTT = 0.041s, Queue delay = 0.000s, MTU = 1200
 summary   8.0  Transmit rate =  3891kbps, PLR =  0.00%( 0.00%), CE =  2.32%( 0.51%)[ 0.0%,  0.0%, 99.4%,  0.6%], RTT = 0.041s, Queue delay = 0.000s, MTU = 1200
 summary  10.0  Transmit rate =  3722kbps, PLR =  0.00%( 0.00%), CE =  2.47%( 0.62%)[ 0.0%,  0.0%, 99.3%,  0.7%], RTT = 0.041s, Queue delay = 0.000s, MTU = 1200
 summary  12.0  Transmit rate =  2960kbps, PLR =  0.00%( 0.00%), CE =  1.46%( 0.75%)[ 0.0%,  0.0%, 99.2%,  0.8%], RTT = 0.041s, Queue delay = 0.000s, MTU = 1200
 summary  14.0  Transmit rate =  3247kbps, PLR =  0.00%( 0.00%), CE =  1.71%( 0.75%)[ 0.0%,  0.0%, 99.2%,  0.8%], RTT = 0.041s, Queue delay = 0.000s, MTU = 1200
 summary  16.0  Transmit rate =  3345kbps, PLR =  0.00%( 0.00%), CE =  1.24%( 0.76%)[ 0.0%,  0.0%, 99.2%,  0.8%], RTT = 0.041s, Queue delay = 0.000s, MTU = 1200
 summary  18.0  Transmit rate =  3189kbps, PLR =  0.00%( 0.00%), CE =  1.41%( 0.82%)[ 0.0%,  0.0%, 99.2%,  0.8%], RTT = 0.041s, Queue delay = 0.000s, MTU = 1200
 summary  20.0  Transmit rate =  3026kbps, PLR =  0.00%( 0.00%), CE =  1.18%( 0.79%)[ 0.0%,  0.0%, 99.2%,  0.8%], RTT = 0.041s, Queue delay = 0.000s, MTU = 1200
 summary  22.0  Transmit rate =  3611kbps, PLR =  0.00%( 0.00%), CE =  1.01%( 0.78%)[ 0.0%,  0.0%, 99.2%,  0.8%], RTT = 0.041s, Queue delay = 0.000s, MTU = 1200
 summary  24.0  Transmit rate =  3688kbps, PLR =  0.00%( 0.00%), CE =  0.64%( 0.77%)[ 0.0%,  0.0%, 99.2%,  0.8%], RTT = 0.040s, Queue delay = 0.000s, MTU = 1200
 summary  26.0  Transmit rate =  3876kbps, PLR =  0.00%( 0.00%), CE =  0.64%( 0.75%)[ 0.0%,  0.0%, 99.2%,  0.8%], RTT = 0.040s, Queue delay = 0.000s, MTU = 1200
 summary  28.0  Transmit rate =  3486kbps, PLR =  0.00%( 0.00%), CE =  0.93%( 0.76%)[ 0.0%,  0.0%, 99.2%,  0.8%], RTT = 0.041s, Queue delay = 0.000s, MTU = 1200

======================== Summary ==========================
 Bitrate min/max/avg [kbps]          :   926/ 6005/ 4033
 RTT     min/max/avg [s]             : 0.040/0.050/0.041
 Queue delay max/avg [s]             : 0.001/0.000
 Packet loss avg [%]                 : 0.000
 ECN/L4S NotECT/ECT(0)/ECT(1)/CE [%] :  0.0/ 0.0/99.2/ 0.8
===========================================================
