socket set to IP_RECVTOS
socket SO_RCVBUF set to 20971520
Listen on port 8080 to receive RTP from sender 
.
.
Packet(s) lost or reordered :  6160 was received, previous rcvd is  6158 
Packet(s) lost or reordered :  8788 was received, previous rcvd is  8786 
Packet(s) lost or reordered : 12563 was received, previous rcvd is 12561 
Packet(s) lost or reordered : 17832 was received, previous rcvd is 17830 
Packet(s) lost or reordered : 20196 was received, previous rcvd is 20194 
Packet(s) lost or reordered : 30207 was received, previous rcvd is 30205 
Packet(s) lost or reordered : 30925 was received, previous rcvd is 30923 
Packet(s) lost or reordered : 47734 was received, previous rcvd is 47732 
Packet(s) lost or reordered : 47992 was received, previous rcvd is 47990 
Packet(s) lost or reordered : 48052 was received, previous rcvd is 48050 
Packet(s) lost or reordered : 48351 was received, previous rcvd is 48349 
Packet(s) lost or reordered : 48612 was received, previous rcvd is 48610 
Packet(s) lost or reordered : 56590 was received, previous rcvd is 56588 
Packet(s) lost or reordered : 60064 was received, previous rcvd is 60062 
Packet(s) lost or reordered : 12178 was received, previous rcvd is 12176 
Packet(s) lost or reordered : 12770 was received, previous rcvd is 12768 
Packet(s) lost or reordered : 12775 was received, previous rcvd is 12773 
Packet(s) lost or reordered : 12829 was received, previous rcvd is 12827 
Packet(s) lost or reordered : 13064 was received, previous rcvd is 13062 
Packet(s) lost or reordered : 13077 was received, previous rcvd is 13075 
Packet(s) lost or reordered : 13381 was received, previous rcvd is 13379 
Packet(s) lost or reordered : 13448 was received, previous rcvd is 13446 
.
