Listen on port 8081 to receive RTCP from decoder 
Scream sender started! 
 summary   2.0  Transmit rate =  4446kbps, PLR =  0.00%( 0.00%), CE =  0.00%( 0.00%)[ 0.0%,  0.0%, 100.0%,  0.0%], RTT = 0.046s, Queue delay = 0.000s, MTU = 1200
 summary   4.0  Transmit rate =  8590kbps, PLR =  0.00%( 0.00%), CE =  0.10%( 0.18%)[ 0.0%,  0.0%, 99.8%,  0.2%], RTT = 0.043s, Queue delay = 0.000s, MTU = 1200
 summary   6.0  Transmit rate =  5511kbps, PLR =  0.00%( 0.00%), CE =  1.01%( 0.46%)[ 0.0%,  0.0%, 99.5%,  0.5%], RTT = 0.041s, Queue delay = 0.000s, MTU = 1200
 summary   8.0  Transmit rate =  3900kbps, PLR =  0.00%( 0.00%), CE =  1.96%( 0.57%)[ 0.0%,  0.0%, 99.4%,  0.6%], RTT = 0.041s, Queue delay = 0.000s, MTU = 1200
 summary  10.0  Transmit rate =  3271kbps, PLR =  0.00%( 0.00%), CE =  1.97%( 0.60%)[ 0.0%,  0.0%, 99.4%,  0.6%], RTT = 0.041s, Queue delay = 0.000s, MTU = 1200
 summary  12.0  Transmit rate =  3100kbps, PLR =  0.00%( 0.00%), CE =  1.23%( 0.63%)[ 0.0%,  0.0%, 99.4%,  0.6%], RTT = 0.041s, Queue delay = 0.000s, MTU = 1200
 summary  14.0  Transmit rate =  2487kbps, PLR =  0.00%( 0.00%), CE =  1.73%( 0.71%)[ 0.0%,  0.0%, 99.3%,  0.7%], RTT = 0.041s, Queue delay = 0.000s, MTU = 1200
 summary  16.0  Transmit rate =  2265kbps, PLR =  0.00%( 0.00%), CE =  2.33%( 0.77%)[ 0.0%,  0.0%, 99.2%,  0.8%], RTT = 0.041s, Queue delay = 0.000s, MTU = 1200
 summary  18.0  Transmit rate =  2514kbps, PLR =  0.00%( 0.00%), CE =  2.52%( 0.81%)[ 0.0%,  0.0%, 99.2%,  0.8%], RTT = 0.041s, Queue delay = 0.000s, MTU = 1200
 summary  20.0  Transmit rate =  2683kbps, PLR =  0.00%( 0.00%), CE =  1.57%( 0.82%)[ 0.0%,  0.0%, 99.2%,  0.8%], RTT = 0.041s, Queue delay = 0.000s, MTU = 1200
 summary  22.0  Transmit rate =  2958kbps, PLR =  0.00%( 0.00%), CE =  1.85%( 0.85%)[ 0.0%,  0.0%, 99.2%,  0.8%], RTT = 0.041s, Queue delay = 0.000s, MTU = 1200
 summary  24.0  Transmit rate =  2616kbps, PLR =  0.00%( 0.00%), CE =  1.22%( 0.85%)[ 0.0%,  0.0%, 99.2%,  0.8%], RTT = 0.041s, Queue delay = 0.000s, MTU = 1200
 summary  26.0  Transmit rate =  2628kbps, PLR =  0.00%( 0.00%), CE =  1.56%( 0.87%)[ 0.0%,  0.0%, 99.2%,  0.8%], RTT = 0.041s, Queue delay = 0.000s, MTU = 1200
 summary  28.0  Transmit rate =  3169kbps, PLR =  0.00%( 0.00%), CE =  1.10%( 0.84%)[ 0.0%,  0.0%, 99.2%,  0.8%], RTT = 0.041s, Queue delay = 0.000s, MTU = 1200

======================== Summary ==========================
 Bitrate min/max/avg [kbps]          :   839/ 5404/ 3609
 RTT     min/max/avg [s]             : 0.040/0.050/0.041
 Queue delay max/avg [s]             : 0.001/0.000
 Packet loss avg [%]                 : 0.000
 ECN/L4S NotECT/ECT(0)/ECT(1)/CE [%] :  0.0/ 0.0/99.2/ 0.8
===========================================================
