Listen on port 8081 to receive RTCP from decoder 
Scream sender started! 
 summary   2.0  Transmit rate =  4416kbps, PLR =  0.00%( 0.00%), CE =  0.00%( 0.00%)[ 0.0%,  0.0%, 100.0%,  0.0%], RTT = 0.045s, Queue delay = 0.000s, MTU = 1200
 summary   4.0  Transmit rate = 12220kbps, PLR =  0.00%( 0.00%), CE =  0.26%( 0.73%)[ 0.0%,  0.0%, 99.3%,  0.7%], RTT = 0.043s, Queue delay = 0.000s, MTU = 1200
 summary   6.0  Transmit rate = 16300kbps, PLR =  0.00%( 0.00%), CE =  1.06%( 1.15%)[ 0.0%,  0.0%, 98.9%,  1.1%], RTT = 0.041s, Queue delay = 0.000s, MTU = 1200
 summary   8.0  Transmit rate = 18368kbps, PLR =  0.00%( 0.00%), CE =  1.46%( 1.05%)[ 0.0%,  0.0%, 99.0%,  1.0%], RTT = 0.041s, Queue delay = 0.000s, MTU = 1200
 summary  10.0  Transmit rate = 19627kbps, PLR =  0.00%( 0.00%), CE =  1.21%( 1.15%)[ 0.0%,  0.0%, 98.9%,  1.1%], RTT = 0.040s, Queue delay = 0.000s, MTU = 1200
 summary  12.0  Transmit rate = 20407kbps, PLR =  0.00%( 0.00%), CE =  1.24%( 1.08%)[ 0.0%,  0.0%, 98.9%,  1.1%], RTT = 0.040s, Queue delay = 0.000s, MTU = 1200
 summary  14.0  Transmit rate = 20895kbps, PLR =  0.00%( 0.00%), CE =  1.37%( 1.15%)[ 0.0%,  0.0%, 98.8%,  1.2%], RTT = 0.040s, Queue delay = 0.000s, MTU = 1200
 summary  16.0  Transmit rate = 21099kbps, PLR =  0.00%( 0.00%), CE =  1.47%( 1.17%)[ 0.0%,  0.0%, 98.8%,  1.2%], RTT = 0.040s, Queue delay = 0.000s, MTU = 1200
 summary  18.0  Transmit rate = 21055kbps, PLR =  0.00%( 0.00%), CE =  1.58%( 1.23%)[ 0.0%,  0.0%, 98.8%,  1.2%], RTT = 0.040s, Queue delay = 0.000s, MTU = 1200
 summary  20.0  Transmit rate = 20675kbps, PLR =  0.00%( 0.00%), CE =  1.71%( 1.25%)[ 0.0%,  0.0%, 98.8%,  1.2%], RTT = 0.040s, Queue delay = 0.000s, MTU = 1200
 summary  22.0  Transmit rate = 20233kbps, PLR =  0.00%( 0.00%), CE =  1.82%( 1.32%)[ 0.0%,  0.0%, 98.7%,  1.3%], RTT = 0.040s, Queue delay = 0.000s, MTU = 1200
 summary  24.0  Transmit rate = 18989kbps, PLR =  0.00%( 0.00%), CE =  2.58%( 1.45%)[ 0.0%,  0.0%, 98.6%,  1.4%], RTT = 0.040s, Queue delay = 0.000s, MTU = 1200
 summary  26.0  Transmit rate = 18617kbps, PLR =  0.00%( 0.00%), CE =  2.20%( 1.42%)[ 0.0%,  0.0%, 98.6%,  1.4%], RTT = 0.040s, Queue delay = 0.000s, MTU = 1200
 summary  28.0  Transmit rate = 18663kbps, PLR =  0.00%( 0.00%), CE =  1.22%( 1.40%)[ 0.0%,  0.0%, 98.6%,  1.4%], RTT = 0.040s, Queue delay = 0.000s, MTU = 1200
 summary  30.0  Transmit rate = 19263kbps, PLR =  0.00%( 0.00%), CE =  1.20%( 1.36%)[ 0.0%,  0.0%, 98.6%,  1.4%], RTT = 0.040s, Queue delay = 0.000s, MTU = 1200
 summary  32.0  Transmit rate = 19447kbps, PLR =  0.00%( 0.00%), CE =  1.30%( 1.40%)[ 0.0%,  0.0%, 98.6%,  1.4%], RTT = 0.040s, Queue delay = 0.000s, MTU = 1200
 summary  34.0  Transmit rate = 19411kbps, PLR =  0.00%( 0.00%), CE =  1.61%( 1.38%)[ 0.0%,  0.0%, 98.6%,  1.4%], RTT = 0.040s, Queue delay = 0.000s, MTU = 1200

======================== Summary ==========================
 Bitrate min/max/avg [kbps]          : 14773/25201/18987
 RTT     min/max/avg [s]             : 0.040/0.050/0.040
 Queue delay max/avg [s]             : 0.001/0.000
 Packet loss avg [%]                 : 0.000
 ECN/L4S NotECT/ECT(0)/ECT(1)/CE [%] :  0.0/ 0.0/98.5/ 1.5
===========================================================
