Listen on port 8081 to receive RTCP from decoder 
Scream sender started! 
 summary   2.0  Transmit rate =  4467kbps, PLR =  0.00%( 0.00%), CE =  0.00%( 0.00%)[ 0.0%,  0.0%, 100.0%,  0.0%], RTT = 0.045s, Queue delay = 0.000s, MTU = 1200
 summary   4.0  Transmit rate = 12259kbps, PLR =  0.00%( 0.00%), CE =  0.24%( 0.67%)[ 0.0%,  0.0%, 99.3%,  0.7%], RTT = 0.043s, Queue delay = 0.000s, MTU = 1200
 summary   6.0  Transmit rate = 16059kbps, PLR =  0.00%( 0.00%), CE =  1.38%( 1.45%)[ 0.0%,  0.0%, 98.6%,  1.4%], RTT = 0.041s, Queue delay = 0.000s, MTU = 1200
 summary   8.0  Transmit rate = 17895kbps, PLR =  0.00%( 0.00%), CE =  1.72%( 1.27%)[ 0.0%,  0.0%, 98.7%,  1.3%], RTT = 0.041s, Queue delay = 0.000s, MTU = 1200
 summary  10.0  Transmit rate = 18854kbps, PLR =  0.00%( 0.00%), CE =  1.41%( 1.25%)[ 0.0%,  0.0%, 98.8%,  1.2%], RTT = 0.040s, Queue delay = 0.000s, MTU = 1200
 summary  12.0  Transmit rate = 19277kbps, PLR =  0.00%( 0.00%), CE =  1.53%( 1.33%)[ 0.0%,  0.0%, 98.7%,  1.3%], RTT = 0.040s, Queue delay = 0.000s, MTU = 1200
 summary  14.0  Transmit rate = 19548kbps, PLR =  0.00%( 0.00%), CE =  1.44%( 1.28%)[ 0.0%,  0.0%, 98.7%,  1.3%], RTT = 0.040s, Queue delay = 0.000s, MTU = 1200
 summary  16.0  Transmit rate = 19832kbps, PLR =  0.00%( 0.00%), CE =  1.62%( 1.33%)[ 0.0%,  0.0%, 98.7%,  1.3%], RTT = 0.040s, Queue delay = 0.000s, MTU = 1200
 summary  18.0  Transmit rate = 19863kbps, PLR =  0.00%( 0.00%), CE =  1.56%( 1.34%)[ 0.0%,  0.0%, 98.7%,  1.3%], RTT = 0.040s, Queue delay = 0.000s, MTU = 1200
 summary  20.0  Transmit rate = 19978kbps, PLR =  0.00%( 0.00%), CE =  1.63%( 1.34%)[ 0.0%,  0.0%, 98.7%,  1.3%], RTT = 0.040s, Queue delay = 0.000s, MTU = 1200
 summary  22.0  Transmit rate = 20239kbps, PLR =  0.00%( 0.00%), CE =  1.38%( 1.31%)[ 0.0%,  0.0%, 98.7%,  1.3%], RTT = 0.040s, Queue delay = 0.000s, MTU = 1200
 summary  24.0  Transmit rate = 20808kbps, PLR =  0.00%( 0.00%), CE =  1.34%( 1.30%)[ 0.0%,  0.0%, 98.7%,  1.3%], RTT = 0.040s, Queue delay = 0.000s, MTU = 1200
 summary  26.0  Transmit rate = 20978kbps, PLR =  0.00%( 0.00%), CE =  1.43%( 1.35%)[ 0.0%,  0.0%, 98.6%,  1.4%], RTT = 0.040s, Queue delay = 0.000s, MTU = 1200
 summary  28.0  Transmit rate = 20610kbps, PLR =  0.00%( 0.00%), CE =  2.32%( 1.50%)[ 0.0%,  0.0%, 98.5%,  1.5%], RTT = 0.040s, Queue delay = 0.000s, MTU = 1200
 summary  30.0  Transmit rate = 19787kbps, PLR =  0.00%( 0.00%), CE =  2.23%( 1.43%)[ 0.0%,  0.0%, 98.6%,  1.4%], RTT = 0.040s, Queue delay = 0.000s, MTU = 1200
 summary  32.0  Transmit rate = 19759kbps, PLR =  0.00%( 0.00%), CE =  1.86%( 1.40%)[ 0.0%,  0.0%, 98.6%,  1.4%], RTT = 0.040s, Queue delay = 0.000s, MTU = 1200
 summary  34.1  Transmit rate = 20253kbps, PLR =  0.00%( 0.00%), CE =  0.93%( 1.37%)[ 0.0%,  0.0%, 98.6%,  1.4%], RTT = 0.040s, Queue delay = 0.000s, MTU = 1200

======================== Summary ==========================
 Bitrate min/max/avg [kbps]          : 15714/24702/19115
 RTT     min/max/avg [s]             : 0.040/0.050/0.040
 Queue delay max/avg [s]             : 0.001/0.000
 Packet loss avg [%]                 : 0.000
 ECN/L4S NotECT/ECT(0)/ECT(1)/CE [%] :  0.0/ 0.0/98.6/ 1.4
===========================================================
