Listen on port 5333 to receive RTCP from decoder 
Scream sender started! 
 summary   2.0  Transmit rate =  2578kbps, PLR =  0.00%( 0.00%), CE =  0.00%( 0.41%)[ 0.0%,  0.0%, 99.4%,  0.6%], RTT = 0.047s, Queue delay = 0.000s, MTU = 1200
 summary   4.0  Transmit rate =  4491kbps, PLR =  0.00%( 0.00%), CE =  0.11%( 0.25%)[ 0.0%,  0.0%, 99.7%,  0.3%], RTT = 0.044s, Queue delay = 0.001s, MTU = 1200
 summary   6.0  Transmit rate =  3825kbps, PLR =  0.00%( 0.00%), CE =  1.10%( 0.75%)[ 0.0%,  0.0%, 99.3%,  0.7%], RTT = 0.043s, Queue delay = 0.001s, MTU = 1200
 summary   8.0  Transmit rate =  3027kbps, PLR =  0.00%( 0.00%), CE =  1.73%( 0.79%)[ 0.0%,  0.0%, 99.2%,  0.8%], RTT = 0.043s, Queue delay = 0.001s, MTU = 1200
 summary  10.0  Transmit rate =  2650kbps, PLR =  0.00%( 0.00%), CE =  2.26%( 0.85%)[ 0.0%,  0.0%, 99.2%,  0.8%], RTT = 0.043s, Queue delay = 0.001s, MTU = 1200
 summary  12.0  Transmit rate =  2295kbps, PLR =  0.00%( 0.00%), CE =  1.72%( 0.96%)[ 0.0%,  0.0%, 99.1%,  0.9%], RTT = 0.043s, Queue delay = 0.001s, MTU = 1200
 summary  14.0  Transmit rate =  2630kbps, PLR =  0.00%( 0.00%), CE =  1.20%( 0.89%)[ 0.0%,  0.0%, 99.1%,  0.9%], RTT = 0.043s, Queue delay = 0.001s, MTU = 1200
 summary  16.0  Transmit rate =  3188kbps, PLR =  0.00%( 0.00%), CE =  0.82%( 0.85%)[ 0.0%,  0.0%, 99.2%,  0.8%], RTT = 0.042s, Queue delay = 0.001s, MTU = 1200
 summary  18.0  Transmit rate =  2681kbps, PLR =  0.00%( 0.00%), CE =  1.11%( 0.91%)[ 0.0%,  0.0%, 99.1%,  0.9%], RTT = 0.042s, Queue delay = 0.001s, MTU = 1200
 summary  20.0  Transmit rate =  3105kbps, PLR =  0.00%( 0.00%), CE =  1.37%( 0.90%)[ 0.0%,  0.0%, 99.1%,  0.9%], RTT = 0.042s, Queue delay = 0.001s, MTU = 1200
 summary  22.0  Transmit rate =  2729kbps, PLR =  0.00%( 0.00%), CE =  1.33%( 0.92%)[ 0.0%,  0.0%, 99.1%,  0.9%], RTT = 0.042s, Queue delay = 0.001s, MTU = 1200
 summary  24.0  Transmit rate =  2735kbps, PLR =  0.00%( 0.00%), CE =  1.08%( 0.89%)[ 0.0%,  0.0%, 99.1%,  0.9%], RTT = 0.042s, Queue delay = 0.001s, MTU = 1200
 summary  26.0  Transmit rate =  2330kbps, PLR =  0.00%( 0.00%), CE =  1.25%( 0.94%)[ 0.0%,  0.0%, 99.1%,  0.9%], RTT = 0.042s, Queue delay = 0.001s, MTU = 1200
 summary  28.0  Transmit rate =  2228kbps, PLR =  0.00%( 0.00%), CE =  1.36%( 0.94%)[ 0.0%,  0.0%, 99.1%,  0.9%], RTT = 0.042s, Queue delay = 0.001s, MTU = 1200

======================== Summary ==========================
 Bitrate min/max/avg [kbps]          :  1100/ 5253/ 2879
 RTT     min/max/avg [s]             : 0.042/0.050/0.042
 Queue delay max/avg [s]             : 0.002/0.001
 Packet loss avg [%]                 : 0.000
 ECN/L4S NotECT/ECT(0)/ECT(1)/CE [%] :  0.0/ 0.0/99.1/ 0.9
===========================================================
