Listen on port 5323 to receive RTCP from decoder 
Scream sender started! 
 summary   2.0  Transmit rate =  2681kbps, PLR =  0.00%( 0.00%), CE =  0.00%( 0.26%)[ 0.0%,  0.0%, 99.6%,  0.4%], RTT = 0.047s, Queue delay = 0.000s, MTU = 1200
 summary   4.0  Transmit rate =  5863kbps, PLR =  0.00%( 0.00%), CE =  0.14%( 0.32%)[ 0.0%,  0.0%, 99.6%,  0.4%], RTT = 0.044s, Queue delay = 0.001s, MTU = 1200
 summary   6.0  Transmit rate =  4681kbps, PLR =  0.00%( 0.00%), CE =  0.87%( 0.62%)[ 0.0%,  0.0%, 99.4%,  0.6%], RTT = 0.043s, Queue delay = 0.001s, MTU = 1200
 summary   8.0  Transmit rate =  3512kbps, PLR =  0.00%( 0.00%), CE =  1.40%( 0.66%)[ 0.0%,  0.0%, 99.3%,  0.7%], RTT = 0.043s, Queue delay = 0.001s, MTU = 1200
 summary  10.0  Transmit rate =  2768kbps, PLR =  0.00%( 0.00%), CE =  1.86%( 0.77%)[ 0.0%,  0.0%, 99.2%,  0.8%], RTT = 0.042s, Queue delay = 0.001s, MTU = 1200
 summary  12.0  Transmit rate =  2084kbps, PLR =  0.00%( 0.00%), CE =  2.18%( 0.89%)[ 0.0%,  0.0%, 99.1%,  0.9%], RTT = 0.042s, Queue delay = 0.001s, MTU = 1200
 summary  14.0  Transmit rate =  2689kbps, PLR =  0.00%( 0.00%), CE =  2.17%( 0.86%)[ 0.0%,  0.0%, 99.1%,  0.9%], RTT = 0.042s, Queue delay = 0.001s, MTU = 1200
 summary  16.0  Transmit rate =  2716kbps, PLR =  0.00%( 0.00%), CE =  1.54%( 0.86%)[ 0.0%,  0.0%, 99.1%,  0.9%], RTT = 0.042s, Queue delay = 0.001s, MTU = 1200
 summary  18.0  Transmit rate =  2913kbps, PLR =  0.00%( 0.00%), CE =  1.07%( 0.89%)[ 0.0%,  0.0%, 99.1%,  0.9%], RTT = 0.042s, Queue delay = 0.001s, MTU = 1200
 summary  20.0  Transmit rate =  3033kbps, PLR =  0.00%( 0.00%), CE =  1.13%( 0.84%)[ 0.0%,  0.0%, 99.2%,  0.8%], RTT = 0.042s, Queue delay = 0.001s, MTU = 1200
 summary  22.0  Transmit rate =  3234kbps, PLR =  0.00%( 0.00%), CE =  1.01%( 0.83%)[ 0.0%,  0.0%, 99.1%,  0.9%], RTT = 0.042s, Queue delay = 0.001s, MTU = 1200
 summary  24.0  Transmit rate =  2975kbps, PLR =  0.00%( 0.00%), CE =  0.71%( 0.84%)[ 0.0%,  0.0%, 99.1%,  0.9%], RTT = 0.042s, Queue delay = 0.001s, MTU = 1200
 summary  26.0  Transmit rate =  2801kbps, PLR =  0.00%( 0.00%), CE =  0.79%( 0.83%)[ 0.0%,  0.0%, 99.2%,  0.8%], RTT = 0.042s, Queue delay = 0.001s, MTU = 1200
 summary  28.0  Transmit rate =  2593kbps, PLR =  0.00%( 0.00%), CE =  0.96%( 0.83%)[ 0.0%,  0.0%, 99.1%,  0.9%], RTT = 0.042s, Queue delay = 0.001s, MTU = 1200

======================== Summary ==========================
 Bitrate min/max/avg [kbps]          :     0/ 6081/ 3161
 RTT     min/max/avg [s]             : 0.042/0.050/0.042
 Queue delay max/avg [s]             : 0.002/0.001
 Packet loss avg [%]                 : 0.000
 ECN/L4S NotECT/ECT(0)/ECT(1)/CE [%] :  0.0/ 0.0/99.1/ 0.9
===========================================================
