Listen on port 5306 to receive RTCP from decoder 
Scream sender started! 
 summary   2.0  Transmit rate =  4024kbps, PLR =  0.00%( 0.00%), CE =  0.00%( 0.00%)[ 0.0%, 100.0%,  0.0%,  0.0%], RTT = 0.046s, Queue delay = 0.001s, MTU = 1200
 summary   4.0  Transmit rate = 12516kbps, PLR =  0.00%( 0.00%), CE =  0.00%( 0.00%)[ 0.0%, 100.0%,  0.0%,  0.0%], RTT = 0.044s, Queue delay = 0.001s, MTU = 1200
 summary   6.0  Transmit rate = 23489kbps, PLR =  0.00%( 0.00%), CE =  0.01%( 0.01%)[ 0.0%, 100.0%,  0.0%,  0.0%], RTT = 0.044s, Queue delay = 0.002s, MTU = 1200
 summary   8.0  Transmit rate = 28624kbps, PLR =  0.00%( 0.00%), CE =  0.01%( 0.01%)[ 0.0%, 100.0%,  0.0%,  0.0%], RTT = 0.044s, Queue delay = 0.003s, MTU = 1200
 summary  10.0  Transmit rate = 32209kbps, PLR =  0.00%( 0.00%), CE =  0.01%( 0.01%)[ 0.0%, 100.0%,  0.0%,  0.0%], RTT = 0.044s, Queue delay = 0.003s, MTU = 1200
 summary  12.0  Transmit rate = 35468kbps, PLR =  0.00%( 0.00%), CE =  0.01%( 0.01%)[ 0.0%, 100.0%,  0.0%,  0.0%], RTT = 0.045s, Queue delay = 0.004s, MTU = 1200
 summary  14.0  Transmit rate = 37854kbps, PLR =  0.00%( 0.00%), CE =  0.00%( 0.00%)[ 0.0%, 100.0%,  0.0%,  0.0%], RTT = 0.045s, Queue delay = 0.004s, MTU = 1200
 summary  16.0  Transmit rate = 38072kbps, PLR =  0.00%( 0.00%), CE =  0.01%( 0.01%)[ 0.0%, 100.0%,  0.0%,  0.0%], RTT = 0.045s, Queue delay = 0.004s, MTU = 1200
 summary  18.0  Transmit rate = 35774kbps, PLR =  0.00%( 0.00%), CE =  0.01%( 0.01%)[ 0.0%, 100.0%,  0.0%,  0.0%], RTT = 0.045s, Queue delay = 0.004s, MTU = 1200
 summary  20.0  Transmit rate = 35817kbps, PLR =  0.00%( 0.00%), CE =  0.01%( 0.00%)[ 0.0%, 100.0%,  0.0%,  0.0%], RTT = 0.045s, Queue delay = 0.004s, MTU = 1200
 summary  22.0  Transmit rate = 36595kbps, PLR =  0.00%( 0.00%), CE =  0.00%( 0.00%)[ 0.0%, 100.0%,  0.0%,  0.0%], RTT = 0.045s, Queue delay = 0.004s, MTU = 1200
 summary  24.0  Transmit rate = 34001kbps, PLR =  0.00%( 0.00%), CE =  0.01%( 0.01%)[ 0.0%, 100.0%,  0.0%,  0.0%], RTT = 0.044s, Queue delay = 0.003s, MTU = 1200
 summary  26.0  Transmit rate = 32555kbps, PLR =  0.00%( 0.00%), CE =  0.02%( 0.01%)[ 0.0%, 100.0%,  0.0%,  0.0%], RTT = 0.044s, Queue delay = 0.003s, MTU = 1200
 summary  28.0  Transmit rate = 34505kbps, PLR =  0.00%( 0.00%), CE =  0.01%( 0.01%)[ 0.0%, 100.0%,  0.0%,  0.0%], RTT = 0.044s, Queue delay = 0.003s, MTU = 1200

======================== Summary ==========================
 Bitrate min/max/avg [kbps]          : 22827/48228/32226
 RTT     min/max/avg [s]             : 0.042/0.050/0.044
 Queue delay max/avg [s]             : 0.007/0.003
 Packet loss avg [%]                 : 0.000
 ECN/L4S NotECT/ECT(0)/ECT(1)/CE [%] :  0.0/100.0/ 0.0/ 0.0
===========================================================
