Listen on port 5328 to receive RTCP from decoder 
Scream sender started! 
 summary   2.0  Transmit rate =  4066kbps, PLR =  0.00%( 0.00%), CE =  0.00%( 0.00%)[ 0.0%, 100.0%,  0.0%,  0.0%], RTT = 0.046s, Queue delay = 0.001s, MTU = 1200
 summary   4.0  Transmit rate = 12662kbps, PLR =  0.00%( 0.00%), CE =  0.00%( 0.00%)[ 0.0%, 100.0%,  0.0%,  0.0%], RTT = 0.044s, Queue delay = 0.001s, MTU = 1200
 summary   6.0  Transmit rate = 27928kbps, PLR =  0.00%( 0.00%), CE =  0.00%( 0.01%)[ 0.0%, 100.0%,  0.0%,  0.0%], RTT = 0.046s, Queue delay = 0.005s, MTU = 1200
 summary   8.0  Transmit rate = 30074kbps, PLR =  0.00%( 0.00%), CE =  0.01%( 0.01%)[ 0.0%, 100.0%,  0.0%,  0.0%], RTT = 0.045s, Queue delay = 0.003s, MTU = 1200
 summary  10.0  Transmit rate = 35918kbps, PLR =  0.00%( 0.00%), CE =  0.01%( 0.01%)[ 0.0%, 100.0%,  0.0%,  0.0%], RTT = 0.045s, Queue delay = 0.004s, MTU = 1200
 summary  12.0  Transmit rate = 37272kbps, PLR =  0.00%( 0.00%), CE =  0.01%( 0.01%)[ 0.0%, 100.0%,  0.0%,  0.0%], RTT = 0.045s, Queue delay = 0.004s, MTU = 1200
 summary  14.0  Transmit rate = 36458kbps, PLR =  0.00%( 0.00%), CE =  0.01%( 0.01%)[ 0.0%, 100.0%,  0.0%,  0.0%], RTT = 0.045s, Queue delay = 0.004s, MTU = 1200
 summary  16.0  Transmit rate = 36483kbps, PLR =  0.00%( 0.00%), CE =  0.01%( 0.01%)[ 0.0%, 100.0%,  0.0%,  0.0%], RTT = 0.045s, Queue delay = 0.004s, MTU = 1200
 summary  18.0  Transmit rate = 33696kbps, PLR =  0.00%( 0.00%), CE =  0.01%( 0.01%)[ 0.0%, 100.0%,  0.0%,  0.0%], RTT = 0.045s, Queue delay = 0.003s, MTU = 1200
 rtpQueueDelay 0.259995 too large 1 18.9611 RTP queue 0 packets discarded for SSRC 100 hiSeqTx 61577 hiSeqAckendl 61385 seqNrOfNextRtp -1 seqNrOfLastRtp -1 diff -1
 summary  20.0  Transmit rate = 37509kbps, PLR =  0.00%( 0.00%), CE =  0.01%( 0.01%)[ 0.0%, 100.0%,  0.0%,  0.0%], RTT = 0.045s, Queue delay = 0.004s, MTU = 1200
 summary  22.0  Transmit rate = 38182kbps, PLR =  0.00%( 0.00%), CE =  0.01%( 0.01%)[ 0.0%, 100.0%,  0.0%,  0.0%], RTT = 0.046s, Queue delay = 0.004s, MTU = 1200
 summary  24.0  Transmit rate = 33498kbps, PLR =  0.00%( 0.00%), CE =  0.02%( 0.01%)[ 0.0%, 100.0%,  0.0%,  0.0%], RTT = 0.044s, Queue delay = 0.003s, MTU = 1200
 summary  26.0  Transmit rate = 37214kbps, PLR =  0.00%( 0.00%), CE =  0.02%( 0.01%)[ 0.0%, 100.0%,  0.0%,  0.0%], RTT = 0.045s, Queue delay = 0.004s, MTU = 1200
 summary  28.0  Transmit rate = 40484kbps, PLR =  0.00%( 0.00%), CE =  0.00%( 0.01%)[ 0.0%, 100.0%,  0.0%,  0.0%], RTT = 0.046s, Queue delay = 0.005s, MTU = 1200

======================== Summary ==========================
 Bitrate min/max/avg [kbps]          :     0/52761/33158
 RTT     min/max/avg [s]             : 0.042/0.052/0.045
 Queue delay max/avg [s]             : 0.020/0.004
 Packet loss avg [%]                 : 0.000
 ECN/L4S NotECT/ECT(0)/ECT(1)/CE [%] :  0.0/100.0/ 0.0/ 0.0
===========================================================
