Listen on port 5319 to receive RTCP from decoder 
Scream sender started! 
 summary   2.0  Transmit rate =  2641kbps, PLR =  0.00%( 0.00%), CE =  0.00%( 0.26%)[ 0.0%,  0.0%, 99.6%,  0.4%], RTT = 0.047s, Queue delay = 0.001s, MTU = 1200
 summary   4.0  Transmit rate =  5704kbps, PLR =  0.00%( 0.00%), CE =  0.20%( 0.41%)[ 0.0%,  0.0%, 99.6%,  0.4%], RTT = 0.044s, Queue delay = 0.001s, MTU = 1200
 summary   6.0  Transmit rate =  4369kbps, PLR =  0.00%( 0.00%), CE =  1.78%( 0.76%)[ 0.0%,  0.0%, 99.2%,  0.8%], RTT = 0.043s, Queue delay = 0.001s, MTU = 1200
 summary   8.0  Transmit rate =  3314kbps, PLR =  0.00%( 0.00%), CE =  2.61%( 0.80%)[ 0.0%,  0.0%, 99.2%,  0.8%], RTT = 0.043s, Queue delay = 0.001s, MTU = 1200
 summary  10.0  Transmit rate =  2552kbps, PLR =  0.00%( 0.00%), CE =  3.67%( 0.96%)[ 0.0%,  0.0%, 99.0%,  1.0%], RTT = 0.043s, Queue delay = 0.001s, MTU = 1200
 summary  12.0  Transmit rate =  2640kbps, PLR =  0.00%( 0.00%), CE =  1.96%( 0.93%)[ 0.0%,  0.0%, 99.0%,  1.0%], RTT = 0.042s, Queue delay = 0.001s, MTU = 1200
 summary  14.0  Transmit rate =  2358kbps, PLR =  0.00%( 0.00%), CE =  1.38%( 1.02%)[ 0.0%,  0.0%, 98.9%,  1.1%], RTT = 0.042s, Queue delay = 0.001s, MTU = 1200
 summary  16.0  Transmit rate =  2238kbps, PLR =  0.00%( 0.00%), CE =  1.54%( 1.02%)[ 0.0%,  0.0%, 98.9%,  1.1%], RTT = 0.043s, Queue delay = 0.001s, MTU = 1200
 summary  18.0  Transmit rate =  2241kbps, PLR =  0.00%( 0.00%), CE =  1.90%( 1.06%)[ 0.0%,  0.0%, 98.9%,  1.1%], RTT = 0.042s, Queue delay = 0.001s, MTU = 1200
 summary  20.0  Transmit rate =  2386kbps, PLR =  0.00%( 0.00%), CE =  1.17%( 1.04%)[ 0.0%,  0.0%, 99.0%,  1.0%], RTT = 0.042s, Queue delay = 0.001s, MTU = 1200
 summary  22.0  Transmit rate =  2646kbps, PLR =  0.00%( 0.00%), CE =  1.00%( 1.01%)[ 0.0%,  0.0%, 99.0%,  1.0%], RTT = 0.042s, Queue delay = 0.001s, MTU = 1200
 summary  24.0  Transmit rate =  2629kbps, PLR =  0.00%( 0.00%), CE =  1.26%( 1.04%)[ 0.0%,  0.0%, 99.0%,  1.0%], RTT = 0.042s, Queue delay = 0.001s, MTU = 1200
 summary  26.0  Transmit rate =  3218kbps, PLR =  0.00%( 0.00%), CE =  1.09%( 0.99%)[ 0.0%,  0.0%, 99.0%,  1.0%], RTT = 0.042s, Queue delay = 0.001s, MTU = 1200
 summary  28.0  Transmit rate =  3370kbps, PLR =  0.00%( 0.00%), CE =  0.79%( 0.97%)[ 0.0%,  0.0%, 99.0%,  1.0%], RTT = 0.042s, Queue delay = 0.001s, MTU = 1200

======================== Summary ==========================
 Bitrate min/max/avg [kbps]          :   829/ 5337/ 3073
 RTT     min/max/avg [s]             : 0.042/0.050/0.042
 Queue delay max/avg [s]             : 0.003/0.001
 Packet loss avg [%]                 : 0.000
 ECN/L4S NotECT/ECT(0)/ECT(1)/CE [%] :  0.0/ 0.0/99.0/ 1.0
===========================================================
