Listen on port 5547 to receive RTCP from decoder 
Scream sender started! 
 summary   2.0  Transmit rate =  3867kbps, PLR =  0.00%( 0.00%), CE =  2.60%( 9.43%)[ 0.0%,  0.0%, 90.4%,  9.6%], RTT = 0.036s, Queue delay = 0.001s, MTU = 1200
 summary   4.0  Transmit rate =  4858kbps, PLR =  0.00%( 0.00%), CE =  5.86%( 7.15%)[ 0.0%,  0.0%, 92.7%,  7.3%], RTT = 0.029s, Queue delay = 0.001s, MTU = 1200
 summary   6.0  Transmit rate =  5630kbps, PLR =  0.00%( 0.00%), CE =  8.46%( 7.51%)[ 0.0%,  0.0%, 92.4%,  7.6%], RTT = 0.026s, Queue delay = 0.001s, MTU = 1200
 summary   8.0  Transmit rate =  5837kbps, PLR =  0.00%( 0.00%), CE =  8.20%( 7.51%)[ 0.0%,  0.0%, 92.5%,  7.5%], RTT = 0.025s, Queue delay = 0.002s, MTU = 1200
 summary  10.0  Transmit rate =  5960kbps, PLR =  0.00%( 0.00%), CE =  8.19%( 7.27%)[ 0.0%,  0.0%, 92.7%,  7.3%], RTT = 0.024s, Queue delay = 0.002s, MTU = 1200
 summary  12.0  Transmit rate =  6133kbps, PLR =  0.00%( 0.00%), CE =  8.04%( 7.17%)[ 0.0%,  0.0%, 92.8%,  7.2%], RTT = 0.024s, Queue delay = 0.002s, MTU = 1200
 summary  14.0  Transmit rate =  6273kbps, PLR =  0.00%( 0.00%), CE =  8.12%( 7.15%)[ 0.0%,  0.0%, 92.9%,  7.1%], RTT = 0.024s, Queue delay = 0.002s, MTU = 1200
 summary  16.0  Transmit rate =  6208kbps, PLR =  0.00%( 0.00%), CE =  7.52%( 7.06%)[ 0.0%,  0.0%, 93.0%,  7.0%], RTT = 0.024s, Queue delay = 0.002s, MTU = 1200
 summary  18.0  Transmit rate =  6258kbps, PLR =  0.00%( 0.00%), CE =  7.81%( 6.99%)[ 0.0%,  0.0%, 93.1%,  6.9%], RTT = 0.023s, Queue delay = 0.002s, MTU = 1200
 summary  20.0  Transmit rate =  6203kbps, PLR =  0.00%( 0.00%), CE =  7.74%( 7.09%)[ 0.0%,  0.0%, 93.0%,  7.0%], RTT = 0.023s, Queue delay = 0.002s, MTU = 1200
 summary  22.0  Transmit rate =  6342kbps, PLR =  0.00%( 0.00%), CE =  8.58%( 7.13%)[ 0.0%,  0.0%, 92.9%,  7.1%], RTT = 0.023s, Queue delay = 0.002s, MTU = 1200
 summary  24.0  Transmit rate =  6317kbps, PLR =  0.00%( 0.00%), CE =  8.74%( 7.14%)[ 0.0%,  0.0%, 92.9%,  7.1%], RTT = 0.023s, Queue delay = 0.002s, MTU = 1200
 summary  26.0  Transmit rate =  6302kbps, PLR =  0.00%( 0.00%), CE =  8.77%( 7.14%)[ 0.0%,  0.0%, 92.9%,  7.1%], RTT = 0.023s, Queue delay = 0.002s, MTU = 1200
 summary  28.0  Transmit rate =  6271kbps, PLR =  0.00%( 0.00%), CE =  7.73%( 7.15%)[ 0.0%,  0.0%, 92.9%,  7.1%], RTT = 0.023s, Queue delay = 0.002s, MTU = 1200
 summary  30.0  Transmit rate =  6315kbps, PLR =  0.00%( 0.00%), CE =  8.07%( 7.18%)[ 0.0%,  0.0%, 92.9%,  7.1%], RTT = 0.023s, Queue delay = 0.002s, MTU = 1200
 summary  32.0  Transmit rate =  6221kbps, PLR =  0.00%( 0.00%), CE =  7.91%( 7.17%)[ 0.0%,  0.0%, 92.9%,  7.1%], RTT = 0.023s, Queue delay = 0.002s, MTU = 1200
 summary  34.0  Transmit rate =  6058kbps, PLR =  0.00%( 0.00%), CE =  8.13%( 7.21%)[ 0.0%,  0.0%, 92.9%,  7.1%], RTT = 0.023s, Queue delay = 0.002s, MTU = 1200

======================== Summary ==========================
 Bitrate min/max/avg [kbps]          :     0/ 7646/ 6030
 RTT     min/max/avg [s]             : 0.023/0.049/0.024
 Queue delay max/avg [s]             : 0.004/0.002
 Packet loss avg [%]                 : 0.000
 ECN/L4S NotECT/ECT(0)/ECT(1)/CE [%] :  0.0/ 0.0/92.9/ 7.1
===========================================================
