Listen on port 5459 to receive RTCP from decoder 
Scream sender started! 
 summary   2.0  Transmit rate =  3940kbps, PLR =  0.00%( 0.00%), CE =  2.70%( 9.30%)[ 0.0%,  0.0%, 90.8%,  9.2%], RTT = 0.036s, Queue delay = 0.001s, MTU = 1200
 summary   4.0  Transmit rate =  4791kbps, PLR =  0.00%( 0.00%), CE =  5.72%( 7.39%)[ 0.0%,  0.0%, 92.6%,  7.4%], RTT = 0.029s, Queue delay = 0.001s, MTU = 1200
 summary   6.0  Transmit rate =  5350kbps, PLR =  0.00%( 0.00%), CE =  9.23%( 7.57%)[ 0.0%,  0.0%, 92.4%,  7.6%], RTT = 0.026s, Queue delay = 0.002s, MTU = 1200
 summary   8.0  Transmit rate =  5784kbps, PLR =  0.00%( 0.00%), CE =  7.30%( 7.32%)[ 0.0%,  0.0%, 92.7%,  7.3%], RTT = 0.025s, Queue delay = 0.002s, MTU = 1200
 summary  10.0  Transmit rate =  5785kbps, PLR =  0.00%( 0.00%), CE =  9.07%( 7.52%)[ 0.0%,  0.0%, 92.6%,  7.4%], RTT = 0.024s, Queue delay = 0.002s, MTU = 1200
 summary  12.0  Transmit rate =  5885kbps, PLR =  0.00%( 0.00%), CE =  8.85%( 7.39%)[ 0.0%,  0.0%, 92.7%,  7.3%], RTT = 0.024s, Queue delay = 0.002s, MTU = 1200
 summary  14.0  Transmit rate =  5982kbps, PLR =  0.00%( 0.00%), CE =  8.33%( 7.32%)[ 0.0%,  0.0%, 92.8%,  7.2%], RTT = 0.024s, Queue delay = 0.002s, MTU = 1200
 summary  16.0  Transmit rate =  6043kbps, PLR =  0.00%( 0.00%), CE =  7.98%( 7.47%)[ 0.0%,  0.0%, 92.7%,  7.3%], RTT = 0.024s, Queue delay = 0.002s, MTU = 1200
 summary  18.0  Transmit rate =  6071kbps, PLR =  0.00%( 0.00%), CE =  8.15%( 7.42%)[ 0.0%,  0.0%, 92.7%,  7.3%], RTT = 0.023s, Queue delay = 0.002s, MTU = 1200
 summary  20.0  Transmit rate =  6112kbps, PLR =  0.00%( 0.00%), CE =  8.92%( 7.47%)[ 0.0%,  0.0%, 92.7%,  7.3%], RTT = 0.023s, Queue delay = 0.002s, MTU = 1200
 summary  22.0  Transmit rate =  6330kbps, PLR =  0.00%( 0.00%), CE =  8.55%( 7.42%)[ 0.0%,  0.0%, 92.7%,  7.3%], RTT = 0.023s, Queue delay = 0.002s, MTU = 1200
 summary  24.0  Transmit rate =  6465kbps, PLR =  0.00%( 0.00%), CE =  6.96%( 7.26%)[ 0.0%,  0.0%, 92.9%,  7.1%], RTT = 0.024s, Queue delay = 0.002s, MTU = 1200
 summary  26.0  Transmit rate =  6231kbps, PLR =  0.00%( 0.00%), CE =  7.81%( 7.32%)[ 0.0%,  0.0%, 92.8%,  7.2%], RTT = 0.023s, Queue delay = 0.002s, MTU = 1200
 summary  28.0  Transmit rate =  6177kbps, PLR =  0.00%( 0.00%), CE =  8.55%( 7.32%)[ 0.0%,  0.0%, 92.8%,  7.2%], RTT = 0.023s, Queue delay = 0.002s, MTU = 1200
 summary  30.0  Transmit rate =  6338kbps, PLR =  0.00%( 0.00%), CE =  8.25%( 7.30%)[ 0.0%,  0.0%, 92.8%,  7.2%], RTT = 0.023s, Queue delay = 0.002s, MTU = 1200
 summary  32.0  Transmit rate =  6259kbps, PLR =  0.00%( 0.00%), CE =  9.75%( 7.42%)[ 0.0%,  0.0%, 92.7%,  7.3%], RTT = 0.023s, Queue delay = 0.002s, MTU = 1200
 summary  34.0  Transmit rate =  6084kbps, PLR =  0.00%( 0.00%), CE =  8.73%( 7.34%)[ 0.0%,  0.0%, 92.8%,  7.2%], RTT = 0.023s, Queue delay = 0.002s, MTU = 1200

======================== Summary ==========================
 Bitrate min/max/avg [kbps]          :     0/ 7900/ 5951
 RTT     min/max/avg [s]             : 0.023/0.049/0.024
 Queue delay max/avg [s]             : 0.004/0.002
 Packet loss avg [%]                 : 0.000
 ECN/L4S NotECT/ECT(0)/ECT(1)/CE [%] :  0.0/ 0.0/92.7/ 7.3
===========================================================
