socket set to IP_RECVTOS
socket SO_RCVBUF set to 20971520
Listen on port 5492 to receive RTP from sender 
.
.
Packet(s) lost or reordered :  1231 was received, previous rcvd is  1229 
Packet(s) lost or reordered :  1602 was received, previous rcvd is  1600 
Packet(s) lost or reordered :  1666 was received, previous rcvd is  1664 
Packet(s) lost or reordered :  1872 was received, previous rcvd is  1870 
Packet(s) lost or reordered :  3984 was received, previous rcvd is  3982 
Packet(s) lost or reordered :  4787 was received, previous rcvd is  4785 
Packet(s) lost or reordered :  4914 was received, previous rcvd is  4912 
Packet(s) lost or reordered :  5143 was received, previous rcvd is  5141 
Packet(s) lost or reordered :  5290 was received, previous rcvd is  5288 
Packet(s) lost or reordered :  6995 was received, previous rcvd is  6993 
Packet(s) lost or reordered :  7061 was received, previous rcvd is  7059 
Packet(s) lost or reordered :  9181 was received, previous rcvd is  9179 
Packet(s) lost or reordered :  9251 was received, previous rcvd is  9249 
Packet(s) lost or reordered : 11009 was received, previous rcvd is 11007 
Packet(s) lost or reordered : 13506 was received, previous rcvd is 13504 
Packet(s) lost or reordered : 15060 was received, previous rcvd is 15058 
Packet(s) lost or reordered : 18819 was received, previous rcvd is 18817 
Packet(s) lost or reordered : 19083 was received, previous rcvd is 19080 
.
