Listen on port 5537 to receive RTCP from decoder 
Scream sender started! 
 summary   2.0  Transmit rate =  3846kbps, PLR =  0.00%( 0.00%), CE =  2.78%( 8.30%)[ 0.0%,  0.0%, 91.7%,  8.3%], RTT = 0.036s, Queue delay = 0.001s, MTU = 1200
 summary   4.0  Transmit rate =  4797kbps, PLR =  0.00%( 0.00%), CE =  5.78%( 7.72%)[ 0.0%,  0.0%, 92.3%,  7.7%], RTT = 0.029s, Queue delay = 0.002s, MTU = 1200
 summary   6.0  Transmit rate =  5225kbps, PLR =  0.00%( 0.00%), CE =  9.28%( 8.34%)[ 0.0%,  0.0%, 91.7%,  8.3%], RTT = 0.026s, Queue delay = 0.002s, MTU = 1200
 summary   8.0  Transmit rate =  5708kbps, PLR =  0.00%( 0.00%), CE =  9.20%( 8.08%)[ 0.0%,  0.0%, 92.0%,  8.0%], RTT = 0.025s, Queue delay = 0.002s, MTU = 1200
 summary  10.0  Transmit rate =  5899kbps, PLR =  0.00%( 0.00%), CE =  8.83%( 8.00%)[ 0.0%,  0.0%, 92.1%,  7.9%], RTT = 0.024s, Queue delay = 0.002s, MTU = 1200
 summary  12.0  Transmit rate =  5828kbps, PLR =  0.00%( 0.00%), CE =  8.38%( 7.90%)[ 0.0%,  0.0%, 92.0%,  8.0%], RTT = 0.024s, Queue delay = 0.002s, MTU = 1200
 summary  14.0  Transmit rate =  5971kbps, PLR =  0.00%( 0.00%), CE =  8.04%( 7.60%)[ 0.0%,  0.0%, 92.4%,  7.6%], RTT = 0.024s, Queue delay = 0.002s, MTU = 1200
 summary  16.0  Transmit rate =  5988kbps, PLR =  0.00%( 0.00%), CE =  8.24%( 7.81%)[ 0.0%,  0.0%, 92.2%,  7.8%], RTT = 0.023s, Queue delay = 0.002s, MTU = 1200
 summary  18.0  Transmit rate =  6115kbps, PLR =  0.00%( 0.00%), CE =  7.46%( 7.62%)[ 0.0%,  0.0%, 92.4%,  7.6%], RTT = 0.023s, Queue delay = 0.002s, MTU = 1200
 summary  20.0  Transmit rate =  6007kbps, PLR =  0.00%( 0.00%), CE =  7.10%( 7.45%)[ 0.0%,  0.0%, 92.6%,  7.4%], RTT = 0.023s, Queue delay = 0.002s, MTU = 1200
 summary  22.0  Transmit rate =  6025kbps, PLR =  0.00%( 0.00%), CE =  7.43%( 7.39%)[ 0.0%,  0.0%, 92.7%,  7.3%], RTT = 0.023s, Queue delay = 0.002s, MTU = 1200
 summary  24.0  Transmit rate =  5881kbps, PLR =  0.00%( 0.00%), CE =  8.14%( 7.50%)[ 0.0%,  0.0%, 92.6%,  7.4%], RTT = 0.023s, Queue delay = 0.002s, MTU = 1200
 summary  26.0  Transmit rate =  5728kbps, PLR =  0.00%( 0.00%), CE =  8.19%( 7.44%)[ 0.0%,  0.0%, 92.7%,  7.3%], RTT = 0.023s, Queue delay = 0.002s, MTU = 1200
 summary  28.0  Transmit rate =  5666kbps, PLR =  0.00%( 0.00%), CE =  7.50%( 7.40%)[ 0.0%,  0.0%, 92.7%,  7.3%], RTT = 0.023s, Queue delay = 0.002s, MTU = 1200
 summary  30.1  Transmit rate =  5974kbps, PLR =  0.00%( 0.00%), CE =  8.20%( 7.42%)[ 0.0%,  0.0%, 92.7%,  7.3%], RTT = 0.023s, Queue delay = 0.002s, MTU = 1200
 summary  32.1  Transmit rate =  5983kbps, PLR =  0.00%( 0.00%), CE =  8.19%( 7.34%)[ 0.0%,  0.0%, 92.8%,  7.2%], RTT = 0.023s, Queue delay = 0.002s, MTU = 1200
 summary  34.1  Transmit rate =  6074kbps, PLR =  0.00%( 0.00%), CE =  8.44%( 7.34%)[ 0.0%,  0.0%, 92.8%,  7.2%], RTT = 0.024s, Queue delay = 0.002s, MTU = 1200

======================== Summary ==========================
 Bitrate min/max/avg [kbps]          :  4744/ 7440/ 5878
 RTT     min/max/avg [s]             : 0.023/0.049/0.024
 Queue delay max/avg [s]             : 0.004/0.002
 Packet loss avg [%]                 : 0.000
 ECN/L4S NotECT/ECT(0)/ECT(1)/CE [%] :  0.0/ 0.0/92.7/ 7.3
===========================================================
