Listen on port 5535 to receive RTCP from decoder 
Scream sender started! 
 summary   2.0  Transmit rate =  3861kbps, PLR =  0.00%( 0.00%), CE =  2.39%( 7.18%)[ 0.0%,  0.0%, 92.6%,  7.4%], RTT = 0.036s, Queue delay = 0.001s, MTU = 1200
 summary   4.0  Transmit rate =  5142kbps, PLR =  0.00%( 0.00%), CE =  5.25%( 7.83%)[ 0.0%,  0.0%, 92.3%,  7.7%], RTT = 0.029s, Queue delay = 0.002s, MTU = 1200
 summary   6.0  Transmit rate =  5515kbps, PLR =  0.00%( 0.00%), CE =  9.06%( 7.51%)[ 0.0%,  0.0%, 92.5%,  7.5%], RTT = 0.026s, Queue delay = 0.002s, MTU = 1200
 summary   8.0  Transmit rate =  5899kbps, PLR =  0.00%( 0.00%), CE =  8.71%( 7.41%)[ 0.0%,  0.0%, 92.7%,  7.3%], RTT = 0.025s, Queue delay = 0.002s, MTU = 1200
 summary  10.0  Transmit rate =  6057kbps, PLR =  0.00%( 0.00%), CE =  7.60%( 7.29%)[ 0.0%,  0.0%, 92.8%,  7.2%], RTT = 0.024s, Queue delay = 0.002s, MTU = 1200
 summary  12.0  Transmit rate =  6035kbps, PLR =  0.00%( 0.00%), CE =  8.48%( 7.27%)[ 0.0%,  0.0%, 92.8%,  7.2%], RTT = 0.024s, Queue delay = 0.002s, MTU = 1200
 summary  14.0  Transmit rate =  6082kbps, PLR =  0.00%( 0.00%), CE =  8.66%( 7.44%)[ 0.0%,  0.0%, 92.6%,  7.4%], RTT = 0.024s, Queue delay = 0.002s, MTU = 1200
 summary  16.0  Transmit rate =  5974kbps, PLR =  0.00%( 0.00%), CE =  8.83%( 7.36%)[ 0.0%,  0.0%, 92.7%,  7.3%], RTT = 0.023s, Queue delay = 0.002s, MTU = 1200
 summary  18.0  Transmit rate =  5852kbps, PLR =  0.00%( 0.00%), CE =  8.74%( 7.35%)[ 0.0%,  0.0%, 92.7%,  7.3%], RTT = 0.023s, Queue delay = 0.002s, MTU = 1200
 summary  20.0  Transmit rate =  5864kbps, PLR =  0.00%( 0.00%), CE =  8.22%( 7.43%)[ 0.0%,  0.0%, 92.6%,  7.4%], RTT = 0.023s, Queue delay = 0.002s, MTU = 1200
 summary  22.0  Transmit rate =  5904kbps, PLR =  0.00%( 0.00%), CE =  8.38%( 7.38%)[ 0.0%,  0.0%, 92.7%,  7.3%], RTT = 0.023s, Queue delay = 0.002s, MTU = 1200
 summary  24.0  Transmit rate =  6111kbps, PLR =  0.00%( 0.00%), CE =  8.96%( 7.56%)[ 0.0%,  0.0%, 92.6%,  7.4%], RTT = 0.024s, Queue delay = 0.002s, MTU = 1200
 summary  26.0  Transmit rate =  6023kbps, PLR =  0.00%( 0.00%), CE =  7.98%( 7.46%)[ 0.0%,  0.0%, 92.7%,  7.3%], RTT = 0.024s, Queue delay = 0.002s, MTU = 1200
 summary  28.0  Transmit rate =  6090kbps, PLR =  0.00%( 0.00%), CE =  8.00%( 7.38%)[ 0.0%,  0.0%, 92.7%,  7.3%], RTT = 0.024s, Queue delay = 0.002s, MTU = 1200
 summary  30.0  Transmit rate =  6056kbps, PLR =  0.00%( 0.00%), CE =  7.38%( 7.30%)[ 0.0%,  0.0%, 92.8%,  7.2%], RTT = 0.023s, Queue delay = 0.002s, MTU = 1200
 summary  32.0  Transmit rate =  6122kbps, PLR =  0.00%( 0.00%), CE =  7.85%( 7.30%)[ 0.0%,  0.0%, 92.8%,  7.2%], RTT = 0.024s, Queue delay = 0.002s, MTU = 1200
 summary  34.0  Transmit rate =  6072kbps, PLR =  0.00%( 0.00%), CE =  7.59%( 7.29%)[ 0.0%,  0.0%, 92.8%,  7.2%], RTT = 0.024s, Queue delay = 0.002s, MTU = 1200

======================== Summary ==========================
 Bitrate min/max/avg [kbps]          :  4712/ 7414/ 5994
 RTT     min/max/avg [s]             : 0.023/0.049/0.024
 Queue delay max/avg [s]             : 0.004/0.002
 Packet loss avg [%]                 : 0.000
 ECN/L4S NotECT/ECT(0)/ECT(1)/CE [%] :  0.0/ 0.0/92.8/ 7.2
===========================================================
