socket set to IP_RECVTOS
socket SO_RCVBUF set to 20971520
Listen on port 5430 to receive RTP from sender 
.
.
Packet(s) lost or reordered :   254 was received, previous rcvd is   252 
Packet(s) lost or reordered :   286 was received, previous rcvd is   284 
Packet(s) lost or reordered :   290 was received, previous rcvd is   288 
Packet(s) lost or reordered :   346 was received, previous rcvd is   344 
Packet(s) lost or reordered :  1174 was received, previous rcvd is  1172 
Packet(s) lost or reordered :  2501 was received, previous rcvd is  2499 
Packet(s) lost or reordered :  2716 was received, previous rcvd is  2714 
Packet(s) lost or reordered :  3198 was received, previous rcvd is  3196 
Packet(s) lost or reordered :  5276 was received, previous rcvd is  5274 
Packet(s) lost or reordered :  6934 was received, previous rcvd is  6932 
Packet(s) lost or reordered :  7147 was received, previous rcvd is  7145 
Packet(s) lost or reordered :  8436 was received, previous rcvd is  8434 
Packet(s) lost or reordered :  8960 was received, previous rcvd is  8958 
Packet(s) lost or reordered : 10746 was received, previous rcvd is 10744 
Packet(s) lost or reordered : 10991 was received, previous rcvd is 10989 
Packet(s) lost or reordered : 13534 was received, previous rcvd is 13532 
Packet(s) lost or reordered : 15215 was received, previous rcvd is 15213 
Packet(s) lost or reordered : 19100 was received, previous rcvd is 19098 
.
