socket set to IP_RECVTOS
socket SO_RCVBUF set to 20971520
Listen on port 5372 to receive RTP from sender 
.
.
Packet(s) lost or reordered :   420 was received, previous rcvd is   418 
Packet(s) lost or reordered :   456 was received, previous rcvd is   454 
Packet(s) lost or reordered :   961 was received, previous rcvd is   959 
Packet(s) lost or reordered :  2472 was received, previous rcvd is  2470 
Packet(s) lost or reordered :  2828 was received, previous rcvd is  2826 
Packet(s) lost or reordered :  4366 was received, previous rcvd is  4364 
Packet(s) lost or reordered :  6297 was received, previous rcvd is  6295 
Packet(s) lost or reordered :  6386 was received, previous rcvd is  6384 
Packet(s) lost or reordered :  9223 was received, previous rcvd is  9221 
Packet(s) lost or reordered :  9248 was received, previous rcvd is  9246 
Packet(s) lost or reordered : 10505 was received, previous rcvd is 10503 
Packet(s) lost or reordered : 10736 was received, previous rcvd is 10734 
Packet(s) lost or reordered : 11871 was received, previous rcvd is 11869 
Packet(s) lost or reordered : 11902 was received, previous rcvd is 11900 
Packet(s) lost or reordered : 12997 was received, previous rcvd is 12995 
Packet(s) lost or reordered : 15613 was received, previous rcvd is 15611 
Packet(s) lost or reordered : 15800 was received, previous rcvd is 15798 
Packet(s) lost or reordered : 18732 was received, previous rcvd is 18730 
.
