Listen on port 5473 to receive RTCP from decoder 
Scream sender started! 
 summary   2.0  Transmit rate =  3799kbps, PLR =  0.00%( 0.00%), CE =  2.31%( 7.34%)[ 0.0%,  0.0%, 92.6%,  7.4%], RTT = 0.036s, Queue delay = 0.001s, MTU = 1200
 summary   4.0  Transmit rate =  5075kbps, PLR =  0.00%( 0.00%), CE =  5.01%( 7.03%)[ 0.0%,  0.0%, 93.0%,  7.0%], RTT = 0.029s, Queue delay = 0.001s, MTU = 1200
 summary   6.0  Transmit rate =  5476kbps, PLR =  0.00%( 0.00%), CE =  8.03%( 6.88%)[ 0.0%,  0.0%, 93.2%,  6.8%], RTT = 0.026s, Queue delay = 0.002s, MTU = 1200
 summary   8.0  Transmit rate =  5863kbps, PLR =  0.00%( 0.00%), CE =  8.32%( 7.05%)[ 0.0%,  0.0%, 93.0%,  7.0%], RTT = 0.025s, Queue delay = 0.002s, MTU = 1200
 summary  10.0  Transmit rate =  5892kbps, PLR =  0.00%( 0.00%), CE =  8.34%( 7.41%)[ 0.0%,  0.0%, 92.7%,  7.3%], RTT = 0.024s, Queue delay = 0.002s, MTU = 1200
 summary  12.0  Transmit rate =  5839kbps, PLR =  0.00%( 0.00%), CE =  9.13%( 7.46%)[ 0.0%,  0.0%, 92.6%,  7.4%], RTT = 0.024s, Queue delay = 0.002s, MTU = 1200
 summary  14.0  Transmit rate =  5904kbps, PLR =  0.00%( 0.00%), CE =  8.78%( 7.43%)[ 0.0%,  0.0%, 92.7%,  7.3%], RTT = 0.023s, Queue delay = 0.002s, MTU = 1200
 summary  16.0  Transmit rate =  6101kbps, PLR =  0.00%( 0.00%), CE =  7.76%( 7.38%)[ 0.0%,  0.0%, 92.7%,  7.3%], RTT = 0.023s, Queue delay = 0.002s, MTU = 1200
 summary  18.0  Transmit rate =  6076kbps, PLR =  0.00%( 0.00%), CE =  8.58%( 7.49%)[ 0.0%,  0.0%, 92.6%,  7.4%], RTT = 0.023s, Queue delay = 0.002s, MTU = 1200
 summary  20.0  Transmit rate =  5918kbps, PLR =  0.00%( 0.00%), CE =  9.42%( 7.69%)[ 0.0%,  0.0%, 92.4%,  7.6%], RTT = 0.023s, Queue delay = 0.002s, MTU = 1200
 summary  22.0  Transmit rate =  5995kbps, PLR =  0.00%( 0.00%), CE =  9.20%( 7.67%)[ 0.0%,  0.0%, 92.5%,  7.5%], RTT = 0.023s, Queue delay = 0.002s, MTU = 1200
 summary  24.0  Transmit rate =  6085kbps, PLR =  0.00%( 0.00%), CE =  7.71%( 7.62%)[ 0.0%,  0.0%, 92.5%,  7.5%], RTT = 0.023s, Queue delay = 0.002s, MTU = 1200
 summary  26.0  Transmit rate =  6072kbps, PLR =  0.00%( 0.00%), CE =  7.88%( 7.51%)[ 0.0%,  0.0%, 92.6%,  7.4%], RTT = 0.023s, Queue delay = 0.002s, MTU = 1200
 summary  28.0  Transmit rate =  6064kbps, PLR =  0.00%( 0.00%), CE =  7.07%( 7.35%)[ 0.0%,  0.0%, 92.8%,  7.2%], RTT = 0.023s, Queue delay = 0.002s, MTU = 1200
 summary  30.0  Transmit rate =  6115kbps, PLR =  0.00%( 0.00%), CE =  7.02%( 7.32%)[ 0.0%,  0.0%, 92.8%,  7.2%], RTT = 0.023s, Queue delay = 0.002s, MTU = 1200
 summary  32.0  Transmit rate =  6035kbps, PLR =  0.00%( 0.00%), CE =  7.02%( 7.26%)[ 0.0%,  0.0%, 92.9%,  7.1%], RTT = 0.023s, Queue delay = 0.002s, MTU = 1200
 summary  34.0  Transmit rate =  6136kbps, PLR =  0.00%( 0.00%), CE =  8.01%( 7.29%)[ 0.0%,  0.0%, 92.8%,  7.2%], RTT = 0.023s, Queue delay = 0.002s, MTU = 1200

======================== Summary ==========================
 Bitrate min/max/avg [kbps]          :  4701/ 7402/ 5982
 RTT     min/max/avg [s]             : 0.023/0.049/0.024
 Queue delay max/avg [s]             : 0.004/0.002
 Packet loss avg [%]                 : 0.000
 ECN/L4S NotECT/ECT(0)/ECT(1)/CE [%] :  0.0/ 0.0/92.8/ 7.2
===========================================================
