socket set to IP_RECVTOS
socket SO_RCVBUF set to 20971520
Listen on port 5524 to receive RTP from sender 
.
.
Packet(s) lost or reordered :   413 was received, previous rcvd is   411 
Packet(s) lost or reordered :  1697 was received, previous rcvd is  1695 
Packet(s) lost or reordered :  3176 was received, previous rcvd is  3174 
Packet(s) lost or reordered :  3560 was received, previous rcvd is  3558 
Packet(s) lost or reordered :  7382 was received, previous rcvd is  7380 
Packet(s) lost or reordered :  8496 was received, previous rcvd is  8494 
Packet(s) lost or reordered : 11305 was received, previous rcvd is 11303 
Packet(s) lost or reordered : 11928 was received, previous rcvd is 11926 
Packet(s) lost or reordered : 12088 was received, previous rcvd is 12086 
Packet(s) lost or reordered : 12117 was received, previous rcvd is 12115 
Packet(s) lost or reordered : 12746 was received, previous rcvd is 12744 
Packet(s) lost or reordered : 15370 was received, previous rcvd is 15368 
Packet(s) lost or reordered : 15784 was received, previous rcvd is 15782 
Packet(s) lost or reordered : 15935 was received, previous rcvd is 15933 
Packet(s) lost or reordered : 16226 was received, previous rcvd is 16224 
Packet(s) lost or reordered : 18310 was received, previous rcvd is 18308 
Packet(s) lost or reordered : 18560 was received, previous rcvd is 18558 
Packet(s) lost or reordered : 18783 was received, previous rcvd is 18781 
Packet(s) lost or reordered : 19627 was received, previous rcvd is 19625 
Packet(s) lost or reordered : 19872 was received, previous rcvd is 19870 
.
