Listen on port 5417 to receive RTCP from decoder 
Scream sender started! 
 summary   2.0  Transmit rate =  3838kbps, PLR =  0.00%( 0.00%), CE =  3.22%( 9.56%)[ 0.0%,  0.0%, 90.4%,  9.6%], RTT = 0.036s, Queue delay = 0.001s, MTU = 1200
 summary   4.0  Transmit rate =  4748kbps, PLR =  0.00%( 0.00%), CE =  6.05%( 8.35%)[ 0.0%,  0.0%, 91.7%,  8.3%], RTT = 0.029s, Queue delay = 0.002s, MTU = 1200
 summary   6.0  Transmit rate =  5445kbps, PLR =  0.00%( 0.00%), CE =  8.47%( 7.55%)[ 0.0%,  0.0%, 92.5%,  7.5%], RTT = 0.026s, Queue delay = 0.002s, MTU = 1200
 summary   8.0  Transmit rate =  5913kbps, PLR =  0.00%( 0.00%), CE =  7.86%( 7.89%)[ 0.0%,  0.0%, 92.2%,  7.8%], RTT = 0.024s, Queue delay = 0.002s, MTU = 1200
 summary  10.0  Transmit rate =  6137kbps, PLR =  0.00%( 0.00%), CE =  7.76%( 7.76%)[ 0.0%,  0.0%, 92.3%,  7.7%], RTT = 0.024s, Queue delay = 0.002s, MTU = 1200
 summary  12.0  Transmit rate =  6260kbps, PLR =  0.00%( 0.00%), CE =  8.57%( 7.71%)[ 0.0%,  0.0%, 92.4%,  7.6%], RTT = 0.024s, Queue delay = 0.002s, MTU = 1200
 summary  14.0  Transmit rate =  6303kbps, PLR =  0.00%( 0.00%), CE =  8.66%( 7.76%)[ 0.0%,  0.0%, 92.4%,  7.6%], RTT = 0.023s, Queue delay = 0.002s, MTU = 1200
 summary  16.0  Transmit rate =  6224kbps, PLR =  0.00%( 0.00%), CE =  8.64%( 7.80%)[ 0.0%,  0.0%, 92.3%,  7.7%], RTT = 0.023s, Queue delay = 0.002s, MTU = 1200
 summary  18.0  Transmit rate =  6162kbps, PLR =  0.00%( 0.00%), CE =  7.73%( 7.59%)[ 0.0%,  0.0%, 92.5%,  7.5%], RTT = 0.023s, Queue delay = 0.002s, MTU = 1200
 summary  20.0  Transmit rate =  6289kbps, PLR =  0.00%( 0.00%), CE =  8.80%( 7.72%)[ 0.0%,  0.0%, 92.4%,  7.6%], RTT = 0.023s, Queue delay = 0.002s, MTU = 1200
 summary  22.0  Transmit rate =  6265kbps, PLR =  0.00%( 0.00%), CE =  8.91%( 7.65%)[ 0.0%,  0.0%, 92.5%,  7.5%], RTT = 0.023s, Queue delay = 0.002s, MTU = 1200
 summary  24.0  Transmit rate =  6284kbps, PLR =  0.00%( 0.00%), CE =  8.22%( 7.70%)[ 0.0%,  0.0%, 92.4%,  7.6%], RTT = 0.023s, Queue delay = 0.002s, MTU = 1200
 summary  26.0  Transmit rate =  6187kbps, PLR =  0.00%( 0.00%), CE =  7.90%( 7.61%)[ 0.0%,  0.0%, 92.5%,  7.5%], RTT = 0.023s, Queue delay = 0.002s, MTU = 1200
 summary  28.0  Transmit rate =  6142kbps, PLR =  0.00%( 0.00%), CE =  7.92%( 7.65%)[ 0.0%,  0.0%, 92.5%,  7.5%], RTT = 0.023s, Queue delay = 0.002s, MTU = 1200
 summary  30.0  Transmit rate =  6210kbps, PLR =  0.00%( 0.00%), CE =  8.09%( 7.52%)[ 0.0%,  0.0%, 92.6%,  7.4%], RTT = 0.023s, Queue delay = 0.002s, MTU = 1200
 summary  32.0  Transmit rate =  6177kbps, PLR =  0.00%( 0.00%), CE =  8.12%( 7.65%)[ 0.0%,  0.0%, 92.5%,  7.5%], RTT = 0.023s, Queue delay = 0.002s, MTU = 1200
 summary  34.1  Transmit rate =  6184kbps, PLR =  0.00%( 0.00%), CE =  8.82%( 7.64%)[ 0.0%,  0.0%, 92.5%,  7.5%], RTT = 0.023s, Queue delay = 0.002s, MTU = 1200

======================== Summary ==========================
 Bitrate min/max/avg [kbps]          :  5080/ 7564/ 6117
 RTT     min/max/avg [s]             : 0.023/0.049/0.024
 Queue delay max/avg [s]             : 0.004/0.002
 Packet loss avg [%]                 : 0.000
 ECN/L4S NotECT/ECT(0)/ECT(1)/CE [%] :  0.0/ 0.0/92.5/ 7.5
===========================================================
