socket set to IP_RECVTOS
socket SO_RCVBUF set to 20971520
Listen on port 5512 to receive RTP from sender 
.
.
Packet(s) lost or reordered :   434 was received, previous rcvd is   432 
Packet(s) lost or reordered :  1813 was received, previous rcvd is  1811 
Packet(s) lost or reordered :  1867 was received, previous rcvd is  1865 
Packet(s) lost or reordered :  3352 was received, previous rcvd is  3350 
Packet(s) lost or reordered :  3970 was received, previous rcvd is  3968 
Packet(s) lost or reordered :  4472 was received, previous rcvd is  4470 
Packet(s) lost or reordered :  7738 was received, previous rcvd is  7736 
Packet(s) lost or reordered :  7740 was received, previous rcvd is  7738 
Packet(s) lost or reordered :  7785 was received, previous rcvd is  7783 
Packet(s) lost or reordered :  9702 was received, previous rcvd is  9700 
Packet(s) lost or reordered : 13182 was received, previous rcvd is 13180 
Packet(s) lost or reordered : 15774 was received, previous rcvd is 15772 
Packet(s) lost or reordered : 16530 was received, previous rcvd is 16528 
Packet(s) lost or reordered : 17448 was received, previous rcvd is 17446 
Packet(s) lost or reordered : 17793 was received, previous rcvd is 17791 
.
