socket set to IP_RECVTOS
socket SO_RCVBUF set to 20971520
Listen on port 5448 to receive RTP from sender 
.
.
Packet(s) lost or reordered :   262 was received, previous rcvd is   260 
Packet(s) lost or reordered :   348 was received, previous rcvd is   346 
Packet(s) lost or reordered :  1416 was received, previous rcvd is  1414 
Packet(s) lost or reordered :  2448 was received, previous rcvd is  2446 
Packet(s) lost or reordered :  2717 was received, previous rcvd is  2715 
Packet(s) lost or reordered :  2808 was received, previous rcvd is  2806 
Packet(s) lost or reordered :  3968 was received, previous rcvd is  3966 
Packet(s) lost or reordered :  4242 was received, previous rcvd is  4240 
Packet(s) lost or reordered :  4769 was received, previous rcvd is  4767 
Packet(s) lost or reordered :  5921 was received, previous rcvd is  5919 
Packet(s) lost or reordered :  8572 was received, previous rcvd is  8570 
Packet(s) lost or reordered :  8812 was received, previous rcvd is  8810 
Packet(s) lost or reordered :  9571 was received, previous rcvd is  9569 
Packet(s) lost or reordered :  9859 was received, previous rcvd is  9857 
Packet(s) lost or reordered : 10750 was received, previous rcvd is 10748 
Packet(s) lost or reordered : 10978 was received, previous rcvd is 10976 
Packet(s) lost or reordered : 16113 was received, previous rcvd is 16111 
Packet(s) lost or reordered : 16273 was received, previous rcvd is 16271 
Packet(s) lost or reordered : 17499 was received, previous rcvd is 17497 
Packet(s) lost or reordered : 18272 was received, previous rcvd is 18270 
.
