socket set to IP_RECVTOS
socket SO_RCVBUF set to 20971520
Listen on port 5358 to receive RTP from sender 
.
.
Packet(s) lost or reordered :   374 was received, previous rcvd is   372 
Packet(s) lost or reordered :   466 was received, previous rcvd is   464 
Packet(s) lost or reordered :   674 was received, previous rcvd is   672 
Packet(s) lost or reordered :   706 was received, previous rcvd is   704 
Packet(s) lost or reordered :  1952 was received, previous rcvd is  1950 
Packet(s) lost or reordered :  2318 was received, previous rcvd is  2316 
Packet(s) lost or reordered :  4199 was received, previous rcvd is  4197 
Packet(s) lost or reordered :  8114 was received, previous rcvd is  8112 
Packet(s) lost or reordered :  9721 was received, previous rcvd is  9719 
Packet(s) lost or reordered : 11115 was received, previous rcvd is 11113 
Packet(s) lost or reordered : 11412 was received, previous rcvd is 11410 
Packet(s) lost or reordered : 16089 was received, previous rcvd is 16087 
Packet(s) lost or reordered : 16250 was received, previous rcvd is 16248 
Packet(s) lost or reordered : 16563 was received, previous rcvd is 16561 
Packet(s) lost or reordered : 18557 was received, previous rcvd is 18555 
Packet(s) lost or reordered : 18925 was received, previous rcvd is 18923 
.
