Listen on port 5361 to receive RTCP from decoder 
Scream sender started! 
 summary   2.0  Transmit rate =  3793kbps, PLR =  0.00%( 0.00%), CE =  2.44%( 7.40%)[ 0.0%,  0.0%, 92.7%,  7.3%], RTT = 0.036s, Queue delay = 0.001s, MTU = 1200
 summary   4.0  Transmit rate =  4803kbps, PLR =  0.00%( 0.00%), CE =  4.91%( 7.45%)[ 0.0%,  0.0%, 92.6%,  7.4%], RTT = 0.029s, Queue delay = 0.001s, MTU = 1200
 summary   6.0  Transmit rate =  5206kbps, PLR =  0.00%( 0.00%), CE =  8.74%( 7.67%)[ 0.0%,  0.0%, 92.4%,  7.6%], RTT = 0.026s, Queue delay = 0.002s, MTU = 1200
 summary   8.0  Transmit rate =  5421kbps, PLR =  0.00%( 0.00%), CE =  9.41%( 7.79%)[ 0.0%,  0.0%, 92.3%,  7.7%], RTT = 0.025s, Queue delay = 0.002s, MTU = 1200
 summary  10.0  Transmit rate =  5843kbps, PLR =  0.00%( 0.00%), CE =  8.28%( 7.46%)[ 0.0%,  0.0%, 92.6%,  7.4%], RTT = 0.024s, Queue delay = 0.002s, MTU = 1200
 summary  12.0  Transmit rate =  5943kbps, PLR =  0.00%( 0.00%), CE =  7.36%( 7.33%)[ 0.0%,  0.0%, 92.7%,  7.3%], RTT = 0.024s, Queue delay = 0.002s, MTU = 1200
 summary  14.0  Transmit rate =  6009kbps, PLR =  0.00%( 0.00%), CE =  7.30%( 7.13%)[ 0.0%,  0.0%, 92.9%,  7.1%], RTT = 0.024s, Queue delay = 0.002s, MTU = 1200
 summary  16.0  Transmit rate =  5995kbps, PLR =  0.00%( 0.00%), CE =  7.65%( 7.17%)[ 0.0%,  0.0%, 92.9%,  7.1%], RTT = 0.023s, Queue delay = 0.002s, MTU = 1200
 summary  18.0  Transmit rate =  6010kbps, PLR =  0.00%( 0.00%), CE =  8.18%( 7.19%)[ 0.0%,  0.0%, 92.9%,  7.1%], RTT = 0.023s, Queue delay = 0.002s, MTU = 1200
 summary  20.0  Transmit rate =  5975kbps, PLR =  0.00%( 0.00%), CE =  7.87%( 7.24%)[ 0.0%,  0.0%, 92.8%,  7.2%], RTT = 0.023s, Queue delay = 0.002s, MTU = 1200
 summary  22.0  Transmit rate =  6196kbps, PLR =  0.00%( 0.00%), CE =  8.08%( 7.15%)[ 0.0%,  0.0%, 92.9%,  7.1%], RTT = 0.023s, Queue delay = 0.002s, MTU = 1200
 summary  24.0  Transmit rate =  6131kbps, PLR =  0.00%( 0.00%), CE =  7.71%( 7.12%)[ 0.0%,  0.0%, 93.0%,  7.0%], RTT = 0.024s, Queue delay = 0.002s, MTU = 1200
 summary  26.0  Transmit rate =  6174kbps, PLR =  0.00%( 0.00%), CE =  7.69%( 7.14%)[ 0.0%,  0.0%, 93.0%,  7.0%], RTT = 0.024s, Queue delay = 0.002s, MTU = 1200
 summary  28.0  Transmit rate =  6209kbps, PLR =  0.00%( 0.00%), CE =  7.70%( 7.10%)[ 0.0%,  0.0%, 93.0%,  7.0%], RTT = 0.024s, Queue delay = 0.002s, MTU = 1200
 summary  30.0  Transmit rate =  6063kbps, PLR =  0.00%( 0.00%), CE =  8.23%( 7.12%)[ 0.0%,  0.0%, 93.0%,  7.0%], RTT = 0.023s, Queue delay = 0.002s, MTU = 1200
 summary  32.0  Transmit rate =  6096kbps, PLR =  0.00%( 0.00%), CE =  7.85%( 7.09%)[ 0.0%,  0.0%, 93.0%,  7.0%], RTT = 0.023s, Queue delay = 0.002s, MTU = 1200
 summary  34.0  Transmit rate =  6270kbps, PLR =  0.00%( 0.00%), CE =  7.40%( 7.04%)[ 0.0%,  0.0%, 93.1%,  6.9%], RTT = 0.023s, Queue delay = 0.002s, MTU = 1200

======================== Summary ==========================
 Bitrate min/max/avg [kbps]          :  4701/ 7623/ 5977
 RTT     min/max/avg [s]             : 0.023/0.049/0.024
 Queue delay max/avg [s]             : 0.004/0.002
 Packet loss avg [%]                 : 0.000
 ECN/L4S NotECT/ECT(0)/ECT(1)/CE [%] :  0.0/ 0.0/93.1/ 6.9
===========================================================
