Listen on port 5447 to receive RTCP from decoder 
Scream sender started! 
 summary   2.0  Transmit rate =  3747kbps, PLR =  0.00%( 0.00%), CE =  2.73%( 7.95%)[ 0.0%,  0.0%, 92.2%,  7.8%], RTT = 0.037s, Queue delay = 0.001s, MTU = 1200
 summary   4.0  Transmit rate =  4949kbps, PLR =  0.00%( 0.00%), CE =  6.36%( 8.42%)[ 0.0%,  0.0%, 91.8%,  8.2%], RTT = 0.029s, Queue delay = 0.001s, MTU = 1200
 summary   6.0  Transmit rate =  5372kbps, PLR =  0.00%( 0.00%), CE =  9.45%( 7.54%)[ 0.0%,  0.0%, 92.6%,  7.4%], RTT = 0.026s, Queue delay = 0.002s, MTU = 1200
 summary   8.0  Transmit rate =  5933kbps, PLR =  0.00%( 0.00%), CE =  8.81%( 7.83%)[ 0.0%,  0.0%, 92.3%,  7.7%], RTT = 0.025s, Queue delay = 0.002s, MTU = 1200
 summary  10.0  Transmit rate =  6088kbps, PLR =  0.00%( 0.00%), CE =  8.22%( 7.63%)[ 0.0%,  0.0%, 92.5%,  7.5%], RTT = 0.024s, Queue delay = 0.002s, MTU = 1200
 summary  12.0  Transmit rate =  6217kbps, PLR =  0.00%( 0.00%), CE =  8.68%( 7.58%)[ 0.0%,  0.0%, 92.4%,  7.6%], RTT = 0.024s, Queue delay = 0.002s, MTU = 1200
 summary  14.0  Transmit rate =  6157kbps, PLR =  0.00%( 0.00%), CE =  8.36%( 7.50%)[ 0.0%,  0.0%, 92.6%,  7.4%], RTT = 0.024s, Queue delay = 0.002s, MTU = 1200
 summary  16.0  Transmit rate =  6115kbps, PLR =  0.00%( 0.00%), CE =  7.67%( 7.34%)[ 0.0%,  0.0%, 92.8%,  7.2%], RTT = 0.024s, Queue delay = 0.002s, MTU = 1200
 summary  18.0  Transmit rate =  6269kbps, PLR =  0.00%( 0.00%), CE =  6.75%( 7.14%)[ 0.0%,  0.0%, 92.9%,  7.1%], RTT = 0.024s, Queue delay = 0.002s, MTU = 1200
 summary  20.0  Transmit rate =  6169kbps, PLR =  0.00%( 0.00%), CE =  6.91%( 7.27%)[ 0.0%,  0.0%, 92.9%,  7.1%], RTT = 0.024s, Queue delay = 0.002s, MTU = 1200
 summary  22.0  Transmit rate =  6277kbps, PLR =  0.00%( 0.00%), CE =  7.73%( 7.35%)[ 0.0%,  0.0%, 92.8%,  7.2%], RTT = 0.024s, Queue delay = 0.002s, MTU = 1200
 summary  24.0  Transmit rate =  6279kbps, PLR =  0.00%( 0.00%), CE =  9.21%( 7.36%)[ 0.0%,  0.0%, 92.8%,  7.2%], RTT = 0.024s, Queue delay = 0.002s, MTU = 1200
 summary  26.0  Transmit rate =  6254kbps, PLR =  0.00%( 0.00%), CE =  8.82%( 7.33%)[ 0.0%,  0.0%, 92.8%,  7.2%], RTT = 0.024s, Queue delay = 0.002s, MTU = 1200
 summary  28.0  Transmit rate =  6231kbps, PLR =  0.00%( 0.00%), CE =  8.74%( 7.38%)[ 0.0%,  0.0%, 92.8%,  7.2%], RTT = 0.024s, Queue delay = 0.002s, MTU = 1200
 summary  30.0  Transmit rate =  6120kbps, PLR =  0.00%( 0.00%), CE =  8.79%( 7.45%)[ 0.0%,  0.0%, 92.7%,  7.3%], RTT = 0.023s, Queue delay = 0.002s, MTU = 1200
 summary  32.0  Transmit rate =  5935kbps, PLR =  0.00%( 0.00%), CE =  9.41%( 7.49%)[ 0.0%,  0.0%, 92.7%,  7.3%], RTT = 0.023s, Queue delay = 0.002s, MTU = 1200
 summary  34.0  Transmit rate =  6177kbps, PLR =  0.00%( 0.00%), CE =  8.57%( 7.39%)[ 0.0%,  0.0%, 92.7%,  7.3%], RTT = 0.023s, Queue delay = 0.002s, MTU = 1200

======================== Summary ==========================
 Bitrate min/max/avg [kbps]          :  4604/ 7584/ 6101
 RTT     min/max/avg [s]             : 0.023/0.050/0.024
 Queue delay max/avg [s]             : 0.004/0.002
 Packet loss avg [%]                 : 0.000
 ECN/L4S NotECT/ECT(0)/ECT(1)/CE [%] :  0.0/ 0.0/92.7/ 7.3
===========================================================
