Listen on port 5509 to receive RTCP from decoder 
Scream sender started! 
 summary   2.0  Transmit rate =  3881kbps, PLR =  0.00%( 0.00%), CE =  3.32%( 9.68%)[ 0.0%,  0.0%, 90.0%, 10.0%], RTT = 0.036s, Queue delay = 0.001s, MTU = 1200
 summary   4.0  Transmit rate =  5063kbps, PLR =  0.00%( 0.00%), CE =  5.57%( 8.49%)[ 0.0%,  0.0%, 91.6%,  8.4%], RTT = 0.029s, Queue delay = 0.001s, MTU = 1200
 summary   6.0  Transmit rate =  5663kbps, PLR =  0.00%( 0.00%), CE =  9.09%( 7.74%)[ 0.0%,  0.0%, 92.4%,  7.6%], RTT = 0.026s, Queue delay = 0.002s, MTU = 1200
 summary   8.0  Transmit rate =  5921kbps, PLR =  0.00%( 0.00%), CE =  7.39%( 7.05%)[ 0.0%,  0.0%, 93.0%,  7.0%], RTT = 0.025s, Queue delay = 0.002s, MTU = 1200
 summary  10.0  Transmit rate =  6135kbps, PLR =  0.00%( 0.00%), CE =  7.55%( 7.20%)[ 0.0%,  0.0%, 92.9%,  7.1%], RTT = 0.024s, Queue delay = 0.002s, MTU = 1200
 summary  12.0  Transmit rate =  6189kbps, PLR =  0.00%( 0.00%), CE =  8.22%( 7.30%)[ 0.0%,  0.0%, 92.8%,  7.2%], RTT = 0.024s, Queue delay = 0.002s, MTU = 1200
 summary  14.0  Transmit rate =  6104kbps, PLR =  0.00%( 0.00%), CE =  8.43%( 7.32%)[ 0.0%,  0.0%, 92.8%,  7.2%], RTT = 0.024s, Queue delay = 0.002s, MTU = 1200
 summary  16.0  Transmit rate =  6140kbps, PLR =  0.00%( 0.00%), CE =  8.14%( 7.28%)[ 0.0%,  0.0%, 92.8%,  7.2%], RTT = 0.024s, Queue delay = 0.002s, MTU = 1200
 summary  18.0  Transmit rate =  6171kbps, PLR =  0.00%( 0.00%), CE =  7.31%( 7.22%)[ 0.0%,  0.0%, 92.9%,  7.1%], RTT = 0.024s, Queue delay = 0.002s, MTU = 1200
 summary  20.0  Transmit rate =  6163kbps, PLR =  0.00%( 0.00%), CE =  7.54%( 7.15%)[ 0.0%,  0.0%, 93.0%,  7.0%], RTT = 0.024s, Queue delay = 0.002s, MTU = 1200
 summary  22.0  Transmit rate =  6093kbps, PLR =  0.00%( 0.00%), CE =  7.46%( 7.11%)[ 0.0%,  0.0%, 93.0%,  7.0%], RTT = 0.023s, Queue delay = 0.002s, MTU = 1200
 summary  24.0  Transmit rate =  5948kbps, PLR =  0.00%( 0.00%), CE =  7.25%( 7.06%)[ 0.0%,  0.0%, 93.1%,  6.9%], RTT = 0.023s, Queue delay = 0.002s, MTU = 1200
 summary  26.0  Transmit rate =  6039kbps, PLR =  0.00%( 0.00%), CE =  8.05%( 7.15%)[ 0.0%,  0.0%, 93.0%,  7.0%], RTT = 0.023s, Queue delay = 0.002s, MTU = 1200
 summary  28.0  Transmit rate =  6105kbps, PLR =  0.00%( 0.00%), CE =  8.57%( 7.27%)[ 0.0%,  0.0%, 92.9%,  7.1%], RTT = 0.023s, Queue delay = 0.002s, MTU = 1200
 summary  30.0  Transmit rate =  5886kbps, PLR =  0.00%( 0.00%), CE =  8.68%( 7.17%)[ 0.0%,  0.0%, 93.0%,  7.0%], RTT = 0.024s, Queue delay = 0.002s, MTU = 1200
 summary  32.0  Transmit rate =  6005kbps, PLR =  0.00%( 0.00%), CE =  8.02%( 7.18%)[ 0.0%,  0.0%, 93.0%,  7.0%], RTT = 0.024s, Queue delay = 0.002s, MTU = 1200
 summary  34.0  Transmit rate =  6061kbps, PLR =  0.00%( 0.00%), CE =  7.53%( 7.16%)[ 0.0%,  0.0%, 93.0%,  7.0%], RTT = 0.023s, Queue delay = 0.002s, MTU = 1200

======================== Summary ==========================
 Bitrate min/max/avg [kbps]          :  4799/ 7479/ 6039
 RTT     min/max/avg [s]             : 0.023/0.049/0.024
 Queue delay max/avg [s]             : 0.004/0.002
 Packet loss avg [%]                 : 0.000
 ECN/L4S NotECT/ECT(0)/ECT(1)/CE [%] :  0.0/ 0.0/93.0/ 7.0
===========================================================
