Listen on port 5483 to receive RTCP from decoder 
Scream sender started! 
 summary   2.0  Transmit rate =  3318kbps, PLR =  0.00%( 0.00%), CE =  2.98%( 6.79%)[ 0.0%,  0.0%, 93.3%,  6.7%], RTT = 0.036s, Queue delay = 0.001s, MTU = 1200
 summary   4.0  Transmit rate =  4966kbps, PLR =  0.00%( 0.00%), CE =  5.08%( 6.67%)[ 0.0%,  0.0%, 93.4%,  6.6%], RTT = 0.029s, Queue delay = 0.002s, MTU = 1200
 summary   6.0  Transmit rate =  5612kbps, PLR =  0.00%( 0.00%), CE =  8.73%( 7.42%)[ 0.0%,  0.0%, 92.8%,  7.2%], RTT = 0.026s, Queue delay = 0.002s, MTU = 1200
 summary   8.0  Transmit rate =  5786kbps, PLR =  0.00%( 0.00%), CE =  8.45%( 7.10%)[ 0.0%,  0.0%, 93.1%,  6.9%], RTT = 0.025s, Queue delay = 0.002s, MTU = 1200
 summary  10.0  Transmit rate =  5928kbps, PLR =  0.00%( 0.00%), CE =  7.87%( 7.05%)[ 0.0%,  0.0%, 93.1%,  6.9%], RTT = 0.024s, Queue delay = 0.002s, MTU = 1200
 summary  12.0  Transmit rate =  6058kbps, PLR =  0.00%( 0.00%), CE =  8.06%( 7.10%)[ 0.0%,  0.0%, 93.1%,  6.9%], RTT = 0.024s, Queue delay = 0.002s, MTU = 1200
 summary  14.0  Transmit rate =  6013kbps, PLR =  0.00%( 0.00%), CE =  7.94%( 7.09%)[ 0.0%,  0.0%, 93.1%,  6.9%], RTT = 0.024s, Queue delay = 0.002s, MTU = 1200
 summary  16.0  Transmit rate =  5933kbps, PLR =  0.00%( 0.00%), CE =  8.19%( 6.91%)[ 0.0%,  0.0%, 93.3%,  6.7%], RTT = 0.023s, Queue delay = 0.002s, MTU = 1200
 summary  18.0  Transmit rate =  6293kbps, PLR =  0.00%( 0.00%), CE =  6.97%( 6.86%)[ 0.0%,  0.0%, 93.3%,  6.7%], RTT = 0.024s, Queue delay = 0.002s, MTU = 1200
 summary  20.0  Transmit rate =  6289kbps, PLR =  0.00%( 0.00%), CE =  7.25%( 6.91%)[ 0.0%,  0.0%, 93.3%,  6.7%], RTT = 0.024s, Queue delay = 0.002s, MTU = 1200
 summary  22.0  Transmit rate =  6137kbps, PLR =  0.00%( 0.00%), CE =  8.16%( 6.98%)[ 0.0%,  0.0%, 93.2%,  6.8%], RTT = 0.023s, Queue delay = 0.002s, MTU = 1200
 summary  24.0  Transmit rate =  5928kbps, PLR =  0.00%( 0.00%), CE =  8.69%( 7.03%)[ 0.0%,  0.0%, 93.1%,  6.9%], RTT = 0.023s, Queue delay = 0.002s, MTU = 1200
 summary  26.0  Transmit rate =  5973kbps, PLR =  0.00%( 0.00%), CE =  7.98%( 7.04%)[ 0.0%,  0.0%, 93.1%,  6.9%], RTT = 0.023s, Queue delay = 0.002s, MTU = 1200
 summary  28.0  Transmit rate =  5953kbps, PLR =  0.00%( 0.00%), CE =  7.86%( 7.06%)[ 0.0%,  0.0%, 93.1%,  6.9%], RTT = 0.023s, Queue delay = 0.002s, MTU = 1200
 summary  30.1  Transmit rate =  5933kbps, PLR =  0.00%( 0.00%), CE =  7.15%( 6.98%)[ 0.0%,  0.0%, 93.2%,  6.8%], RTT = 0.023s, Queue delay = 0.002s, MTU = 1200
 summary  32.1  Transmit rate =  6098kbps, PLR =  0.00%( 0.00%), CE =  7.38%( 6.96%)[ 0.0%,  0.0%, 93.2%,  6.8%], RTT = 0.023s, Queue delay = 0.002s, MTU = 1200
 summary  34.1  Transmit rate =  6043kbps, PLR =  0.00%( 0.00%), CE =  8.26%( 7.07%)[ 0.0%,  0.0%, 93.1%,  6.9%], RTT = 0.023s, Queue delay = 0.002s, MTU = 1200

======================== Summary ==========================
 Bitrate min/max/avg [kbps]          :  4879/ 7761/ 5977
 RTT     min/max/avg [s]             : 0.023/0.049/0.024
 Queue delay max/avg [s]             : 0.004/0.002
 Packet loss avg [%]                 : 0.000
 ECN/L4S NotECT/ECT(0)/ECT(1)/CE [%] :  0.0/ 0.0/93.0/ 7.0
===========================================================
