Listen on port 5521 to receive RTCP from decoder 
Scream sender started! 
 summary   2.0  Transmit rate =  3979kbps, PLR =  0.00%( 0.00%), CE =  2.35%( 6.44%)[ 0.0%,  0.0%, 93.5%,  6.5%], RTT = 0.036s, Queue delay = 0.001s, MTU = 1200
 summary   4.0  Transmit rate =  5323kbps, PLR =  0.00%( 0.00%), CE =  4.81%( 7.13%)[ 0.0%,  0.0%, 92.9%,  7.1%], RTT = 0.029s, Queue delay = 0.001s, MTU = 1200
 summary   6.0  Transmit rate =  5892kbps, PLR =  0.00%( 0.00%), CE =  7.87%( 6.68%)[ 0.0%,  0.0%, 93.4%,  6.6%], RTT = 0.026s, Queue delay = 0.002s, MTU = 1200
 summary   8.0  Transmit rate =  6230kbps, PLR =  0.00%( 0.00%), CE =  8.03%( 6.83%)[ 0.0%,  0.0%, 93.2%,  6.8%], RTT = 0.024s, Queue delay = 0.002s, MTU = 1200
 summary  10.0  Transmit rate =  6234kbps, PLR =  0.00%( 0.00%), CE =  8.13%( 7.05%)[ 0.0%,  0.0%, 93.0%,  7.0%], RTT = 0.024s, Queue delay = 0.002s, MTU = 1200
 summary  12.0  Transmit rate =  6271kbps, PLR =  0.00%( 0.00%), CE =  7.76%( 7.09%)[ 0.0%,  0.0%, 93.0%,  7.0%], RTT = 0.024s, Queue delay = 0.002s, MTU = 1200
 summary  14.0  Transmit rate =  6262kbps, PLR =  0.00%( 0.00%), CE =  8.45%( 7.11%)[ 0.0%,  0.0%, 92.9%,  7.1%], RTT = 0.023s, Queue delay = 0.002s, MTU = 1200
 summary  16.0  Transmit rate =  6325kbps, PLR =  0.00%( 0.00%), CE =  7.38%( 6.86%)[ 0.0%,  0.0%, 93.2%,  6.8%], RTT = 0.023s, Queue delay = 0.002s, MTU = 1200
 summary  18.0  Transmit rate =  6446kbps, PLR =  0.00%( 0.00%), CE =  7.53%( 6.99%)[ 0.0%,  0.0%, 93.1%,  6.9%], RTT = 0.023s, Queue delay = 0.002s, MTU = 1200
 summary  20.0  Transmit rate =  6316kbps, PLR =  0.00%( 0.00%), CE =  8.23%( 7.06%)[ 0.0%,  0.0%, 93.0%,  7.0%], RTT = 0.023s, Queue delay = 0.002s, MTU = 1200
 summary  22.0  Transmit rate =  6247kbps, PLR =  0.00%( 0.00%), CE =  8.16%( 7.09%)[ 0.0%,  0.0%, 93.0%,  7.0%], RTT = 0.023s, Queue delay = 0.002s, MTU = 1200
 summary  24.0  Transmit rate =  6388kbps, PLR =  0.00%( 0.00%), CE =  7.53%( 7.05%)[ 0.0%,  0.0%, 93.1%,  6.9%], RTT = 0.023s, Queue delay = 0.002s, MTU = 1200
 summary  26.0  Transmit rate =  6411kbps, PLR =  0.00%( 0.00%), CE =  7.52%( 7.09%)[ 0.0%,  0.0%, 93.0%,  7.0%], RTT = 0.023s, Queue delay = 0.002s, MTU = 1200
 summary  28.0  Transmit rate =  6428kbps, PLR =  0.00%( 0.00%), CE =  8.80%( 7.16%)[ 0.0%,  0.0%, 92.9%,  7.1%], RTT = 0.023s, Queue delay = 0.002s, MTU = 1200
 summary  30.0  Transmit rate =  6363kbps, PLR =  0.00%( 0.00%), CE =  8.05%( 7.14%)[ 0.0%,  0.0%, 93.0%,  7.0%], RTT = 0.023s, Queue delay = 0.002s, MTU = 1200
 summary  32.0  Transmit rate =  6200kbps, PLR =  0.00%( 0.00%), CE =  8.40%( 7.14%)[ 0.0%,  0.0%, 93.0%,  7.0%], RTT = 0.023s, Queue delay = 0.002s, MTU = 1200
 summary  34.0  Transmit rate =  6258kbps, PLR =  0.00%( 0.00%), CE =  7.45%( 7.15%)[ 0.0%,  0.0%, 92.9%,  7.1%], RTT = 0.023s, Queue delay = 0.002s, MTU = 1200

======================== Summary ==========================
 Bitrate min/max/avg [kbps]          :     0/ 7737/ 6196
 RTT     min/max/avg [s]             : 0.023/0.049/0.024
 Queue delay max/avg [s]             : 0.004/0.002
 Packet loss avg [%]                 : 0.000
 ECN/L4S NotECT/ECT(0)/ECT(1)/CE [%] :  0.0/ 0.0/93.0/ 7.0
===========================================================
