socket set to IP_RECVTOS
socket SO_RCVBUF set to 20971520
Listen on port 5470 to receive RTP from sender 
.
.
Packet(s) lost or reordered :  1412 was received, previous rcvd is  1410 
Packet(s) lost or reordered :  1452 was received, previous rcvd is  1450 
Packet(s) lost or reordered :  1574 was received, previous rcvd is  1572 
Packet(s) lost or reordered :  1714 was received, previous rcvd is  1712 
Packet(s) lost or reordered :  4300 was received, previous rcvd is  4298 
Packet(s) lost or reordered :  4767 was received, previous rcvd is  4765 
Packet(s) lost or reordered :  7110 was received, previous rcvd is  7108 
Packet(s) lost or reordered :  7273 was received, previous rcvd is  7271 
Packet(s) lost or reordered :  7585 was received, previous rcvd is  7583 
Packet(s) lost or reordered :  8381 was received, previous rcvd is  8379 
Packet(s) lost or reordered : 10450 was received, previous rcvd is 10448 
Packet(s) lost or reordered : 10827 was received, previous rcvd is 10825 
Packet(s) lost or reordered : 13271 was received, previous rcvd is 13269 
Packet(s) lost or reordered : 17306 was received, previous rcvd is 17304 
Packet(s) lost or reordered : 18997 was received, previous rcvd is 18995 
Packet(s) lost or reordered : 19002 was received, previous rcvd is 19000 
.
