socket set to IP_RECVTOS
socket SO_RCVBUF set to 20971520
Listen on port 5454 to receive RTP from sender 
.
.
Packet(s) lost or reordered :   688 was received, previous rcvd is   686 
Packet(s) lost or reordered :  1022 was received, previous rcvd is  1020 
Packet(s) lost or reordered :  1320 was received, previous rcvd is  1318 
Packet(s) lost or reordered :  2963 was received, previous rcvd is  2961 
Packet(s) lost or reordered :  7338 was received, previous rcvd is  7336 
Packet(s) lost or reordered :  8795 was received, previous rcvd is  8793 
Packet(s) lost or reordered : 10502 was received, previous rcvd is 10500 
Packet(s) lost or reordered : 10533 was received, previous rcvd is 10531 
Packet(s) lost or reordered : 10593 was received, previous rcvd is 10591 
Packet(s) lost or reordered : 12352 was received, previous rcvd is 12350 
Packet(s) lost or reordered : 12527 was received, previous rcvd is 12525 
Packet(s) lost or reordered : 12529 was received, previous rcvd is 12527 
Packet(s) lost or reordered : 12783 was received, previous rcvd is 12781 
Packet(s) lost or reordered : 12808 was received, previous rcvd is 12806 
Packet(s) lost or reordered : 16848 was received, previous rcvd is 16846 
Packet(s) lost or reordered : 17939 was received, previous rcvd is 17937 
Packet(s) lost or reordered : 18191 was received, previous rcvd is 18189 
.
