Listen on port 5401 to receive RTCP from decoder 
Scream sender started! 
 summary   2.0  Transmit rate =  3796kbps, PLR =  0.00%( 0.00%), CE =  2.40%( 6.88%)[ 0.0%,  0.0%, 93.1%,  6.9%], RTT = 0.036s, Queue delay = 0.001s, MTU = 1200
 summary   4.0  Transmit rate =  4986kbps, PLR =  0.00%( 0.00%), CE =  5.46%( 7.84%)[ 0.0%,  0.0%, 92.2%,  7.8%], RTT = 0.029s, Queue delay = 0.001s, MTU = 1200
 summary   6.0  Transmit rate =  5368kbps, PLR =  0.00%( 0.00%), CE =  8.45%( 7.27%)[ 0.0%,  0.0%, 92.8%,  7.2%], RTT = 0.026s, Queue delay = 0.002s, MTU = 1200
 summary   8.0  Transmit rate =  5936kbps, PLR =  0.00%( 0.00%), CE =  9.04%( 7.22%)[ 0.0%,  0.0%, 92.9%,  7.1%], RTT = 0.025s, Queue delay = 0.002s, MTU = 1200
 summary  10.0  Transmit rate =  6034kbps, PLR =  0.00%( 0.00%), CE =  8.31%( 7.38%)[ 0.0%,  0.0%, 92.7%,  7.3%], RTT = 0.024s, Queue delay = 0.002s, MTU = 1200
 summary  12.0  Transmit rate =  5752kbps, PLR =  0.00%( 0.00%), CE =  8.81%( 7.27%)[ 0.0%,  0.0%, 92.8%,  7.2%], RTT = 0.024s, Queue delay = 0.002s, MTU = 1200
 summary  14.0  Transmit rate =  5734kbps, PLR =  0.00%( 0.00%), CE =  7.94%( 7.14%)[ 0.0%,  0.0%, 92.9%,  7.1%], RTT = 0.024s, Queue delay = 0.002s, MTU = 1200
 summary  16.0  Transmit rate =  6088kbps, PLR =  0.00%( 0.00%), CE =  7.06%( 7.10%)[ 0.0%,  0.0%, 93.0%,  7.0%], RTT = 0.024s, Queue delay = 0.002s, MTU = 1200
 summary  18.0  Transmit rate =  6091kbps, PLR =  0.00%( 0.00%), CE =  7.59%( 7.10%)[ 0.0%,  0.0%, 93.0%,  7.0%], RTT = 0.023s, Queue delay = 0.002s, MTU = 1200
 summary  20.0  Transmit rate =  6066kbps, PLR =  0.00%( 0.00%), CE =  8.16%( 7.07%)[ 0.0%,  0.0%, 93.0%,  7.0%], RTT = 0.023s, Queue delay = 0.002s, MTU = 1200
 summary  22.0  Transmit rate =  6039kbps, PLR =  0.00%( 0.00%), CE =  7.81%( 7.11%)[ 0.0%,  0.0%, 92.9%,  7.1%], RTT = 0.023s, Queue delay = 0.002s, MTU = 1200
 summary  24.0  Transmit rate =  5969kbps, PLR =  0.00%( 0.00%), CE =  8.09%( 6.99%)[ 0.0%,  0.0%, 93.1%,  6.9%], RTT = 0.023s, Queue delay = 0.002s, MTU = 1200
 summary  26.0  Transmit rate =  6206kbps, PLR =  0.00%( 0.00%), CE =  7.95%( 7.09%)[ 0.0%,  0.0%, 93.0%,  7.0%], RTT = 0.023s, Queue delay = 0.002s, MTU = 1200
 summary  28.0  Transmit rate =  6094kbps, PLR =  0.00%( 0.00%), CE =  6.78%( 6.97%)[ 0.0%,  0.0%, 93.1%,  6.9%], RTT = 0.023s, Queue delay = 0.002s, MTU = 1200
 summary  30.1  Transmit rate =  6081kbps, PLR =  0.00%( 0.00%), CE =  8.61%( 7.07%)[ 0.0%,  0.0%, 93.0%,  7.0%], RTT = 0.023s, Queue delay = 0.002s, MTU = 1200
 summary  32.1  Transmit rate =  6305kbps, PLR =  0.00%( 0.00%), CE =  7.70%( 7.02%)[ 0.0%,  0.0%, 93.1%,  6.9%], RTT = 0.023s, Queue delay = 0.002s, MTU = 1200
 summary  34.1  Transmit rate =  6387kbps, PLR =  0.00%( 0.00%), CE =  7.73%( 7.05%)[ 0.0%,  0.0%, 93.0%,  7.0%], RTT = 0.023s, Queue delay = 0.002s, MTU = 1200

======================== Summary ==========================
 Bitrate min/max/avg [kbps]          :  4759/ 7862/ 6027
 RTT     min/max/avg [s]             : 0.023/0.049/0.024
 Queue delay max/avg [s]             : 0.004/0.002
 Packet loss avg [%]                 : 0.000
 ECN/L4S NotECT/ECT(0)/ECT(1)/CE [%] :  0.0/ 0.0/93.1/ 6.9
===========================================================
