Listen on port 5469 to receive RTCP from decoder 
Scream sender started! 
 summary   2.0  Transmit rate =  3664kbps, PLR =  0.00%( 0.00%), CE =  2.66%( 8.06%)[ 0.0%,  0.0%, 91.8%,  8.2%], RTT = 0.036s, Queue delay = 0.001s, MTU = 1200
 summary   4.0  Transmit rate =  4731kbps, PLR =  0.00%( 0.00%), CE =  5.85%( 8.25%)[ 0.0%,  0.0%, 91.7%,  8.3%], RTT = 0.029s, Queue delay = 0.001s, MTU = 1200
 summary   6.0  Transmit rate =  5434kbps, PLR =  0.00%( 0.00%), CE =  7.78%( 7.21%)[ 0.0%,  0.0%, 92.8%,  7.2%], RTT = 0.026s, Queue delay = 0.002s, MTU = 1200
 summary   8.0  Transmit rate =  5855kbps, PLR =  0.00%( 0.00%), CE =  8.31%( 7.97%)[ 0.0%,  0.0%, 92.1%,  7.9%], RTT = 0.025s, Queue delay = 0.002s, MTU = 1200
 summary  10.0  Transmit rate =  5969kbps, PLR =  0.00%( 0.00%), CE =  8.30%( 7.55%)[ 0.0%,  0.0%, 92.5%,  7.5%], RTT = 0.024s, Queue delay = 0.002s, MTU = 1200
 summary  12.0  Transmit rate =  5944kbps, PLR =  0.00%( 0.00%), CE =  8.78%( 7.62%)[ 0.0%,  0.0%, 92.4%,  7.6%], RTT = 0.024s, Queue delay = 0.002s, MTU = 1200
 summary  14.0  Transmit rate =  5926kbps, PLR =  0.00%( 0.00%), CE =  8.46%( 7.62%)[ 0.0%,  0.0%, 92.4%,  7.6%], RTT = 0.023s, Queue delay = 0.002s, MTU = 1200
 summary  16.0  Transmit rate =  6056kbps, PLR =  0.00%( 0.00%), CE =  8.10%( 7.53%)[ 0.0%,  0.0%, 92.5%,  7.5%], RTT = 0.023s, Queue delay = 0.002s, MTU = 1200
 summary  18.0  Transmit rate =  5980kbps, PLR =  0.00%( 0.00%), CE =  8.06%( 7.47%)[ 0.0%,  0.0%, 92.6%,  7.4%], RTT = 0.023s, Queue delay = 0.002s, MTU = 1200
 summary  20.0  Transmit rate =  5996kbps, PLR =  0.00%( 0.00%), CE =  7.60%( 7.40%)[ 0.0%,  0.0%, 92.7%,  7.3%], RTT = 0.023s, Queue delay = 0.002s, MTU = 1200
 summary  22.0  Transmit rate =  5903kbps, PLR =  0.00%( 0.00%), CE =  8.02%( 7.39%)[ 0.0%,  0.0%, 92.7%,  7.3%], RTT = 0.023s, Queue delay = 0.002s, MTU = 1200
 summary  24.0  Transmit rate =  5674kbps, PLR =  0.00%( 0.00%), CE =  6.82%( 7.27%)[ 0.0%,  0.0%, 92.8%,  7.2%], RTT = 0.023s, Queue delay = 0.002s, MTU = 1200
 summary  26.0  Transmit rate =  5802kbps, PLR =  0.00%( 0.00%), CE =  6.15%( 7.12%)[ 0.0%,  0.0%, 92.9%,  7.1%], RTT = 0.023s, Queue delay = 0.002s, MTU = 1200
 summary  28.1  Transmit rate =  5872kbps, PLR =  0.00%( 0.00%), CE =  7.69%( 7.27%)[ 0.0%,  0.0%, 92.8%,  7.2%], RTT = 0.023s, Queue delay = 0.002s, MTU = 1200
 summary  30.1  Transmit rate =  5855kbps, PLR =  0.00%( 0.00%), CE =  8.50%( 7.23%)[ 0.0%,  0.0%, 92.8%,  7.2%], RTT = 0.023s, Queue delay = 0.002s, MTU = 1200
 summary  32.1  Transmit rate =  5838kbps, PLR =  0.00%( 0.00%), CE =  7.78%( 7.25%)[ 0.0%,  0.0%, 92.8%,  7.2%], RTT = 0.023s, Queue delay = 0.002s, MTU = 1200
 summary  34.1  Transmit rate =  5684kbps, PLR =  0.00%( 0.00%), CE =  8.63%( 7.25%)[ 0.0%,  0.0%, 92.8%,  7.2%], RTT = 0.023s, Queue delay = 0.002s, MTU = 1200

======================== Summary ==========================
 Bitrate min/max/avg [kbps]          :  4682/ 7321/ 5827
 RTT     min/max/avg [s]             : 0.023/0.049/0.024
 Queue delay max/avg [s]             : 0.004/0.002
 Packet loss avg [%]                 : 0.000
 ECN/L4S NotECT/ECT(0)/ECT(1)/CE [%] :  0.0/ 0.0/92.9/ 7.1
===========================================================
