Listen on port 5531 to receive RTCP from decoder 
Scream sender started! 
 summary   2.0  Transmit rate =  4137kbps, PLR =  0.00%( 0.00%), CE =  2.13%( 8.03%)[ 0.0%,  0.0%, 91.9%,  8.1%], RTT = 0.036s, Queue delay = 0.001s, MTU = 1200
 summary   4.0  Transmit rate =  4829kbps, PLR =  0.00%( 0.00%), CE =  6.64%( 7.99%)[ 0.0%,  0.0%, 92.1%,  7.9%], RTT = 0.029s, Queue delay = 0.001s, MTU = 1200
 summary   6.0  Transmit rate =  5739kbps, PLR =  0.00%( 0.00%), CE =  9.67%( 7.64%)[ 0.0%,  0.0%, 92.4%,  7.6%], RTT = 0.026s, Queue delay = 0.002s, MTU = 1200
 summary   8.0  Transmit rate =  6188kbps, PLR =  0.00%( 0.00%), CE =  8.03%( 8.00%)[ 0.0%,  0.0%, 92.1%,  7.9%], RTT = 0.025s, Queue delay = 0.002s, MTU = 1200
 summary  10.0  Transmit rate =  6297kbps, PLR =  0.00%( 0.00%), CE =  8.54%( 7.56%)[ 0.0%,  0.0%, 92.5%,  7.5%], RTT = 0.024s, Queue delay = 0.002s, MTU = 1200
 summary  12.0  Transmit rate =  6386kbps, PLR =  0.00%( 0.00%), CE =  8.25%( 7.73%)[ 0.0%,  0.0%, 92.4%,  7.6%], RTT = 0.024s, Queue delay = 0.002s, MTU = 1200
 summary  14.0  Transmit rate =  6415kbps, PLR =  0.00%( 0.00%), CE =  8.21%( 7.56%)[ 0.0%,  0.0%, 92.5%,  7.5%], RTT = 0.024s, Queue delay = 0.002s, MTU = 1200
 summary  16.0  Transmit rate =  6362kbps, PLR =  0.00%( 0.00%), CE =  8.67%( 7.52%)[ 0.0%,  0.0%, 92.5%,  7.5%], RTT = 0.024s, Queue delay = 0.002s, MTU = 1200
 summary  18.0  Transmit rate =  6340kbps, PLR =  0.00%( 0.00%), CE =  9.22%( 7.71%)[ 0.0%,  0.0%, 92.4%,  7.6%], RTT = 0.024s, Queue delay = 0.002s, MTU = 1200
 summary  20.0  Transmit rate =  6265kbps, PLR =  0.00%( 0.00%), CE =  8.67%( 7.44%)[ 0.0%,  0.0%, 92.6%,  7.4%], RTT = 0.024s, Queue delay = 0.002s, MTU = 1200
 summary  22.0  Transmit rate =  6201kbps, PLR =  0.00%( 0.00%), CE =  9.01%( 7.56%)[ 0.0%,  0.0%, 92.5%,  7.5%], RTT = 0.024s, Queue delay = 0.002s, MTU = 1200
 summary  24.0  Transmit rate =  6329kbps, PLR =  0.00%( 0.00%), CE =  7.30%( 7.43%)[ 0.0%,  0.0%, 92.7%,  7.3%], RTT = 0.023s, Queue delay = 0.002s, MTU = 1200
 summary  26.0  Transmit rate =  6396kbps, PLR =  0.00%( 0.00%), CE =  7.94%( 7.46%)[ 0.0%,  0.0%, 92.7%,  7.3%], RTT = 0.023s, Queue delay = 0.002s, MTU = 1200
 summary  28.0  Transmit rate =  6428kbps, PLR =  0.00%( 0.00%), CE =  7.08%( 7.31%)[ 0.0%,  0.0%, 92.8%,  7.2%], RTT = 0.023s, Queue delay = 0.002s, MTU = 1200
 summary  30.0  Transmit rate =  6464kbps, PLR =  0.00%( 0.00%), CE =  7.56%( 7.36%)[ 0.0%,  0.0%, 92.8%,  7.2%], RTT = 0.024s, Queue delay = 0.002s, MTU = 1200
 summary  32.1  Transmit rate =  6505kbps, PLR =  0.00%( 0.00%), CE =  8.19%( 7.33%)[ 0.0%,  0.0%, 92.8%,  7.2%], RTT = 0.023s, Queue delay = 0.002s, MTU = 1200
 summary  34.1  Transmit rate =  6469kbps, PLR =  0.00%( 0.00%), CE =  7.90%( 7.29%)[ 0.0%,  0.0%, 92.8%,  7.2%], RTT = 0.023s, Queue delay = 0.002s, MTU = 1200

======================== Summary ==========================
 Bitrate min/max/avg [kbps]          :  4882/ 7692/ 6298
 RTT     min/max/avg [s]             : 0.023/0.049/0.024
 Queue delay max/avg [s]             : 0.004/0.002
 Packet loss avg [%]                 : 0.000
 ECN/L4S NotECT/ECT(0)/ECT(1)/CE [%] :  0.0/ 0.0/92.9/ 7.1
===========================================================
