socket set to IP_RECVTOS
socket SO_RCVBUF set to 20971520
Listen on port 5520 to receive RTP from sender 
.
.
Packet(s) lost or reordered :   318 was received, previous rcvd is   316 
Packet(s) lost or reordered :   420 was received, previous rcvd is   418 
Packet(s) lost or reordered :   718 was received, previous rcvd is   716 
Packet(s) lost or reordered :   755 was received, previous rcvd is   753 
Packet(s) lost or reordered :  1856 was received, previous rcvd is  1854 
Packet(s) lost or reordered :  2062 was received, previous rcvd is  2060 
Packet(s) lost or reordered :  3224 was received, previous rcvd is  3222 
Packet(s) lost or reordered :  4538 was received, previous rcvd is  4536 
Packet(s) lost or reordered :  5068 was received, previous rcvd is  5066 
Packet(s) lost or reordered :  7049 was received, previous rcvd is  7047 
Packet(s) lost or reordered :  7619 was received, previous rcvd is  7617 
Packet(s) lost or reordered :  8748 was received, previous rcvd is  8746 
Packet(s) lost or reordered : 11514 was received, previous rcvd is 11512 
Packet(s) lost or reordered : 13306 was received, previous rcvd is 13304 
Packet(s) lost or reordered : 16287 was received, previous rcvd is 16285 
Packet(s) lost or reordered : 16990 was received, previous rcvd is 16988 
Packet(s) lost or reordered : 18279 was received, previous rcvd is 18277 
Packet(s) lost or reordered : 18299 was received, previous rcvd is 18297 
.
