Listen on port 5441 to receive RTCP from decoder 
Scream sender started! 
 summary   2.0  Transmit rate =  3864kbps, PLR =  0.00%( 0.00%), CE =  2.52%( 9.42%)[ 0.0%,  0.0%, 90.5%,  9.5%], RTT = 0.036s, Queue delay = 0.001s, MTU = 1200
 summary   4.0  Transmit rate =  4591kbps, PLR =  0.00%( 0.00%), CE =  6.14%( 6.93%)[ 0.0%,  0.0%, 93.1%,  6.9%], RTT = 0.029s, Queue delay = 0.001s, MTU = 1200
 summary   6.0  Transmit rate =  5537kbps, PLR =  0.00%( 0.00%), CE =  9.30%( 7.48%)[ 0.0%,  0.0%, 92.6%,  7.4%], RTT = 0.026s, Queue delay = 0.002s, MTU = 1200
 summary   8.0  Transmit rate =  5829kbps, PLR =  0.00%( 0.00%), CE =  7.61%( 7.41%)[ 0.0%,  0.0%, 92.7%,  7.3%], RTT = 0.025s, Queue delay = 0.002s, MTU = 1200
 summary  10.0  Transmit rate =  6015kbps, PLR =  0.00%( 0.00%), CE =  9.20%( 7.55%)[ 0.0%,  0.0%, 92.6%,  7.4%], RTT = 0.024s, Queue delay = 0.002s, MTU = 1200
 summary  12.0  Transmit rate =  5875kbps, PLR =  0.00%( 0.00%), CE =  8.86%( 7.68%)[ 0.0%,  0.0%, 92.5%,  7.5%], RTT = 0.024s, Queue delay = 0.002s, MTU = 1200
 summary  14.0  Transmit rate =  5656kbps, PLR =  0.00%( 0.00%), CE =  8.83%( 7.63%)[ 0.0%,  0.0%, 92.5%,  7.5%], RTT = 0.023s, Queue delay = 0.002s, MTU = 1200
 summary  16.0  Transmit rate =  5984kbps, PLR =  0.00%( 0.00%), CE =  9.31%( 7.74%)[ 0.0%,  0.0%, 92.4%,  7.6%], RTT = 0.024s, Queue delay = 0.002s, MTU = 1200
 summary  18.0  Transmit rate =  6058kbps, PLR =  0.00%( 0.00%), CE =  8.58%( 7.46%)[ 0.0%,  0.0%, 92.7%,  7.3%], RTT = 0.023s, Queue delay = 0.002s, MTU = 1200
 summary  20.0  Transmit rate =  5904kbps, PLR =  0.00%( 0.00%), CE =  8.68%( 7.71%)[ 0.0%,  0.0%, 92.4%,  7.6%], RTT = 0.023s, Queue delay = 0.002s, MTU = 1200
 summary  22.0  Transmit rate =  6100kbps, PLR =  0.00%( 0.00%), CE =  8.11%( 7.76%)[ 0.0%,  0.0%, 92.4%,  7.6%], RTT = 0.023s, Queue delay = 0.002s, MTU = 1200
 summary  24.0  Transmit rate =  6084kbps, PLR =  0.00%( 0.00%), CE =  8.07%( 7.73%)[ 0.0%,  0.0%, 92.4%,  7.6%], RTT = 0.023s, Queue delay = 0.002s, MTU = 1200
 summary  26.0  Transmit rate =  6186kbps, PLR =  0.00%( 0.00%), CE =  9.20%( 7.64%)[ 0.0%,  0.0%, 92.5%,  7.5%], RTT = 0.023s, Queue delay = 0.002s, MTU = 1200
 summary  28.0  Transmit rate =  6105kbps, PLR =  0.00%( 0.00%), CE =  8.05%( 7.61%)[ 0.0%,  0.0%, 92.6%,  7.4%], RTT = 0.023s, Queue delay = 0.002s, MTU = 1200
 summary  30.0  Transmit rate =  6202kbps, PLR =  0.00%( 0.00%), CE =  7.91%( 7.54%)[ 0.0%,  0.0%, 92.6%,  7.4%], RTT = 0.023s, Queue delay = 0.002s, MTU = 1200
 summary  32.0  Transmit rate =  6133kbps, PLR =  0.00%( 0.00%), CE =  7.57%( 7.59%)[ 0.0%,  0.0%, 92.6%,  7.4%], RTT = 0.023s, Queue delay = 0.002s, MTU = 1200
 summary  34.0  Transmit rate =  6021kbps, PLR =  0.00%( 0.00%), CE =  8.39%( 7.56%)[ 0.0%,  0.0%, 92.6%,  7.4%], RTT = 0.023s, Queue delay = 0.002s, MTU = 1200

======================== Summary ==========================
 Bitrate min/max/avg [kbps]          :  4451/ 7843/ 5961
 RTT     min/max/avg [s]             : 0.023/0.049/0.024
 Queue delay max/avg [s]             : 0.004/0.002
 Packet loss avg [%]                 : 0.000
 ECN/L4S NotECT/ECT(0)/ECT(1)/CE [%] :  0.0/ 0.0/92.6/ 7.4
===========================================================
