Listen on port 5545 to receive RTCP from decoder 
Scream sender started! 
 summary   2.0  Transmit rate =  3745kbps, PLR =  0.00%( 0.00%), CE =  2.60%( 8.08%)[ 0.0%,  0.0%, 91.9%,  8.1%], RTT = 0.036s, Queue delay = 0.001s, MTU = 1200
 summary   4.0  Transmit rate =  4767kbps, PLR =  0.00%( 0.00%), CE =  6.02%( 7.71%)[ 0.0%,  0.0%, 92.3%,  7.7%], RTT = 0.029s, Queue delay = 0.002s, MTU = 1200
 summary   6.0  Transmit rate =  5443kbps, PLR =  0.00%( 0.00%), CE =  8.42%( 7.49%)[ 0.0%,  0.0%, 92.5%,  7.5%], RTT = 0.026s, Queue delay = 0.002s, MTU = 1200
 summary   8.0  Transmit rate =  5722kbps, PLR =  0.00%( 0.00%), CE =  8.44%( 7.23%)[ 0.0%,  0.0%, 92.7%,  7.3%], RTT = 0.025s, Queue delay = 0.002s, MTU = 1200
 summary  10.0  Transmit rate =  5866kbps, PLR =  0.00%( 0.00%), CE =  8.59%( 7.61%)[ 0.0%,  0.0%, 92.5%,  7.5%], RTT = 0.024s, Queue delay = 0.002s, MTU = 1200
 summary  12.0  Transmit rate =  5887kbps, PLR =  0.00%( 0.00%), CE =  7.56%( 7.28%)[ 0.0%,  0.0%, 92.8%,  7.2%], RTT = 0.024s, Queue delay = 0.002s, MTU = 1200
 summary  14.0  Transmit rate =  5874kbps, PLR =  0.00%( 0.00%), CE =  7.78%( 7.50%)[ 0.0%,  0.0%, 92.6%,  7.4%], RTT = 0.023s, Queue delay = 0.002s, MTU = 1200
 summary  16.0  Transmit rate =  5972kbps, PLR =  0.00%( 0.00%), CE =  7.60%( 7.28%)[ 0.0%,  0.0%, 92.7%,  7.3%], RTT = 0.023s, Queue delay = 0.002s, MTU = 1200
 summary  18.0  Transmit rate =  6013kbps, PLR =  0.00%( 0.00%), CE =  8.46%( 7.35%)[ 0.0%,  0.0%, 92.7%,  7.3%], RTT = 0.023s, Queue delay = 0.002s, MTU = 1200
 summary  20.0  Transmit rate =  5936kbps, PLR =  0.00%( 0.00%), CE =  7.47%( 7.11%)[ 0.0%,  0.0%, 93.0%,  7.0%], RTT = 0.023s, Queue delay = 0.002s, MTU = 1200
 summary  22.0  Transmit rate =  6037kbps, PLR =  0.00%( 0.00%), CE =  7.61%( 7.18%)[ 0.0%,  0.0%, 92.9%,  7.1%], RTT = 0.023s, Queue delay = 0.002s, MTU = 1200
 summary  24.0  Transmit rate =  6079kbps, PLR =  0.00%( 0.00%), CE =  7.37%( 7.11%)[ 0.0%,  0.0%, 93.0%,  7.0%], RTT = 0.023s, Queue delay = 0.002s, MTU = 1200
 summary  26.0  Transmit rate =  6184kbps, PLR =  0.00%( 0.00%), CE =  8.44%( 7.26%)[ 0.0%,  0.0%, 92.9%,  7.1%], RTT = 0.023s, Queue delay = 0.002s, MTU = 1200
 summary  28.0  Transmit rate =  5992kbps, PLR =  0.00%( 0.00%), CE =  8.41%( 7.34%)[ 0.0%,  0.0%, 92.8%,  7.2%], RTT = 0.023s, Queue delay = 0.002s, MTU = 1200
 summary  30.0  Transmit rate =  6092kbps, PLR =  0.00%( 0.00%), CE =  8.89%( 7.31%)[ 0.0%,  0.0%, 92.8%,  7.2%], RTT = 0.023s, Queue delay = 0.002s, MTU = 1200
 summary  32.0  Transmit rate =  5986kbps, PLR =  0.00%( 0.00%), CE =  7.78%( 7.31%)[ 0.0%,  0.0%, 92.8%,  7.2%], RTT = 0.023s, Queue delay = 0.002s, MTU = 1200
 summary  34.0  Transmit rate =  5937kbps, PLR =  0.00%( 0.00%), CE =  8.38%( 7.30%)[ 0.0%,  0.0%, 92.8%,  7.2%], RTT = 0.023s, Queue delay = 0.002s, MTU = 1200

======================== Summary ==========================
 Bitrate min/max/avg [kbps]          :  4916/ 7514/ 5926
 RTT     min/max/avg [s]             : 0.023/0.049/0.024
 Queue delay max/avg [s]             : 0.004/0.002
 Packet loss avg [%]                 : 0.000
 ECN/L4S NotECT/ECT(0)/ECT(1)/CE [%] :  0.0/ 0.0/92.8/ 7.2
===========================================================
