Listen on port 5415 to receive RTCP from decoder 
Scream sender started! 
 summary   2.0  Transmit rate =  3724kbps, PLR =  0.00%( 0.00%), CE =  2.34%( 8.52%)[ 0.0%,  0.0%, 91.2%,  8.8%], RTT = 0.036s, Queue delay = 0.001s, MTU = 1200
 summary   4.0  Transmit rate =  4328kbps, PLR =  0.00%( 0.00%), CE =  6.50%( 7.90%)[ 0.0%,  0.0%, 91.9%,  8.1%], RTT = 0.029s, Queue delay = 0.001s, MTU = 1200
 summary   6.0  Transmit rate =  4939kbps, PLR =  0.00%( 0.00%), CE =  9.44%( 7.67%)[ 0.0%,  0.0%, 92.2%,  7.8%], RTT = 0.026s, Queue delay = 0.001s, MTU = 1200
 summary   8.0  Transmit rate =  5406kbps, PLR =  0.00%( 0.00%), CE =  7.07%( 7.07%)[ 0.0%,  0.0%, 92.9%,  7.1%], RTT = 0.024s, Queue delay = 0.002s, MTU = 1200
 summary  10.0  Transmit rate =  5762kbps, PLR =  0.00%( 0.00%), CE =  7.63%( 7.23%)[ 0.0%,  0.0%, 92.8%,  7.2%], RTT = 0.024s, Queue delay = 0.002s, MTU = 1200
 summary  12.0  Transmit rate =  6128kbps, PLR =  0.00%( 0.00%), CE =  8.15%( 7.57%)[ 0.0%,  0.0%, 92.5%,  7.5%], RTT = 0.024s, Queue delay = 0.002s, MTU = 1200
 summary  14.0  Transmit rate =  6213kbps, PLR =  0.00%( 0.00%), CE =  8.89%( 7.44%)[ 0.0%,  0.0%, 92.6%,  7.4%], RTT = 0.024s, Queue delay = 0.002s, MTU = 1200
 summary  16.0  Transmit rate =  6311kbps, PLR =  0.00%( 0.00%), CE =  8.63%( 7.53%)[ 0.0%,  0.0%, 92.5%,  7.5%], RTT = 0.024s, Queue delay = 0.002s, MTU = 1200
 summary  18.0  Transmit rate =  6304kbps, PLR =  0.00%( 0.00%), CE =  7.93%( 7.53%)[ 0.0%,  0.0%, 92.5%,  7.5%], RTT = 0.023s, Queue delay = 0.002s, MTU = 1200
 summary  20.0  Transmit rate =  6326kbps, PLR =  0.00%( 0.00%), CE =  8.94%( 7.63%)[ 0.0%,  0.0%, 92.5%,  7.5%], RTT = 0.024s, Queue delay = 0.002s, MTU = 1200
 summary  22.0  Transmit rate =  6370kbps, PLR =  0.00%( 0.00%), CE =  8.31%( 7.54%)[ 0.0%,  0.0%, 92.6%,  7.4%], RTT = 0.023s, Queue delay = 0.002s, MTU = 1200
 summary  24.0  Transmit rate =  6399kbps, PLR =  0.00%( 0.00%), CE =  8.04%( 7.40%)[ 0.0%,  0.0%, 92.7%,  7.3%], RTT = 0.024s, Queue delay = 0.002s, MTU = 1200
 summary  26.0  Transmit rate =  6234kbps, PLR =  0.00%( 0.00%), CE =  6.94%( 7.33%)[ 0.0%,  0.0%, 92.8%,  7.2%], RTT = 0.024s, Queue delay = 0.002s, MTU = 1200
 summary  28.0  Transmit rate =  6257kbps, PLR =  0.00%( 0.00%), CE =  7.76%( 7.32%)[ 0.0%,  0.0%, 92.8%,  7.2%], RTT = 0.024s, Queue delay = 0.002s, MTU = 1200
 summary  30.0  Transmit rate =  6367kbps, PLR =  0.00%( 0.00%), CE =  7.90%( 7.28%)[ 0.0%,  0.0%, 92.8%,  7.2%], RTT = 0.023s, Queue delay = 0.002s, MTU = 1200
 summary  32.0  Transmit rate =  6344kbps, PLR =  0.00%( 0.00%), CE =  8.44%( 7.31%)[ 0.0%,  0.0%, 92.8%,  7.2%], RTT = 0.023s, Queue delay = 0.002s, MTU = 1200
 summary  34.0  Transmit rate =  6404kbps, PLR =  0.00%( 0.00%), CE =  7.59%( 7.17%)[ 0.0%,  0.0%, 92.9%,  7.1%], RTT = 0.023s, Queue delay = 0.002s, MTU = 1200

======================== Summary ==========================
 Bitrate min/max/avg [kbps]          :  4536/ 7600/ 6079
 RTT     min/max/avg [s]             : 0.023/0.049/0.024
 Queue delay max/avg [s]             : 0.004/0.002
 Packet loss avg [%]                 : 0.000
 ECN/L4S NotECT/ECT(0)/ECT(1)/CE [%] :  0.0/ 0.0/93.0/ 7.0
===========================================================
