Listen on port 5511 to receive RTCP from decoder 
Scream sender started! 
 summary   2.0  Transmit rate =  3813kbps, PLR =  0.00%( 0.00%), CE =  2.74%( 8.35%)[ 0.0%,  0.0%, 91.2%,  8.8%], RTT = 0.036s, Queue delay = 0.001s, MTU = 1200
 summary   4.0  Transmit rate =  4966kbps, PLR =  0.00%( 0.00%), CE =  5.06%( 7.23%)[ 0.0%,  0.0%, 92.7%,  7.3%], RTT = 0.029s, Queue delay = 0.002s, MTU = 1200
 summary   6.0  Transmit rate =  5482kbps, PLR =  0.00%( 0.00%), CE =  7.46%( 6.74%)[ 0.0%,  0.0%, 93.3%,  6.7%], RTT = 0.026s, Queue delay = 0.002s, MTU = 1200
 summary   8.0  Transmit rate =  5753kbps, PLR =  0.00%( 0.00%), CE =  7.65%( 7.04%)[ 0.0%,  0.0%, 92.9%,  7.1%], RTT = 0.025s, Queue delay = 0.002s, MTU = 1200
 summary  10.0  Transmit rate =  5961kbps, PLR =  0.00%( 0.00%), CE =  7.96%( 6.99%)[ 0.0%,  0.0%, 93.1%,  6.9%], RTT = 0.024s, Queue delay = 0.002s, MTU = 1200
 summary  12.0  Transmit rate =  5899kbps, PLR =  0.00%( 0.00%), CE =  8.12%( 6.96%)[ 0.0%,  0.0%, 93.1%,  6.9%], RTT = 0.024s, Queue delay = 0.002s, MTU = 1200
 summary  14.0  Transmit rate =  5902kbps, PLR =  0.00%( 0.00%), CE =  7.70%( 6.98%)[ 0.0%,  0.0%, 93.1%,  6.9%], RTT = 0.024s, Queue delay = 0.002s, MTU = 1200
 summary  16.0  Transmit rate =  5954kbps, PLR =  0.00%( 0.00%), CE =  6.98%( 6.92%)[ 0.0%,  0.0%, 93.2%,  6.8%], RTT = 0.024s, Queue delay = 0.002s, MTU = 1200
 summary  18.0  Transmit rate =  5991kbps, PLR =  0.00%( 0.00%), CE =  8.73%( 7.15%)[ 0.0%,  0.0%, 93.0%,  7.0%], RTT = 0.024s, Queue delay = 0.002s, MTU = 1200
 summary  20.0  Transmit rate =  6099kbps, PLR =  0.00%( 0.00%), CE =  9.15%( 7.25%)[ 0.0%,  0.0%, 92.9%,  7.1%], RTT = 0.024s, Queue delay = 0.002s, MTU = 1200
 summary  22.0  Transmit rate =  6034kbps, PLR =  0.00%( 0.00%), CE =  8.93%( 7.19%)[ 0.0%,  0.0%, 92.9%,  7.1%], RTT = 0.023s, Queue delay = 0.002s, MTU = 1200
 summary  24.0  Transmit rate =  5975kbps, PLR =  0.00%( 0.00%), CE =  9.13%( 7.27%)[ 0.0%,  0.0%, 92.8%,  7.2%], RTT = 0.023s, Queue delay = 0.002s, MTU = 1200
 summary  26.0  Transmit rate =  5963kbps, PLR =  0.00%( 0.00%), CE =  7.86%( 7.17%)[ 0.0%,  0.0%, 92.9%,  7.1%], RTT = 0.024s, Queue delay = 0.002s, MTU = 1200
 summary  28.0  Transmit rate =  6085kbps, PLR =  0.00%( 0.00%), CE =  8.40%( 7.28%)[ 0.0%,  0.0%, 92.8%,  7.2%], RTT = 0.024s, Queue delay = 0.002s, MTU = 1200
 summary  30.0  Transmit rate =  6071kbps, PLR =  0.00%( 0.00%), CE =  7.65%( 7.19%)[ 0.0%,  0.0%, 92.9%,  7.1%], RTT = 0.024s, Queue delay = 0.002s, MTU = 1200
 summary  32.0  Transmit rate =  6043kbps, PLR =  0.00%( 0.00%), CE =  7.47%( 7.14%)[ 0.0%,  0.0%, 93.0%,  7.0%], RTT = 0.024s, Queue delay = 0.002s, MTU = 1200
 summary  34.0  Transmit rate =  6166kbps, PLR =  0.00%( 0.00%), CE =  7.53%( 7.19%)[ 0.0%,  0.0%, 92.9%,  7.1%], RTT = 0.024s, Queue delay = 0.002s, MTU = 1200

======================== Summary ==========================
 Bitrate min/max/avg [kbps]          :  4818/ 7410/ 5974
 RTT     min/max/avg [s]             : 0.023/0.049/0.024
 Queue delay max/avg [s]             : 0.005/0.002
 Packet loss avg [%]                 : 0.000
 ECN/L4S NotECT/ECT(0)/ECT(1)/CE [%] :  0.0/ 0.0/93.0/ 7.0
===========================================================
