Listen on port 5429 to receive RTCP from decoder 
Scream sender started! 
 summary   2.0  Transmit rate =  3484kbps, PLR =  0.00%( 0.00%), CE =  2.97%( 8.16%)[ 0.0%,  0.0%, 91.7%,  8.3%], RTT = 0.036s, Queue delay = 0.001s, MTU = 1200
 summary   4.0  Transmit rate =  4573kbps, PLR =  0.00%( 0.00%), CE =  6.54%( 8.87%)[ 0.0%,  0.0%, 91.0%,  9.0%], RTT = 0.029s, Queue delay = 0.001s, MTU = 1200
 summary   6.0  Transmit rate =  5233kbps, PLR =  0.00%( 0.00%), CE =  9.42%( 7.75%)[ 0.0%,  0.0%, 92.2%,  7.8%], RTT = 0.026s, Queue delay = 0.002s, MTU = 1200
 summary   8.0  Transmit rate =  5726kbps, PLR =  0.00%( 0.00%), CE =  9.69%( 8.12%)[ 0.0%,  0.0%, 91.9%,  8.1%], RTT = 0.024s, Queue delay = 0.002s, MTU = 1200
 summary  10.0  Transmit rate =  5826kbps, PLR =  0.00%( 0.00%), CE =  9.51%( 8.40%)[ 0.0%,  0.0%, 91.7%,  8.3%], RTT = 0.024s, Queue delay = 0.002s, MTU = 1200
 summary  12.0  Transmit rate =  5896kbps, PLR =  0.00%( 0.00%), CE =  9.09%( 8.06%)[ 0.0%,  0.0%, 92.0%,  8.0%], RTT = 0.024s, Queue delay = 0.002s, MTU = 1200
 summary  14.0  Transmit rate =  6063kbps, PLR =  0.00%( 0.00%), CE =  8.17%( 7.94%)[ 0.0%,  0.0%, 92.1%,  7.9%], RTT = 0.024s, Queue delay = 0.002s, MTU = 1200
 summary  16.0  Transmit rate =  6130kbps, PLR =  0.00%( 0.00%), CE =  7.45%( 7.91%)[ 0.0%,  0.0%, 92.2%,  7.8%], RTT = 0.023s, Queue delay = 0.002s, MTU = 1200
 summary  18.0  Transmit rate =  6167kbps, PLR =  0.00%( 0.00%), CE =  8.24%( 7.63%)[ 0.0%,  0.0%, 92.5%,  7.5%], RTT = 0.023s, Queue delay = 0.002s, MTU = 1200
 summary  20.0  Transmit rate =  5989kbps, PLR =  0.00%( 0.00%), CE =  7.53%( 7.56%)[ 0.0%,  0.0%, 92.5%,  7.5%], RTT = 0.023s, Queue delay = 0.002s, MTU = 1200
 summary  22.0  Transmit rate =  5857kbps, PLR =  0.00%( 0.00%), CE =  7.43%( 7.52%)[ 0.0%,  0.0%, 92.6%,  7.4%], RTT = 0.024s, Queue delay = 0.002s, MTU = 1200
 summary  24.0  Transmit rate =  6054kbps, PLR =  0.00%( 0.00%), CE =  7.41%( 7.55%)[ 0.0%,  0.0%, 92.6%,  7.4%], RTT = 0.024s, Queue delay = 0.002s, MTU = 1200
 summary  26.0  Transmit rate =  6028kbps, PLR =  0.00%( 0.00%), CE =  7.43%( 7.39%)[ 0.0%,  0.0%, 92.7%,  7.3%], RTT = 0.023s, Queue delay = 0.002s, MTU = 1200
 summary  28.0  Transmit rate =  6036kbps, PLR =  0.00%( 0.00%), CE =  7.47%( 7.25%)[ 0.0%,  0.0%, 92.9%,  7.1%], RTT = 0.024s, Queue delay = 0.002s, MTU = 1200
 summary  30.0  Transmit rate =  6113kbps, PLR =  0.00%( 0.00%), CE =  7.11%( 7.31%)[ 0.0%,  0.0%, 92.8%,  7.2%], RTT = 0.024s, Queue delay = 0.002s, MTU = 1200
 summary  32.0  Transmit rate =  6164kbps, PLR =  0.00%( 0.00%), CE =  8.30%( 7.31%)[ 0.0%,  0.0%, 92.8%,  7.2%], RTT = 0.024s, Queue delay = 0.002s, MTU = 1200
 summary  34.0  Transmit rate =  6186kbps, PLR =  0.00%( 0.00%), CE =  8.70%( 7.30%)[ 0.0%,  0.0%, 92.8%,  7.2%], RTT = 0.024s, Queue delay = 0.002s, MTU = 1200

======================== Summary ==========================
 Bitrate min/max/avg [kbps]          :     0/ 7331/ 5859
 RTT     min/max/avg [s]             : 0.023/0.049/0.024
 Queue delay max/avg [s]             : 0.004/0.002
 Packet loss avg [%]                 : 0.000
 ECN/L4S NotECT/ECT(0)/ECT(1)/CE [%] :  0.0/ 0.0/92.9/ 7.1
===========================================================
