socket set to IP_RECVTOS
socket SO_RCVBUF set to 20971520
Listen on port 5364 to receive RTP from sender 
.
.
Packet(s) lost or reordered :   638 was received, previous rcvd is   636 
Packet(s) lost or reordered :  1072 was received, previous rcvd is  1070 
Packet(s) lost or reordered :  1413 was received, previous rcvd is  1411 
Packet(s) lost or reordered :  4008 was received, previous rcvd is  4006 
Packet(s) lost or reordered :  4248 was received, previous rcvd is  4246 
Packet(s) lost or reordered :  6688 was received, previous rcvd is  6686 
Packet(s) lost or reordered :  6982 was received, previous rcvd is  6980 
Packet(s) lost or reordered :  7028 was received, previous rcvd is  7026 
Packet(s) lost or reordered :  8678 was received, previous rcvd is  8676 
Packet(s) lost or reordered :  8797 was received, previous rcvd is  8795 
Packet(s) lost or reordered : 12154 was received, previous rcvd is 12152 
Packet(s) lost or reordered : 14372 was received, previous rcvd is 14370 
Packet(s) lost or reordered : 14832 was received, previous rcvd is 14830 
Packet(s) lost or reordered : 15095 was received, previous rcvd is 15093 
Packet(s) lost or reordered : 15469 was received, previous rcvd is 15467 
Packet(s) lost or reordered : 17707 was received, previous rcvd is 17705 
Packet(s) lost or reordered : 17742 was received, previous rcvd is 17740 
Packet(s) lost or reordered : 18104 was received, previous rcvd is 18102 
Packet(s) lost or reordered : 18255 was received, previous rcvd is 18253 
.
