socket set to IP_RECVTOS
socket SO_RCVBUF set to 20971520
Listen on port 5420 to receive RTP from sender 
.
.
Packet(s) lost or reordered :   685 was received, previous rcvd is   683 
Packet(s) lost or reordered :   916 was received, previous rcvd is   914 
Packet(s) lost or reordered :   945 was received, previous rcvd is   943 
Packet(s) lost or reordered :   995 was received, previous rcvd is   993 
Packet(s) lost or reordered :  1008 was received, previous rcvd is  1006 
Packet(s) lost or reordered :  2540 was received, previous rcvd is  2538 
Packet(s) lost or reordered :  4019 was received, previous rcvd is  4017 
Packet(s) lost or reordered :  4049 was received, previous rcvd is  4047 
Packet(s) lost or reordered :  7985 was received, previous rcvd is  7983 
Packet(s) lost or reordered :  8229 was received, previous rcvd is  8227 
Packet(s) lost or reordered :  8285 was received, previous rcvd is  8283 
Packet(s) lost or reordered : 10901 was received, previous rcvd is 10899 
Packet(s) lost or reordered : 11164 was received, previous rcvd is 11162 
Packet(s) lost or reordered : 12003 was received, previous rcvd is 12001 
Packet(s) lost or reordered : 12413 was received, previous rcvd is 12411 
Packet(s) lost or reordered : 13642 was received, previous rcvd is 13640 
Packet(s) lost or reordered : 13899 was received, previous rcvd is 13897 
Packet(s) lost or reordered : 16456 was received, previous rcvd is 16454 
Packet(s) lost or reordered : 17862 was received, previous rcvd is 17860 
Packet(s) lost or reordered : 18342 was received, previous rcvd is 18340 
.
