Listen on port 5487 to receive RTCP from decoder 
Scream sender started! 
 summary   2.0  Transmit rate =  3609kbps, PLR =  0.00%( 0.00%), CE =  2.44%( 8.98%)[ 0.0%,  0.0%, 90.8%,  9.2%], RTT = 0.036s, Queue delay = 0.001s, MTU = 1200
 summary   4.0  Transmit rate =  4452kbps, PLR =  0.00%( 0.00%), CE =  6.92%( 8.65%)[ 0.0%,  0.0%, 91.4%,  8.6%], RTT = 0.029s, Queue delay = 0.001s, MTU = 1200
 summary   6.0  Transmit rate =  5359kbps, PLR =  0.00%( 0.00%), CE =  9.90%( 7.87%)[ 0.0%,  0.0%, 92.2%,  7.8%], RTT = 0.026s, Queue delay = 0.001s, MTU = 1200
 summary   8.0  Transmit rate =  5691kbps, PLR =  0.00%( 0.00%), CE =  7.02%( 7.70%)[ 0.0%,  0.0%, 92.3%,  7.7%], RTT = 0.025s, Queue delay = 0.002s, MTU = 1200
 summary  10.0  Transmit rate =  5908kbps, PLR =  0.00%( 0.00%), CE =  7.76%( 7.88%)[ 0.0%,  0.0%, 92.3%,  7.7%], RTT = 0.024s, Queue delay = 0.002s, MTU = 1200
 summary  12.0  Transmit rate =  6031kbps, PLR =  0.00%( 0.00%), CE =  8.67%( 7.94%)[ 0.0%,  0.0%, 92.2%,  7.8%], RTT = 0.024s, Queue delay = 0.002s, MTU = 1200
 summary  14.0  Transmit rate =  6116kbps, PLR =  0.00%( 0.00%), CE =  8.56%( 8.04%)[ 0.0%,  0.0%, 92.1%,  7.9%], RTT = 0.024s, Queue delay = 0.002s, MTU = 1200
 summary  16.0  Transmit rate =  5993kbps, PLR =  0.00%( 0.00%), CE =  7.79%( 7.68%)[ 0.0%,  0.0%, 92.4%,  7.6%], RTT = 0.023s, Queue delay = 0.002s, MTU = 1200
 summary  18.0  Transmit rate =  5872kbps, PLR =  0.00%( 0.00%), CE =  8.05%( 7.64%)[ 0.0%,  0.0%, 92.5%,  7.5%], RTT = 0.023s, Queue delay = 0.002s, MTU = 1200
 summary  20.0  Transmit rate =  5804kbps, PLR =  0.00%( 0.00%), CE =  8.51%( 7.87%)[ 0.0%,  0.0%, 92.3%,  7.7%], RTT = 0.023s, Queue delay = 0.002s, MTU = 1200
 summary  22.0  Transmit rate =  5759kbps, PLR =  0.00%( 0.00%), CE =  7.73%( 7.55%)[ 0.0%,  0.0%, 92.6%,  7.4%], RTT = 0.023s, Queue delay = 0.002s, MTU = 1200
 summary  24.0  Transmit rate =  5889kbps, PLR =  0.00%( 0.00%), CE =  8.09%( 7.61%)[ 0.0%,  0.0%, 92.5%,  7.5%], RTT = 0.023s, Queue delay = 0.002s, MTU = 1200
 summary  26.0  Transmit rate =  5835kbps, PLR =  0.00%( 0.00%), CE =  7.89%( 7.62%)[ 0.0%,  0.0%, 92.5%,  7.5%], RTT = 0.023s, Queue delay = 0.002s, MTU = 1200
 summary  28.1  Transmit rate =  5570kbps, PLR =  0.00%( 0.00%), CE =  9.84%( 7.76%)[ 0.0%,  0.0%, 92.4%,  7.6%], RTT = 0.023s, Queue delay = 0.002s, MTU = 1200
 summary  30.1  Transmit rate =  5762kbps, PLR =  0.00%( 0.00%), CE =  9.53%( 7.67%)[ 0.0%,  0.0%, 92.5%,  7.5%], RTT = 0.023s, Queue delay = 0.002s, MTU = 1200
 summary  32.1  Transmit rate =  5838kbps, PLR =  0.00%( 0.00%), CE =  9.87%( 7.83%)[ 0.0%,  0.0%, 92.3%,  7.7%], RTT = 0.023s, Queue delay = 0.002s, MTU = 1200
 summary  34.1  Transmit rate =  5597kbps, PLR =  0.00%( 0.00%), CE =  9.52%( 7.77%)[ 0.0%,  0.0%, 92.3%,  7.7%], RTT = 0.023s, Queue delay = 0.002s, MTU = 1200

======================== Summary ==========================
 Bitrate min/max/avg [kbps]          :  4529/ 7243/ 5740
 RTT     min/max/avg [s]             : 0.023/0.049/0.023
 Queue delay max/avg [s]             : 0.004/0.002
 Packet loss avg [%]                 : 0.000
 ECN/L4S NotECT/ECT(0)/ECT(1)/CE [%] :  0.0/ 0.0/92.4/ 7.6
===========================================================
