Listen on port 5527 to receive RTCP from decoder 
Scream sender started! 
 summary   2.0  Transmit rate =  3960kbps, PLR =  0.00%( 0.00%), CE =  2.31%( 7.85%)[ 0.0%,  0.0%, 92.1%,  7.9%], RTT = 0.036s, Queue delay = 0.001s, MTU = 1200
 summary   4.0  Transmit rate =  5068kbps, PLR =  0.00%( 0.00%), CE =  6.02%( 7.75%)[ 0.0%,  0.0%, 92.4%,  7.6%], RTT = 0.029s, Queue delay = 0.002s, MTU = 1200
 summary   6.0  Transmit rate =  5412kbps, PLR =  0.00%( 0.00%), CE =  9.13%( 8.23%)[ 0.0%,  0.0%, 91.8%,  8.2%], RTT = 0.026s, Queue delay = 0.001s, MTU = 1200
 summary   8.0  Transmit rate =  5682kbps, PLR =  0.00%( 0.00%), CE =  9.12%( 7.79%)[ 0.0%,  0.0%, 92.4%,  7.6%], RTT = 0.025s, Queue delay = 0.002s, MTU = 1200
 summary  10.0  Transmit rate =  5893kbps, PLR =  0.00%( 0.00%), CE =  8.24%( 7.67%)[ 0.0%,  0.0%, 92.4%,  7.6%], RTT = 0.024s, Queue delay = 0.002s, MTU = 1200
 summary  12.0  Transmit rate =  5943kbps, PLR =  0.00%( 0.00%), CE =  7.92%( 7.50%)[ 0.0%,  0.0%, 92.6%,  7.4%], RTT = 0.024s, Queue delay = 0.002s, MTU = 1200
 summary  14.0  Transmit rate =  6055kbps, PLR =  0.00%( 0.00%), CE =  7.45%( 7.32%)[ 0.0%,  0.0%, 92.7%,  7.3%], RTT = 0.024s, Queue delay = 0.002s, MTU = 1200
 summary  16.0  Transmit rate =  6067kbps, PLR =  0.00%( 0.00%), CE =  8.13%( 7.56%)[ 0.0%,  0.0%, 92.6%,  7.4%], RTT = 0.024s, Queue delay = 0.002s, MTU = 1200
 summary  18.0  Transmit rate =  6107kbps, PLR =  0.00%( 0.00%), CE =  9.22%( 7.59%)[ 0.0%,  0.0%, 92.6%,  7.4%], RTT = 0.024s, Queue delay = 0.002s, MTU = 1200
 summary  20.0  Transmit rate =  6198kbps, PLR =  0.00%( 0.00%), CE =  8.81%( 7.70%)[ 0.0%,  0.0%, 92.4%,  7.6%], RTT = 0.024s, Queue delay = 0.002s, MTU = 1200
 summary  22.0  Transmit rate =  6230kbps, PLR =  0.00%( 0.00%), CE =  8.92%( 7.71%)[ 0.0%,  0.0%, 92.4%,  7.6%], RTT = 0.024s, Queue delay = 0.002s, MTU = 1200
 summary  24.0  Transmit rate =  6275kbps, PLR =  0.00%( 0.00%), CE =  8.07%( 7.52%)[ 0.0%,  0.0%, 92.6%,  7.4%], RTT = 0.024s, Queue delay = 0.002s, MTU = 1200
 summary  26.0  Transmit rate =  6183kbps, PLR =  0.00%( 0.00%), CE =  7.49%( 7.55%)[ 0.0%,  0.0%, 92.6%,  7.4%], RTT = 0.024s, Queue delay = 0.002s, MTU = 1200
 summary  28.0  Transmit rate =  6141kbps, PLR =  0.00%( 0.00%), CE =  8.38%( 7.58%)[ 0.0%,  0.0%, 92.6%,  7.4%], RTT = 0.024s, Queue delay = 0.002s, MTU = 1200
 summary  30.0  Transmit rate =  6093kbps, PLR =  0.00%( 0.00%), CE =  8.52%( 7.59%)[ 0.0%,  0.0%, 92.5%,  7.5%], RTT = 0.024s, Queue delay = 0.002s, MTU = 1200
 summary  32.0  Transmit rate =  5977kbps, PLR =  0.00%( 0.00%), CE =  9.22%( 7.67%)[ 0.0%,  0.0%, 92.4%,  7.6%], RTT = 0.023s, Queue delay = 0.002s, MTU = 1200
 summary  34.1  Transmit rate =  6106kbps, PLR =  0.00%( 0.00%), CE =  8.68%( 7.64%)[ 0.0%,  0.0%, 92.5%,  7.5%], RTT = 0.023s, Queue delay = 0.002s, MTU = 1200

======================== Summary ==========================
 Bitrate min/max/avg [kbps]          :  4714/ 7527/ 6033
 RTT     min/max/avg [s]             : 0.023/0.049/0.024
 Queue delay max/avg [s]             : 0.004/0.002
 Packet loss avg [%]                 : 0.000
 ECN/L4S NotECT/ECT(0)/ECT(1)/CE [%] :  0.0/ 0.0/92.5/ 7.5
===========================================================
