socket set to IP_RECVTOS
socket SO_RCVBUF set to 20971520
Listen on port 5374 to receive RTP from sender 
.
.
Packet(s) lost or reordered :   518 was received, previous rcvd is   516 
Packet(s) lost or reordered :   632 was received, previous rcvd is   630 
Packet(s) lost or reordered :  1569 was received, previous rcvd is  1567 
Packet(s) lost or reordered :  3618 was received, previous rcvd is  3616 
Packet(s) lost or reordered :  3781 was received, previous rcvd is  3779 
Packet(s) lost or reordered :  5597 was received, previous rcvd is  5595 
Packet(s) lost or reordered :  5890 was received, previous rcvd is  5888 
Packet(s) lost or reordered :  6033 was received, previous rcvd is  6031 
Packet(s) lost or reordered :  8611 was received, previous rcvd is  8609 
Packet(s) lost or reordered :  8696 was received, previous rcvd is  8694 
Packet(s) lost or reordered :  9075 was received, previous rcvd is  9073 
Packet(s) lost or reordered :  9096 was received, previous rcvd is  9094 
Packet(s) lost or reordered : 11288 was received, previous rcvd is 11286 
Packet(s) lost or reordered : 11580 was received, previous rcvd is 11578 
Packet(s) lost or reordered : 14516 was received, previous rcvd is 14514 
Packet(s) lost or reordered : 14814 was received, previous rcvd is 14812 
Packet(s) lost or reordered : 15730 was received, previous rcvd is 15728 
Packet(s) lost or reordered : 18105 was received, previous rcvd is 18103 
Packet(s) lost or reordered : 18161 was received, previous rcvd is 18159 
Packet(s) lost or reordered : 18305 was received, previous rcvd is 18303 
.
