Listen on port 5541 to receive RTCP from decoder 
Scream sender started! 
 summary   2.0  Transmit rate =  3728kbps, PLR =  0.00%( 0.00%), CE =  3.34%(10.65%)[ 0.0%,  0.0%, 89.5%, 10.5%], RTT = 0.036s, Queue delay = 0.001s, MTU = 1200
 summary   4.0  Transmit rate =  4891kbps, PLR =  0.00%( 0.00%), CE =  5.91%( 8.29%)[ 0.0%,  0.0%, 91.8%,  8.2%], RTT = 0.029s, Queue delay = 0.002s, MTU = 1200
 summary   6.0  Transmit rate =  5376kbps, PLR =  0.00%( 0.00%), CE =  8.79%( 8.06%)[ 0.0%,  0.0%, 91.9%,  8.1%], RTT = 0.026s, Queue delay = 0.002s, MTU = 1200
 summary   8.0  Transmit rate =  5805kbps, PLR =  0.00%( 0.00%), CE =  8.34%( 7.85%)[ 0.0%,  0.0%, 92.2%,  7.8%], RTT = 0.025s, Queue delay = 0.002s, MTU = 1200
 summary  10.0  Transmit rate =  5990kbps, PLR =  0.00%( 0.00%), CE =  8.02%( 7.69%)[ 0.0%,  0.0%, 92.4%,  7.6%], RTT = 0.024s, Queue delay = 0.002s, MTU = 1200
 summary  12.0  Transmit rate =  6040kbps, PLR =  0.00%( 0.00%), CE =  8.19%( 7.55%)[ 0.0%,  0.0%, 92.5%,  7.5%], RTT = 0.024s, Queue delay = 0.002s, MTU = 1200
 summary  14.0  Transmit rate =  6069kbps, PLR =  0.00%( 0.00%), CE =  8.81%( 7.81%)[ 0.0%,  0.0%, 92.2%,  7.8%], RTT = 0.024s, Queue delay = 0.002s, MTU = 1200
 summary  16.0  Transmit rate =  6021kbps, PLR =  0.00%( 0.00%), CE =  9.07%( 7.74%)[ 0.0%,  0.0%, 92.3%,  7.7%], RTT = 0.023s, Queue delay = 0.002s, MTU = 1200
 summary  18.0  Transmit rate =  5956kbps, PLR =  0.00%( 0.00%), CE =  9.03%( 7.74%)[ 0.0%,  0.0%, 92.3%,  7.7%], RTT = 0.023s, Queue delay = 0.002s, MTU = 1200
 summary  20.0  Transmit rate =  5926kbps, PLR =  0.00%( 0.00%), CE =  9.19%( 7.88%)[ 0.0%,  0.0%, 92.2%,  7.8%], RTT = 0.023s, Queue delay = 0.002s, MTU = 1200
 summary  22.0  Transmit rate =  6001kbps, PLR =  0.00%( 0.00%), CE =  8.67%( 7.75%)[ 0.0%,  0.0%, 92.3%,  7.7%], RTT = 0.023s, Queue delay = 0.002s, MTU = 1200
 summary  24.0  Transmit rate =  6028kbps, PLR =  0.00%( 0.00%), CE =  8.39%( 7.66%)[ 0.0%,  0.0%, 92.4%,  7.6%], RTT = 0.023s, Queue delay = 0.002s, MTU = 1200
 summary  26.0  Transmit rate =  6020kbps, PLR =  0.00%( 0.00%), CE =  8.28%( 7.70%)[ 0.0%,  0.0%, 92.4%,  7.6%], RTT = 0.023s, Queue delay = 0.002s, MTU = 1200
 summary  28.0  Transmit rate =  6069kbps, PLR =  0.00%( 0.00%), CE =  7.76%( 7.64%)[ 0.0%,  0.0%, 92.5%,  7.5%], RTT = 0.023s, Queue delay = 0.002s, MTU = 1200
 summary  30.0  Transmit rate =  6081kbps, PLR =  0.00%( 0.00%), CE =  8.90%( 7.67%)[ 0.0%,  0.0%, 92.4%,  7.6%], RTT = 0.023s, Queue delay = 0.002s, MTU = 1200
 summary  32.0  Transmit rate =  5944kbps, PLR =  0.00%( 0.00%), CE =  9.05%( 7.68%)[ 0.0%,  0.0%, 92.4%,  7.6%], RTT = 0.023s, Queue delay = 0.002s, MTU = 1200
 summary  34.0  Transmit rate =  6008kbps, PLR =  0.00%( 0.00%), CE =  9.89%( 7.75%)[ 0.0%,  0.0%, 92.4%,  7.6%], RTT = 0.023s, Queue delay = 0.002s, MTU = 1200

======================== Summary ==========================
 Bitrate min/max/avg [kbps]          :  4941/ 7300/ 5952
 RTT     min/max/avg [s]             : 0.023/0.049/0.024
 Queue delay max/avg [s]             : 0.004/0.002
 Packet loss avg [%]                 : 0.000
 ECN/L4S NotECT/ECT(0)/ECT(1)/CE [%] :  0.0/ 0.0/92.4/ 7.6
===========================================================
