Listen on port 5445 to receive RTCP from decoder 
Scream sender started! 
 summary   2.0  Transmit rate =  3709kbps, PLR =  0.00%( 0.00%), CE =  2.69%( 8.44%)[ 0.0%,  0.0%, 91.5%,  8.5%], RTT = 0.036s, Queue delay = 0.001s, MTU = 1200
 summary   4.0  Transmit rate =  4697kbps, PLR =  0.00%( 0.00%), CE =  5.87%( 7.78%)[ 0.0%,  0.0%, 92.1%,  7.9%], RTT = 0.029s, Queue delay = 0.001s, MTU = 1200
 summary   6.0  Transmit rate =  5203kbps, PLR =  0.00%( 0.00%), CE =  9.44%( 7.72%)[ 0.0%,  0.0%, 92.2%,  7.8%], RTT = 0.026s, Queue delay = 0.001s, MTU = 1200
 summary   8.0  Transmit rate =  5495kbps, PLR =  0.00%( 0.00%), CE =  8.11%( 7.67%)[ 0.0%,  0.0%, 92.1%,  7.9%], RTT = 0.024s, Queue delay = 0.002s, MTU = 1200
 summary  10.0  Transmit rate =  5836kbps, PLR =  0.00%( 0.00%), CE =  7.48%( 7.13%)[ 0.0%,  0.0%, 92.8%,  7.2%], RTT = 0.024s, Queue delay = 0.002s, MTU = 1200
 summary  12.0  Transmit rate =  5881kbps, PLR =  0.00%( 0.00%), CE =  8.54%( 7.53%)[ 0.0%,  0.0%, 92.5%,  7.5%], RTT = 0.024s, Queue delay = 0.002s, MTU = 1200
 summary  14.0  Transmit rate =  5786kbps, PLR =  0.00%( 0.00%), CE =  7.78%( 7.41%)[ 0.0%,  0.0%, 92.6%,  7.4%], RTT = 0.024s, Queue delay = 0.002s, MTU = 1200
 summary  16.0  Transmit rate =  5917kbps, PLR =  0.00%( 0.00%), CE =  7.93%( 7.27%)[ 0.0%,  0.0%, 92.8%,  7.2%], RTT = 0.023s, Queue delay = 0.002s, MTU = 1200
 summary  18.0  Transmit rate =  5915kbps, PLR =  0.00%( 0.00%), CE =  8.22%( 7.35%)[ 0.0%,  0.0%, 92.7%,  7.3%], RTT = 0.023s, Queue delay = 0.002s, MTU = 1200
 summary  20.0  Transmit rate =  5981kbps, PLR =  0.00%( 0.00%), CE =  8.53%( 7.23%)[ 0.0%,  0.0%, 92.8%,  7.2%], RTT = 0.023s, Queue delay = 0.002s, MTU = 1200
 summary  22.0  Transmit rate =  6270kbps, PLR =  0.00%( 0.00%), CE =  7.76%( 7.35%)[ 0.0%,  0.0%, 92.7%,  7.3%], RTT = 0.024s, Queue delay = 0.002s, MTU = 1200
 summary  24.0  Transmit rate =  6194kbps, PLR =  0.00%( 0.00%), CE =  7.87%( 7.38%)[ 0.0%,  0.0%, 92.7%,  7.3%], RTT = 0.023s, Queue delay = 0.002s, MTU = 1200
 summary  26.0  Transmit rate =  6138kbps, PLR =  0.00%( 0.00%), CE =  8.71%( 7.34%)[ 0.0%,  0.0%, 92.7%,  7.3%], RTT = 0.023s, Queue delay = 0.002s, MTU = 1200
 summary  28.0  Transmit rate =  6141kbps, PLR =  0.00%( 0.00%), CE =  8.22%( 7.35%)[ 0.0%,  0.0%, 92.7%,  7.3%], RTT = 0.023s, Queue delay = 0.002s, MTU = 1200
 summary  30.0  Transmit rate =  6052kbps, PLR =  0.00%( 0.00%), CE =  7.79%( 7.33%)[ 0.0%,  0.0%, 92.7%,  7.3%], RTT = 0.023s, Queue delay = 0.002s, MTU = 1200
 summary  32.0  Transmit rate =  6116kbps, PLR =  0.00%( 0.00%), CE =  8.23%( 7.31%)[ 0.0%,  0.0%, 92.8%,  7.2%], RTT = 0.023s, Queue delay = 0.002s, MTU = 1200
 summary  34.0  Transmit rate =  6290kbps, PLR =  0.00%( 0.00%), CE =  7.43%( 7.27%)[ 0.0%,  0.0%, 92.8%,  7.2%], RTT = 0.023s, Queue delay = 0.002s, MTU = 1200

======================== Summary ==========================
 Bitrate min/max/avg [kbps]          :     0/ 7811/ 5862
 RTT     min/max/avg [s]             : 0.023/0.049/0.024
 Queue delay max/avg [s]             : 0.004/0.002
 Packet loss avg [%]                 : 0.000
 ECN/L4S NotECT/ECT(0)/ECT(1)/CE [%] :  0.0/ 0.0/92.7/ 7.3
===========================================================
