socket set to IP_RECVTOS
socket SO_RCVBUF set to 20971520
Listen on port 5426 to receive RTP from sender 
.
.
Packet(s) lost or reordered :   404 was received, previous rcvd is   402 
Packet(s) lost or reordered :  1531 was received, previous rcvd is  1529 
Packet(s) lost or reordered :  1593 was received, previous rcvd is  1591 
Packet(s) lost or reordered :  2903 was received, previous rcvd is  2901 
Packet(s) lost or reordered :  4833 was received, previous rcvd is  4831 
Packet(s) lost or reordered :  5020 was received, previous rcvd is  5018 
Packet(s) lost or reordered :  6536 was received, previous rcvd is  6534 
Packet(s) lost or reordered :  8434 was received, previous rcvd is  8432 
Packet(s) lost or reordered :  8601 was received, previous rcvd is  8599 
Packet(s) lost or reordered :  9174 was received, previous rcvd is  9172 
Packet(s) lost or reordered :  9429 was received, previous rcvd is  9427 
Packet(s) lost or reordered : 11688 was received, previous rcvd is 11686 
Packet(s) lost or reordered : 13358 was received, previous rcvd is 13356 
Packet(s) lost or reordered : 14618 was received, previous rcvd is 14616 
Packet(s) lost or reordered : 16045 was received, previous rcvd is 16043 
Packet(s) lost or reordered : 16103 was received, previous rcvd is 16101 
Packet(s) lost or reordered : 18231 was received, previous rcvd is 18229 
.
