socket set to IP_RECVTOS
socket SO_RCVBUF set to 20971520
Listen on port 5432 to receive RTP from sender 
.
.
Packet(s) lost or reordered :   261 was received, previous rcvd is   259 
Packet(s) lost or reordered :  2152 was received, previous rcvd is  2150 
Packet(s) lost or reordered :  2355 was received, previous rcvd is  2353 
Packet(s) lost or reordered :  4260 was received, previous rcvd is  4258 
Packet(s) lost or reordered :  4512 was received, previous rcvd is  4510 
Packet(s) lost or reordered :  4537 was received, previous rcvd is  4535 
Packet(s) lost or reordered :  4662 was received, previous rcvd is  4660 
Packet(s) lost or reordered :  4733 was received, previous rcvd is  4731 
Packet(s) lost or reordered :  6685 was received, previous rcvd is  6683 
Packet(s) lost or reordered :  7982 was received, previous rcvd is  7980 
Packet(s) lost or reordered :  9155 was received, previous rcvd is  9153 
Packet(s) lost or reordered :  9375 was received, previous rcvd is  9373 
Packet(s) lost or reordered : 11843 was received, previous rcvd is 11841 
Packet(s) lost or reordered : 15372 was received, previous rcvd is 15370 
Packet(s) lost or reordered : 16976 was received, previous rcvd is 16974 
Packet(s) lost or reordered : 17988 was received, previous rcvd is 17986 
.
