socket set to IP_RECVTOS
socket SO_RCVBUF set to 20971520
Listen on port 5472 to receive RTP from sender 
.
.
Packet(s) lost or reordered :   425 was received, previous rcvd is   423 
Packet(s) lost or reordered :   783 was received, previous rcvd is   781 
Packet(s) lost or reordered :  2373 was received, previous rcvd is  2371 
Packet(s) lost or reordered :  6320 was received, previous rcvd is  6318 
Packet(s) lost or reordered :  6582 was received, previous rcvd is  6580 
Packet(s) lost or reordered :  7895 was received, previous rcvd is  7893 
Packet(s) lost or reordered :  8133 was received, previous rcvd is  8131 
Packet(s) lost or reordered :  9611 was received, previous rcvd is  9609 
Packet(s) lost or reordered : 12815 was received, previous rcvd is 12813 
Packet(s) lost or reordered : 13056 was received, previous rcvd is 13054 
Packet(s) lost or reordered : 13194 was received, previous rcvd is 13192 
Packet(s) lost or reordered : 14801 was received, previous rcvd is 14799 
Packet(s) lost or reordered : 14932 was received, previous rcvd is 14930 
Packet(s) lost or reordered : 16911 was received, previous rcvd is 16909 
Packet(s) lost or reordered : 19157 was received, previous rcvd is 19155 
.
