socket set to IP_RECVTOS
socket SO_RCVBUF set to 20971520
Listen on port 5528 to receive RTP from sender 
.
.
Packet(s) lost or reordered :  1001 was received, previous rcvd is   999 
Packet(s) lost or reordered :  1232 was received, previous rcvd is  1230 
Packet(s) lost or reordered :  2381 was received, previous rcvd is  2379 
Packet(s) lost or reordered :  2633 was received, previous rcvd is  2631 
Packet(s) lost or reordered :  2799 was received, previous rcvd is  2797 
Packet(s) lost or reordered :  2870 was received, previous rcvd is  2868 
Packet(s) lost or reordered :  5377 was received, previous rcvd is  5375 
Packet(s) lost or reordered :  7803 was received, previous rcvd is  7801 
Packet(s) lost or reordered :  8127 was received, previous rcvd is  8125 
Packet(s) lost or reordered : 10055 was received, previous rcvd is 10053 
Packet(s) lost or reordered : 11541 was received, previous rcvd is 11539 
Packet(s) lost or reordered : 11599 was received, previous rcvd is 11597 
Packet(s) lost or reordered : 14863 was received, previous rcvd is 14861 
Packet(s) lost or reordered : 14932 was received, previous rcvd is 14930 
Packet(s) lost or reordered : 17719 was received, previous rcvd is 17717 
Packet(s) lost or reordered : 17958 was received, previous rcvd is 17956 
Packet(s) lost or reordered : 17970 was received, previous rcvd is 17968 
.
