socket set to IP_RECVTOS
socket SO_RCVBUF set to 20971520
Listen on port 5510 to receive RTP from sender 
.
.
Packet(s) lost or reordered :   538 was received, previous rcvd is   536 
Packet(s) lost or reordered :   600 was received, previous rcvd is   598 
Packet(s) lost or reordered :   829 was received, previous rcvd is   827 
Packet(s) lost or reordered :   921 was received, previous rcvd is   919 
Packet(s) lost or reordered :  2082 was received, previous rcvd is  2080 
Packet(s) lost or reordered :  4084 was received, previous rcvd is  4082 
Packet(s) lost or reordered :  5248 was received, previous rcvd is  5246 
Packet(s) lost or reordered :  7672 was received, previous rcvd is  7670 
Packet(s) lost or reordered :  7690 was received, previous rcvd is  7688 
Packet(s) lost or reordered :  9886 was received, previous rcvd is  9884 
Packet(s) lost or reordered :  9915 was received, previous rcvd is  9913 
Packet(s) lost or reordered : 10424 was received, previous rcvd is 10422 
Packet(s) lost or reordered : 13280 was received, previous rcvd is 13278 
Packet(s) lost or reordered : 13818 was received, previous rcvd is 13816 
Packet(s) lost or reordered : 13826 was received, previous rcvd is 13824 
Packet(s) lost or reordered : 14034 was received, previous rcvd is 14032 
Packet(s) lost or reordered : 15264 was received, previous rcvd is 15262 
Packet(s) lost or reordered : 16927 was received, previous rcvd is 16925 
Packet(s) lost or reordered : 17895 was received, previous rcvd is 17893 
Packet(s) lost or reordered : 18970 was received, previous rcvd is 18968 
Packet(s) lost or reordered : 19435 was received, previous rcvd is 19433 
.
