Listen on port 5437 to receive RTCP from decoder 
Scream sender started! 
 summary   2.0  Transmit rate =  3790kbps, PLR =  0.00%( 0.00%), CE =  3.00%( 8.59%)[ 0.0%,  0.0%, 91.4%,  8.6%], RTT = 0.037s, Queue delay = 0.001s, MTU = 1200
 summary   4.0  Transmit rate =  5027kbps, PLR =  0.00%( 0.00%), CE =  5.12%( 7.12%)[ 0.0%,  0.0%, 92.9%,  7.1%], RTT = 0.029s, Queue delay = 0.001s, MTU = 1200
 summary   6.0  Transmit rate =  5675kbps, PLR =  0.00%( 0.00%), CE =  8.43%( 7.29%)[ 0.0%,  0.0%, 92.8%,  7.2%], RTT = 0.026s, Queue delay = 0.002s, MTU = 1200
 summary   8.0  Transmit rate =  6031kbps, PLR =  0.00%( 0.00%), CE =  7.78%( 6.91%)[ 0.0%,  0.0%, 93.1%,  6.9%], RTT = 0.025s, Queue delay = 0.002s, MTU = 1200
 summary  10.0  Transmit rate =  6241kbps, PLR =  0.00%( 0.00%), CE =  8.95%( 7.29%)[ 0.0%,  0.0%, 92.8%,  7.2%], RTT = 0.024s, Queue delay = 0.002s, MTU = 1200
 summary  12.0  Transmit rate =  6220kbps, PLR =  0.00%( 0.00%), CE =  8.87%( 7.52%)[ 0.0%,  0.0%, 92.5%,  7.5%], RTT = 0.024s, Queue delay = 0.002s, MTU = 1200
 summary  14.0  Transmit rate =  6128kbps, PLR =  0.00%( 0.00%), CE =  8.77%( 7.44%)[ 0.0%,  0.0%, 92.6%,  7.4%], RTT = 0.023s, Queue delay = 0.002s, MTU = 1200
 summary  16.0  Transmit rate =  6242kbps, PLR =  0.00%( 0.00%), CE =  8.35%( 7.40%)[ 0.0%,  0.0%, 92.7%,  7.3%], RTT = 0.023s, Queue delay = 0.002s, MTU = 1200
 summary  18.0  Transmit rate =  6262kbps, PLR =  0.00%( 0.00%), CE =  7.19%( 7.12%)[ 0.0%,  0.0%, 93.0%,  7.0%], RTT = 0.023s, Queue delay = 0.002s, MTU = 1200
 summary  20.0  Transmit rate =  6349kbps, PLR =  0.00%( 0.00%), CE =  7.05%( 7.03%)[ 0.0%,  0.0%, 93.1%,  6.9%], RTT = 0.023s, Queue delay = 0.002s, MTU = 1200
 summary  22.0  Transmit rate =  6382kbps, PLR =  0.00%( 0.00%), CE =  7.11%( 7.11%)[ 0.0%,  0.0%, 93.0%,  7.0%], RTT = 0.023s, Queue delay = 0.002s, MTU = 1200
 summary  24.0  Transmit rate =  6412kbps, PLR =  0.00%( 0.00%), CE =  8.47%( 7.21%)[ 0.0%,  0.0%, 92.9%,  7.1%], RTT = 0.023s, Queue delay = 0.002s, MTU = 1200
 summary  26.0  Transmit rate =  6429kbps, PLR =  0.00%( 0.00%), CE =  8.43%( 7.17%)[ 0.0%,  0.0%, 92.9%,  7.1%], RTT = 0.023s, Queue delay = 0.002s, MTU = 1200
 summary  28.0  Transmit rate =  6377kbps, PLR =  0.00%( 0.00%), CE =  7.09%( 7.06%)[ 0.0%,  0.0%, 93.0%,  7.0%], RTT = 0.023s, Queue delay = 0.002s, MTU = 1200
 summary  30.1  Transmit rate =  6357kbps, PLR =  0.00%( 0.00%), CE =  7.04%( 7.06%)[ 0.0%,  0.0%, 93.0%,  7.0%], RTT = 0.023s, Queue delay = 0.002s, MTU = 1200
 summary  32.1  Transmit rate =  6320kbps, PLR =  0.00%( 0.00%), CE =  8.73%( 7.22%)[ 0.0%,  0.0%, 92.9%,  7.1%], RTT = 0.023s, Queue delay = 0.002s, MTU = 1200
 summary  34.1  Transmit rate =  6012kbps, PLR =  0.00%( 0.00%), CE =  8.17%( 7.17%)[ 0.0%,  0.0%, 92.9%,  7.1%], RTT = 0.023s, Queue delay = 0.002s, MTU = 1200

======================== Summary ==========================
 Bitrate min/max/avg [kbps]          :  4906/ 7743/ 6187
 RTT     min/max/avg [s]             : 0.023/0.050/0.024
 Queue delay max/avg [s]             : 0.004/0.002
 Packet loss avg [%]                 : 0.000
 ECN/L4S NotECT/ECT(0)/ECT(1)/CE [%] :  0.0/ 0.0/92.9/ 7.1
===========================================================
