socket set to IP_RECVTOS
socket SO_RCVBUF set to 20971520
Listen on port 5468 to receive RTP from sender 
.
.
Packet(s) lost or reordered :   544 was received, previous rcvd is   542 
Packet(s) lost or reordered :  2100 was received, previous rcvd is  2098 
Packet(s) lost or reordered :  2158 was received, previous rcvd is  2156 
Packet(s) lost or reordered :  2160 was received, previous rcvd is  2158 
Packet(s) lost or reordered :  2222 was received, previous rcvd is  2220 
Packet(s) lost or reordered :  3456 was received, previous rcvd is  3454 
Packet(s) lost or reordered :  3881 was received, previous rcvd is  3879 
Packet(s) lost or reordered :  7554 was received, previous rcvd is  7552 
Packet(s) lost or reordered : 10635 was received, previous rcvd is 10633 
Packet(s) lost or reordered : 10646 was received, previous rcvd is 10644 
Packet(s) lost or reordered : 13011 was received, previous rcvd is 13009 
Packet(s) lost or reordered : 14427 was received, previous rcvd is 14425 
Packet(s) lost or reordered : 14495 was received, previous rcvd is 14493 
Packet(s) lost or reordered : 16694 was received, previous rcvd is 16692 
Packet(s) lost or reordered : 19764 was received, previous rcvd is 19762 
Packet(s) lost or reordered : 20244 was received, previous rcvd is 20242 
.
