Listen on port 5477 to receive RTCP from decoder 
Scream sender started! 
 summary   2.0  Transmit rate =  3755kbps, PLR =  0.00%( 0.00%), CE =  2.42%( 6.84%)[ 0.0%,  0.0%, 93.2%,  6.8%], RTT = 0.036s, Queue delay = 0.001s, MTU = 1200
 summary   4.0  Transmit rate =  5010kbps, PLR =  0.00%( 0.00%), CE =  5.33%( 6.74%)[ 0.0%,  0.0%, 93.2%,  6.8%], RTT = 0.029s, Queue delay = 0.001s, MTU = 1200
 summary   6.0  Transmit rate =  5685kbps, PLR =  0.00%( 0.00%), CE =  8.27%( 7.07%)[ 0.0%,  0.0%, 92.9%,  7.1%], RTT = 0.026s, Queue delay = 0.002s, MTU = 1200
 summary   8.0  Transmit rate =  5853kbps, PLR =  0.00%( 0.00%), CE =  8.33%( 7.17%)[ 0.0%,  0.0%, 92.9%,  7.1%], RTT = 0.025s, Queue delay = 0.002s, MTU = 1200
 summary  10.0  Transmit rate =  5847kbps, PLR =  0.00%( 0.00%), CE =  7.93%( 7.13%)[ 0.0%,  0.0%, 93.0%,  7.0%], RTT = 0.024s, Queue delay = 0.002s, MTU = 1200
 summary  12.0  Transmit rate =  5951kbps, PLR =  0.00%( 0.00%), CE =  7.82%( 7.18%)[ 0.0%,  0.0%, 92.9%,  7.1%], RTT = 0.024s, Queue delay = 0.002s, MTU = 1200
 summary  14.0  Transmit rate =  5856kbps, PLR =  0.00%( 0.00%), CE =  8.03%( 7.21%)[ 0.0%,  0.0%, 92.9%,  7.1%], RTT = 0.024s, Queue delay = 0.002s, MTU = 1200
 summary  16.0  Transmit rate =  5862kbps, PLR =  0.00%( 0.00%), CE =  8.00%( 7.13%)[ 0.0%,  0.0%, 93.0%,  7.0%], RTT = 0.024s, Queue delay = 0.002s, MTU = 1200
 summary  18.0  Transmit rate =  5954kbps, PLR =  0.00%( 0.00%), CE =  8.17%( 7.27%)[ 0.0%,  0.0%, 92.8%,  7.2%], RTT = 0.023s, Queue delay = 0.002s, MTU = 1200
 summary  20.0  Transmit rate =  6079kbps, PLR =  0.00%( 0.00%), CE =  7.67%( 7.27%)[ 0.0%,  0.0%, 92.8%,  7.2%], RTT = 0.023s, Queue delay = 0.002s, MTU = 1200
 summary  22.0  Transmit rate =  6123kbps, PLR =  0.00%( 0.00%), CE =  8.08%( 7.29%)[ 0.0%,  0.0%, 92.8%,  7.2%], RTT = 0.023s, Queue delay = 0.002s, MTU = 1200
 summary  24.0  Transmit rate =  6124kbps, PLR =  0.00%( 0.00%), CE =  8.09%( 7.24%)[ 0.0%,  0.0%, 92.9%,  7.1%], RTT = 0.023s, Queue delay = 0.002s, MTU = 1200
 summary  26.0  Transmit rate =  6094kbps, PLR =  0.00%( 0.00%), CE =  8.10%( 7.22%)[ 0.0%,  0.0%, 92.9%,  7.1%], RTT = 0.023s, Queue delay = 0.002s, MTU = 1200
 summary  28.0  Transmit rate =  6020kbps, PLR =  0.00%( 0.00%), CE =  8.10%( 7.19%)[ 0.0%,  0.0%, 92.9%,  7.1%], RTT = 0.023s, Queue delay = 0.002s, MTU = 1200
 summary  30.0  Transmit rate =  6383kbps, PLR =  0.00%( 0.00%), CE =  7.48%( 7.20%)[ 0.0%,  0.0%, 92.9%,  7.1%], RTT = 0.024s, Queue delay = 0.002s, MTU = 1200
 summary  32.0  Transmit rate =  6298kbps, PLR =  0.00%( 0.00%), CE =  8.28%( 7.28%)[ 0.0%,  0.0%, 92.8%,  7.2%], RTT = 0.023s, Queue delay = 0.002s, MTU = 1200
 summary  34.0  Transmit rate =  6112kbps, PLR =  0.00%( 0.00%), CE =  8.34%( 7.18%)[ 0.0%,  0.0%, 92.9%,  7.1%], RTT = 0.023s, Queue delay = 0.002s, MTU = 1200

======================== Summary ==========================
 Bitrate min/max/avg [kbps]          :  4887/ 7791/ 6026
 RTT     min/max/avg [s]             : 0.023/0.049/0.024
 Queue delay max/avg [s]             : 0.004/0.002
 Packet loss avg [%]                 : 0.000
 ECN/L4S NotECT/ECT(0)/ECT(1)/CE [%] :  0.0/ 0.0/93.0/ 7.0
===========================================================
