Listen on port 5481 to receive RTCP from decoder 
Scream sender started! 
 summary   2.0  Transmit rate =  3734kbps, PLR =  0.00%( 0.00%), CE =  3.49%(10.57%)[ 0.0%,  0.0%, 89.5%, 10.5%], RTT = 0.036s, Queue delay = 0.001s, MTU = 1200
 summary   4.0  Transmit rate =  4871kbps, PLR =  0.00%( 0.00%), CE =  6.55%( 9.22%)[ 0.0%,  0.0%, 90.7%,  9.3%], RTT = 0.029s, Queue delay = 0.002s, MTU = 1200
 summary   6.0  Transmit rate =  5400kbps, PLR =  0.00%( 0.00%), CE =  9.27%( 8.34%)[ 0.0%,  0.0%, 91.7%,  8.3%], RTT = 0.026s, Queue delay = 0.002s, MTU = 1200
 summary   8.0  Transmit rate =  5669kbps, PLR =  0.00%( 0.00%), CE =  9.35%( 8.33%)[ 0.0%,  0.0%, 91.7%,  8.3%], RTT = 0.024s, Queue delay = 0.002s, MTU = 1200
 summary  10.0  Transmit rate =  5936kbps, PLR =  0.00%( 0.00%), CE =  8.53%( 7.88%)[ 0.0%,  0.0%, 92.2%,  7.8%], RTT = 0.024s, Queue delay = 0.002s, MTU = 1200
 summary  12.0  Transmit rate =  6029kbps, PLR =  0.00%( 0.00%), CE =  8.92%( 7.91%)[ 0.0%,  0.0%, 92.2%,  7.8%], RTT = 0.024s, Queue delay = 0.002s, MTU = 1200
 summary  14.0  Transmit rate =  6016kbps, PLR =  0.00%( 0.00%), CE =  7.69%( 7.63%)[ 0.0%,  0.0%, 92.5%,  7.5%], RTT = 0.023s, Queue delay = 0.002s, MTU = 1200
 summary  16.0  Transmit rate =  6016kbps, PLR =  0.00%( 0.00%), CE =  8.53%( 7.67%)[ 0.0%,  0.0%, 92.4%,  7.6%], RTT = 0.023s, Queue delay = 0.002s, MTU = 1200
 summary  18.0  Transmit rate =  6137kbps, PLR =  0.00%( 0.00%), CE =  7.55%( 7.70%)[ 0.0%,  0.0%, 92.4%,  7.6%], RTT = 0.023s, Queue delay = 0.002s, MTU = 1200
 summary  20.0  Transmit rate =  5904kbps, PLR =  0.00%( 0.00%), CE =  9.15%( 7.70%)[ 0.0%,  0.0%, 92.4%,  7.6%], RTT = 0.023s, Queue delay = 0.002s, MTU = 1200
 summary  22.0  Transmit rate =  5723kbps, PLR =  0.00%( 0.00%), CE =  8.64%( 7.59%)[ 0.0%,  0.0%, 92.5%,  7.5%], RTT = 0.023s, Queue delay = 0.002s, MTU = 1200
 summary  24.0  Transmit rate =  5880kbps, PLR =  0.00%( 0.00%), CE =  7.94%( 7.57%)[ 0.0%,  0.0%, 92.5%,  7.5%], RTT = 0.023s, Queue delay = 0.002s, MTU = 1200
 summary  26.0  Transmit rate =  6027kbps, PLR =  0.00%( 0.00%), CE =  8.19%( 7.55%)[ 0.0%,  0.0%, 92.6%,  7.4%], RTT = 0.023s, Queue delay = 0.002s, MTU = 1200
 summary  28.0  Transmit rate =  6066kbps, PLR =  0.00%( 0.00%), CE =  7.95%( 7.45%)[ 0.0%,  0.0%, 92.7%,  7.3%], RTT = 0.023s, Queue delay = 0.002s, MTU = 1200
 summary  30.1  Transmit rate =  5943kbps, PLR =  0.00%( 0.00%), CE =  7.09%( 7.38%)[ 0.0%,  0.0%, 92.7%,  7.3%], RTT = 0.023s, Queue delay = 0.002s, MTU = 1200
 summary  32.1  Transmit rate =  5854kbps, PLR =  0.00%( 0.00%), CE =  7.52%( 7.32%)[ 0.0%,  0.0%, 92.8%,  7.2%], RTT = 0.023s, Queue delay = 0.002s, MTU = 1200
 summary  34.1  Transmit rate =  5805kbps, PLR =  0.00%( 0.00%), CE =  8.66%( 7.44%)[ 0.0%,  0.0%, 92.7%,  7.3%], RTT = 0.023s, Queue delay = 0.002s, MTU = 1200

======================== Summary ==========================
 Bitrate min/max/avg [kbps]          :  4764/ 7422/ 5867
 RTT     min/max/avg [s]             : 0.023/0.049/0.024
 Queue delay max/avg [s]             : 0.004/0.002
 Packet loss avg [%]                 : 0.000
 ECN/L4S NotECT/ECT(0)/ECT(1)/CE [%] :  0.0/ 0.0/92.7/ 7.3
===========================================================
