Listen on port 5549 to receive RTCP from decoder 
Scream sender started! 
 summary   2.0  Transmit rate =  3701kbps, PLR =  0.00%( 0.00%), CE =  2.43%( 7.83%)[ 0.0%,  0.0%, 91.5%,  8.5%], RTT = 0.036s, Queue delay = 0.001s, MTU = 1200
 summary   4.0  Transmit rate =  4762kbps, PLR =  0.00%( 0.00%), CE =  5.51%( 8.13%)[ 0.0%,  0.0%, 91.8%,  8.2%], RTT = 0.029s, Queue delay = 0.002s, MTU = 1200
 summary   6.0  Transmit rate =  5170kbps, PLR =  0.00%( 0.00%), CE =  9.40%( 8.31%)[ 0.0%,  0.0%, 91.7%,  8.3%], RTT = 0.026s, Queue delay = 0.002s, MTU = 1200
 summary   8.0  Transmit rate =  5623kbps, PLR =  0.00%( 0.00%), CE =  9.21%( 8.07%)[ 0.0%,  0.0%, 92.1%,  7.9%], RTT = 0.025s, Queue delay = 0.002s, MTU = 1200
 summary  10.0  Transmit rate =  5947kbps, PLR =  0.00%( 0.00%), CE =  9.02%( 8.08%)[ 0.0%,  0.0%, 92.0%,  8.0%], RTT = 0.024s, Queue delay = 0.002s, MTU = 1200
 summary  12.0  Transmit rate =  6094kbps, PLR =  0.00%( 0.00%), CE =  8.70%( 8.06%)[ 0.0%,  0.0%, 92.1%,  7.9%], RTT = 0.024s, Queue delay = 0.002s, MTU = 1200
 summary  14.0  Transmit rate =  6172kbps, PLR =  0.00%( 0.00%), CE =  9.01%( 7.81%)[ 0.0%,  0.0%, 92.3%,  7.7%], RTT = 0.024s, Queue delay = 0.002s, MTU = 1200
 summary  16.0  Transmit rate =  6181kbps, PLR =  0.00%( 0.00%), CE =  8.19%( 7.72%)[ 0.0%,  0.0%, 92.4%,  7.6%], RTT = 0.024s, Queue delay = 0.002s, MTU = 1200
 summary  18.0  Transmit rate =  6346kbps, PLR =  0.00%( 0.00%), CE =  8.32%( 7.65%)[ 0.0%,  0.0%, 92.5%,  7.5%], RTT = 0.024s, Queue delay = 0.002s, MTU = 1200
 summary  20.0  Transmit rate =  6232kbps, PLR =  0.00%( 0.00%), CE =  8.42%( 7.64%)[ 0.0%,  0.0%, 92.5%,  7.5%], RTT = 0.024s, Queue delay = 0.002s, MTU = 1200
 summary  22.0  Transmit rate =  6226kbps, PLR =  0.00%( 0.00%), CE =  8.90%( 7.56%)[ 0.0%,  0.0%, 92.6%,  7.4%], RTT = 0.023s, Queue delay = 0.002s, MTU = 1200
 summary  24.0  Transmit rate =  6207kbps, PLR =  0.00%( 0.00%), CE =  7.52%( 7.52%)[ 0.0%,  0.0%, 92.6%,  7.4%], RTT = 0.024s, Queue delay = 0.002s, MTU = 1200
 summary  26.0  Transmit rate =  5916kbps, PLR =  0.00%( 0.00%), CE =  7.31%( 7.47%)[ 0.0%,  0.0%, 92.7%,  7.3%], RTT = 0.023s, Queue delay = 0.002s, MTU = 1200
 summary  28.0  Transmit rate =  5622kbps, PLR =  0.00%( 0.00%), CE =  8.25%( 7.48%)[ 0.0%,  0.0%, 92.7%,  7.3%], RTT = 0.023s, Queue delay = 0.002s, MTU = 1200
 summary  30.0  Transmit rate =  5930kbps, PLR =  0.00%( 0.00%), CE =  8.12%( 7.49%)[ 0.0%,  0.0%, 92.6%,  7.4%], RTT = 0.023s, Queue delay = 0.002s, MTU = 1200
 summary  32.0  Transmit rate =  6069kbps, PLR =  0.00%( 0.00%), CE =  8.32%( 7.53%)[ 0.0%,  0.0%, 92.6%,  7.4%], RTT = 0.024s, Queue delay = 0.002s, MTU = 1200
 summary  34.1  Transmit rate =  6093kbps, PLR =  0.00%( 0.00%), CE =  8.37%( 7.51%)[ 0.0%,  0.0%, 92.6%,  7.4%], RTT = 0.023s, Queue delay = 0.002s, MTU = 1200

======================== Summary ==========================
 Bitrate min/max/avg [kbps]          :  4627/ 7402/ 5974
 RTT     min/max/avg [s]             : 0.023/0.049/0.024
 Queue delay max/avg [s]             : 0.004/0.002
 Packet loss avg [%]                 : 0.000
 ECN/L4S NotECT/ECT(0)/ECT(1)/CE [%] :  0.0/ 0.0/92.6/ 7.4
===========================================================
